{"type":"ROOT", "root":"vm", "references":["0x10197bdd0", "0x1019bffd0", "0x1019bff80", "0x1019bffa8", "0x1019bff58", "0x1039ffe80", "0x1019bed38", "0x1019bd0c8", "0x1019bcf60", "0x1019bc8a8", "0x1019bc880", "0x1019bc678", "0x1019b64f8", "0x1019b6458", "0x1019b5378", "0x1019b5350", "0x1019b5328", "0x1019b5300", "0x1019b52d8", "0x1019b52b0", "0x1019b5288", "0x1019b5260", "0x1019b5238", "0x1019b5210", "0x1019b5080", "0x1019b5030", "0x1019b4fb8", "0x1019b4f68", "0x1039fbb00", "0x1039fbb00", "0x1039fbb00", "0x1039fbb00", "0x1039fbb00", "0x1039fbb00", "0x1039fbb00", "0x1039fbb00", "0x1039fbb00", "0x1039fbb00", "0x1039fbb00", "0x1039fbb00", "0x1039fbb00", "0x1039fbb00", "0x1039fbb00", "0x1039fbb00", "0x1039fbb00", "0x1039fbb00", "0x1039fbb00", "0x1039fbb00", "0x1039fbb00", "0x1039fbb00", "0x1039fbb00", "0x1039fbb00", "0x1039fbb00", "0x1039fbb00", "0x1039fbb00", "0x1039fbb00", "0x1039fbb00", "0x1039fbb00", "0x1039fbb00", "0x1039fbb00", "0x1039fbb00", "0x1039fbb00", "0x1039fbb00", "0x1039fbb00", "0x1039fbb00", "0x1039fbb00", "0x1039fbb00", "0x1039fbb00", "0x1039f8900", "0x1039fbb00", "0x1039fbb00", "0x1039fbb00", "0x1039fbb00", "0x1039fbb00", "0x1039fbb00", "0x1039fbb00", "0x1039fbb00", "0x1039fb380", "0x1039fbb00", "0x10199ed30", "0x1039f1e20", "0x1039f1d80", "0x1039f1ce0", "0x1039f1b00", "0x10199b3d8", "0x10199a168", "0x10199a118", "0x10199a0c8", "0x101999678", "0x1019bfcd8", "0x1019bfcd8", "0x1019bfcb0", "0x1039f11a0", "0x101997558", "0x101994f10", "0x1019bed38", "0x103a1ff00", "0x101992d00", "0x101992738", "0x101990cd0", "0x103a1f000", "0x101990730", "0x1019901e0", "0x10197efa8", "0x103a1d480", "0x103a1d340", "0x10197de78", "0x10197ddd8", "0x10197bf10", "0x10197be70", "0x10197bd08", "0x10197bce0", "0x10197a778", "0x10197a5e8", "0x1019782c0", "0x1019782c0", "0x1019782c0", "0x103a1bea0", "0x103a1be00", "0x103a1bc20", "0x1019743a0", "0x101974300", "0x1019742b0", "0x101974260", "0x101974238", "0x1019741c0", "0x101974170", "0x101974120", "0x1019742b0", "0x103a1b220", "0x101999628", "0x103a1ae60", "0x101973b58", "0x1019bc858", "0x1019bc830", "0x1019bc808", "0x101973900", "0x101973900", "0x101973888", "0x101973888", "0x101973810", "0x101973810", "0x101973798", "0x101973748", "0x1019736f8", "0x1019736f8", "0x1019bc6c8", "0x101973658", "0x101973608", "0x1019735b8", "0x101973568", "0x101973518", "0x1019734c8", "0x101973478", "0x101973428", "0x1019733d8", "0x101973388", "0x101973338", "0x1019732e8", "0x101973298", "0x101973248", "0x1019731f8", "0x1019731a8", "0x101973158", "0x101973108", "0x1019730b8", "0x101973068", "0x101973018", "0x101972fc8", "0x101972fc8", "0x1019bc7e0", "0x1019bc7b8", "0x1019bc790", "0x1019bc768", "0x1019bc6a0", "0x1019bc6a0", "0x101972e60", "0x101972e60", "0x101972de8", "0x101972de8", "0x101972d70", "0x101972d70", "0x101972cf8", "0x101972cf8", "0x101972c80", "0x101972c80", "0x101972c08", "0x101972c08", "0x1019bc858", "0x101972b90", "0x101972b90", "0x101972b18", "0x101972b18", "0x101972aa0", "0x101972aa0", "0x101972a28", "0x101972a28", "0x1019729b0", "0x1019729b0", "0x101972938", "0x1019728e8", "0x101972898", "0x101972848", "0x1019727f8", "0x1019727f8", "0x101972780", "0x101972780", "0x101972708", "0x101972708", "0x101972690", "0x101972690", "0x101972618", "0x101972618", "0x1019725a0", "0x1019725a0", "0x101972528", "0x101972528", "0x1019724b0", "0x1019724b0", "0x101972438", "0x101972438", "0x1019723c0", "0x1019723c0", "0x1019723c0", "0x101972320", "0x1019722d0", "0x1019722d0", "0x101972258", "0x101972258", "0x1019721e0", "0x1019721e0", "0x101972168", "0x101972168", "0x1019720f0", "0x1019720f0", "0x101972078", "0x101972078", "0x101972000", "0x101972000", "0x101971f88", "0x101971f88", "0x101971f10", "0x101971f10", "0x101971e98", "0x101971e98", "0x101971e20", "0x101973888", "0x101973888", "0x101971d80", "0x101971d30", "0x101971d30", "0x101971cb8", "0x101971cb8", "0x1019bc6c8", "0x1019bc6c8", "0x101971c40", "0x101971c40", "0x101971c40", "0x101971ba0", "0x101971b50", "0x101971b50", "0x101973658", "0x101973658", "0x101973608", "0x101973608", "0x101971a38", "0x101971a38", "0x101971a38", "0x101971a38", "0x101971970", "0x101973568", "0x1019718f8", "0x1019718f8", "0x101971880", "0x101971880", "0x101971808", "0x1019717b8", "0x101973518", "0x1019734c8", "0x101973478", "0x101973428", "0x1019733d8", "0x101973388", "0x101971678", "0x101971678", "0x101971678", "0x101973338", "0x1019732e8", "0x101971588", "0x101971588", "0x101971588", "0x101973298", "0x101973248", "0x1019731f8", "0x101971470", "0x101971420", "0x101971420", "0x101971420", "0x1019731a8", "0x101973158", "0x101973108", "0x1019730b8", "0x101973068", "0x1019712b8", "0x1019712b8", "0x1019712b8", "0x1019712b8", "0x1019bc808", "0x1019bc808", "0x1019711a0", "0x1019711a0", "0x1019bc830", "0x1019bc6f0", "0x1019bc6f0", "0x1019bc6f0", "0x1019bc740", "0x1019bc718", "0x1019bc7e0", "0x1019bc790", "0x1019bc768", "0x1019bc6a0", "0x1019bc6a0", "0x1019bc6a0", "0x1019bc6a0", "0x1019bc6a0", "0x101972e60", "0x101972de8", "0x101972d70", "0x101972cf8", "0x101972c80", "0x101972c08", "0x101970e08", "0x101970e08", "0x101970d90", "0x101970d90", "0x101970d18", "0x101970cc8", "0x101970c78", "0x101970c50", "0x101970c50", "0x101970c28", "0x101970c28", "0x101970bb0", "0x101970bb0", "0x1019930c0", "0x101993070", "0x101973b08", "0x101992ff8", "0x101992fd0", "0x101992fa8", "0x1019bce20", "0x101957840", "0x1039fff20", "0x1039ffe80", "0x1039ffde0", "0x1039ffd40", "0x1039ffca0", "0x1039ff8e0", "0x1039ff700", "0x1039ff340", "0x1039ff200", "0x1039ff020", "0x1039feee0", "0x1039fee40", "0x1039feda0", "0x1039febc0", "0x1039feb20", "0x1039fe940", "0x1039fe800", "0x1039fe6c0", "0x1039fe580", "0x1039fe440", "0x1039fe300", "0x1039fe1c0", "0x1039fe080", "0x1039fdf40", "0x1039fde00", "0x1039fdcc0", "0x1039fdb80", "0x1039fda40", "0x1039fd900", "0x1039fd720", "0x1039fd5e0", "0x1039fd4a0", "0x1039fd360", "0x1039fd220", "0x1039fd0e0", "0x1039fcfa0", "0x1039fce60", "0x1039fcd20", "0x1039fcbe0", "0x1039fcaa0", "0x1039fc960", "0x1039fc820", "0x1039fc6e0", "0x1039fc640", "0x1039fc460", "0x1039fc320", "0x1039fc1e0", "0x1039fc0a0", "0x1039fbf60", "0x1039fbd80", "0x1039fbc40", "0x1039fbb00", "0x1039fb9c0", "0x1039fb880", "0x1039fb740", "0x1039fb600", "0x1039fb4c0", "0x1039fb380", "0x1039fb240", "0x1039fb100", "0x1039fafc0", "0x1039fae80", "0x1039fad40", "0x1039fac00", "0x1039faac0", "0x1039fa980", "0x1039fa840", "0x1039fa700", "0x1039fa5c0", "0x1039fa480", "0x1039fa340", "0x1039fa200", "0x1039fa0c0", "0x1039f9f80", "0x1039f9e40", "0x1039f9d00", "0x1039f9bc0", "0x1039f9a80", "0x1039f9940", "0x1039f9800", "0x1039f96c0", "0x1039f9580", "0x1039f9440", "0x1039f9300", "0x1039f91c0", "0x1039f9080", "0x1039f8f40", "0x1039f8e00", "0x1039f8cc0", "0x1039f8b80", "0x1039f8a40", "0x1039f8900", "0x1039f87c0", "0x1039f8680", "0x1039f8540", "0x1039f8400", "0x1039f82c0", "0x1039f8180", "0x1039f8040", "0x1039f7f00", "0x1039f7dc0", "0x1039f7c80", "0x1039f7b40", "0x1039f7a00", "0x1039f78c0", "0x1039f7780", "0x1039f7640", "0x1039f7500", "0x1039f73c0", "0x1039f7280", "0x1039f7140", "0x1039f7000", "0x1039f6ec0", "0x1039f6d80", "0x1039f6c40", "0x1039f6b00", "0x1039f69c0", "0x1039f6880", "0x1039f6740", "0x1039f6600", "0x1039f64c0", "0x1039f6380", "0x1039f6240", "0x1039f6100", "0x1039f5fc0", "0x1039f5e80", "0x1039f5d40", "0x1039f5c00", "0x1039f5ac0", "0x1039f5980", "0x1039f5840", "0x1039f5700", "0x1039f55c0", "0x1039f5480", "0x1039f5340", "0x1039f5200", "0x1039f50c0", "0x1039f4f80", "0x1039f4e40", "0x1039f4d00", "0x1039f4bc0", "0x1039f4a80", "0x1039f4940", "0x1039f4800", "0x1039f46c0", "0x1039f4580", "0x1039f4440", "0x1039f4300", "0x1039f41c0", "0x1039f4080", "0x1039f3f40", "0x1039f3e00", "0x1039f3cc0", "0x1039f3b80", "0x1039f3a40", "0x1039f3900", "0x1039f37c0", "0x1039f3680", "0x1039f3540", "0x1039f3360", "0x1039f3040", "0x1039f2e60", "0x1039f2d20", "0x1039f2be0", "0x1039f2aa0", "0x1039f2960", "0x1039f2820", "0x1039f26e0", "0x1039f25a0", "0x1039f2460", "0x1039f2280", "0x1039f2140", "0x1039f2000", "0x1039f1ce0", "0x1039f1b00", "0x1039f1920", "0x1039f1740", "0x1039f1420", "0x1039f1380", "0x1039f1060", "0x1039f0e80", "0x1039f0d40", "0x1039f0c00", "0x1039f0ac0", "0x1039f0980", "0x1039f07a0", "0x1039f05c0", "0x1039f0340", "0x1039f00c0", "0x103a1fc80", "0x103a1faa0", "0x103a1f960", "0x103a1f820", "0x103a1f6e0", "0x103a1f5a0", "0x103a1f460", "0x103a1f320", "0x103a1f280", "0x103a1f0a0", "0x103a1eec0", "0x103a1ed80", "0x103a1eb00", "0x103a1e920", "0x103a1e7e0", "0x103a1e6a0", "0x103a1e4c0", "0x103a1e380", "0x103a1e240", "0x103a1e100", "0x103a1dfc0", "0x103a1de80", "0x103a1dd40", "0x103a1dc00", "0x103a1dac0", "0x103a1d980", "0x103a1d840", "0x103a1d700", "0x103a1d5c0", "0x103a1d200", "0x103a1d020", "0x103a1cee0", "0x103a1cda0", "0x103a1cc60", "0x103a1cb20", "0x103a1c9e0", "0x103a1c8a0", "0x103a1c760", "0x103a1c620", "0x103a1c4e0", "0x103a1c3a0", "0x103a1c260", "0x103a1c120", "0x103a1bfe0", "0x103a1bae0", "0x103a1b9a0", "0x103a1b860", "0x103a1b720", "0x103a1b5e0", "0x103a1b4a0", "0x103a1b360", "0x103a1b180", "0x103a17e40", "0x10197bdf8", "0x101955798", "0x10197f4a8", "0x101970908", "0x101979a58", "0x101970930", "0x10195a8d8", "0x10195b828", "0x101958038", "0x10195b8f0", "0x1019b8050", "0x10195a888", "0x101990708", "0x10199b888", "0x10195a090", "0x101959c80", "0x101959cd0", "0x1019b7f10", "0x101958830", "0x1019557c0", "0x101977690", "0x10199b810", "0x10195f9a0", "0x1019b7df8", "0x10195f950", "0x1019b7ad8", "0x1019556a8", "0x1019b7dd0", "0x10195a018", "0x10195f5b8", "0x10197fb38", "0x101979ee0", "0x1019b8730", "0x101955f90", "0x101999650", "0x101973978", "0x10195f630", "0x1019b4888", "0x10197e5a8", "0x101992710", "0x1019b85c8", "0x1019b8550", "0x101958b28", "0x10195c408", "0x10195c3b8", "0x1019584e8", "0x101958ba0", "0x1019938e0", "0x10199c0d0", "0x10197a750", "0x1019b84b0", "0x1019b5c38", "0x101999498", "0x1019b6d18", "0x101973b80", "0x10195ce80", "0x10195e190", "0x1019bdde8", "0x10197f4f8", "0x10197e6c0", "0x101955f40", "0x1019b8348", "0x10195d0d8", "0x10195e5c8", "0x10195c9d0", "0x10195e460", "0x10195d1c8", "0x10197e4e0", "0x10197bda8"]}
{"type":"ROOT", "root":"machine_context", "references":["0x101955b30", "0x101955b30", "0x1019557e8", "0x103a1eec0", "0x103a1ee20", "0x101955630", "0x101955630", "0x103a1ee20", "0x101955680", "0x1019565f8", "0x1019565f8", "0x101955630", "0x101955630", "0x103a1eec0", "0x101955680", "0x1019565f8", "0x1039f2000", "0x101955860", "0x1019576d8", "0x101955770", "0x1019576d8", "0x101955838", "0x1019576d8", "0x1019576d8", "0x1019bce20", "0x10199b798", "0x1019557e8", "0x1019557e8", "0x1019557e8", "0x1019557e8", "0x10199b798", "0x1039f1380", "0x1039f12e0", "0x101955810", "0x101955810", "0x1039f12e0", "0x101955888", "0x1019577c8", "0x1019577c8", "0x101955810", "0x101955810", "0x1039f1380", "0x101955888", "0x1019577c8", "0x1039f1380", "0x1019577c8", "0x10197bd08", "0x1019577c8", "0x1019577c8", "0x1019577c8"]}
{"type":"ROOT", "root":"global_list", "references":["0x1039da7e8", "0x1039da7e8", "0x10199a0c8", "0x10199a118", "0x10199a168"]}
{"type":"ROOT", "root":"global_tbl", "references":["0x10199b3d8", "0x10199b3d8", "0x101999678", "0x101999678", "0x101999678", "0x101999678", "0x10197bda8", "0x101999678", "0x10197bda8", "0x10197bda8", "0x101957840", "0x101957840"]}
{"address":"0x101955608", "type":"DATA", "slot_size":40, "class":"0x103a1c9e0", "struct":"mutex", "memsize":72, "flags":{"wb_protected":true}}
{"address":"0x101955630", "type":"IMEMO", "slot_size":40, "class":"0x103a1ee20", "imemo_type":"callcache", "references":["0x101955b30"], "memsize":40, "flags":{"wb_protected":true}}
{"address":"0x101955658", "type":"IMEMO", "slot_size":40, "class":"0x1039f1f60", "imemo_type":"callcache", "references":["0x1019bdb90"], "memsize":40, "flags":{"wb_protected":true}}
{"address":"0x101955680", "type":"IMEMO", "slot_size":40, "class":"0x1039f2000", "imemo_type":"constcache", "memsize":40, "flags":{"wb_protected":true}}
{"address":"0x1019556a8", "type":"IMEMO", "slot_size":40, "class":"0x1039ff700", "imemo_type":"callcache", "references":["0x1019bea18"], "memsize":40, "flags":{"wb_protected":true}}
{"address":"0x1019556d0", "type":"IMEMO", "slot_size":40, "class":"0x1039ff700", "imemo_type":"callcache", "references":["0x1019bdc58"], "memsize":40, "flags":{"wb_protected":true}}
{"address":"0x1019556f8", "type":"IMEMO", "slot_size":40, "class":"0x1039feb20", "imemo_type":"callcache", "references":["0x1019b8f28"], "memsize":40, "flags":{"wb_protected":true}}
{"address":"0x101955720", "type":"IMEMO", "slot_size":40, "class":"0x103a1ee20", "imemo_type":"callcache", "references":["0x1019558d8"], "memsize":40, "flags":{"wb_protected":true}}
{"address":"0x101955748", "type":"IMEMO", "slot_size":40, "class":"0x103a1eec0", "imemo_type":"constcache", "memsize":40, "flags":{"wb_protected":true}}
{"address":"0x101955770", "type":"STRING", "slot_size":40, "class":"0x1039feda0", "frozen":true, "embedded":true, "bytesize":8, "value":"out.json", "encoding":"UTF-8", "memsize":40, "flags":{"wb_protected":true}}
{"address":"0x101955798", "type":"IMEMO", "slot_size":40, "class":"0x8", "imemo_type":"ment", "memsize":48, "flags":{"wb_protected":true}}
{"address":"0x1019557c0", "type":"IMEMO", "slot_size":40, "class":"0x1039f1380", "imemo_type":"callcache", "references":["0x101996a90"], "memsize":40, "flags":{"wb_protected":true}}
{"address":"0x1019557e8", "type":"FILE", "slot_size":40, "class":"0x1039f1380", "fd":9, "references":["0x1019557e8", "0x101955770", "0x101955608"], "memsize":8432}
{"address":"0x101955810", "type":"IMEMO", "slot_size":40, "class":"0x1039f12e0", "imemo_type":"callcache", "references":["0x10199b798"], "memsize":40, "flags":{"wb_protected":true}}
{"address":"0x101955838", "type":"STRING", "slot_size":40, "class":"0x1039feda0", "embedded":true, "bytesize":1, "value":"w", "encoding":"UTF-8", "memsize":40, "flags":{"wb_protected":true}}
{"address":"0x101955860", "type":"STRING", "slot_size":40, "class":"0x1039feda0", "embedded":true, "bytesize":8, "value":"out.json", "encoding":"UTF-8", "memsize":40, "flags":{"wb_protected":true}}
{"address":"0x101955888", "type":"IMEMO", "slot_size":40, "class":"0x1039f1380", "imemo_type":"constcache", "memsize":40, "flags":{"wb_protected":true}}
{"address":"0x1019558b0", "type":"ARRAY", "slot_size":40, "frozen":true, "length":26, "references":["0x10197e800", "0x101979aa8", "0x101975f98", "0x1019754f8", "0x101974350", "0x101974030", "0x103a19380", "0x103a192e0", "0x1019564b8", "0x1019573e0"], "memsize":248, "flags":{"wb_protected":true}}
{"address":"0x1019558d8", "type":"IMEMO", "slot_size":40, "class":"0x103a1ee20", "imemo_type":"ment", "references":["0x1019565f8", "0x1019559f0"], "memsize":48, "flags":{"wb_protected":true}}
{"address":"0x101955900", "type":"IMEMO", "slot_size":40, "imemo_type":"ment", "references":["0x103a1eec0", "0x1019565f8", "0x1019559f0"], "memsize":48, "flags":{"wb_protected":true}}
{"address":"0x101955928", "type":"IMEMO", "slot_size":40, "class":"0x103a1ee20", "imemo_type":"ment", "references":["0x101956738", "0x1019559f0"], "memsize":48, "flags":{"wb_protected":true}}
{"address":"0x101955950", "type":"IMEMO", "slot_size":40, "imemo_type":"ment", "references":["0x103a1eec0", "0x101956738", "0x1019559f0"], "memsize":48, "flags":{"wb_protected":true}}
{"address":"0x101955978", "type":"IMEMO", "slot_size":40, "class":"0x103a1ee20", "imemo_type":"callcache", "references":["0x1019b69a8"], "memsize":40, "flags":{"wb_protected":true}}
{"address":"0x1019559a0", "type":"IMEMO", "slot_size":40, "class":"0x1039ffac0", "imemo_type":"callcache", "references":["0x1019b69d0"], "memsize":40, "flags":{"wb_protected":true}}
{"address":"0x1019559c8", "type":"IMEMO", "slot_size":40, "class":"0x8", "imemo_type":"cref", "references":["0x103a1ee20", "0x1019559f0"], "memsize":40, "flags":{"wb_protected":true}}
{"address":"0x1019559f0", "type":"IMEMO", "slot_size":40, "class":"0x8", "imemo_type":"cref", "references":["0x103a1eec0", "0x101956508"], "memsize":40, "flags":{"wb_protected":true}}
{"address":"0x101955a18", "type":"ARRAY", "slot_size":40, "frozen":true, "length":25, "references":["0x10197e800", "0x101979aa8", "0x101975f98", "0x1019754f8", "0x101974350", "0x101974030", "0x103a19380", "0x103a192e0", "0x1019564b8"], "memsize":240, "flags":{"wb_protected":true}}
{"address":"0x101955a40", "type":"STRING", "slot_size":40, "class":"0x1039feda0", "frozen":true, "embedded":true, "fstring":true, "bytesize":6, "value":"pinned", "encoding":"US-ASCII", "memsize":40, "flags":{"wb_protected":true}}
{"address":"0x101955a68", "type":"STRING", "slot_size":40, "class":"0x1039feda0", "frozen":true, "embedded":true, "fstring":true, "bytesize":13, "value":"uncollectible", "encoding":"US-ASCII", "memsize":40, "flags":{"wb_protected":true}}
{"address":"0x101955a90", "type":"STRING", "slot_size":40, "class":"0x1039feda0", "frozen":true, "embedded":true, "fstring":true, "bytesize":7, "value":"marking", "encoding":"US-ASCII", "memsize":40, "flags":{"wb_protected":true}}
{"address":"0x101955ab8", "type":"STRING", "slot_size":40, "class":"0x1039feda0", "frozen":true, "embedded":true, "fstring":true, "bytesize":3, "value":"old", "encoding":"US-ASCII", "memsize":40, "flags":{"wb_protected":true}}
{"address":"0x101955ae0", "type":"STRING", "slot_size":40, "class":"0x1039feda0", "frozen":true, "embedded":true, "fstring":true, "bytesize":12, "value":"wb_protected", "encoding":"US-ASCII", "memsize":40, "flags":{"wb_protected":true}}
{"address":"0x101955b08", "type":"STRING", "slot_size":40, "class":"0x1039feda0", "frozen":true, "embedded":true, "fstring":true, "bytesize":6, "value":"marked", "encoding":"US-ASCII", "memsize":40, "flags":{"wb_protected":true}}
{"address":"0x101955b30", "type":"IMEMO", "slot_size":40, "class":"0x103a1ee20", "imemo_type":"ment", "memsize":48, "flags":{"wb_protected":true}}
{"address":"0x101955b58", "type":"IMEMO", "slot_size":40, "imemo_type":"ment", "references":["0x103a1eec0"], "memsize":48, "flags":{"wb_protected":true}}
{"address":"0x101955b80", "type":"IMEMO", "slot_size":40, "class":"0x103a1ee20", "imemo_type":"ment", "memsize":48, "flags":{"wb_protected":true}}
{"address":"0x101955ba8", "type":"IMEMO", "slot_size":40, "imemo_type":"ment", "references":["0x103a1eec0"], "memsize":48, "flags":{"wb_protected":true}}
{"address":"0x101955bd0", "type":"IMEMO", "slot_size":40, "class":"0x103a1ee20", "imemo_type":"ment", "memsize":48, "flags":{"wb_protected":true}}
{"address":"0x101955bf8", "type":"IMEMO", "slot_size":40, "imemo_type":"ment", "references":["0x103a1eec0"], "memsize":48, "flags":{"wb_protected":true}}
{"address":"0x101955c20", "type":"IMEMO", "slot_size":40, "class":"0x103a1ee20", "imemo_type":"ment", "memsize":48, "flags":{"wb_protected":true}}
{"address":"0x101955c48", "type":"IMEMO", "slot_size":40, "imemo_type":"ment", "references":["0x103a1eec0"], "memsize":48, "flags":{"wb_protected":true}}
{"address":"0x101955c70", "type":"IMEMO", "slot_size":40, "class":"0x103a1ee20", "imemo_type":"ment", "memsize":48, "flags":{"wb_protected":true}}
{"address":"0x101955c98", "type":"IMEMO", "slot_size":40, "imemo_type":"ment", "references":["0x103a1eec0"], "memsize":48, "flags":{"wb_protected":true}}
{"address":"0x101955cc0", "type":"IMEMO", "slot_size":40, "class":"0x103a1ee20", "imemo_type":"ment", "memsize":48, "flags":{"wb_protected":true}}
{"address":"0x101955ce8", "type":"IMEMO", "slot_size":40, "imemo_type":"ment", "references":["0x103a1eec0"], "memsize":48, "flags":{"wb_protected":true}}
{"address":"0x101955d10", "type":"IMEMO", "slot_size":40, "class":"0x103a1ee20", "imemo_type":"ment", "memsize":48, "flags":{"wb_protected":true}}
{"address":"0x101955d38", "type":"IMEMO", "slot_size":40, "imemo_type":"ment", "references":["0x103a1eec0"], "memsize":48, "flags":{"wb_protected":true}}
{"address":"0x101955d60", "type":"IMEMO", "slot_size":40, "class":"0x103a1ee20", "imemo_type":"ment", "memsize":48, "flags":{"wb_protected":true}}
{"address":"0x101955d88", "type":"IMEMO", "slot_size":40, "imemo_type":"ment", "references":["0x103a1eec0"], "memsize":48, "flags":{"wb_protected":true}}
{"address":"0x101955db0", "type":"IMEMO", "slot_size":40, "class":"0x103a1ee20", "imemo_type":"ment", "memsize":48, "flags":{"wb_protected":true}}
{"address":"0x101955dd8", "type":"IMEMO", "slot_size":40, "imemo_type":"ment", "references":["0x103a1eec0"], "memsize":48, "flags":{"wb_protected":true}}
{"address":"0x101955e00", "type":"IMEMO", "slot_size":40, "class":"0x103a1ee20", "imemo_type":"ment", "memsize":48, "flags":{"wb_protected":true}}
{"address":"0x101955e28", "type":"IMEMO", "slot_size":40, "imemo_type":"ment", "references":["0x103a1eec0"], "memsize":48, "flags":{"wb_protected":true}}
{"address":"0x101955e50", "type":"IMEMO", "slot_size":40, "class":"0x103a1ee20", "imemo_type":"ment", "memsize":48, "flags":{"wb_protected":true}}
{"address":"0x101955e78", "type":"IMEMO", "slot_size":40, "imemo_type":"ment", "references":["0x103a1eec0"], "memsize":48, "flags":{"wb_protected":true}}
{"address":"0x101955ea0", "type":"IMEMO", "slot_size":40, "class":"0x103a1ee20", "imemo_type":"ment", "memsize":48, "flags":{"wb_protected":true}}
{"address":"0x101955ec8", "type":"IMEMO", "slot_size":40, "imemo_type":"ment", "references":["0x103a1eec0"], "memsize":48, "flags":{"wb_protected":true}}
{"address":"0x101955ef0", "type":"IMEMO", "slot_size":40, "class":"0x103a17e40", "imemo_type":"ment", "memsize":48, "flags":{"wb_protected":true}}
{"address":"0x101955f18", "type":"IMEMO", "slot_size":40, "class":"0x103a17e40", "imemo_type":"ment", "memsize":48, "flags":{"wb_protected":true}}
{"address":"0x101955f40", "type":"IMEMO", "slot_size":40, "class":"0x103a17da0", "imemo_type":"callcache", "references":["0x1019be770"], "memsize":40, "flags":{"wb_protected":true}}
{"address":"0x101955f68", "type":"IMEMO", "slot_size":40, "class":"0x103a17e40", "imemo_type":"ment", "memsize":48, "flags":{"wb_protected":true}}
{"address":"0x101955f90", "type":"IMEMO", "slot_size":40, "class":"0x103a1ee20", "imemo_type":"callcache", "references":["0x1019be748"], "memsize":40, "flags":{"wb_protected":true}}
{"address":"0x101955fb8", "type":"STRING", "slot_size":40, "class":"0x1039feda0", "bytesize":34, "capacity":63, "value":"ObjectSpace::InternalObjectWrapper", "encoding":"US-ASCII", "memsize":104, "flags":{"wb_protected":true}}
{"address":"0x101955fe0", "type":"IMEMO", "slot_size":40, "class":"0x103a1ee20", "imemo_type":"ment", "memsize":48, "flags":{"wb_protected":true}}
{"address":"0x101956008", "type":"IMEMO", "slot_size":40, "imemo_type":"ment", "references":["0x103a1eec0"], "memsize":48, "flags":{"wb_protected":true}}
{"address":"0x101956030", "type":"IMEMO", "slot_size":40, "class":"0x103a1ee20", "imemo_type":"ment", "memsize":48, "flags":{"wb_protected":true}}
{"address":"0x101956058", "type":"IMEMO", "slot_size":40, "imemo_type":"ment", "references":["0x103a1eec0"], "memsize":48, "flags":{"wb_protected":true}}
{"address":"0x101956080", "type":"IMEMO", "slot_size":40, "class":"0x103a1ee20", "imemo_type":"ment", "memsize":48, "flags":{"wb_protected":true}}
{"address":"0x1019560a8", "type":"IMEMO", "slot_size":40, "imemo_type":"ment", "references":["0x103a1eec0"], "memsize":48, "flags":{"wb_protected":true}}
{"address":"0x1019560d0", "type":"IMEMO", "slot_size":40, "class":"0x103a1ee20", "imemo_type":"ment", "memsize":48, "flags":{"wb_protected":true}}
{"address":"0x1019560f8", "type":"IMEMO", "slot_size":40, "imemo_type":"ment", "references":["0x103a1eec0"], "memsize":48, "flags":{"wb_protected":true}}
{"address":"0x101956120", "type":"IMEMO", "slot_size":40, "class":"0x103a1ee20", "imemo_type":"ment", "memsize":48, "flags":{"wb_protected":true}}
{"address":"0x101956148", "type":"IMEMO", "slot_size":40, "imemo_type":"ment", "references":["0x103a1eec0"], "memsize":48, "flags":{"wb_protected":true}}
{"address":"0x101956170", "type":"IMEMO", "slot_size":40, "class":"0x103a1ee20", "imemo_type":"ment", "memsize":48, "flags":{"wb_protected":true}}
{"address":"0x101956198", "type":"IMEMO", "slot_size":40, "imemo_type":"ment", "references":["0x103a1eec0"], "memsize":48, "flags":{"wb_protected":true}}
{"address":"0x1019561c0", "type":"IMEMO", "slot_size":40, "class":"0x103a1ee20", "imemo_type":"ment", "memsize":48, "flags":{"wb_protected":true}}
{"address":"0x1019561e8", "type":"IMEMO", "slot_size":40, "imemo_type":"ment", "references":["0x103a1eec0"], "memsize":48, "flags":{"wb_protected":true}}
{"address":"0x101956210", "type":"STRING", "slot_size":40, "class":"0x1039feda0", "frozen":true, "embedded":true, "fstring":true, "bytesize":11, "value":"count_nodes", "encoding":"US-ASCII", "memsize":40, "flags":{"wb_protected":true}}
{"address":"0x101956238", "type":"IMEMO", "slot_size":40, "class":"0x103a1ee20", "imemo_type":"ment", "memsize":48, "flags":{"wb_protected":true}}
{"address":"0x101956260", "type":"IMEMO", "slot_size":40, "imemo_type":"ment", "references":["0x103a1eec0"], "memsize":48, "flags":{"wb_protected":true}}
{"address":"0x101956288", "type":"STRING", "slot_size":40, "class":"0x1039feda0", "frozen":true, "embedded":true, "fstring":true, "bytesize":13, "value":"count_symbols", "encoding":"US-ASCII", "memsize":40, "flags":{"wb_protected":true}}
{"address":"0x1019562b0", "type":"IMEMO", "slot_size":40, "class":"0x103a1ee20", "imemo_type":"ment", "memsize":48, "flags":{"wb_protected":true}}
{"address":"0x1019562d8", "type":"IMEMO", "slot_size":40, "imemo_type":"ment", "references":["0x103a1eec0"], "memsize":48, "flags":{"wb_protected":true}}
{"address":"0x101956300", "type":"IMEMO", "slot_size":40, "class":"0x103a1ee20", "imemo_type":"ment", "memsize":48, "flags":{"wb_protected":true}}
{"address":"0x101956328", "type":"IMEMO", "slot_size":40, "imemo_type":"ment", "references":["0x103a1eec0"], "memsize":48, "flags":{"wb_protected":true}}
{"address":"0x101956350", "type":"STRING", "slot_size":40, "class":"0x1039feda0", "frozen":true, "embedded":true, "fstring":true, "bytesize":14, "value":"memsize_of_all", "encoding":"US-ASCII", "memsize":40, "flags":{"wb_protected":true}}
{"address":"0x101956378", "type":"IMEMO", "slot_size":40, "class":"0x103a1ee20", "imemo_type":"ment", "memsize":48, "flags":{"wb_protected":true}}
{"address":"0x1019563a0", "type":"IMEMO", "slot_size":40, "imemo_type":"ment", "references":["0x103a1eec0"], "memsize":48, "flags":{"wb_protected":true}}
{"address":"0x1019563c8", "type":"STRING", "slot_size":40, "class":"0x1039feda0", "frozen":true, "embedded":true, "fstring":true, "bytesize":10, "value":"memsize_of", "encoding":"US-ASCII", "memsize":40, "flags":{"wb_protected":true}}
{"address":"0x1019563f0", "type":"IMEMO", "slot_size":40, "class":"0x8", "imemo_type":"cref", "references":["0x1039ffe80"], "memsize":40, "flags":{"wb_protected":true}}
{"address":"0x101956418", "type":"ARRAY", "slot_size":40, "class":"0x1039f3540", "frozen":true, "length":2, "embedded":true, "references":["0x1019564b8"], "memsize":40, "flags":{"wb_protected":true}}
{"address":"0x101956440", "type":"IMEMO", "slot_size":40, "imemo_type":"iseq", "references":["0x1019564b8", "0x1019564b8", "0x101956418"], "memsize":368, "flags":{"wb_protected":true}}
{"address":"0x101956468", "type":"DATA", "slot_size":40, "struct":"thread_shield", "memsize":40}
{"address":"0x101956490", "type":"DATA", "slot_size":40, "struct":"mutex", "memsize":72, "flags":{"wb_protected":true}}
{"address":"0x1019564b8", "type":"STRING", "slot_size":40, "class":"0x1039feda0", "frozen":true, "fstring":true, "bytesize":83, "capacity":134, "value":"/Users/jemmaissroff/src/github.com/Shopify/ruby/.ext/arm64-darwin21/objspace.bundle", "encoding":"UTF-8", "memsize":175, "flags":{"wb_protected":true}}
{"address":"0x1019564e0", "type":"STRING", "slot_size":40, "class":"0x1039feda0", "frozen":true, "embedded":true, "bytesize":15, "value":"objspace.bundle", "encoding":"UTF-8", "memsize":40, "flags":{"wb_protected":true}}
{"address":"0x101956508", "type":"IMEMO", "slot_size":40, "class":"0x8", "imemo_type":"cref", "references":["0x1039ffe80"], "memsize":40, "flags":{"wb_protected":true}}
{"address":"0x101956530", "type":"STRING", "slot_size":40, "class":"0x1039feda0", "frozen":true, "embedded":true, "fstring":true, "bytesize":8, "value":"rubyheap", "encoding":"UTF-8", "memsize":40, "flags":{"wb_protected":true}}
{"address":"0x101956558", "type":"ARRAY", "slot_size":40, "frozen":true, "length":2, "embedded":true, "references":["0x101956530", "0x101956620"], "memsize":40, "flags":{"wb_protected":true}}
{"address":"0x101956580", "type":"HASH", "slot_size":40, "class":"0x1039f3360", "size":4, "memsize":192, "flags":{"wb_protected":true}}
{"address":"0x1019565a8", "type":"STRING", "slot_size":40, "embedded":true, "bytesize":0, "value":"", "memsize":40, "flags":{"wb_protected":true}}
{"address":"0x1019565d0", "type":"ARRAY", "slot_size":40, "length":3, "embedded":true, "memsize":40, "flags":{"wb_protected":true}}
{"address":"0x1019565f8", "type":"IMEMO", "slot_size":40, "imemo_type":"iseq", "references":["0x101955680", "0x101955680", "0x1039d86c8", "0x101956698", "0x101956558", "0x10195ecd0", "0x101957930", "0x101957930", "0x1019573e0", "0x1019556f8", "0x1019556d0", "0x1019556f8", "0x1019556f8", "0x101955658", "0x101955630"], "memsize":2800, "flags":{"wb_protected":true}}
{"address":"0x101956620", "type":"STRING", "slot_size":40, "class":"0x1039feda0", "frozen":true, "embedded":true, "fstring":true, "bytesize":5, "value":".json", "encoding":"UTF-8", "memsize":40, "flags":{"wb_protected":true}}
{"address":"0x101956648", "type":"STRING", "slot_size":40, "class":"0x1039feda0", "frozen":true, "embedded":true, "fstring":true, "bytesize":7, "value":"rubyobj", "encoding":"UTF-8", "memsize":40, "flags":{"wb_protected":true}}
{"address":"0x101956670", "type":"ARRAY", "slot_size":40, "frozen":true, "length":2, "embedded":true, "references":["0x101956648", "0x101956620"], "memsize":40, "flags":{"wb_protected":true}}
{"address":"0x101956698", "type":"STRING", "slot_size":40, "class":"0x1039feda0", "frozen":true, "embedded":true, "fstring":true, "bytesize":8, "value":"tempfile", "encoding":"UTF-8", "memsize":40, "flags":{"wb_protected":true}}
{"address":"0x1019566c0", "type":"HASH", "slot_size":40, "class":"0x1039f3360", "size":4, "memsize":192, "flags":{"wb_protected":true}}
{"address":"0x1019566e8", "type":"STRING", "slot_size":40, "embedded":true, "bytesize":0, "value":"", "memsize":40, "flags":{"wb_protected":true}}
{"address":"0x101956710", "type":"ARRAY", "slot_size":40, "length":1, "embedded":true, "memsize":40, "flags":{"wb_protected":true}}
{"address":"0x101956738", "type":"IMEMO", "slot_size":40, "imemo_type":"iseq", "references":["0x1039d86c8", "0x101956698", "0x101956670", "0x10195ecd0", "0x1019ba800", "0x1019ba800", "0x1019573e0"], "memsize":2744, "flags":{"wb_protected":true}}
{"address":"0x101956760", "type":"IMEMO", "slot_size":40, "imemo_type":"iseq", "references":["0x10195f0b8", "0x10195f0b8", "0x1019573e0", "0x1019559a0", "0x1019559a0"], "memsize":576, "flags":{"wb_protected":true}}
{"address":"0x101956788", "type":"IMEMO", "slot_size":40, "imemo_type":"iseq", "references":["0x101956760", "0x101956738", "0x1019565f8", "0x1039d9f28", "0x1039d9f28", "0x1019573e0", "0x1019567d8", "0x101955978"], "memsize":640, "flags":{"wb_protected":true}}
{"address":"0x1019567b0", "type":"STRING", "slot_size":40, "class":"0x1039feda0", "frozen":true, "embedded":true, "fstring":true, "bytesize":11, "value":"objspace.so", "encoding":"UTF-8", "memsize":40, "flags":{"wb_protected":true}}
{"address":"0x1019567d8", "type":"IMEMO", "slot_size":40, "imemo_type":"iseq", "references":["0x1019567b0", "0x101956788", "0x101956800", "0x101956800", "0x1019573e0", "0x101957480"], "memsize":560, "flags":{"wb_protected":true}}
{"address":"0x101956800", "type":"STRING", "slot_size":40, "class":"0x1039feda0", "frozen":true, "fstring":true, "bytesize":16, "value":"<top (required)>", "encoding":"US-ASCII", "memsize":40, "flags":{"wb_protected":true}}
{"address":"0x101956828", "type":"STRING", "slot_size":40, "class":"0x1039feda0", "embedded":true, "bytesize":4, "value":"end\n", "encoding":"UTF-8", "memsize":40, "flags":{"wb_protected":true}}
{"address":"0x101956850", "type":"STRING", "slot_size":40, "class":"0x1039feda0", "embedded":true, "bytesize":6, "value":"  end\n", "encoding":"UTF-8", "memsize":40, "flags":{"wb_protected":true}}
{"address":"0x101956878", "type":"STRING", "slot_size":40, "class":"0x1039feda0", "embedded":true, "bytesize":8, "value":"    ret\n", "encoding":"UTF-8", "memsize":40, "flags":{"wb_protected":true}}
{"address":"0x1019568a0", "type":"STRING", "slot_size":40, "class":"0x1039feda0", "embedded":true, "bytesize":1, "value":"\n", "encoding":"UTF-8", "memsize":40, "flags":{"wb_protected":true}}
{"address":"0x1019568c8", "type":"STRING", "slot_size":40, "class":"0x1039feda0", "embedded":true, "bytesize":8, "value":"    end\n", "encoding":"UTF-8", "memsize":40, "flags":{"wb_protected":true}}
{"address":"0x1019568f0", "type":"IMEMO", "slot_size":40, "imemo_type":"parser_strterm", "memsize":40, "flags":{"wb_protected":true}}
{"address":"0x101956918", "type":"STRING", "slot_size":40, "class":"0x1039feda0", "embedded":true, "bytesize":9, "value":"    else\n", "encoding":"UTF-8", "memsize":40, "flags":{"wb_protected":true}}
{"address":"0x101956940", "type":"STRING", "slot_size":40, "class":"0x1039feda0", "embedded":true, "bytesize":13, "value":"      output\n", "encoding":"UTF-8", "memsize":40, "flags":{"wb_protected":true}}
{"address":"0x101956968", "type":"STRING", "slot_size":40, "class":"0x1039feda0", "embedded":true, "bytesize":0, "value":"", "encoding":"UTF-8", "memsize":40, "flags":{"wb_protected":true}}
{"address":"0x101956990", "type":"STRING", "slot_size":40, "class":"0x1039feda0", "embedded":true, "bytesize":12, "value":"    when IO\n", "encoding":"UTF-8", "memsize":40, "flags":{"wb_protected":true}}
{"address":"0x1019569b8", "type":"IMEMO", "slot_size":40, "imemo_type":"parser_strterm", "memsize":40, "flags":{"wb_protected":true}}
{"address":"0x1019569e0", "type":"STRING", "slot_size":40, "class":"0x1039feda0", "embedded":true, "bytesize":10, "value":"      +''\n", "encoding":"UTF-8", "memsize":40, "flags":{"wb_protected":true}}
{"address":"0x101956a08", "type":"STRING", "slot_size":40, "class":"0x1039feda0", "embedded":true, "bytesize":13, "value":"      STDOUT\n", "encoding":"UTF-8", "memsize":40, "flags":{"wb_protected":true}}
{"address":"0x101956a30", "type":"STRING", "slot_size":40, "class":"0x1039feda0", "embedded":true, "bytesize":5, "value":".json", "encoding":"UTF-8", "memsize":40, "flags":{"wb_protected":true}}
{"address":"0x101956a58", "type":"STRING", "slot_size":40, "class":"0x1039feda0", "embedded":true, "bytesize":8, "value":"rubyheap", "encoding":"UTF-8", "memsize":40, "flags":{"wb_protected":true}}
{"address":"0x101956a80", "type":"IMEMO", "slot_size":40, "imemo_type":"parser_strterm", "memsize":40, "flags":{"wb_protected":true}}
{"address":"0x101956aa8", "type":"STRING", "slot_size":40, "class":"0x1039feda0", "embedded":true, "bytesize":8, "value":"tempfile", "encoding":"UTF-8", "memsize":40, "flags":{"wb_protected":true}}
{"address":"0x101956ad0", "type":"IMEMO", "slot_size":40, "imemo_type":"parser_strterm", "memsize":40, "flags":{"wb_protected":true}}
{"address":"0x101956af8", "type":"HASH", "slot_size":40, "size":0, "memsize":168, "flags":{"wb_protected":true}}
{"address":"0x101956b20", "type":"IMEMO", "slot_size":40, "imemo_type":"tmpbuf", "memsize":40, "flags":{"wb_protected":true}}
{"address":"0x101956b48", "type":"STRING", "slot_size":40, "class":"0x1039feda0", "frozen":true, "embedded":true, "fstring":true, "bytesize":5, "value":"since", "encoding":"US-ASCII", "memsize":40, "flags":{"wb_protected":true}}
{"address":"0x101956b70", "type":"STRING", "slot_size":40, "class":"0x1039feda0", "frozen":true, "embedded":true, "fstring":true, "bytesize":4, "value":"full", "encoding":"US-ASCII", "memsize":40, "flags":{"wb_protected":true}}
{"address":"0x101956b98", "type":"STRING", "slot_size":40, "class":"0x1039feda0", "embedded":true, "bytesize":4, "value":"  #\n", "encoding":"UTF-8", "memsize":40, "flags":{"wb_protected":true}}
{"address":"0x101956bc0", "type":"STRING", "slot_size":40, "class":"0x1039feda0", "embedded":true, "bytesize":4, "value":"  #\n", "encoding":"UTF-8", "memsize":40, "flags":{"wb_protected":true}}
{"address":"0x101956be8", "type":"STRING", "slot_size":40, "class":"0x1039feda0", "embedded":true, "bytesize":15, "value":"  #  examples.\n", "encoding":"UTF-8", "memsize":40, "flags":{"wb_protected":true}}
{"address":"0x101956c10", "type":"STRING", "slot_size":40, "class":"0x1039feda0", "embedded":true, "bytesize":4, "value":"  #\n", "encoding":"UTF-8", "memsize":40, "flags":{"wb_protected":true}}
{"address":"0x101956c38", "type":"STRING", "slot_size":40, "class":"0x1039feda0", "embedded":true, "bytesize":2, "value":"GC", "encoding":"UTF-8", "memsize":40, "flags":{"wb_protected":true}}
{"address":"0x101956c60", "type":"STRING", "slot_size":40, "class":"0x1039feda0", "embedded":true, "bytesize":4, "value":"  #\n", "encoding":"UTF-8", "memsize":40, "flags":{"wb_protected":true}}
{"address":"0x101956c88", "type":"STRING", "slot_size":40, "class":"0x1039feda0", "embedded":true, "bytesize":4, "value":"  #\n", "encoding":"UTF-8", "memsize":40, "flags":{"wb_protected":true}}
{"address":"0x101956cb0", "type":"STRING", "slot_size":40, "class":"0x1039feda0", "embedded":true, "bytesize":4, "value":"  #\n", "encoding":"UTF-8", "memsize":40, "flags":{"wb_protected":true}}
{"address":"0x101956cd8", "type":"STRING", "slot_size":40, "class":"0x1039feda0", "embedded":true, "bytesize":15, "value":"  #  call-seq:\n", "encoding":"UTF-8", "memsize":40, "flags":{"wb_protected":true}}
{"address":"0x101956d00", "type":"STRING", "slot_size":40, "class":"0x1039feda0", "embedded":true, "bytesize":1, "value":"\n", "encoding":"UTF-8", "memsize":40, "flags":{"wb_protected":true}}
{"address":"0x101956d28", "type":"STRING", "slot_size":40, "class":"0x1039feda0", "embedded":true, "bytesize":1, "value":"\n", "encoding":"UTF-8", "memsize":40, "flags":{"wb_protected":true}}
{"address":"0x101956d50", "type":"STRING", "slot_size":40, "class":"0x1039feda0", "embedded":true, "bytesize":6, "value":"  end\n", "encoding":"UTF-8", "memsize":40, "flags":{"wb_protected":true}}
{"address":"0x101956d78", "type":"STRING", "slot_size":40, "class":"0x1039feda0", "embedded":true, "bytesize":8, "value":"    ret\n", "encoding":"UTF-8", "memsize":40, "flags":{"wb_protected":true}}
{"address":"0x101956da0", "type":"STRING", "slot_size":40, "class":"0x1039feda0", "frozen":true, "embedded":true, "fstring":true, "bytesize":3, "value":"ret", "encoding":"US-ASCII", "memsize":40, "flags":{"wb_protected":true}}
{"address":"0x101956dc8", "type":"STRING", "slot_size":40, "class":"0x1039feda0", "embedded":true, "bytesize":1, "value":"\n", "encoding":"UTF-8", "memsize":40, "flags":{"wb_protected":true}}
{"address":"0x101956df0", "type":"STRING", "slot_size":40, "class":"0x1039feda0", "embedded":true, "bytesize":8, "value":"    end\n", "encoding":"UTF-8", "memsize":40, "flags":{"wb_protected":true}}
{"address":"0x101956e18", "type":"IMEMO", "slot_size":40, "imemo_type":"parser_strterm", "memsize":40, "flags":{"wb_protected":true}}
{"address":"0x101956e40", "type":"STRING", "slot_size":40, "class":"0x1039feda0", "embedded":true, "bytesize":9, "value":"    else\n", "encoding":"UTF-8", "memsize":40, "flags":{"wb_protected":true}}
{"address":"0x101956e68", "type":"STRING", "slot_size":40, "class":"0x1039feda0", "embedded":true, "bytesize":13, "value":"      output\n", "encoding":"UTF-8", "memsize":40, "flags":{"wb_protected":true}}
{"address":"0x101956e90", "type":"STRING", "slot_size":40, "class":"0x1039feda0", "embedded":true, "bytesize":0, "value":"", "encoding":"UTF-8", "memsize":40, "flags":{"wb_protected":true}}
{"address":"0x101956eb8", "type":"STRING", "slot_size":40, "class":"0x1039feda0", "embedded":true, "bytesize":12, "value":"    when IO\n", "encoding":"UTF-8", "memsize":40, "flags":{"wb_protected":true}}
{"address":"0x101956ee0", "type":"IMEMO", "slot_size":40, "imemo_type":"parser_strterm", "memsize":40, "flags":{"wb_protected":true}}
{"address":"0x101956f08", "type":"STRING", "slot_size":40, "class":"0x1039feda0", "embedded":true, "bytesize":10, "value":"      +''\n", "encoding":"UTF-8", "memsize":40, "flags":{"wb_protected":true}}
{"address":"0x101956f30", "type":"STRING", "slot_size":40, "class":"0x1039feda0", "embedded":true, "bytesize":13, "value":"      STDOUT\n", "encoding":"UTF-8", "memsize":40, "flags":{"wb_protected":true}}
{"address":"0x101956f58", "type":"STRING", "slot_size":40, "class":"0x1039feda0", "frozen":true, "embedded":true, "fstring":true, "bytesize":6, "value":"stdout", "encoding":"US-ASCII", "memsize":40, "flags":{"wb_protected":true}}
{"address":"0x101956f80", "type":"STRING", "slot_size":40, "class":"0x1039feda0", "embedded":true, "bytesize":5, "value":".json", "encoding":"UTF-8", "memsize":40, "flags":{"wb_protected":true}}
{"address":"0x101956fa8", "type":"STRING", "slot_size":40, "class":"0x1039feda0", "embedded":true, "bytesize":7, "value":"rubyobj", "encoding":"UTF-8", "memsize":40, "flags":{"wb_protected":true}}
{"address":"0x101956fd0", "type":"IMEMO", "slot_size":40, "imemo_type":"parser_strterm", "memsize":40, "flags":{"wb_protected":true}}
{"address":"0x101956ff8", "type":"STRING", "slot_size":40, "class":"0x1039feda0", "frozen":true, "embedded":true, "fstring":true, "bytesize":6, "value":"create", "encoding":"US-ASCII", "memsize":40, "flags":{"wb_protected":true}}
{"address":"0x101957020", "type":"STRING", "slot_size":40, "class":"0x1039feda0", "frozen":true, "embedded":true, "fstring":true, "bytesize":8, "value":"Tempfile", "encoding":"US-ASCII", "memsize":40, "flags":{"wb_protected":true}}
{"address":"0x101957048", "type":"STRING", "slot_size":40, "class":"0x1039feda0", "embedded":true, "bytesize":8, "value":"tempfile", "encoding":"UTF-8", "memsize":40, "flags":{"wb_protected":true}}
{"address":"0x101957070", "type":"IMEMO", "slot_size":40, "imemo_type":"parser_strterm", "memsize":40, "flags":{"wb_protected":true}}
{"address":"0x101957098", "type":"HASH", "slot_size":40, "size":0, "memsize":168, "flags":{"wb_protected":true}}
{"address":"0x1019570c0", "type":"IMEMO", "slot_size":40, "imemo_type":"tmpbuf", "memsize":40, "flags":{"wb_protected":true}}
{"address":"0x1019570e8", "type":"STRING", "slot_size":40, "class":"0x1039feda0", "embedded":true, "bytesize":4, "value":"  #\n", "encoding":"UTF-8", "memsize":40, "flags":{"wb_protected":true}}
{"address":"0x101957110", "type":"STRING", "slot_size":40, "class":"0x1039feda0", "embedded":true, "bytesize":4, "value":"  #\n", "encoding":"UTF-8", "memsize":40, "flags":{"wb_protected":true}}
{"address":"0x101957138", "type":"STRING", "slot_size":40, "class":"0x1039feda0", "embedded":true, "bytesize":14, "value":"  # call-seq:\n", "encoding":"UTF-8", "memsize":40, "flags":{"wb_protected":true}}
{"address":"0x101957160", "type":"STRING", "slot_size":40, "class":"0x1039feda0", "embedded":true, "bytesize":1, "value":"\n", "encoding":"UTF-8", "memsize":40, "flags":{"wb_protected":true}}
{"address":"0x101957188", "type":"STRING", "slot_size":40, "class":"0x1039feda0", "embedded":true, "bytesize":1, "value":"\n", "encoding":"UTF-8", "memsize":40, "flags":{"wb_protected":true}}
{"address":"0x1019571b0", "type":"STRING", "slot_size":40, "class":"0x1039feda0", "embedded":true, "bytesize":6, "value":"  end\n", "encoding":"UTF-8", "memsize":40, "flags":{"wb_protected":true}}
{"address":"0x1019571d8", "type":"STRING", "slot_size":40, "class":"0x1039feda0", "frozen":true, "embedded":true, "fstring":true, "bytesize":9, "value":"_dump_all", "encoding":"US-ASCII", "memsize":40, "flags":{"wb_protected":true}}
{"address":"0x101957200", "type":"STRING", "slot_size":40, "class":"0x1039feda0", "embedded":true, "bytesize":1, "value":"\n", "encoding":"UTF-8", "memsize":40, "flags":{"wb_protected":true}}
{"address":"0x101957228", "type":"STRING", "slot_size":40, "class":"0x1039feda0", "embedded":true, "bytesize":11, "value":"objspace.so", "encoding":"UTF-8", "memsize":40, "flags":{"wb_protected":true}}
{"address":"0x101957250", "type":"IMEMO", "slot_size":40, "imemo_type":"parser_strterm", "memsize":40, "flags":{"wb_protected":true}}
{"address":"0x101957278", "type":"STRING", "slot_size":40, "class":"0x1039feda0", "embedded":true, "bytesize":1, "value":"\n", "encoding":"UTF-8", "memsize":40, "flags":{"wb_protected":true}}
{"address":"0x1019572a0", "type":"HASH", "slot_size":40, "size":2, "references":["0x101957868"], "memsize":192, "flags":{"wb_protected":true}}
{"address":"0x1019572c8", "type":"STRING", "slot_size":40, "class":"0x1039feda0", "embedded":true, "bytesize":4, "value":"true", "encoding":"UTF-8", "memsize":40, "flags":{"wb_protected":true}}
{"address":"0x1019572f0", "type":"IMEMO", "slot_size":40, "imemo_type":"ast", "references":["0x1019572a0"], "memsize":40, "flags":{"wb_protected":true}}
{"address":"0x101957318", "type":"STRING", "slot_size":40, "class":"0x1039feda0", "bytesize":1, "value":"-", "memsize":40, "flags":{"wb_protected":true}}
{"address":"0x101957340", "type":"FILE", "slot_size":40, "class":"0x1039f1380", "fd":-1, "references":["0x101957340", "0x103a18d40"], "memsize":8432}
{"address":"0x101957368", "type":"DATA", "slot_size":40, "struct":"parser", "references":["0x101957340", "0x1019573e0", "0x1019572a0", "0x10199a118"], "memsize":436}
{"address":"0x101957390", "type":"DATA", "slot_size":40, "struct":"thread_shield", "memsize":40}
{"address":"0x1019573b8", "type":"DATA", "slot_size":40, "struct":"mutex", "memsize":72, "flags":{"wb_protected":true}}
{"address":"0x1019573e0", "type":"STRING", "slot_size":40, "class":"0x1039feda0", "frozen":true, "fstring":true, "bytesize":71, "capacity":118, "value":"/Users/jemmaissroff/src/github.com/Shopify/ruby/.ext/common/objspace.rb", "encoding":"UTF-8", "memsize":159, "flags":{"wb_protected":true}}
{"address":"0x101957408", "type":"STRING", "slot_size":40, "embedded":true, "bytesize":11, "value":"objspace.rb", "encoding":"UTF-8", "memsize":40, "flags":{"wb_protected":true}}
{"address":"0x101957430", "type":"STRING", "slot_size":40, "embedded":true, "bytesize":0, "value":"", "memsize":40, "flags":{"wb_protected":true}}
{"address":"0x101957458", "type":"STRING", "slot_size":40, "class":"0x1039feda0", "frozen":true, "embedded":true, "bytesize":8, "value":"objspace", "encoding":"UTF-8", "memsize":40, "flags":{"wb_protected":true}}
{"address":"0x101957480", "type":"IMEMO", "slot_size":40, "class":"0x1039ff0c0", "imemo_type":"callcache", "references":["0x1019574a8"], "memsize":40, "flags":{"wb_protected":true}}
{"address":"0x1019574a8", "type":"IMEMO", "slot_size":40, "class":"0x1039ff840", "imemo_type":"ment", "references":["0x1039ff8e0"], "memsize":48, "flags":{"wb_protected":true}}
{"address":"0x1019574d0", "type":"STRING", "slot_size":40, "class":"0x1039feda0", "embedded":true, "bytesize":8, "value":"objspace", "encoding":"UTF-8", "memsize":40, "flags":{"wb_protected":true}}
{"address":"0x1019574f8", "type":"STRING", "slot_size":40, "class":"0x1039feda0", "frozen":true, "embedded":true, "fstring":true, "bytesize":3, "value":"$-a", "encoding":"US-ASCII", "memsize":40, "flags":{"wb_protected":true}}
{"address":"0x101957520", "type":"STRING", "slot_size":40, "class":"0x1039feda0", "frozen":true, "embedded":true, "fstring":true, "bytesize":3, "value":"$-l", "encoding":"US-ASCII", "memsize":40, "flags":{"wb_protected":true}}
{"address":"0x101957548", "type":"STRING", "slot_size":40, "class":"0x1039feda0", "frozen":true, "embedded":true, "fstring":true, "bytesize":3, "value":"$-p", "encoding":"US-ASCII", "memsize":40, "flags":{"wb_protected":true}}
{"address":"0x101957570", "type":"ARRAY", "slot_size":40, "length":1, "embedded":true, "references":["0x101957598"], "memsize":40, "flags":{"wb_protected":true}}
{"address":"0x101957598", "type":"ARRAY", "slot_size":40, "frozen":true, "length":5, "references":["0x1019576d8"], "memsize":80, "flags":{"wb_protected":true}}
{"address":"0x1019575c0", "type":"STRING", "slot_size":40, "class":"0x1039feda0", "frozen":true, "embedded":true, "fstring":true, "bytesize":1, "value":"w", "encoding":"UTF-8", "memsize":40, "flags":{"wb_protected":true}}
{"address":"0x1019575e8", "type":"STRING", "slot_size":40, "class":"0x1039feda0", "frozen":true, "embedded":true, "fstring":true, "bytesize":8, "value":"out.json", "encoding":"UTF-8", "memsize":40, "flags":{"wb_protected":true}}
{"address":"0x101957610", "type":"ARRAY", "slot_size":40, "frozen":true, "length":5, "memsize":80, "flags":{"wb_protected":true}}
{"address":"0x101957638", "type":"ARRAY", "slot_size":40, "length":2, "embedded":true, "references":["0x101957660", "0x101957610"], "memsize":40, "flags":{"wb_protected":true}}
{"address":"0x101957660", "type":"ARRAY", "slot_size":40, "frozen":true, "length":5, "memsize":80, "flags":{"wb_protected":true}}
{"address":"0x101957688", "type":"IMEMO", "slot_size":40, "class":"0x600000009520", "imemo_type":"callinfo", "memsize":40, "flags":{"wb_protected":true}}
{"address":"0x1019576b0", "type":"ARRAY", "slot_size":40, "class":"0x1039f3540", "frozen":true, "length":2, "embedded":true, "references":["0x101957b60", "0x1039d92f8"], "memsize":40, "flags":{"wb_protected":true}}
{"address":"0x1019576d8", "type":"IMEMO", "slot_size":40, "imemo_type":"iseq", "references":["0x101955748", "0x101955748", "0x101957700", "0x10197be98", "0x1019576b0", "0x1019577c8", "0x101957688", "0x101955720"], "memsize":568, "flags":{"wb_protected":true}}
{"address":"0x101957700", "type":"STRING", "slot_size":40, "class":"0x1039feda0", "frozen":true, "embedded":true, "fstring":true, "bytesize":15, "value":"block in <main>", "memsize":40, "flags":{"wb_protected":true}}
{"address":"0x101957728", "type":"STRING", "slot_size":40, "class":"0x1039feda0", "frozen":true, "embedded":true, "fstring":true, "bytesize":8, "value":"objspace", "encoding":"UTF-8", "memsize":40, "flags":{"wb_protected":true}}
{"address":"0x101957750", "type":"ARRAY", "slot_size":40, "class":"0x1039f3540", "frozen":true, "length":2, "embedded":true, "references":["0x101957b60", "0x1039d92f8"], "memsize":40, "flags":{"wb_protected":true}}
{"address":"0x101957778", "type":"STRING", "slot_size":40, "class":"0x1039feda0", "frozen":true, "embedded":true, "fstring":true, "bytesize":11, "value":"debug_level", "encoding":"US-ASCII", "memsize":40, "flags":{"wb_protected":true}}
{"address":"0x1019577a0", "type":"STRING", "slot_size":40, "class":"0x1039feda0", "frozen":true, "embedded":true, "fstring":true, "bytesize":13, "value":"stack_caching", "encoding":"US-ASCII", "memsize":40, "flags":{"wb_protected":true}}
{"address":"0x1019577c8", "type":"IMEMO", "slot_size":40, "imemo_type":"iseq", "references":["0x101957728", "0x101955888", "0x101955888", "0x1019575e8", "0x1019575c0", "0x1019576d8", "0x10197be98", "0x10197be98", "0x101957750", "0x10197be70", "0x101957480", "0x101955810"], "memsize":712, "flags":{"wb_protected":true}}
{"address":"0x1019577f0", "type":"ARRAY", "slot_size":40, "class":"0x1039f3540", "frozen":true, "length":2, "embedded":true, "references":["0x101957b60"], "memsize":40, "flags":{"wb_protected":true}}
{"address":"0x101957818", "type":"STRING", "slot_size":40, "class":"0x1039feda0", "embedded":true, "bytesize":9, "value":"./test.rb", "encoding":"UTF-8", "memsize":40, "flags":{"wb_protected":true}}
{"address":"0x101957840", "type":"STRING", "slot_size":40, "class":"0x1039feda0", "embedded":true, "bytesize":9, "value":"./test.rb", "encoding":"UTF-8", "memsize":40, "flags":{"wb_protected":true}}
{"address":"0x101957868", "type":"SYMBOL", "slot_size":40, "class":"0x1039feb20", "frozen":true, "bytesize":16, "value":"coverage_enabled", "memsize":40, "flags":{"wb_protected":true}}
{"address":"0x101957890", "type":"STRING", "slot_size":40, "class":"0x1039feda0", "frozen":true, "fstring":true, "bytesize":16, "value":"coverage_enabled", "encoding":"US-ASCII", "memsize":57, "flags":{"wb_protected":true}}
{"address":"0x1019578b8", "type":"HASH", "slot_size":40, "size":1, "references":["0x101957868"], "memsize":192, "flags":{"wb_protected":true}}
{"address":"0x1019578e0", "type":"STRING", "slot_size":40, "class":"0x1039feda0", "embedded":true, "bytesize":4, "value":"end\n", "encoding":"UTF-8", "memsize":40, "flags":{"wb_protected":true}}
{"address":"0x101957908", "type":"STRING", "slot_size":40, "class":"0x1039feda0", "frozen":true, "embedded":true, "fstring":true, "bytesize":6, "value":"output", "encoding":"US-ASCII", "memsize":40, "flags":{"wb_protected":true}}
{"address":"0x101957930", "type":"STRING", "slot_size":40, "class":"0x1039feda0", "frozen":true, "embedded":true, "fstring":true, "bytesize":8, "value":"dump_all", "encoding":"US-ASCII", "memsize":40, "flags":{"wb_protected":true}}
{"address":"0x101957958", "type":"IMEMO", "slot_size":40, "imemo_type":"tmpbuf", "memsize":40, "flags":{"wb_protected":true}}
{"address":"0x101957980", "type":"STRING", "slot_size":40, "class":"0x1039feda0", "frozen":true, "embedded":true, "fstring":true, "bytesize":1, "value":"f", "encoding":"US-ASCII", "memsize":40, "flags":{"wb_protected":true}}
{"address":"0x1019579a8", "type":"STRING", "slot_size":40, "class":"0x1039feda0", "embedded":true, "bytesize":1, "value":"w", "encoding":"UTF-8", "memsize":40, "flags":{"wb_protected":true}}
{"address":"0x1019579d0", "type":"IMEMO", "slot_size":40, "imemo_type":"parser_strterm", "memsize":40, "flags":{"wb_protected":true}}
{"address":"0x1019579f8", "type":"STRING", "slot_size":40, "class":"0x1039feda0", "embedded":true, "bytesize":8, "value":"out.json", "encoding":"UTF-8", "memsize":40, "flags":{"wb_protected":true}}
{"address":"0x101957a20", "type":"IMEMO", "slot_size":40, "imemo_type":"parser_strterm", "memsize":40, "flags":{"wb_protected":true}}
{"address":"0x101957a48", "type":"STRING", "slot_size":40, "class":"0x1039feda0", "embedded":true, "bytesize":1, "value":"\n", "encoding":"UTF-8", "memsize":40, "flags":{"wb_protected":true}}
{"address":"0x101957a70", "type":"STRING", "slot_size":40, "class":"0x1039feda0", "embedded":true, "bytesize":8, "value":"objspace", "encoding":"UTF-8", "memsize":40, "flags":{"wb_protected":true}}
{"address":"0x101957a98", "type":"IMEMO", "slot_size":40, "imemo_type":"parser_strterm", "memsize":40, "flags":{"wb_protected":true}}
{"address":"0x101957ac0", "type":"STRING", "slot_size":40, "class":"0x1039feda0", "frozen":true, "embedded":true, "fstring":true, "bytesize":14, "value":"SCRIPT_LINES__", "encoding":"US-ASCII", "memsize":40, "flags":{"wb_protected":true}}
{"address":"0x101957ae8", "type":"IMEMO", "slot_size":40, "imemo_type":"ast", "references":["0x1019578b8"], "memsize":40, "flags":{"wb_protected":true}}
{"address":"0x101957b10", "type":"STRING", "slot_size":40, "class":"0x1039feda0", "bytesize":1, "value":"-", "memsize":40, "flags":{"wb_protected":true}}
{"address":"0x101957b38", "type":"ARRAY", "slot_size":40, "class":"0x1039f3540", "frozen":true, "length":2, "embedded":true, "references":["0x101957b60"], "memsize":40, "flags":{"wb_protected":true}}
{"address":"0x101957b60", "type":"STRING", "slot_size":40, "class":"0x1039feda0", "frozen":true, "embedded":true, "fstring":true, "bytesize":9, "value":"./test.rb", "encoding":"UTF-8", "memsize":40, "flags":{"wb_protected":true}}
{"address":"0x101957b88", "type":"STRING", "slot_size":40, "class":"0x1039feda0", "embedded":true, "bytesize":9, "value":"./test.rb", "encoding":"UTF-8", "memsize":40, "flags":{"wb_protected":true}}
{"address":"0x101957bb0", "type":"STRING", "slot_size":40, "class":"0x1039feda0", "embedded":true, "bytesize":9, "value":"./test.rb", "encoding":"UTF-8", "memsize":40, "flags":{"wb_protected":true}}
{"address":"0x101957bd8", "type":"IMEMO", "slot_size":40, "class":"0x8", "imemo_type":"cref", "references":["0x1039ffe80"], "memsize":40, "flags":{"wb_protected":true}}
{"address":"0x101957c00", "type":"ARRAY", "slot_size":40, "class":"0x1039f3540", "frozen":true, "length":2, "embedded":true, "references":["0x1039d9848"], "memsize":40, "flags":{"wb_protected":true}}
{"address":"0x101957c28", "type":"ARRAY", "slot_size":40, "class":"0x1039f3540", "frozen":true, "length":2, "embedded":true, "references":["0x1039d9848"], "memsize":40, "flags":{"wb_protected":true}}
{"address":"0x101957c50", "type":"STRING", "slot_size":40, "class":"0x1039feda0", "frozen":true, "embedded":true, "fstring":true, "bytesize":12, "value":"did_you_mean", "encoding":"UTF-8", "memsize":40, "flags":{"wb_protected":true}}
{"address":"0x101957c78", "type":"STRING", "slot_size":40, "class":"0x1039feda0", "frozen":true, "embedded":true, "fstring":true, "bytesize":10, "value":"DidYouMean", "encoding":"US-ASCII", "memsize":40, "flags":{"wb_protected":true}}
{"address":"0x101957ca0", "type":"STRING", "slot_size":40, "class":"0x1039feda0", "frozen":true, "embedded":true, "fstring":true, "bytesize":15, "value":"error_highlight", "encoding":"UTF-8", "memsize":40, "flags":{"wb_protected":true}}
{"address":"0x101957cc8", "type":"STRING", "slot_size":40, "class":"0x1039feda0", "frozen":true, "embedded":true, "fstring":true, "bytesize":14, "value":"ErrorHighlight", "encoding":"US-ASCII", "memsize":40, "flags":{"wb_protected":true}}
{"address":"0x101957cf0", "type":"STRING", "slot_size":40, "class":"0x1039feda0", "frozen":true, "embedded":true, "fstring":true, "bytesize":3, "value":"Gem", "encoding":"US-ASCII", "memsize":40, "flags":{"wb_protected":true}}
{"address":"0x101957d18", "type":"ARRAY", "slot_size":40, "class":"0x1039f3540", "frozen":true, "length":2, "embedded":true, "references":["0x1039d9848"], "memsize":40, "flags":{"wb_protected":true}}
{"address":"0x101957d40", "type":"ARRAY", "slot_size":40, "class":"0x1039f3540", "frozen":true, "length":2, "embedded":true, "references":["0x1039d9848"], "memsize":40, "flags":{"wb_protected":true}}
{"address":"0x101957d68", "type":"IMEMO", "slot_size":40, "imemo_type":"iseq", "references":["0x1039d9758", "0x1039d97f8", "0x1039d9848", "0x101957d18", "0x101957ed0"], "memsize":704, "flags":{"wb_protected":true}}
{"address":"0x101957d90", "type":"ARRAY", "slot_size":40, "class":"0x1039f3540", "frozen":true, "length":2, "embedded":true, "references":["0x1039d9848"], "memsize":40, "flags":{"wb_protected":true}}
{"address":"0x101957db8", "type":"ARRAY", "slot_size":40, "class":"0x1039f3540", "frozen":true, "length":2, "embedded":true, "references":["0x1039d9848"], "memsize":40, "flags":{"wb_protected":true}}
{"address":"0x101957de0", "type":"IMEMO", "slot_size":40, "imemo_type":"iseq", "references":["0x1039d97a8", "0x1039d97f8", "0x1039d9848", "0x101957d90", "0x101957ed0"], "memsize":704, "flags":{"wb_protected":true}}
{"address":"0x101957e08", "type":"ARRAY", "slot_size":40, "class":"0x1039f3540", "frozen":true, "length":2, "embedded":true, "references":["0x1039d9848"], "memsize":40, "flags":{"wb_protected":true}}
{"address":"0x101957e30", "type":"ARRAY", "slot_size":40, "class":"0x1039f3540", "frozen":true, "length":2, "embedded":true, "references":["0x1039d9848"], "memsize":40, "flags":{"wb_protected":true}}
{"address":"0x101957e58", "type":"STRING", "slot_size":40, "class":"0x1039feda0", "frozen":true, "embedded":true, "fstring":true, "bytesize":8, "value":"rubygems", "encoding":"UTF-8", "memsize":40, "flags":{"wb_protected":true}}
{"address":"0x101957e80", "type":"IMEMO", "slot_size":40, "imemo_type":"iseq", "references":["0x101957e58", "0x1039d9898", "0x1039d97f8", "0x1039d9848", "0x101957e08", "0x101957ed0"], "memsize":1024, "flags":{"wb_protected":true}}
{"address":"0x101957ea8", "type":"STRING", "slot_size":40, "class":"0x1039feda0", "frozen":true, "embedded":true, "fstring":true, "bytesize":1, "value":"e", "encoding":"US-ASCII", "memsize":40, "flags":{"wb_protected":true}}
{"address":"0x101957ed0", "type":"IMEMO", "slot_size":40, "imemo_type":"iseq", "references":["0x101957e58", "0x101957ca0", "0x101957c50", "0x1039d9848", "0x1039d9848", "0x101957c00", "0x101957e80", "0x101957de0", "0x101957d68"], "memsize":1292, "flags":{"wb_protected":true}}
{"address":"0x101957ef8", "type":"DATA", "slot_size":40, "struct":"pinned_list", "references":["0x101957c28", "0x1039d9848", "0x101957e58", "0x101957ca0", "0x101957c50", "0x101957e30", "0x1039d97f8", "0x1039d9898", "0x101957db8", "0x1039d97a8", "0x101957d40", "0x1039d9758"], "memsize":256, "flags":{"wb_protected":true}}
{"address":"0x101957f20", "type":"DATA", "slot_size":40, "struct":"pinned_list", "references":["0x101957ed0", "0x101957e80", "0x101957de0", "0x101957d68"], "memsize":88, "flags":{"wb_protected":true}}
{"address":"0x101957f48", "type":"DATA", "slot_size":40, "struct":"ibf_loader", "references":["0x101957f20", "0x101957ef8"], "memsize":120, "flags":{"wb_protected":true}}
{"address":"0x101957f70", "type":"IMEMO", "slot_size":40, "class":"0x1039ff7a0", "imemo_type":"callcache", "references":["0x1019b69d0"], "memsize":40, "flags":{"wb_protected":true}}
{"address":"0x101957f98", "type":"IMEMO", "slot_size":40, "imemo_type":"ment", "references":["0x1039ff8e0", "0x101957fc0"], "memsize":48, "flags":{"wb_protected":true}}
{"address":"0x101957fc0", "type":"IMEMO", "slot_size":40, "imemo_type":"ment", "references":["0x1039ff8e0", "0x101958218", "0x101958010"], "memsize":48, "flags":{"wb_protected":true}}
{"address":"0x101957fe8", "type":"IMEMO", "slot_size":40, "imemo_type":"ment", "references":["0x1039ff8e0", "0x101958218", "0x101958010"], "memsize":48, "flags":{"wb_protected":true}}
{"address":"0x101958010", "type":"IMEMO", "slot_size":40, "class":"0x8", "imemo_type":"cref", "references":["0x1039ff8e0", "0x1019580b0"], "memsize":40, "flags":{"wb_protected":true}}
{"address":"0x101958038", "type":"IMEMO", "slot_size":40, "class":"0x103a1f3c0", "imemo_type":"callcache", "references":["0x1019be770"], "memsize":40, "flags":{"wb_protected":true}}
{"address":"0x101958060", "type":"IMEMO", "slot_size":40, "class":"0x103a1f460", "imemo_type":"ment", "references":["0x101958380", "0x101958088"], "memsize":48, "flags":{"wb_protected":true}}
{"address":"0x101958088", "type":"IMEMO", "slot_size":40, "class":"0x8", "imemo_type":"cref", "references":["0x103a1f460", "0x1019580b0"], "memsize":40, "flags":{"wb_protected":true}}
{"address":"0x1019580b0", "type":"IMEMO", "slot_size":40, "class":"0x8", "imemo_type":"cref", "references":["0x1039ffe80"], "memsize":40, "flags":{"wb_protected":true}}
{"address":"0x1019580d8", "type":"ARRAY", "slot_size":40, "class":"0x1039f3540", "frozen":true, "length":2, "embedded":true, "references":["0x1039d98e8"], "memsize":40, "flags":{"wb_protected":true}}
{"address":"0x101958100", "type":"ARRAY", "slot_size":40, "class":"0x1039f3540", "frozen":true, "length":2, "embedded":true, "references":["0x1039d98e8"], "memsize":40, "flags":{"wb_protected":true}}
{"address":"0x101958128", "type":"ARRAY", "slot_size":40, "class":"0x1039f3540", "frozen":true, "length":2, "embedded":true, "references":["0x1039d98e8"], "memsize":40, "flags":{"wb_protected":true}}
{"address":"0x101958150", "type":"ARRAY", "slot_size":40, "class":"0x1039f3540", "frozen":true, "length":2, "embedded":true, "references":["0x1039d98e8"], "memsize":40, "flags":{"wb_protected":true}}
{"address":"0x101958178", "type":"ARRAY", "slot_size":40, "class":"0x1039f3540", "frozen":true, "length":2, "embedded":true, "references":["0x1039d98e8"], "memsize":40, "flags":{"wb_protected":true}}
{"address":"0x1019581a0", "type":"ARRAY", "slot_size":40, "class":"0x1039f3540", "frozen":true, "length":2, "embedded":true, "references":["0x1039d98e8"], "memsize":40, "flags":{"wb_protected":true}}
{"address":"0x1019581c8", "type":"STRING", "slot_size":40, "class":"0x1039feda0", "frozen":true, "embedded":true, "fstring":true, "bytesize":2, "value":"pp", "encoding":"UTF-8", "memsize":40, "flags":{"wb_protected":true}}
{"address":"0x1019581f0", "type":"STRING", "slot_size":40, "class":"0x1039feda0", "frozen":true, "embedded":true, "fstring":true, "bytesize":4, "value":"objs", "encoding":"US-ASCII", "memsize":40, "flags":{"wb_protected":true}}
{"address":"0x101958218", "type":"IMEMO", "slot_size":40, "imemo_type":"iseq", "references":["0x1019581c8", "0x101958240", "0x101958240", "0x101958178"], "memsize":616, "flags":{"wb_protected":true}}
{"address":"0x101958240", "type":"STRING", "slot_size":40, "class":"0x1039feda0", "frozen":true, "embedded":true, "fstring":true, "bytesize":2, "value":"pp", "encoding":"US-ASCII", "memsize":40, "flags":{"wb_protected":true}}
{"address":"0x101958268", "type":"IMEMO", "slot_size":40, "imemo_type":"iseq", "references":["0x101958218", "0x101959de8", "0x101959de8", "0x101958128", "0x1019583f8", "0x10195e4d8", "0x101957f70"], "memsize":688, "flags":{"wb_protected":true}}
{"address":"0x101958290", "type":"STRING", "slot_size":40, "class":"0x1039feda0", "frozen":true, "embedded":true, "fstring":true, "bytesize":15, "value":"<class:Binding>", "memsize":40, "flags":{"wb_protected":true}}
{"address":"0x1019582b8", "type":"ARRAY", "slot_size":40, "class":"0x1039f3540", "frozen":true, "length":2, "embedded":true, "references":["0x1039d98e8"], "memsize":40, "flags":{"wb_protected":true}}
{"address":"0x1019582e0", "type":"ARRAY", "slot_size":40, "class":"0x1039f3540", "frozen":true, "length":2, "embedded":true, "references":["0x1039d98e8"], "memsize":40, "flags":{"wb_protected":true}}
{"address":"0x101958308", "type":"ARRAY", "slot_size":40, "class":"0x1039f3540", "frozen":true, "length":2, "embedded":true, "references":["0x1039d98e8"], "memsize":40, "flags":{"wb_protected":true}}
{"address":"0x101958330", "type":"ARRAY", "slot_size":40, "class":"0x1039f3540", "frozen":true, "length":2, "embedded":true, "references":["0x1039d98e8"], "memsize":40, "flags":{"wb_protected":true}}
{"address":"0x101958358", "type":"STRING", "slot_size":40, "class":"0x1039feda0", "frozen":true, "embedded":true, "fstring":true, "bytesize":3, "value":"irb", "encoding":"UTF-8", "memsize":40, "flags":{"wb_protected":true}}
{"address":"0x101958380", "type":"IMEMO", "slot_size":40, "imemo_type":"iseq", "references":["0x101958358", "0x1019583a8", "0x1019583a8", "0x101958308"], "memsize":544, "flags":{"wb_protected":true}}
{"address":"0x1019583a8", "type":"STRING", "slot_size":40, "class":"0x1039feda0", "frozen":true, "embedded":true, "fstring":true, "bytesize":3, "value":"irb", "encoding":"US-ASCII", "memsize":40, "flags":{"wb_protected":true}}
{"address":"0x1019583d0", "type":"IMEMO", "slot_size":40, "imemo_type":"iseq", "references":["0x101958380", "0x101958290", "0x101958290", "0x1019582b8", "0x1019583f8", "0x10195e4d8"], "memsize":576, "flags":{"wb_protected":true}}
{"address":"0x1019583f8", "type":"IMEMO", "slot_size":40, "imemo_type":"iseq", "references":["0x1019583d0", "0x101958268", "0x1039d98e8", "0x1039d98e8", "0x1019580d8"], "memsize":560, "flags":{"wb_protected":true}}
{"address":"0x101958420", "type":"DATA", "slot_size":40, "struct":"pinned_list", "references":["0x101958100", "0x1039d98e8", "0x1019582e0", "0x101958290", "0x101958150", "0x101959de8", "0x101958330", "0x1019583a8", "0x101958358", "0x1019581a0", "0x101958240", "0x1019581c8"], "memsize":232, "flags":{"wb_protected":true}}
{"address":"0x101958448", "type":"DATA", "slot_size":40, "struct":"pinned_list", "references":["0x1019583f8", "0x1019583d0", "0x101958268", "0x101958380", "0x101958218"], "memsize":96, "flags":{"wb_protected":true}}
{"address":"0x101958470", "type":"DATA", "slot_size":40, "struct":"ibf_loader", "references":["0x101958448", "0x101958420"], "memsize":120, "flags":{"wb_protected":true}}
{"address":"0x101958498", "type":"IMEMO", "slot_size":40, "class":"0x1039f2500", "imemo_type":"ment", "references":["0x101958718", "0x101958538"], "memsize":48, "flags":{"wb_protected":true}}
{"address":"0x1019584c0", "type":"IMEMO", "slot_size":40, "class":"0x8", "imemo_type":"cref", "references":["0x1039f2500", "0x101958538"], "memsize":40, "flags":{"wb_protected":true}}
{"address":"0x1019584e8", "type":"IMEMO", "slot_size":40, "class":"0x1039f2500", "imemo_type":"callcache", "references":["0x1019be950"], "memsize":40, "flags":{"wb_protected":true}}
{"address":"0x101958510", "type":"IMEMO", "slot_size":40, "class":"0x1039f2500", "imemo_type":"ment", "references":["0x101958718", "0x101958538"], "memsize":48, "flags":{"wb_protected":true}}
{"address":"0x101958538", "type":"IMEMO", "slot_size":40, "class":"0x8", "imemo_type":"cref", "references":["0x1039f25a0", "0x101958560"], "memsize":40, "flags":{"wb_protected":true}}
{"address":"0x101958560", "type":"IMEMO", "slot_size":40, "class":"0x8", "imemo_type":"cref", "references":["0x1039ffe80"], "memsize":40, "flags":{"wb_protected":true}}
{"address":"0x101958588", "type":"ARRAY", "slot_size":40, "class":"0x1039f3540", "frozen":true, "length":2, "embedded":true, "references":["0x1039d9988"], "memsize":40, "flags":{"wb_protected":true}}
{"address":"0x1019585b0", "type":"ARRAY", "slot_size":40, "class":"0x1039f3540", "frozen":true, "length":2, "embedded":true, "references":["0x1039d9988"], "memsize":40, "flags":{"wb_protected":true}}
{"address":"0x1019585d8", "type":"ARRAY", "slot_size":40, "class":"0x1039f3540", "frozen":true, "length":2, "embedded":true, "references":["0x1039d9988"], "memsize":40, "flags":{"wb_protected":true}}
{"address":"0x101958600", "type":"ARRAY", "slot_size":40, "class":"0x1039f3540", "frozen":true, "length":2, "embedded":true, "references":["0x1039d9988"], "memsize":40, "flags":{"wb_protected":true}}
{"address":"0x101958628", "type":"ARRAY", "slot_size":40, "class":"0x1039f3540", "frozen":true, "length":2, "embedded":true, "references":["0x1039d9988"], "memsize":40, "flags":{"wb_protected":true}}
{"address":"0x101958650", "type":"ARRAY", "slot_size":40, "class":"0x1039f3540", "frozen":true, "length":2, "embedded":true, "references":["0x1039d9988"], "memsize":40, "flags":{"wb_protected":true}}
{"address":"0x101958678", "type":"STRING", "slot_size":40, "class":"0x1039feda0", "frozen":true, "embedded":true, "fstring":true, "bytesize":7, "value":"restore", "encoding":"US-ASCII", "memsize":40, "flags":{"wb_protected":true}}
{"address":"0x1019586a0", "type":"IMEMO", "slot_size":40, "imemo_type":"iseq", "references":["0x10195f0b8", "0x10195f0b8", "0x101958628", "0x10195e4d8"], "memsize":536, "flags":{"wb_protected":true}}
{"address":"0x1019586c8", "type":"ARRAY", "slot_size":40, "class":"0x1039f3540", "frozen":true, "length":2, "embedded":true, "references":["0x1039d9988"], "memsize":40, "flags":{"wb_protected":true}}
{"address":"0x1019586f0", "type":"ARRAY", "slot_size":40, "class":"0x1039f3540", "frozen":true, "length":2, "embedded":true, "references":["0x1039d9988"], "memsize":40, "flags":{"wb_protected":true}}
{"address":"0x101958718", "type":"IMEMO", "slot_size":40, "imemo_type":"iseq", "references":["0x101992f80", "0x101992f80", "0x1019586c8"], "memsize":536, "flags":{"wb_protected":true}}
{"address":"0x101958740", "type":"IMEMO", "slot_size":40, "imemo_type":"iseq", "references":["0x101958718", "0x1019586a0", "0x1039d9938", "0x1039d9938", "0x1019585d8", "0x101958768"], "memsize":504, "flags":{"wb_protected":true}}
{"address":"0x101958768", "type":"IMEMO", "slot_size":40, "imemo_type":"iseq", "references":["0x101958740", "0x1039d9988", "0x1039d9988", "0x101958588"], "memsize":448, "flags":{"wb_protected":true}}
{"address":"0x101958790", "type":"DATA", "slot_size":40, "struct":"pinned_list", "references":["0x1019585b0", "0x1039d9988", "0x101958600", "0x1039d9938", "0x1019586f0", "0x101992f80", "0x101958650", "0x10195f0b8"], "memsize":200, "flags":{"wb_protected":true}}
{"address":"0x1019587b8", "type":"DATA", "slot_size":40, "struct":"pinned_list", "references":["0x101958768", "0x101958740", "0x101958718", "0x1019586a0"], "memsize":88, "flags":{"wb_protected":true}}
{"address":"0x1019587e0", "type":"DATA", "slot_size":40, "struct":"ibf_loader", "references":["0x1019587b8", "0x101958790"], "memsize":120, "flags":{"wb_protected":true}}
{"address":"0x101958808", "type":"IMEMO", "slot_size":40, "class":"0x1039ff700", "imemo_type":"ment", "references":["0x1019589c0", "0x101958880"], "memsize":48, "flags":{"wb_protected":true}}
{"address":"0x101958830", "type":"IMEMO", "slot_size":40, "class":"0x1039ff660", "imemo_type":"callcache", "references":["0x1019be770"], "memsize":40, "flags":{"wb_protected":true}}
{"address":"0x101958858", "type":"IMEMO", "slot_size":40, "class":"0x1039ff700", "imemo_type":"ment", "references":["0x101958a38", "0x101958880"], "memsize":48, "flags":{"wb_protected":true}}
{"address":"0x101958880", "type":"IMEMO", "slot_size":40, "class":"0x8", "imemo_type":"cref", "references":["0x1039ff700", "0x1019588a8"], "memsize":40, "flags":{"wb_protected":true}}
{"address":"0x1019588a8", "type":"IMEMO", "slot_size":40, "class":"0x8", "imemo_type":"cref", "references":["0x1039ffe80"], "memsize":40, "flags":{"wb_protected":true}}
{"address":"0x1019588d0", "type":"ARRAY", "slot_size":40, "class":"0x1039f3540", "frozen":true, "length":2, "embedded":true, "references":["0x1039d9a28"], "memsize":40, "flags":{"wb_protected":true}}
{"address":"0x1019588f8", "type":"ARRAY", "slot_size":40, "class":"0x1039f3540", "frozen":true, "length":2, "embedded":true, "references":["0x1039d9a28"], "memsize":40, "flags":{"wb_protected":true}}
{"address":"0x101958920", "type":"ARRAY", "slot_size":40, "class":"0x1039f3540", "frozen":true, "length":2, "embedded":true, "references":["0x1039d9a28"], "memsize":40, "flags":{"wb_protected":true}}
{"address":"0x101958948", "type":"ARRAY", "slot_size":40, "class":"0x1039f3540", "frozen":true, "length":2, "embedded":true, "references":["0x1039d9a28"], "memsize":40, "flags":{"wb_protected":true}}
{"address":"0x101958970", "type":"ARRAY", "slot_size":40, "class":"0x1039f3540", "frozen":true, "length":2, "embedded":true, "references":["0x1039d9a28"], "memsize":40, "flags":{"wb_protected":true}}
{"address":"0x101958998", "type":"ARRAY", "slot_size":40, "class":"0x1039f3540", "frozen":true, "length":2, "embedded":true, "references":["0x1039d9a28"], "memsize":40, "flags":{"wb_protected":true}}
{"address":"0x1019589c0", "type":"IMEMO", "slot_size":40, "imemo_type":"iseq", "references":["0x1019bf170", "0x1019bf170", "0x101958970"], "memsize":392, "flags":{"wb_protected":true}}
{"address":"0x1019589e8", "type":"ARRAY", "slot_size":40, "class":"0x1039f3540", "frozen":true, "length":2, "embedded":true, "references":["0x1039d9a28"], "memsize":40, "flags":{"wb_protected":true}}
{"address":"0x101958a10", "type":"ARRAY", "slot_size":40, "class":"0x1039f3540", "frozen":true, "length":2, "embedded":true, "references":["0x1039d9a28"], "memsize":40, "flags":{"wb_protected":true}}
{"address":"0x101958a38", "type":"IMEMO", "slot_size":40, "imemo_type":"iseq", "references":["0x1019bf198", "0x1019bf198", "0x1019589e8"], "memsize":384, "flags":{"wb_protected":true}}
{"address":"0x101958a60", "type":"IMEMO", "slot_size":40, "imemo_type":"iseq", "references":["0x101958a38", "0x1019589c0", "0x1039d99d8", "0x1039d99d8", "0x101958920", "0x101958a88"], "memsize":472, "flags":{"wb_protected":true}}
{"address":"0x101958a88", "type":"IMEMO", "slot_size":40, "imemo_type":"iseq", "references":["0x101958a60", "0x1039d9a28", "0x1039d9a28", "0x1019588d0"], "memsize":464, "flags":{"wb_protected":true}}
{"address":"0x101958ab0", "type":"DATA", "slot_size":40, "struct":"pinned_list", "references":["0x1019588f8", "0x1039d9a28", "0x101958948", "0x1039d99d8", "0x101958a10", "0x1019bf198", "0x101958998", "0x1019bf170"], "memsize":160, "flags":{"wb_protected":true}}
{"address":"0x101958ad8", "type":"DATA", "slot_size":40, "struct":"pinned_list", "references":["0x101958a88", "0x101958a60", "0x101958a38", "0x1019589c0"], "memsize":88, "flags":{"wb_protected":true}}
{"address":"0x101958b00", "type":"DATA", "slot_size":40, "struct":"ibf_loader", "references":["0x101958ad8", "0x101958ab0"], "memsize":120, "flags":{"wb_protected":true}}
{"address":"0x101958b28", "type":"IMEMO", "slot_size":40, "class":"0x1039f0520", "imemo_type":"callcache", "references":["0x1019be770"], "memsize":40, "flags":{"wb_protected":true}}
{"address":"0x101958b50", "type":"IMEMO", "slot_size":40, "class":"0x1039f05c0", "imemo_type":"ment", "references":["0x101958d58", "0x101958bf0"], "memsize":48, "flags":{"wb_protected":true}}
{"address":"0x101958b78", "type":"IMEMO", "slot_size":40, "class":"0x1039f0520", "imemo_type":"ment", "references":["0x101958e98", "0x101958bf0", "0x101958b78"], "memsize":48, "flags":{"wb_protected":true}}
{"address":"0x101958ba0", "type":"IMEMO", "slot_size":40, "class":"0x1039f0520", "imemo_type":"callcache", "references":["0x1019be950"], "memsize":40, "flags":{"wb_protected":true}}
{"address":"0x101958bc8", "type":"IMEMO", "slot_size":40, "class":"0x1039f0520", "imemo_type":"ment", "references":["0x101958f10", "0x101958bf0"], "memsize":48, "flags":{"wb_protected":true}}
{"address":"0x101958bf0", "type":"IMEMO", "slot_size":40, "class":"0x8", "imemo_type":"cref", "references":["0x1039f05c0", "0x101958c18"], "memsize":40, "flags":{"wb_protected":true}}
{"address":"0x101958c18", "type":"IMEMO", "slot_size":40, "class":"0x8", "imemo_type":"cref", "references":["0x1039ffe80"], "memsize":40, "flags":{"wb_protected":true}}
{"address":"0x101958c40", "type":"ARRAY", "slot_size":40, "class":"0x1039f3540", "frozen":true, "length":2, "embedded":true, "references":["0x1039d9a78"], "memsize":40, "flags":{"wb_protected":true}}
{"address":"0x101958c68", "type":"ARRAY", "slot_size":40, "class":"0x1039f3540", "frozen":true, "length":2, "embedded":true, "references":["0x1039d9a78"], "memsize":40, "flags":{"wb_protected":true}}
{"address":"0x101958c90", "type":"STRING", "slot_size":40, "class":"0x1039feda0", "frozen":true, "embedded":true, "fstring":true, "bytesize":12, "value":"<class:Time>", "memsize":40, "flags":{"wb_protected":true}}
{"address":"0x101958cb8", "type":"ARRAY", "slot_size":40, "class":"0x1039f3540", "frozen":true, "length":2, "embedded":true, "references":["0x1039d9a78"], "memsize":40, "flags":{"wb_protected":true}}
{"address":"0x101958ce0", "type":"ARRAY", "slot_size":40, "class":"0x1039f3540", "frozen":true, "length":2, "embedded":true, "references":["0x1039d9a78"], "memsize":40, "flags":{"wb_protected":true}}
{"address":"0x101958d08", "type":"ARRAY", "slot_size":40, "class":"0x1039f3540", "frozen":true, "length":2, "embedded":true, "references":["0x1039d9a78"], "memsize":40, "flags":{"wb_protected":true}}
{"address":"0x101958d30", "type":"ARRAY", "slot_size":40, "class":"0x1039f3540", "frozen":true, "length":2, "embedded":true, "references":["0x1039d9a78"], "memsize":40, "flags":{"wb_protected":true}}
{"address":"0x101958d58", "type":"IMEMO", "slot_size":40, "imemo_type":"iseq", "references":["0x103a18f20", "0x1019bf378", "0x1019bf378", "0x101958d08"], "memsize":1584, "flags":{"wb_protected":true}}
{"address":"0x101958d80", "type":"ARRAY", "slot_size":40, "class":"0x1039f3540", "frozen":true, "length":2, "embedded":true, "references":["0x1039d9a78"], "memsize":40, "flags":{"wb_protected":true}}
{"address":"0x101958da8", "type":"ARRAY", "slot_size":40, "class":"0x1039f3540", "frozen":true, "length":2, "embedded":true, "references":["0x1039d9a78"], "memsize":40, "flags":{"wb_protected":true}}
{"address":"0x101958dd0", "type":"ARRAY", "slot_size":40, "class":"0x1039f3540", "frozen":true, "length":2, "embedded":true, "references":["0x1039d9a78"], "memsize":40, "flags":{"wb_protected":true}}
{"address":"0x101958df8", "type":"ARRAY", "slot_size":40, "class":"0x1039f3540", "frozen":true, "length":2, "embedded":true, "references":["0x1039d9a78"], "memsize":40, "flags":{"wb_protected":true}}
{"address":"0x101958e20", "type":"IMEMO", "slot_size":40, "imemo_type":"iseq", "references":["0x1019b1228", "0x1019b1228", "0x101958dd0"], "memsize":408, "flags":{"wb_protected":true}}
{"address":"0x101958e48", "type":"STRING", "slot_size":40, "class":"0x1039feda0", "frozen":true, "embedded":true, "fstring":true, "bytesize":4, "value":"unit", "encoding":"US-ASCII", "memsize":40, "flags":{"wb_protected":true}}
{"address":"0x101958e70", "type":"STRING", "slot_size":40, "class":"0x1039feda0", "frozen":true, "embedded":true, "fstring":true, "bytesize":4, "value":"time", "encoding":"US-ASCII", "memsize":40, "flags":{"wb_protected":true}}
{"address":"0x101958e98", "type":"IMEMO", "slot_size":40, "imemo_type":"iseq", "references":["0x1019b1228", "0x1019b1228", "0x101958d80", "0x101958e20"], "memsize":624, "flags":{"wb_protected":true}}
{"address":"0x101958ec0", "type":"ARRAY", "slot_size":40, "class":"0x1039f3540", "frozen":true, "length":2, "embedded":true, "references":["0x1039d9a78"], "memsize":40, "flags":{"wb_protected":true}}
{"address":"0x101958ee8", "type":"ARRAY", "slot_size":40, "class":"0x1039f3540", "frozen":true, "length":2, "embedded":true, "references":["0x1039d9a78"], "memsize":40, "flags":{"wb_protected":true}}
{"address":"0x101958f10", "type":"IMEMO", "slot_size":40, "imemo_type":"iseq", "references":["0x101958f38", "0x101958f38", "0x101958ec0"], "memsize":456, "flags":{"wb_protected":true}}
{"address":"0x101958f38", "type":"STRING", "slot_size":40, "class":"0x1039feda0", "frozen":true, "embedded":true, "fstring":true, "bytesize":3, "value":"now", "encoding":"US-ASCII", "memsize":40, "flags":{"wb_protected":true}}
{"address":"0x101958f60", "type":"IMEMO", "slot_size":40, "imemo_type":"iseq", "references":["0x101958f10", "0x101958e98", "0x101958d58", "0x101958c90", "0x101958c90", "0x101958cb8", "0x101958f88"], "memsize":560, "flags":{"wb_protected":true}}
{"address":"0x101958f88", "type":"IMEMO", "slot_size":40, "imemo_type":"iseq", "references":["0x101958f60", "0x1039d9a78", "0x1039d9a78", "0x101958c40"], "memsize":464, "flags":{"wb_protected":true}}
{"address":"0x101958fb0", "type":"DATA", "slot_size":40, "struct":"pinned_list", "references":["0x101958c68", "0x1039d9a78", "0x101958ce0", "0x101958c90", "0x101958ee8", "0x101958f38", "0x101958da8", "0x1019b1228", "0x101958d30", "0x1019bf378", "0x103a18f20", "0x101958df8"], "memsize":320, "flags":{"wb_protected":true}}
{"address":"0x101958fd8", "type":"DATA", "slot_size":40, "struct":"pinned_list", "references":["0x101958f88", "0x101958f60", "0x101958f10", "0x101958e98", "0x101958d58", "0x101958e20"], "memsize":104, "flags":{"wb_protected":true}}
{"address":"0x101959000", "type":"DATA", "slot_size":40, "struct":"ibf_loader", "references":["0x101958fd8", "0x101958fb0"], "memsize":120, "flags":{"wb_protected":true}}
{"address":"0x101959028", "type":"IMEMO", "slot_size":40, "class":"0x1039ff7a0", "imemo_type":"ment", "references":["0x101959320", "0x101959168", "0x101959028"], "memsize":48, "flags":{"wb_protected":true}}
{"address":"0x101959050", "type":"IMEMO", "slot_size":40, "imemo_type":"ment", "references":["0x1039ff8e0", "0x101959320", "0x101959168"], "memsize":48, "flags":{"wb_protected":true}}
{"address":"0x101959078", "type":"IMEMO", "slot_size":40, "imemo_type":"ment", "references":["0x1039ff8e0", "0x101959398", "0x101959168"], "memsize":48, "flags":{"wb_protected":true}}
{"address":"0x1019590a0", "type":"IMEMO", "slot_size":40, "imemo_type":"ment", "references":["0x1039ff8e0", "0x101959438", "0x101959168"], "memsize":48, "flags":{"wb_protected":true}}
{"address":"0x1019590c8", "type":"IMEMO", "slot_size":40, "imemo_type":"ment", "references":["0x1039ff8e0", "0x1019594d8", "0x101959168"], "memsize":48, "flags":{"wb_protected":true}}
{"address":"0x1019590f0", "type":"IMEMO", "slot_size":40, "imemo_type":"ment", "references":["0x1039ff8e0", "0x101959578", "0x101959168"], "memsize":48, "flags":{"wb_protected":true}}
{"address":"0x101959118", "type":"IMEMO", "slot_size":40, "imemo_type":"ment", "references":["0x1039ff8e0", "0x101959618", "0x101959168"], "memsize":48, "flags":{"wb_protected":true}}
{"address":"0x101959140", "type":"IMEMO", "slot_size":40, "imemo_type":"ment", "references":["0x1039ff8e0", "0x101959690", "0x101959168"], "memsize":48, "flags":{"wb_protected":true}}
{"address":"0x101959168", "type":"IMEMO", "slot_size":40, "class":"0x8", "imemo_type":"cref", "references":["0x1039ff8e0", "0x101959190"], "memsize":40, "flags":{"wb_protected":true}}
{"address":"0x101959190", "type":"IMEMO", "slot_size":40, "class":"0x8", "imemo_type":"cref", "references":["0x1039ffe80"], "memsize":40, "flags":{"wb_protected":true}}
{"address":"0x1019591b8", "type":"ARRAY", "slot_size":40, "class":"0x1039f3540", "frozen":true, "length":2, "embedded":true, "references":["0x1039d9ac8"], "memsize":40, "flags":{"wb_protected":true}}
{"address":"0x1019591e0", "type":"ARRAY", "slot_size":40, "class":"0x1039f3540", "frozen":true, "length":2, "embedded":true, "references":["0x1039d9ac8"], "memsize":40, "flags":{"wb_protected":true}}
{"address":"0x101959208", "type":"ARRAY", "slot_size":40, "class":"0x1039f3540", "frozen":true, "length":2, "embedded":true, "references":["0x1039d9ac8"], "memsize":40, "flags":{"wb_protected":true}}
{"address":"0x101959230", "type":"ARRAY", "slot_size":40, "class":"0x1039f3540", "frozen":true, "length":2, "embedded":true, "references":["0x1039d9ac8"], "memsize":40, "flags":{"wb_protected":true}}
{"address":"0x101959258", "type":"ARRAY", "slot_size":40, "class":"0x1039f3540", "frozen":true, "length":2, "embedded":true, "references":["0x1039d9ac8"], "memsize":40, "flags":{"wb_protected":true}}
{"address":"0x101959280", "type":"ARRAY", "slot_size":40, "class":"0x1039f3540", "frozen":true, "length":2, "embedded":true, "references":["0x1039d9ac8"], "memsize":40, "flags":{"wb_protected":true}}
{"address":"0x1019592a8", "type":"ARRAY", "slot_size":40, "class":"0x1039f3540", "frozen":true, "length":2, "embedded":true, "references":["0x1039d9ac8"], "memsize":40, "flags":{"wb_protected":true}}
{"address":"0x1019592d0", "type":"ARRAY", "slot_size":40, "class":"0x1039f3540", "frozen":true, "length":2, "embedded":true, "references":["0x1039d9ac8"], "memsize":40, "flags":{"wb_protected":true}}
{"address":"0x1019592f8", "type":"IMEMO", "slot_size":40, "imemo_type":"iseq", "references":["0x1019b51e8", "0x1019b51e8", "0x1019592a8"], "memsize":408, "flags":{"wb_protected":true}}
{"address":"0x101959320", "type":"IMEMO", "slot_size":40, "imemo_type":"iseq", "references":["0x1019b51e8", "0x1019b51e8", "0x101959258", "0x1019592f8"], "memsize":464, "flags":{"wb_protected":true}}
{"address":"0x101959348", "type":"ARRAY", "slot_size":40, "class":"0x1039f3540", "frozen":true, "length":2, "embedded":true, "references":["0x1039d9ac8"], "memsize":40, "flags":{"wb_protected":true}}
{"address":"0x101959370", "type":"ARRAY", "slot_size":40, "class":"0x1039f3540", "frozen":true, "length":2, "embedded":true, "references":["0x1039d9ac8"], "memsize":40, "flags":{"wb_protected":true}}
{"address":"0x101959398", "type":"IMEMO", "slot_size":40, "imemo_type":"iseq", "references":["0x1019593c0", "0x1019593c0", "0x101959348"], "memsize":568, "flags":{"wb_protected":true}}
{"address":"0x1019593c0", "type":"STRING", "slot_size":40, "class":"0x1039feda0", "frozen":true, "embedded":true, "fstring":true, "bytesize":10, "value":"yield_self", "encoding":"US-ASCII", "memsize":40, "flags":{"wb_protected":true}}
{"address":"0x1019593e8", "type":"ARRAY", "slot_size":40, "class":"0x1039f3540", "frozen":true, "length":2, "embedded":true, "references":["0x1039d9ac8"], "memsize":40, "flags":{"wb_protected":true}}
{"address":"0x101959410", "type":"ARRAY", "slot_size":40, "class":"0x1039f3540", "frozen":true, "length":2, "embedded":true, "references":["0x1039d9ac8"], "memsize":40, "flags":{"wb_protected":true}}
{"address":"0x101959438", "type":"IMEMO", "slot_size":40, "imemo_type":"iseq", "references":["0x101959460", "0x101959460", "0x1019593e8"], "memsize":568, "flags":{"wb_protected":true}}
{"address":"0x101959460", "type":"STRING", "slot_size":40, "class":"0x1039feda0", "frozen":true, "embedded":true, "fstring":true, "bytesize":4, "value":"then", "encoding":"US-ASCII", "memsize":40, "flags":{"wb_protected":true}}
{"address":"0x101959488", "type":"ARRAY", "slot_size":40, "class":"0x1039f3540", "frozen":true, "length":2, "embedded":true, "references":["0x1039d9ac8"], "memsize":40, "flags":{"wb_protected":true}}
{"address":"0x1019594b0", "type":"ARRAY", "slot_size":40, "class":"0x1039f3540", "frozen":true, "length":2, "embedded":true, "references":["0x1039d9ac8"], "memsize":40, "flags":{"wb_protected":true}}
{"address":"0x1019594d8", "type":"IMEMO", "slot_size":40, "imemo_type":"iseq", "references":["0x101959500", "0x101959500", "0x101959488"], "memsize":464, "flags":{"wb_protected":true}}
{"address":"0x101959500", "type":"STRING", "slot_size":40, "class":"0x1039feda0", "frozen":true, "embedded":true, "fstring":true, "bytesize":3, "value":"tap", "encoding":"US-ASCII", "memsize":40, "flags":{"wb_protected":true}}
{"address":"0x101959528", "type":"ARRAY", "slot_size":40, "class":"0x1039f3540", "frozen":true, "length":2, "embedded":true, "references":["0x1039d9ac8"], "memsize":40, "flags":{"wb_protected":true}}
{"address":"0x101959550", "type":"ARRAY", "slot_size":40, "class":"0x1039f3540", "frozen":true, "length":2, "embedded":true, "references":["0x1039d9ac8"], "memsize":40, "flags":{"wb_protected":true}}
{"address":"0x101959578", "type":"IMEMO", "slot_size":40, "imemo_type":"iseq", "references":["0x1019595a0", "0x1019595a0", "0x101959528"], "memsize":400, "flags":{"wb_protected":true}}
{"address":"0x1019595a0", "type":"STRING", "slot_size":40, "class":"0x1039feda0", "frozen":true, "embedded":true, "fstring":true, "bytesize":7, "value":"frozen?", "encoding":"US-ASCII", "memsize":40, "flags":{"wb_protected":true}}
{"address":"0x1019595c8", "type":"ARRAY", "slot_size":40, "class":"0x1039f3540", "frozen":true, "length":2, "embedded":true, "references":["0x1039d9ac8"], "memsize":40, "flags":{"wb_protected":true}}
{"address":"0x1019595f0", "type":"ARRAY", "slot_size":40, "class":"0x1039f3540", "frozen":true, "length":2, "embedded":true, "references":["0x1039d9ac8"], "memsize":40, "flags":{"wb_protected":true}}
{"address":"0x101959618", "type":"IMEMO", "slot_size":40, "imemo_type":"iseq", "references":["0x1019b6278", "0x1019b6278", "0x1019595c8"], "memsize":456, "flags":{"wb_protected":true}}
{"address":"0x101959640", "type":"ARRAY", "slot_size":40, "class":"0x1039f3540", "frozen":true, "length":2, "embedded":true, "references":["0x1039d9ac8"], "memsize":40, "flags":{"wb_protected":true}}
{"address":"0x101959668", "type":"ARRAY", "slot_size":40, "class":"0x1039f3540", "frozen":true, "length":2, "embedded":true, "references":["0x1039d9ac8"], "memsize":40, "flags":{"wb_protected":true}}
{"address":"0x101959690", "type":"IMEMO", "slot_size":40, "imemo_type":"iseq", "references":["0x1019596b8", "0x1019596b8", "0x101959640"], "memsize":400, "flags":{"wb_protected":true}}
{"address":"0x1019596b8", "type":"STRING", "slot_size":40, "class":"0x1039feda0", "frozen":true, "embedded":true, "fstring":true, "bytesize":5, "value":"class", "encoding":"US-ASCII", "memsize":40, "flags":{"wb_protected":true}}
{"address":"0x1019596e0", "type":"IMEMO", "slot_size":40, "imemo_type":"iseq", "references":["0x101959690", "0x101959618", "0x101959578", "0x1019594d8", "0x101959438", "0x101959398", "0x101959320", "0x101959de8", "0x101959de8", "0x101959208", "0x101959708", "0x101959d20"], "memsize":752, "flags":{"wb_protected":true}}
{"address":"0x101959708", "type":"IMEMO", "slot_size":40, "imemo_type":"iseq", "references":["0x1019596e0", "0x1039d9ac8", "0x1039d9ac8", "0x1019591b8"], "memsize":448, "flags":{"wb_protected":true}}
{"address":"0x101959730", "type":"DATA", "slot_size":40, "struct":"pinned_list", "references":["0x1019591e0", "0x1039d9ac8", "0x101959230", "0x101959de8", "0x101959668", "0x1019596b8", "0x1019595f0", "0x1019b6278", "0x101959550", "0x1019595a0", "0x1019594b0", "0x101959500", "0x101959410", "0x101959460", "0x101959370", "0x1019593c0", "0x101959280", "0x1019b51e8", "0x1019592d0"], "memsize":320, "flags":{"wb_protected":true}}
{"address":"0x101959758", "type":"DATA", "slot_size":40, "struct":"pinned_list", "references":["0x101959708", "0x1019596e0", "0x101959690", "0x101959618", "0x101959578", "0x1019594d8", "0x101959438", "0x101959398", "0x101959320", "0x1019592f8"], "memsize":136, "flags":{"wb_protected":true}}
{"address":"0x101959780", "type":"DATA", "slot_size":40, "struct":"ibf_loader", "references":["0x101959758", "0x101959730"], "memsize":120, "flags":{"wb_protected":true}}
{"address":"0x1019597a8", "type":"IMEMO", "slot_size":40, "class":"0x1039f3540", "imemo_type":"ment", "references":["0x101959a28", "0x101959820", "0x1019597a8"], "memsize":48, "flags":{"wb_protected":true}}
{"address":"0x1019597d0", "type":"IMEMO", "slot_size":40, "class":"0x1039f3540", "imemo_type":"ment", "references":["0x101959ac8", "0x101959820"], "memsize":48, "flags":{"wb_protected":true}}
{"address":"0x1019597f8", "type":"IMEMO", "slot_size":40, "class":"0x1039f3540", "imemo_type":"ment", "references":["0x101959b68", "0x101959820"], "memsize":48, "flags":{"wb_protected":true}}
{"address":"0x101959820", "type":"IMEMO", "slot_size":40, "class":"0x8", "imemo_type":"cref", "references":["0x1039f3540", "0x101959848"], "memsize":40, "flags":{"wb_protected":true}}
{"address":"0x101959848", "type":"IMEMO", "slot_size":40, "class":"0x8", "imemo_type":"cref", "references":["0x1039ffe80"], "memsize":40, "flags":{"wb_protected":true}}
{"address":"0x101959870", "type":"ARRAY", "slot_size":40, "class":"0x1039f3540", "frozen":true, "length":2, "embedded":true, "references":["0x1039d9b18"], "memsize":40, "flags":{"wb_protected":true}}
{"address":"0x101959898", "type":"ARRAY", "slot_size":40, "class":"0x1039f3540", "frozen":true, "length":2, "embedded":true, "references":["0x1039d9b18"], "memsize":40, "flags":{"wb_protected":true}}
{"address":"0x1019598c0", "type":"ARRAY", "slot_size":40, "class":"0x1039f3540", "frozen":true, "length":2, "embedded":true, "references":["0x1039d9b18"], "memsize":40, "flags":{"wb_protected":true}}
{"address":"0x1019598e8", "type":"ARRAY", "slot_size":40, "class":"0x1039f3540", "frozen":true, "length":2, "embedded":true, "references":["0x1039d9b18"], "memsize":40, "flags":{"wb_protected":true}}
{"address":"0x101959910", "type":"ARRAY", "slot_size":40, "class":"0x1039f3540", "frozen":true, "length":2, "embedded":true, "references":["0x1039d9b18"], "memsize":40, "flags":{"wb_protected":true}}
{"address":"0x101959938", "type":"ARRAY", "slot_size":40, "class":"0x1039f3540", "frozen":true, "length":2, "embedded":true, "references":["0x1039d9b18"], "memsize":40, "flags":{"wb_protected":true}}
{"address":"0x101959960", "type":"ARRAY", "slot_size":40, "class":"0x1039f3540", "frozen":true, "length":2, "embedded":true, "references":["0x1039d9b18"], "memsize":40, "flags":{"wb_protected":true}}
{"address":"0x101959988", "type":"ARRAY", "slot_size":40, "class":"0x1039f3540", "frozen":true, "length":2, "embedded":true, "references":["0x1039d9b18"], "memsize":40, "flags":{"wb_protected":true}}
{"address":"0x1019599b0", "type":"IMEMO", "slot_size":40, "imemo_type":"iseq", "references":["0x101959a50", "0x101959a50", "0x101959960"], "memsize":408, "flags":{"wb_protected":true}}
{"address":"0x1019599d8", "type":"STRING", "slot_size":40, "class":"0x1039feda0", "frozen":true, "embedded":true, "fstring":true, "bytesize":3, "value":"ary", "encoding":"US-ASCII", "memsize":40, "flags":{"wb_protected":true}}
{"address":"0x101959a00", "type":"STRING", "slot_size":40, "class":"0x1039feda0", "frozen":true, "embedded":true, "fstring":true, "bytesize":1, "value":"n", "encoding":"US-ASCII", "memsize":40, "flags":{"wb_protected":true}}
{"address":"0x101959a28", "type":"IMEMO", "slot_size":40, "imemo_type":"iseq", "references":["0x101959a50", "0x101959a50", "0x101959910", "0x1019599b0"], "memsize":864, "flags":{"wb_protected":true}}
{"address":"0x101959a50", "type":"STRING", "slot_size":40, "class":"0x1039feda0", "frozen":true, "embedded":true, "fstring":true, "bytesize":6, "value":"sample", "encoding":"US-ASCII", "memsize":40, "flags":{"wb_protected":true}}
{"address":"0x101959a78", "type":"ARRAY", "slot_size":40, "class":"0x1039f3540", "frozen":true, "length":2, "embedded":true, "references":["0x1039d9b18"], "memsize":40, "flags":{"wb_protected":true}}
{"address":"0x101959aa0", "type":"ARRAY", "slot_size":40, "class":"0x1039f3540", "frozen":true, "length":2, "embedded":true, "references":["0x1039d9b18"], "memsize":40, "flags":{"wb_protected":true}}
{"address":"0x101959ac8", "type":"IMEMO", "slot_size":40, "imemo_type":"iseq", "references":["0x101959af0", "0x101959af0", "0x101959a78"], "memsize":648, "flags":{"wb_protected":true}}
{"address":"0x101959af0", "type":"STRING", "slot_size":40, "class":"0x1039feda0", "frozen":true, "embedded":true, "fstring":true, "bytesize":7, "value":"shuffle", "encoding":"US-ASCII", "memsize":40, "flags":{"wb_protected":true}}
{"address":"0x101959b18", "type":"ARRAY", "slot_size":40, "class":"0x1039f3540", "frozen":true, "length":2, "embedded":true, "references":["0x1039d9b18"], "memsize":40, "flags":{"wb_protected":true}}
{"address":"0x101959b40", "type":"ARRAY", "slot_size":40, "class":"0x1039f3540", "frozen":true, "length":2, "embedded":true, "references":["0x1039d9b18"], "memsize":40, "flags":{"wb_protected":true}}
{"address":"0x101959b68", "type":"IMEMO", "slot_size":40, "imemo_type":"iseq", "references":["0x101959b90", "0x101959b90", "0x101959b18"], "memsize":648, "flags":{"wb_protected":true}}
{"address":"0x101959b90", "type":"STRING", "slot_size":40, "class":"0x1039feda0", "frozen":true, "embedded":true, "fstring":true, "bytesize":8, "value":"shuffle!", "encoding":"US-ASCII", "memsize":40, "flags":{"wb_protected":true}}
{"address":"0x101959bb8", "type":"IMEMO", "slot_size":40, "imemo_type":"iseq", "references":["0x101959b68", "0x101959ac8", "0x101959a28", "0x10195a360", "0x10195a360", "0x1019598c0", "0x101959be0"], "memsize":512, "flags":{"wb_protected":true}}
{"address":"0x101959be0", "type":"IMEMO", "slot_size":40, "imemo_type":"iseq", "references":["0x101959bb8", "0x1039d9b18", "0x1039d9b18", "0x101959870"], "memsize":464, "flags":{"wb_protected":true}}
{"address":"0x101959c08", "type":"DATA", "slot_size":40, "struct":"pinned_list", "references":["0x101959898", "0x1039d9b18", "0x1019598e8", "0x10195a360", "0x101959b40", "0x101959b90", "0x101959aa0", "0x101959af0", "0x101959938", "0x101959a50", "0x101959988"], "memsize":240, "flags":{"wb_protected":true}}
{"address":"0x101959c30", "type":"DATA", "slot_size":40, "struct":"pinned_list", "references":["0x101959be0", "0x101959bb8", "0x101959b68", "0x101959ac8", "0x101959a28", "0x1019599b0"], "memsize":104, "flags":{"wb_protected":true}}
{"address":"0x101959c58", "type":"DATA", "slot_size":40, "struct":"ibf_loader", "references":["0x101959c30", "0x101959c08"], "memsize":120, "flags":{"wb_protected":true}}
{"address":"0x101959c80", "type":"IMEMO", "slot_size":40, "class":"0x1039ff7a0", "imemo_type":"callcache", "references":["0x1019be950"], "memsize":40, "flags":{"wb_protected":true}}
{"address":"0x101959ca8", "type":"IMEMO", "slot_size":40, "class":"0x1039ff7a0", "imemo_type":"ment", "references":["0x101959f00", "0x101959d48"], "memsize":48, "flags":{"wb_protected":true}}
{"address":"0x101959cd0", "type":"IMEMO", "slot_size":40, "class":"0x1039ff7a0", "imemo_type":"callcache", "references":["0x1019be770"], "memsize":40, "flags":{"wb_protected":true}}
{"address":"0x101959cf8", "type":"IMEMO", "slot_size":40, "imemo_type":"ment", "references":["0x1039ff8e0", "0x101959f00", "0x101959d48"], "memsize":48, "flags":{"wb_protected":true}}
{"address":"0x101959d20", "type":"IMEMO", "slot_size":40, "class":"0x1039ff7a0", "imemo_type":"callcache", "references":["0x1019b69a8"], "memsize":40, "flags":{"wb_protected":true}}
{"address":"0x101959d48", "type":"IMEMO", "slot_size":40, "class":"0x8", "imemo_type":"cref", "references":["0x1039ff8e0", "0x101959d70"], "memsize":40, "flags":{"wb_protected":true}}
{"address":"0x101959d70", "type":"IMEMO", "slot_size":40, "class":"0x8", "imemo_type":"cref", "references":["0x1039ffe80"], "memsize":40, "flags":{"wb_protected":true}}
{"address":"0x101959d98", "type":"ARRAY", "slot_size":40, "class":"0x1039f3540", "frozen":true, "length":2, "embedded":true, "references":["0x1039d9b68"], "memsize":40, "flags":{"wb_protected":true}}
{"address":"0x101959dc0", "type":"ARRAY", "slot_size":40, "class":"0x1039f3540", "frozen":true, "length":2, "embedded":true, "references":["0x1039d9b68"], "memsize":40, "flags":{"wb_protected":true}}
{"address":"0x101959de8", "type":"STRING", "slot_size":40, "class":"0x1039feda0", "frozen":true, "embedded":true, "fstring":true, "bytesize":15, "value":"<module:Kernel>", "memsize":40, "flags":{"wb_protected":true}}
{"address":"0x101959e10", "type":"ARRAY", "slot_size":40, "class":"0x1039f3540", "frozen":true, "length":2, "embedded":true, "references":["0x1039d9b68"], "memsize":40, "flags":{"wb_protected":true}}
{"address":"0x101959e38", "type":"ARRAY", "slot_size":40, "class":"0x1039f3540", "frozen":true, "length":2, "embedded":true, "references":["0x1039d9b68"], "memsize":40, "flags":{"wb_protected":true}}
{"address":"0x101959e60", "type":"ARRAY", "slot_size":40, "class":"0x1039f3540", "frozen":true, "length":2, "embedded":true, "references":["0x1039d9b68"], "memsize":40, "flags":{"wb_protected":true}}
{"address":"0x101959e88", "type":"ARRAY", "slot_size":40, "class":"0x1039f3540", "frozen":true, "length":2, "embedded":true, "references":["0x1039d9b68"], "memsize":40, "flags":{"wb_protected":true}}
{"address":"0x101959eb0", "type":"STRING", "slot_size":40, "class":"0x1039feda0", "frozen":true, "embedded":true, "fstring":true, "bytesize":4, "value":"msgs", "encoding":"US-ASCII", "memsize":40, "flags":{"wb_protected":true}}
{"address":"0x101959ed8", "type":"STRING", "slot_size":40, "class":"0x1039feda0", "frozen":true, "embedded":true, "fstring":true, "bytesize":7, "value":"uplevel", "encoding":"US-ASCII", "memsize":40, "flags":{"wb_protected":true}}
{"address":"0x101959f00", "type":"IMEMO", "slot_size":40, "imemo_type":"iseq", "references":["0x1019b7ba0", "0x1019b7ba0", "0x101959e60"], "memsize":480, "flags":{"wb_protected":true}}
{"address":"0x101959f28", "type":"IMEMO", "slot_size":40, "imemo_type":"iseq", "references":["0x101959f00", "0x101959de8", "0x101959de8", "0x101959e10", "0x101959f50", "0x101959d20"], "memsize":512, "flags":{"wb_protected":true}}
{"address":"0x101959f50", "type":"IMEMO", "slot_size":40, "imemo_type":"iseq", "references":["0x101959f28", "0x1039d9b68", "0x1039d9b68", "0x101959d98"], "memsize":448, "flags":{"wb_protected":true}}
{"address":"0x101959f78", "type":"DATA", "slot_size":40, "struct":"pinned_list", "references":["0x101959dc0", "0x1039d9b68", "0x101959e38", "0x101959de8", "0x101959e88", "0x1019b7ba0"], "memsize":160, "flags":{"wb_protected":true}}
{"address":"0x101959fa0", "type":"DATA", "slot_size":40, "struct":"pinned_list", "references":["0x101959f50", "0x101959f28", "0x101959f00"], "memsize":80, "flags":{"wb_protected":true}}
{"address":"0x101959fc8", "type":"DATA", "slot_size":40, "struct":"ibf_loader", "references":["0x101959fa0", "0x101959f78"], "memsize":120, "flags":{"wb_protected":true}}
{"address":"0x101959ff0", "type":"IMEMO", "slot_size":40, "class":"0x1039feda0", "imemo_type":"ment", "references":["0x10195a248", "0x10195a068"], "memsize":48, "flags":{"wb_protected":true}}
{"address":"0x10195a018", "type":"IMEMO", "slot_size":40, "class":"0x1039fed00", "imemo_type":"callcache", "references":["0x1019be770"], "memsize":40, "flags":{"wb_protected":true}}
{"address":"0x10195a040", "type":"IMEMO", "slot_size":40, "class":"0x1039feda0", "imemo_type":"ment", "references":["0x10195a2e8", "0x10195a068"], "memsize":48, "flags":{"wb_protected":true}}
{"address":"0x10195a068", "type":"IMEMO", "slot_size":40, "class":"0x8", "imemo_type":"cref", "references":["0x1039feda0", "0x10195a108"], "memsize":40, "flags":{"wb_protected":true}}
{"address":"0x10195a090", "type":"IMEMO", "slot_size":40, "class":"0x1039f34a0", "imemo_type":"callcache", "references":["0x1019be770"], "memsize":40, "flags":{"wb_protected":true}}
{"address":"0x10195a0b8", "type":"IMEMO", "slot_size":40, "class":"0x1039f3540", "imemo_type":"ment", "references":["0x10195a478", "0x10195a0e0"], "memsize":48, "flags":{"wb_protected":true}}
{"address":"0x10195a0e0", "type":"IMEMO", "slot_size":40, "class":"0x8", "imemo_type":"cref", "references":["0x1039f3540", "0x10195a108"], "memsize":40, "flags":{"wb_protected":true}}
{"address":"0x10195a108", "type":"IMEMO", "slot_size":40, "class":"0x8", "imemo_type":"cref", "references":["0x1039ffe80"], "memsize":40, "flags":{"wb_protected":true}}
{"address":"0x10195a130", "type":"ARRAY", "slot_size":40, "class":"0x1039f3540", "frozen":true, "length":2, "embedded":true, "references":["0x10195a400"], "memsize":40, "flags":{"wb_protected":true}}
{"address":"0x10195a158", "type":"ARRAY", "slot_size":40, "class":"0x1039f3540", "frozen":true, "length":2, "embedded":true, "references":["0x10195a400"], "memsize":40, "flags":{"wb_protected":true}}
{"address":"0x10195a180", "type":"STRING", "slot_size":40, "class":"0x1039feda0", "frozen":true, "embedded":true, "fstring":true, "bytesize":14, "value":"<class:String>", "memsize":40, "flags":{"wb_protected":true}}
{"address":"0x10195a1a8", "type":"ARRAY", "slot_size":40, "class":"0x1039f3540", "frozen":true, "length":2, "embedded":true, "references":["0x10195a400"], "memsize":40, "flags":{"wb_protected":true}}
{"address":"0x10195a1d0", "type":"ARRAY", "slot_size":40, "class":"0x1039f3540", "frozen":true, "length":2, "embedded":true, "references":["0x10195a400"], "memsize":40, "flags":{"wb_protected":true}}
{"address":"0x10195a1f8", "type":"ARRAY", "slot_size":40, "class":"0x1039f3540", "frozen":true, "length":2, "embedded":true, "references":["0x10195a400"], "memsize":40, "flags":{"wb_protected":true}}
{"address":"0x10195a220", "type":"ARRAY", "slot_size":40, "class":"0x1039f3540", "frozen":true, "length":2, "embedded":true, "references":["0x10195a400"], "memsize":40, "flags":{"wb_protected":true}}
{"address":"0x10195a248", "type":"IMEMO", "slot_size":40, "imemo_type":"iseq", "references":["0x10195a270", "0x10195a270", "0x10195a1f8"], "memsize":464, "flags":{"wb_protected":true}}
{"address":"0x10195a270", "type":"STRING", "slot_size":40, "class":"0x1039feda0", "frozen":true, "embedded":true, "fstring":true, "bytesize":7, "value":"unpack1", "encoding":"US-ASCII", "memsize":40, "flags":{"wb_protected":true}}
{"address":"0x10195a298", "type":"ARRAY", "slot_size":40, "class":"0x1039f3540", "frozen":true, "length":2, "embedded":true, "references":["0x10195a400"], "memsize":40, "flags":{"wb_protected":true}}
{"address":"0x10195a2c0", "type":"ARRAY", "slot_size":40, "class":"0x1039f3540", "frozen":true, "length":2, "embedded":true, "references":["0x10195a400"], "memsize":40, "flags":{"wb_protected":true}}
{"address":"0x10195a2e8", "type":"IMEMO", "slot_size":40, "imemo_type":"iseq", "references":["0x10195a310", "0x10195a310", "0x10195a298"], "memsize":464, "flags":{"wb_protected":true}}
{"address":"0x10195a310", "type":"STRING", "slot_size":40, "class":"0x1039feda0", "frozen":true, "embedded":true, "fstring":true, "bytesize":6, "value":"unpack", "encoding":"US-ASCII", "memsize":40, "flags":{"wb_protected":true}}
{"address":"0x10195a338", "type":"IMEMO", "slot_size":40, "imemo_type":"iseq", "references":["0x10195a2e8", "0x10195a248", "0x10195a180", "0x10195a180", "0x10195a1a8", "0x10195a4f0"], "memsize":472, "flags":{"wb_protected":true}}
{"address":"0x10195a360", "type":"STRING", "slot_size":40, "class":"0x1039feda0", "frozen":true, "embedded":true, "fstring":true, "bytesize":13, "value":"<class:Array>", "memsize":40, "flags":{"wb_protected":true}}
{"address":"0x10195a388", "type":"ARRAY", "slot_size":40, "class":"0x1039f3540", "frozen":true, "length":2, "embedded":true, "references":["0x10195a400"], "memsize":40, "flags":{"wb_protected":true}}
{"address":"0x10195a3b0", "type":"ARRAY", "slot_size":40, "class":"0x1039f3540", "frozen":true, "length":2, "embedded":true, "references":["0x10195a400"], "memsize":40, "flags":{"wb_protected":true}}
{"address":"0x10195a3d8", "type":"ARRAY", "slot_size":40, "class":"0x1039f3540", "frozen":true, "length":2, "embedded":true, "references":["0x10195a400"], "memsize":40, "flags":{"wb_protected":true}}
{"address":"0x10195a400", "type":"STRING", "slot_size":40, "class":"0x1039feda0", "frozen":true, "embedded":true, "fstring":true, "bytesize":15, "value":"<internal:pack>", "encoding":"US-ASCII", "memsize":40, "flags":{"wb_protected":true}}
{"address":"0x10195a428", "type":"ARRAY", "slot_size":40, "class":"0x1039f3540", "frozen":true, "length":2, "embedded":true, "references":["0x10195a400"], "memsize":40, "flags":{"wb_protected":true}}
{"address":"0x10195a450", "type":"STRING", "slot_size":40, "class":"0x1039feda0", "frozen":true, "embedded":true, "fstring":true, "bytesize":3, "value":"fmt", "encoding":"US-ASCII", "memsize":40, "flags":{"wb_protected":true}}
{"address":"0x10195a478", "type":"IMEMO", "slot_size":40, "imemo_type":"iseq", "references":["0x10195a4a0", "0x10195a4a0", "0x10195a3d8"], "memsize":464, "flags":{"wb_protected":true}}
{"address":"0x10195a4a0", "type":"STRING", "slot_size":40, "class":"0x1039feda0", "frozen":true, "embedded":true, "fstring":true, "bytesize":4, "value":"pack", "encoding":"US-ASCII", "memsize":40, "flags":{"wb_protected":true}}
{"address":"0x10195a4c8", "type":"IMEMO", "slot_size":40, "imemo_type":"iseq", "references":["0x10195a478", "0x10195a360", "0x10195a360", "0x10195a388", "0x10195a4f0"], "memsize":432, "flags":{"wb_protected":true}}
{"address":"0x10195a4f0", "type":"IMEMO", "slot_size":40, "imemo_type":"iseq", "references":["0x10195a4c8", "0x10195a338", "0x10195a400", "0x10195a400", "0x10195a130"], "memsize":576, "flags":{"wb_protected":true}}
{"address":"0x10195a518", "type":"DATA", "slot_size":40, "struct":"pinned_list", "references":["0x10195a158", "0x10195a400", "0x10195a3b0", "0x10195a360", "0x10195a1d0", "0x10195a180", "0x10195a428", "0x10195a4a0", "0x10195a2c0", "0x10195a310", "0x10195a220", "0x10195a270"], "memsize":232, "flags":{"wb_protected":true}}
{"address":"0x10195a540", "type":"DATA", "slot_size":40, "struct":"pinned_list", "references":["0x10195a4f0", "0x10195a4c8", "0x10195a338", "0x10195a478", "0x10195a2e8", "0x10195a248"], "memsize":104, "flags":{"wb_protected":true}}
{"address":"0x10195a568", "type":"DATA", "slot_size":40, "struct":"ibf_loader", "references":["0x10195a540", "0x10195a518"], "memsize":120, "flags":{"wb_protected":true}}
{"address":"0x10195a590", "type":"IMEMO", "slot_size":40, "class":"0x103a1b360", "imemo_type":"ment", "references":["0x10195aa68", "0x10195a928"], "memsize":48, "flags":{"wb_protected":true}}
{"address":"0x10195a5b8", "type":"IMEMO", "slot_size":40, "class":"0x103a1b360", "imemo_type":"ment", "references":["0x10195aae0", "0x10195a928"], "memsize":48, "flags":{"wb_protected":true}}
{"address":"0x10195a5e0", "type":"IMEMO", "slot_size":40, "class":"0x103a1b360", "imemo_type":"ment", "references":["0x10195ab80", "0x10195a928"], "memsize":48, "flags":{"wb_protected":true}}
{"address":"0x10195a608", "type":"IMEMO", "slot_size":40, "class":"0x103a1b360", "imemo_type":"ment", "references":["0x10195abf8", "0x10195a928"], "memsize":48, "flags":{"wb_protected":true}}
{"address":"0x10195a630", "type":"IMEMO", "slot_size":40, "class":"0x103a1b360", "imemo_type":"ment", "references":["0x10195ac98", "0x10195a928"], "memsize":48, "flags":{"wb_protected":true}}
{"address":"0x10195a658", "type":"IMEMO", "slot_size":40, "class":"0x103a1b360", "imemo_type":"ment", "references":["0x10195ad38", "0x10195a928"], "memsize":48, "flags":{"wb_protected":true}}
{"address":"0x10195a680", "type":"IMEMO", "slot_size":40, "class":"0x103a1b360", "imemo_type":"ment", "references":["0x10195adb0", "0x10195a928"], "memsize":48, "flags":{"wb_protected":true}}
{"address":"0x10195a6a8", "type":"IMEMO", "slot_size":40, "class":"0x103a1b360", "imemo_type":"ment", "references":["0x10195ae50", "0x10195a928"], "memsize":48, "flags":{"wb_protected":true}}
{"address":"0x10195a6d0", "type":"IMEMO", "slot_size":40, "class":"0x103a1b360", "imemo_type":"ment", "references":["0x10195aef0", "0x10195a928"], "memsize":48, "flags":{"wb_protected":true}}
{"address":"0x10195a6f8", "type":"IMEMO", "slot_size":40, "class":"0x103a1b360", "imemo_type":"ment", "references":["0x10195af90", "0x10195a928"], "memsize":48, "flags":{"wb_protected":true}}
{"address":"0x10195a720", "type":"IMEMO", "slot_size":40, "class":"0x103a1b360", "imemo_type":"ment", "references":["0x10195b008", "0x10195a928"], "memsize":48, "flags":{"wb_protected":true}}
{"address":"0x10195a748", "type":"IMEMO", "slot_size":40, "class":"0x103a1b360", "imemo_type":"ment", "references":["0x10195b080", "0x10195a928"], "memsize":48, "flags":{"wb_protected":true}}
{"address":"0x10195a770", "type":"IMEMO", "slot_size":40, "class":"0x103a1b360", "imemo_type":"ment", "references":["0x10195b0f8", "0x10195a928"], "memsize":48, "flags":{"wb_protected":true}}
{"address":"0x10195a798", "type":"IMEMO", "slot_size":40, "class":"0x103a1b360", "imemo_type":"ment", "references":["0x10195b198", "0x10195a928"], "memsize":48, "flags":{"wb_protected":true}}
{"address":"0x10195a7c0", "type":"IMEMO", "slot_size":40, "class":"0x103a1b360", "imemo_type":"ment", "references":["0x10195b210", "0x10195a928"], "memsize":48, "flags":{"wb_protected":true}}
{"address":"0x10195a7e8", "type":"IMEMO", "slot_size":40, "class":"0x103a1b360", "imemo_type":"ment", "references":["0x10195b300", "0x10195a928"], "memsize":48, "flags":{"wb_protected":true}}
{"address":"0x10195a810", "type":"IMEMO", "slot_size":40, "class":"0x103a1b2c0", "imemo_type":"ment", "references":["0x10195b378", "0x10195a928"], "memsize":48, "flags":{"wb_protected":true}}
{"address":"0x10195a838", "type":"IMEMO", "slot_size":40, "class":"0x103a1b2c0", "imemo_type":"ment", "references":["0x10195b418", "0x10195a928"], "memsize":48, "flags":{"wb_protected":true}}
{"address":"0x10195a860", "type":"IMEMO", "slot_size":40, "class":"0x103a1b2c0", "imemo_type":"ment", "references":["0x10195b4b8", "0x10195a928"], "memsize":48, "flags":{"wb_protected":true}}
{"address":"0x10195a888", "type":"IMEMO", "slot_size":40, "class":"0x103a1b2c0", "imemo_type":"callcache", "references":["0x1019be770"], "memsize":40, "flags":{"wb_protected":true}}
{"address":"0x10195a8b0", "type":"IMEMO", "slot_size":40, "class":"0x103a1b360", "imemo_type":"ment", "references":["0x10195b530", "0x10195a928"], "memsize":48, "flags":{"wb_protected":true}}
{"address":"0x10195a8d8", "type":"IMEMO", "slot_size":40, "class":"0x103a1b2c0", "imemo_type":"callcache", "references":["0x1019be950"], "memsize":40, "flags":{"wb_protected":true}}
{"address":"0x10195a900", "type":"IMEMO", "slot_size":40, "class":"0x103a1b2c0", "imemo_type":"ment", "references":["0x10195b5d0", "0x10195a928"], "memsize":48, "flags":{"wb_protected":true}}
{"address":"0x10195a928", "type":"IMEMO", "slot_size":40, "class":"0x8", "imemo_type":"cref", "references":["0x103a1b360", "0x10195a950"], "memsize":40, "flags":{"wb_protected":true}}
{"address":"0x10195a950", "type":"IMEMO", "slot_size":40, "class":"0x8", "imemo_type":"cref", "references":["0x1039ffe80"], "memsize":40, "flags":{"wb_protected":true}}
{"address":"0x10195a978", "type":"ARRAY", "slot_size":40, "class":"0x1039f3540", "frozen":true, "length":2, "embedded":true, "references":["0x1039d9ca8"], "memsize":40, "flags":{"wb_protected":true}}
{"address":"0x10195a9a0", "type":"ARRAY", "slot_size":40, "class":"0x1039f3540", "frozen":true, "length":2, "embedded":true, "references":["0x1039d9ca8"], "memsize":40, "flags":{"wb_protected":true}}
{"address":"0x10195a9c8", "type":"ARRAY", "slot_size":40, "class":"0x1039f3540", "frozen":true, "length":2, "embedded":true, "references":["0x1039d9ca8"], "memsize":40, "flags":{"wb_protected":true}}
{"address":"0x10195a9f0", "type":"ARRAY", "slot_size":40, "class":"0x1039f3540", "frozen":true, "length":2, "embedded":true, "references":["0x1039d9ca8"], "memsize":40, "flags":{"wb_protected":true}}
{"address":"0x10195aa18", "type":"ARRAY", "slot_size":40, "class":"0x1039f3540", "frozen":true, "length":2, "embedded":true, "references":["0x1039d9ca8"], "memsize":40, "flags":{"wb_protected":true}}
{"address":"0x10195aa40", "type":"ARRAY", "slot_size":40, "class":"0x1039f3540", "frozen":true, "length":2, "embedded":true, "references":["0x1039d9ca8"], "memsize":40, "flags":{"wb_protected":true}}
{"address":"0x10195aa68", "type":"IMEMO", "slot_size":40, "imemo_type":"iseq", "references":["0x1039d9c08", "0x1039d9c08", "0x10195aa18"], "memsize":400, "flags":{"wb_protected":true}}
{"address":"0x10195aa90", "type":"ARRAY", "slot_size":40, "class":"0x1039f3540", "frozen":true, "length":2, "embedded":true, "references":["0x1039d9ca8"], "memsize":40, "flags":{"wb_protected":true}}
{"address":"0x10195aab8", "type":"ARRAY", "slot_size":40, "class":"0x1039f3540", "frozen":true, "length":2, "embedded":true, "references":["0x1039d9ca8"], "memsize":40, "flags":{"wb_protected":true}}
{"address":"0x10195aae0", "type":"IMEMO", "slot_size":40, "imemo_type":"iseq", "references":["0x10195ab08", "0x10195ab08", "0x10195aa90"], "memsize":400, "flags":{"wb_protected":true}}
{"address":"0x10195ab08", "type":"STRING", "slot_size":40, "class":"0x1039feda0", "frozen":true, "embedded":true, "fstring":true, "bytesize":11, "value":"eval_script", "encoding":"US-ASCII", "memsize":40, "flags":{"wb_protected":true}}
{"address":"0x10195ab30", "type":"ARRAY", "slot_size":40, "class":"0x1039f3540", "frozen":true, "length":2, "embedded":true, "references":["0x1039d9ca8"], "memsize":40, "flags":{"wb_protected":true}}
{"address":"0x10195ab58", "type":"ARRAY", "slot_size":40, "class":"0x1039f3540", "frozen":true, "length":2, "embedded":true, "references":["0x1039d9ca8"], "memsize":40, "flags":{"wb_protected":true}}
{"address":"0x10195ab80", "type":"IMEMO", "slot_size":40, "imemo_type":"iseq", "references":["0x1039d9c58", "0x1039d9c58", "0x10195ab30"], "memsize":400, "flags":{"wb_protected":true}}
{"address":"0x10195aba8", "type":"ARRAY", "slot_size":40, "class":"0x1039f3540", "frozen":true, "length":2, "embedded":true, "references":["0x1039d9ca8"], "memsize":40, "flags":{"wb_protected":true}}
{"address":"0x10195abd0", "type":"ARRAY", "slot_size":40, "class":"0x1039f3540", "frozen":true, "length":2, "embedded":true, "references":["0x1039d9ca8"], "memsize":40, "flags":{"wb_protected":true}}
{"address":"0x10195abf8", "type":"IMEMO", "slot_size":40, "imemo_type":"iseq", "references":["0x10195ac20", "0x10195ac20", "0x10195aba8"], "memsize":400, "flags":{"wb_protected":true}}
{"address":"0x10195ac20", "type":"STRING", "slot_size":40, "class":"0x1039feda0", "frozen":true, "embedded":true, "fstring":true, "bytesize":12, "value":"return_value", "encoding":"US-ASCII", "memsize":40, "flags":{"wb_protected":true}}
{"address":"0x10195ac48", "type":"ARRAY", "slot_size":40, "class":"0x1039f3540", "frozen":true, "length":2, "embedded":true, "references":["0x1039d9ca8"], "memsize":40, "flags":{"wb_protected":true}}
{"address":"0x10195ac70", "type":"ARRAY", "slot_size":40, "class":"0x1039f3540", "frozen":true, "length":2, "embedded":true, "references":["0x1039d9ca8"], "memsize":40, "flags":{"wb_protected":true}}
{"address":"0x10195ac98", "type":"IMEMO", "slot_size":40, "imemo_type":"iseq", "references":["0x10195acc0", "0x10195acc0", "0x10195ac48"], "memsize":400, "flags":{"wb_protected":true}}
{"address":"0x10195acc0", "type":"STRING", "slot_size":40, "class":"0x1039feda0", "frozen":true, "embedded":true, "fstring":true, "bytesize":4, "value":"self", "encoding":"US-ASCII", "memsize":40, "flags":{"wb_protected":true}}
{"address":"0x10195ace8", "type":"ARRAY", "slot_size":40, "class":"0x1039f3540", "frozen":true, "length":2, "embedded":true, "references":["0x1039d9ca8"], "memsize":40, "flags":{"wb_protected":true}}
{"address":"0x10195ad10", "type":"ARRAY", "slot_size":40, "class":"0x1039f3540", "frozen":true, "length":2, "embedded":true, "references":["0x1039d9ca8"], "memsize":40, "flags":{"wb_protected":true}}
{"address":"0x10195ad38", "type":"IMEMO", "slot_size":40, "imemo_type":"iseq", "references":["0x101992a30", "0x101992a30", "0x10195ace8"], "memsize":400, "flags":{"wb_protected":true}}
{"address":"0x10195ad60", "type":"ARRAY", "slot_size":40, "class":"0x1039f3540", "frozen":true, "length":2, "embedded":true, "references":["0x1039d9ca8"], "memsize":40, "flags":{"wb_protected":true}}
{"address":"0x10195ad88", "type":"ARRAY", "slot_size":40, "class":"0x1039f3540", "frozen":true, "length":2, "embedded":true, "references":["0x1039d9ca8"], "memsize":40, "flags":{"wb_protected":true}}
{"address":"0x10195adb0", "type":"IMEMO", "slot_size":40, "imemo_type":"iseq", "references":["0x10195add8", "0x10195add8", "0x10195ad60"], "memsize":400, "flags":{"wb_protected":true}}
{"address":"0x10195add8", "type":"STRING", "slot_size":40, "class":"0x1039feda0", "frozen":true, "embedded":true, "fstring":true, "bytesize":13, "value":"defined_class", "encoding":"US-ASCII", "memsize":40, "flags":{"wb_protected":true}}
{"address":"0x10195ae00", "type":"ARRAY", "slot_size":40, "class":"0x1039f3540", "frozen":true, "length":2, "embedded":true, "references":["0x1039d9ca8"], "memsize":40, "flags":{"wb_protected":true}}
{"address":"0x10195ae28", "type":"ARRAY", "slot_size":40, "class":"0x1039f3540", "frozen":true, "length":2, "embedded":true, "references":["0x1039d9ca8"], "memsize":40, "flags":{"wb_protected":true}}
{"address":"0x10195ae50", "type":"IMEMO", "slot_size":40, "imemo_type":"iseq", "references":["0x10195ae78", "0x10195ae78", "0x10195ae00"], "memsize":400, "flags":{"wb_protected":true}}
{"address":"0x10195ae78", "type":"STRING", "slot_size":40, "class":"0x1039feda0", "frozen":true, "embedded":true, "fstring":true, "bytesize":9, "value":"callee_id", "encoding":"US-ASCII", "memsize":40, "flags":{"wb_protected":true}}
{"address":"0x10195aea0", "type":"ARRAY", "slot_size":40, "class":"0x1039f3540", "frozen":true, "length":2, "embedded":true, "references":["0x1039d9ca8"], "memsize":40, "flags":{"wb_protected":true}}
{"address":"0x10195aec8", "type":"ARRAY", "slot_size":40, "class":"0x1039f3540", "frozen":true, "length":2, "embedded":true, "references":["0x1039d9ca8"], "memsize":40, "flags":{"wb_protected":true}}
{"address":"0x10195aef0", "type":"IMEMO", "slot_size":40, "imemo_type":"iseq", "references":["0x10195af18", "0x10195af18", "0x10195aea0"], "memsize":400, "flags":{"wb_protected":true}}
{"address":"0x10195af18", "type":"STRING", "slot_size":40, "class":"0x1039feda0", "frozen":true, "embedded":true, "fstring":true, "bytesize":9, "value":"method_id", "encoding":"US-ASCII", "memsize":40, "flags":{"wb_protected":true}}
{"address":"0x10195af40", "type":"ARRAY", "slot_size":40, "class":"0x1039f3540", "frozen":true, "length":2, "embedded":true, "references":["0x1039d9ca8"], "memsize":40, "flags":{"wb_protected":true}}
{"address":"0x10195af68", "type":"ARRAY", "slot_size":40, "class":"0x1039f3540", "frozen":true, "length":2, "embedded":true, "references":["0x1039d9ca8"], "memsize":40, "flags":{"wb_protected":true}}
{"address":"0x10195af90", "type":"IMEMO", "slot_size":40, "imemo_type":"iseq", "references":["0x1019928a0", "0x1019928a0", "0x10195af40"], "memsize":400, "flags":{"wb_protected":true}}
{"address":"0x10195afb8", "type":"ARRAY", "slot_size":40, "class":"0x1039f3540", "frozen":true, "length":2, "embedded":true, "references":["0x1039d9ca8"], "memsize":40, "flags":{"wb_protected":true}}
{"address":"0x10195afe0", "type":"ARRAY", "slot_size":40, "class":"0x1039f3540", "frozen":true, "length":2, "embedded":true, "references":["0x1039d9ca8"], "memsize":40, "flags":{"wb_protected":true}}
{"address":"0x10195b008", "type":"IMEMO", "slot_size":40, "imemo_type":"iseq", "references":["0x1019b82d0", "0x1019b82d0", "0x10195afb8"], "memsize":400, "flags":{"wb_protected":true}}
{"address":"0x10195b030", "type":"ARRAY", "slot_size":40, "class":"0x1039f3540", "frozen":true, "length":2, "embedded":true, "references":["0x1039d9ca8"], "memsize":40, "flags":{"wb_protected":true}}
{"address":"0x10195b058", "type":"ARRAY", "slot_size":40, "class":"0x1039f3540", "frozen":true, "length":2, "embedded":true, "references":["0x1039d9ca8"], "memsize":40, "flags":{"wb_protected":true}}
{"address":"0x10195b080", "type":"IMEMO", "slot_size":40, "imemo_type":"iseq", "references":["0x10199ae60", "0x10199ae60", "0x10195b030"], "memsize":400, "flags":{"wb_protected":true}}
{"address":"0x10195b0a8", "type":"ARRAY", "slot_size":40, "class":"0x1039f3540", "frozen":true, "length":2, "embedded":true, "references":["0x1039d9ca8"], "memsize":40, "flags":{"wb_protected":true}}
{"address":"0x10195b0d0", "type":"ARRAY", "slot_size":40, "class":"0x1039f3540", "frozen":true, "length":2, "embedded":true, "references":["0x1039d9ca8"], "memsize":40, "flags":{"wb_protected":true}}
{"address":"0x10195b0f8", "type":"IMEMO", "slot_size":40, "imemo_type":"iseq", "references":["0x10195b120", "0x10195b120", "0x10195b0a8"], "memsize":400, "flags":{"wb_protected":true}}
{"address":"0x10195b120", "type":"STRING", "slot_size":40, "class":"0x1039feda0", "frozen":true, "embedded":true, "fstring":true, "bytesize":5, "value":"event", "encoding":"US-ASCII", "memsize":40, "flags":{"wb_protected":true}}
{"address":"0x10195b148", "type":"ARRAY", "slot_size":40, "class":"0x1039f3540", "frozen":true, "length":2, "embedded":true, "references":["0x1039d9ca8"], "memsize":40, "flags":{"wb_protected":true}}
{"address":"0x10195b170", "type":"ARRAY", "slot_size":40, "class":"0x1039f3540", "frozen":true, "length":2, "embedded":true, "references":["0x1039d9ca8"], "memsize":40, "flags":{"wb_protected":true}}
{"address":"0x10195b198", "type":"IMEMO", "slot_size":40, "imemo_type":"iseq", "references":["0x101990b40", "0x101990b40", "0x10195b148"], "memsize":400, "flags":{"wb_protected":true}}
{"address":"0x10195b1c0", "type":"ARRAY", "slot_size":40, "class":"0x1039f3540", "frozen":true, "length":2, "embedded":true, "references":["0x1039d9ca8"], "memsize":40, "flags":{"wb_protected":true}}
{"address":"0x10195b1e8", "type":"ARRAY", "slot_size":40, "class":"0x1039f3540", "frozen":true, "length":2, "embedded":true, "references":["0x1039d9ca8"], "memsize":40, "flags":{"wb_protected":true}}
{"address":"0x10195b210", "type":"IMEMO", "slot_size":40, "imemo_type":"iseq", "references":["0x101990a50", "0x101990a50", "0x10195b1c0"], "memsize":400, "flags":{"wb_protected":true}}
{"address":"0x10195b238", "type":"ARRAY", "slot_size":40, "class":"0x1039f3540", "frozen":true, "length":2, "embedded":true, "references":["0x1039d9ca8"], "memsize":40, "flags":{"wb_protected":true}}
{"address":"0x10195b260", "type":"ARRAY", "slot_size":40, "class":"0x1039f3540", "frozen":true, "length":2, "embedded":true, "references":["0x1039d9ca8"], "memsize":40, "flags":{"wb_protected":true}}
{"address":"0x10195b288", "type":"STRING", "slot_size":40, "class":"0x1039feda0", "frozen":true, "embedded":true, "fstring":true, "bytesize":13, "value":"target_thread", "encoding":"US-ASCII", "memsize":40, "flags":{"wb_protected":true}}
{"address":"0x10195b2b0", "type":"STRING", "slot_size":40, "class":"0x1039feda0", "frozen":true, "embedded":true, "fstring":true, "bytesize":11, "value":"target_line", "encoding":"US-ASCII", "memsize":40, "flags":{"wb_protected":true}}
{"address":"0x10195b2d8", "type":"STRING", "slot_size":40, "class":"0x1039feda0", "frozen":true, "embedded":true, "fstring":true, "bytesize":6, "value":"target", "encoding":"US-ASCII", "memsize":40, "flags":{"wb_protected":true}}
{"address":"0x10195b300", "type":"IMEMO", "slot_size":40, "imemo_type":"iseq", "references":["0x101990af0", "0x101990af0", "0x10195b238"], "memsize":488, "flags":{"wb_protected":true}}
{"address":"0x10195b328", "type":"ARRAY", "slot_size":40, "class":"0x1039f3540", "frozen":true, "length":2, "embedded":true, "references":["0x1039d9ca8"], "memsize":40, "flags":{"wb_protected":true}}
{"address":"0x10195b350", "type":"ARRAY", "slot_size":40, "class":"0x1039f3540", "frozen":true, "length":2, "embedded":true, "references":["0x1039d9ca8"], "memsize":40, "flags":{"wb_protected":true}}
{"address":"0x10195b378", "type":"IMEMO", "slot_size":40, "imemo_type":"iseq", "references":["0x10195b3a0", "0x10195b3a0", "0x10195b328"], "memsize":400, "flags":{"wb_protected":true}}
{"address":"0x10195b3a0", "type":"STRING", "slot_size":40, "class":"0x1039feda0", "frozen":true, "embedded":true, "fstring":true, "bytesize":13, "value":"allow_reentry", "encoding":"US-ASCII", "memsize":40, "flags":{"wb_protected":true}}
{"address":"0x10195b3c8", "type":"ARRAY", "slot_size":40, "class":"0x1039f3540", "frozen":true, "length":2, "embedded":true, "references":["0x1039d9ca8"], "memsize":40, "flags":{"wb_protected":true}}
{"address":"0x10195b3f0", "type":"ARRAY", "slot_size":40, "class":"0x1039f3540", "frozen":true, "length":2, "embedded":true, "references":["0x1039d9ca8"], "memsize":40, "flags":{"wb_protected":true}}
{"address":"0x10195b418", "type":"IMEMO", "slot_size":40, "imemo_type":"iseq", "references":["0x10195b440", "0x10195b440", "0x10195b3c8"], "memsize":408, "flags":{"wb_protected":true}}
{"address":"0x10195b440", "type":"STRING", "slot_size":40, "class":"0x1039feda0", "frozen":true, "embedded":true, "fstring":true, "bytesize":5, "value":"trace", "encoding":"US-ASCII", "memsize":40, "flags":{"wb_protected":true}}
{"address":"0x10195b468", "type":"ARRAY", "slot_size":40, "class":"0x1039f3540", "frozen":true, "length":2, "embedded":true, "references":["0x1039d9ca8"], "memsize":40, "flags":{"wb_protected":true}}
{"address":"0x10195b490", "type":"ARRAY", "slot_size":40, "class":"0x1039f3540", "frozen":true, "length":2, "embedded":true, "references":["0x1039d9ca8"], "memsize":40, "flags":{"wb_protected":true}}
{"address":"0x10195b4b8", "type":"IMEMO", "slot_size":40, "imemo_type":"iseq", "references":["0x1019984d0", "0x1019984d0", "0x10195b468"], "memsize":400, "flags":{"wb_protected":true}}
{"address":"0x10195b4e0", "type":"ARRAY", "slot_size":40, "class":"0x1039f3540", "frozen":true, "length":2, "embedded":true, "references":["0x1039d9ca8"], "memsize":40, "flags":{"wb_protected":true}}
{"address":"0x10195b508", "type":"ARRAY", "slot_size":40, "class":"0x1039f3540", "frozen":true, "length":2, "embedded":true, "references":["0x1039d9ca8"], "memsize":40, "flags":{"wb_protected":true}}
{"address":"0x10195b530", "type":"IMEMO", "slot_size":40, "imemo_type":"iseq", "references":["0x1019bf648", "0x1019bf648", "0x10195b4e0"], "memsize":400, "flags":{"wb_protected":true}}
{"address":"0x10195b558", "type":"ARRAY", "slot_size":40, "class":"0x1039f3540", "frozen":true, "length":2, "embedded":true, "references":["0x1039d9ca8"], "memsize":40, "flags":{"wb_protected":true}}
{"address":"0x10195b580", "type":"ARRAY", "slot_size":40, "class":"0x1039f3540", "frozen":true, "length":2, "embedded":true, "references":["0x1039d9ca8"], "memsize":40, "flags":{"wb_protected":true}}
{"address":"0x10195b5a8", "type":"STRING", "slot_size":40, "class":"0x1039feda0", "frozen":true, "embedded":true, "fstring":true, "bytesize":6, "value":"events", "encoding":"US-ASCII", "memsize":40, "flags":{"wb_protected":true}}
{"address":"0x10195b5d0", "type":"IMEMO", "slot_size":40, "imemo_type":"iseq", "references":["0x1019bdc08", "0x1019bdc08", "0x10195b558"], "memsize":408, "flags":{"wb_protected":true}}
{"address":"0x10195b5f8", "type":"IMEMO", "slot_size":40, "imemo_type":"iseq", "references":["0x10195b5d0", "0x10195b530", "0x10195b4b8", "0x10195b418", "0x10195b378", "0x10195b300", "0x10195b210", "0x10195b198", "0x10195b0f8", "0x10195b080", "0x10195b008", "0x10195af90", "0x10195aef0", "0x10195ae50", "0x10195adb0", "0x10195ad38", "0x10195ac98", "0x10195abf8", "0x10195ab80", "0x10195aae0", "0x10195aa68", "0x1039d9bb8", "0x1039d9bb8", "0x10195a9c8", "0x10195b620"], "memsize":1328, "flags":{"wb_protected":true}}
{"address":"0x10195b620", "type":"IMEMO", "slot_size":40, "imemo_type":"iseq", "references":["0x10195b5f8", "0x1039d9ca8", "0x1039d9ca8", "0x10195a978"], "memsize":464, "flags":{"wb_protected":true}}
{"address":"0x10195b648", "type":"DATA", "slot_size":40, "struct":"pinned_list", "references":["0x10195a9a0", "0x1039d9ca8", "0x10195a9f0", "0x1039d9bb8", "0x10195b580", "0x1019bdc08", "0x10195b508", "0x1019bf648", "0x10195b490", "0x1019984d0", "0x10195b3f0", "0x10195b440", "0x10195b350", "0x10195b3a0", "0x10195b260", "0x101990af0", "0x10195b1e8", "0x101990a50", "0x10195b170", "0x101990b40", "0x10195b0d0", "0x10195b120", "0x10195b058", "0x10199ae60", "0x10195afe0", "0x1019b82d0", "0x10195af68", "0x1019928a0", "0x10195aec8", "0x10195af18", "0x10195ae28", "0x10195ae78", "0x10195ad88", "0x10195add8", "0x10195ad10", "0x101992a30", "0x10195ac70", "0x10195acc0", "0x10195abd0", "0x10195ac20", "0x10195ab58", "0x1039d9c58", "0x10195aab8", "0x10195ab08", "0x10195aa40", "0x1039d9c08"], "memsize":640, "flags":{"wb_protected":true}}
{"address":"0x10195b670", "type":"DATA", "slot_size":40, "struct":"pinned_list", "references":["0x10195b620", "0x10195b5f8", "0x10195b5d0", "0x10195b530", "0x10195b4b8", "0x10195b418", "0x10195b378", "0x10195b300", "0x10195b210", "0x10195b198", "0x10195b0f8", "0x10195b080", "0x10195b008", "0x10195af90", "0x10195aef0", "0x10195ae50", "0x10195adb0", "0x10195ad38", "0x10195ac98", "0x10195abf8", "0x10195ab80", "0x10195aae0", "0x10195aa68"], "memsize":240, "flags":{"wb_protected":true}}
{"address":"0x10195b698", "type":"DATA", "slot_size":40, "struct":"ibf_loader", "references":["0x10195b670", "0x10195b648"], "memsize":120, "flags":{"wb_protected":true}}
{"address":"0x10195b6c0", "type":"IMEMO", "slot_size":40, "class":"0x103a1b180", "imemo_type":"ment", "references":["0x10195bb20", "0x10195b878"], "memsize":48, "flags":{"wb_protected":true}}
{"address":"0x10195b6e8", "type":"IMEMO", "slot_size":40, "class":"0x103a1b180", "imemo_type":"ment", "references":["0x10195bb98", "0x10195b878"], "memsize":48, "flags":{"wb_protected":true}}
{"address":"0x10195b710", "type":"IMEMO", "slot_size":40, "class":"0x103a1b180", "imemo_type":"ment", "references":["0x10195bc10", "0x10195b878"], "memsize":48, "flags":{"wb_protected":true}}
{"address":"0x10195b738", "type":"IMEMO", "slot_size":40, "class":"0x103a1b180", "imemo_type":"ment", "references":["0x10195bcb0", "0x10195b878"], "memsize":48, "flags":{"wb_protected":true}}
{"address":"0x10195b760", "type":"IMEMO", "slot_size":40, "class":"0x103a1b180", "imemo_type":"ment", "references":["0x10195bd28", "0x10195b878"], "memsize":48, "flags":{"wb_protected":true}}
{"address":"0x10195b788", "type":"IMEMO", "slot_size":40, "class":"0x103a1b180", "imemo_type":"ment", "references":["0x10195bda0", "0x10195b878"], "memsize":48, "flags":{"wb_protected":true}}
{"address":"0x10195b7b0", "type":"IMEMO", "slot_size":40, "class":"0x103a1b180", "imemo_type":"ment", "references":["0x10195be40", "0x10195b878"], "memsize":48, "flags":{"wb_protected":true}}
{"address":"0x10195b7d8", "type":"IMEMO", "slot_size":40, "class":"0x103a1b180", "imemo_type":"ment", "references":["0x10195bee0", "0x10195b878"], "memsize":48, "flags":{"wb_protected":true}}
{"address":"0x10195b800", "type":"IMEMO", "slot_size":40, "class":"0x103a1b180", "imemo_type":"ment", "references":["0x10195bf80", "0x10195b878"], "memsize":48, "flags":{"wb_protected":true}}
{"address":"0x10195b828", "type":"IMEMO", "slot_size":40, "class":"0x103a1b0e0", "imemo_type":"callcache", "references":["0x1019be770"], "memsize":40, "flags":{"wb_protected":true}}
{"address":"0x10195b850", "type":"IMEMO", "slot_size":40, "class":"0x103a1b180", "imemo_type":"ment", "references":["0x10195bff8", "0x10195b878"], "memsize":48, "flags":{"wb_protected":true}}
{"address":"0x10195b878", "type":"IMEMO", "slot_size":40, "class":"0x8", "imemo_type":"cref", "references":["0x103a1b180", "0x10195b940"], "memsize":40, "flags":{"wb_protected":true}}
{"address":"0x10195b8a0", "type":"IMEMO", "slot_size":40, "class":"0x103a19060", "imemo_type":"ment", "references":["0x10195c0e8", "0x10195b940"], "memsize":48, "flags":{"wb_protected":true}}
{"address":"0x10195b8c8", "type":"IMEMO", "slot_size":40, "class":"0x103a19060", "imemo_type":"ment", "references":["0x10195c188", "0x10195b940"], "memsize":48, "flags":{"wb_protected":true}}
{"address":"0x10195b8f0", "type":"IMEMO", "slot_size":40, "class":"0x103a19060", "imemo_type":"callcache", "references":["0x1019be950"], "memsize":40, "flags":{"wb_protected":true}}
{"address":"0x10195b918", "type":"IMEMO", "slot_size":40, "class":"0x103a19060", "imemo_type":"ment", "references":["0x10195c250", "0x10195b940"], "memsize":48, "flags":{"wb_protected":true}}
{"address":"0x10195b940", "type":"IMEMO", "slot_size":40, "class":"0x8", "imemo_type":"cref", "references":["0x103a1b220", "0x10195b990"], "memsize":40, "flags":{"wb_protected":true}}
{"address":"0x10195b968", "type":"IMEMO", "slot_size":40, "class":"0x103a1d5c0", "imemo_type":"constcache", "memsize":40, "flags":{"wb_protected":true}}
{"address":"0x10195b990", "type":"IMEMO", "slot_size":40, "class":"0x8", "imemo_type":"cref", "references":["0x1039ffe80"], "memsize":40, "flags":{"wb_protected":true}}
{"address":"0x10195b9b8", "type":"ARRAY", "slot_size":40, "class":"0x1039f3540", "frozen":true, "length":2, "embedded":true, "references":["0x10195c200"], "memsize":40, "flags":{"wb_protected":true}}
{"address":"0x10195b9e0", "type":"ARRAY", "slot_size":40, "class":"0x1039f3540", "frozen":true, "length":2, "embedded":true, "references":["0x10195c200"], "memsize":40, "flags":{"wb_protected":true}}
{"address":"0x10195ba08", "type":"ARRAY", "slot_size":40, "class":"0x1039f3540", "frozen":true, "length":2, "embedded":true, "references":["0x10195c200"], "memsize":40, "flags":{"wb_protected":true}}
{"address":"0x10195ba30", "type":"ARRAY", "slot_size":40, "class":"0x1039f3540", "frozen":true, "length":2, "embedded":true, "references":["0x10195c200"], "memsize":40, "flags":{"wb_protected":true}}
{"address":"0x10195ba58", "type":"STRING", "slot_size":40, "class":"0x1039feda0", "frozen":true, "embedded":true, "fstring":true, "bytesize":12, "value":"<class:Node>", "memsize":40, "flags":{"wb_protected":true}}
{"address":"0x10195ba80", "type":"ARRAY", "slot_size":40, "class":"0x1039f3540", "frozen":true, "length":2, "embedded":true, "references":["0x10195c200"], "memsize":40, "flags":{"wb_protected":true}}
{"address":"0x10195baa8", "type":"ARRAY", "slot_size":40, "class":"0x1039f3540", "frozen":true, "length":2, "embedded":true, "references":["0x10195c200"], "memsize":40, "flags":{"wb_protected":true}}
{"address":"0x10195bad0", "type":"ARRAY", "slot_size":40, "class":"0x1039f3540", "frozen":true, "length":2, "embedded":true, "references":["0x10195c200"], "memsize":40, "flags":{"wb_protected":true}}
{"address":"0x10195baf8", "type":"ARRAY", "slot_size":40, "class":"0x1039f3540", "frozen":true, "length":2, "embedded":true, "references":["0x10195c200"], "memsize":40, "flags":{"wb_protected":true}}
{"address":"0x10195bb20", "type":"IMEMO", "slot_size":40, "imemo_type":"iseq", "references":["0x10199dbd8", "0x10199dbd8", "0x10195bad0"], "memsize":1872, "flags":{"wb_protected":true}}
{"address":"0x10195bb48", "type":"ARRAY", "slot_size":40, "class":"0x1039f3540", "frozen":true, "length":2, "embedded":true, "references":["0x10195c200"], "memsize":40, "flags":{"wb_protected":true}}
{"address":"0x10195bb70", "type":"ARRAY", "slot_size":40, "class":"0x1039f3540", "frozen":true, "length":2, "embedded":true, "references":["0x10195c200"], "memsize":40, "flags":{"wb_protected":true}}
{"address":"0x10195bb98", "type":"IMEMO", "slot_size":40, "imemo_type":"iseq", "references":["0x10197b420", "0x10197b420", "0x10195bb48"], "memsize":400, "flags":{"wb_protected":true}}
{"address":"0x10195bbc0", "type":"ARRAY", "slot_size":40, "class":"0x1039f3540", "frozen":true, "length":2, "embedded":true, "references":["0x10195c200"], "memsize":40, "flags":{"wb_protected":true}}
{"address":"0x10195bbe8", "type":"ARRAY", "slot_size":40, "class":"0x1039f3540", "frozen":true, "length":2, "embedded":true, "references":["0x10195c200"], "memsize":40, "flags":{"wb_protected":true}}
{"address":"0x10195bc10", "type":"IMEMO", "slot_size":40, "imemo_type":"iseq", "references":["0x10195bc38", "0x10195bc38", "0x10195bbc0"], "memsize":400, "flags":{"wb_protected":true}}
{"address":"0x10195bc38", "type":"STRING", "slot_size":40, "class":"0x1039feda0", "frozen":true, "embedded":true, "fstring":true, "bytesize":7, "value":"node_id", "encoding":"US-ASCII", "memsize":40, "flags":{"wb_protected":true}}
{"address":"0x10195bc60", "type":"ARRAY", "slot_size":40, "class":"0x1039f3540", "frozen":true, "length":2, "embedded":true, "references":["0x10195c200"], "memsize":40, "flags":{"wb_protected":true}}
{"address":"0x10195bc88", "type":"ARRAY", "slot_size":40, "class":"0x1039f3540", "frozen":true, "length":2, "embedded":true, "references":["0x10195c200"], "memsize":40, "flags":{"wb_protected":true}}
{"address":"0x10195bcb0", "type":"IMEMO", "slot_size":40, "imemo_type":"iseq", "references":["0x1019bf648", "0x1019bf648", "0x10195bc60"], "memsize":400, "flags":{"wb_protected":true}}
{"address":"0x10195bcd8", "type":"ARRAY", "slot_size":40, "class":"0x1039f3540", "frozen":true, "length":2, "embedded":true, "references":["0x10195c200"], "memsize":40, "flags":{"wb_protected":true}}
{"address":"0x10195bd00", "type":"ARRAY", "slot_size":40, "class":"0x1039f3540", "frozen":true, "length":2, "embedded":true, "references":["0x10195c200"], "memsize":40, "flags":{"wb_protected":true}}
{"address":"0x10195bd28", "type":"IMEMO", "slot_size":40, "imemo_type":"iseq", "references":["0x1019958e8", "0x1019958e8", "0x10195bcd8"], "memsize":400, "flags":{"wb_protected":true}}
{"address":"0x10195bd50", "type":"ARRAY", "slot_size":40, "class":"0x1039f3540", "frozen":true, "length":2, "embedded":true, "references":["0x10195c200"], "memsize":40, "flags":{"wb_protected":true}}
{"address":"0x10195bd78", "type":"ARRAY", "slot_size":40, "class":"0x1039f3540", "frozen":true, "length":2, "embedded":true, "references":["0x10195c200"], "memsize":40, "flags":{"wb_protected":true}}
{"address":"0x10195bda0", "type":"IMEMO", "slot_size":40, "imemo_type":"iseq", "references":["0x10195bdc8", "0x10195bdc8", "0x10195bd50"], "memsize":400, "flags":{"wb_protected":true}}
{"address":"0x10195bdc8", "type":"STRING", "slot_size":40, "class":"0x1039feda0", "frozen":true, "embedded":true, "fstring":true, "bytesize":11, "value":"last_column", "encoding":"US-ASCII", "memsize":40, "flags":{"wb_protected":true}}
{"address":"0x10195bdf0", "type":"ARRAY", "slot_size":40, "class":"0x1039f3540", "frozen":true, "length":2, "embedded":true, "references":["0x10195c200"], "memsize":40, "flags":{"wb_protected":true}}
{"address":"0x10195be18", "type":"ARRAY", "slot_size":40, "class":"0x1039f3540", "frozen":true, "length":2, "embedded":true, "references":["0x10195c200"], "memsize":40, "flags":{"wb_protected":true}}
{"address":"0x10195be40", "type":"IMEMO", "slot_size":40, "imemo_type":"iseq", "references":["0x10195be68", "0x10195be68", "0x10195bdf0"], "memsize":400, "flags":{"wb_protected":true}}
{"address":"0x10195be68", "type":"STRING", "slot_size":40, "class":"0x1039feda0", "frozen":true, "embedded":true, "fstring":true, "bytesize":11, "value":"last_lineno", "encoding":"US-ASCII", "memsize":40, "flags":{"wb_protected":true}}
{"address":"0x10195be90", "type":"ARRAY", "slot_size":40, "class":"0x1039f3540", "frozen":true, "length":2, "embedded":true, "references":["0x10195c200"], "memsize":40, "flags":{"wb_protected":true}}
{"address":"0x10195beb8", "type":"ARRAY", "slot_size":40, "class":"0x1039f3540", "frozen":true, "length":2, "embedded":true, "references":["0x10195c200"], "memsize":40, "flags":{"wb_protected":true}}
{"address":"0x10195bee0", "type":"IMEMO", "slot_size":40, "imemo_type":"iseq", "references":["0x10195bf08", "0x10195bf08", "0x10195be90"], "memsize":400, "flags":{"wb_protected":true}}
{"address":"0x10195bf08", "type":"STRING", "slot_size":40, "class":"0x1039feda0", "frozen":true, "embedded":true, "fstring":true, "bytesize":12, "value":"first_column", "encoding":"US-ASCII", "memsize":40, "flags":{"wb_protected":true}}
{"address":"0x10195bf30", "type":"ARRAY", "slot_size":40, "class":"0x1039f3540", "frozen":true, "length":2, "embedded":true, "references":["0x10195c200"], "memsize":40, "flags":{"wb_protected":true}}
{"address":"0x10195bf58", "type":"ARRAY", "slot_size":40, "class":"0x1039f3540", "frozen":true, "length":2, "embedded":true, "references":["0x10195c200"], "memsize":40, "flags":{"wb_protected":true}}
{"address":"0x10195bf80", "type":"IMEMO", "slot_size":40, "imemo_type":"iseq", "references":["0x10197b6c8", "0x10197b6c8", "0x10195bf30"], "memsize":400, "flags":{"wb_protected":true}}
{"address":"0x10195bfa8", "type":"ARRAY", "slot_size":40, "class":"0x1039f3540", "frozen":true, "length":2, "embedded":true, "references":["0x10195c200"], "memsize":40, "flags":{"wb_protected":true}}
{"address":"0x10195bfd0", "type":"ARRAY", "slot_size":40, "class":"0x1039f3540", "frozen":true, "length":2, "embedded":true, "references":["0x10195c200"], "memsize":40, "flags":{"wb_protected":true}}
{"address":"0x10195bff8", "type":"IMEMO", "slot_size":40, "imemo_type":"iseq", "references":["0x10195c020", "0x10195c020", "0x10195bfa8"], "memsize":400, "flags":{"wb_protected":true}}
{"address":"0x10195c020", "type":"STRING", "slot_size":40, "class":"0x1039feda0", "frozen":true, "embedded":true, "fstring":true, "bytesize":4, "value":"type", "encoding":"US-ASCII", "memsize":40, "flags":{"wb_protected":true}}
{"address":"0x10195c048", "type":"IMEMO", "slot_size":40, "imemo_type":"iseq", "references":["0x10195bff8", "0x10195bf80", "0x10195bee0", "0x10195be40", "0x10195bda0", "0x10195bd28", "0x10195bcb0", "0x10195bc10", "0x10195bb98", "0x10195bb20", "0x10195ba58", "0x10195ba58", "0x10195ba80", "0x10195c2a0"], "memsize":792, "flags":{"wb_protected":true}}
{"address":"0x10195c070", "type":"ARRAY", "slot_size":40, "class":"0x1039f3540", "frozen":true, "length":2, "embedded":true, "references":["0x10195c200"], "memsize":40, "flags":{"wb_protected":true}}
{"address":"0x10195c098", "type":"ARRAY", "slot_size":40, "class":"0x1039f3540", "frozen":true, "length":2, "embedded":true, "references":["0x10195c200"], "memsize":40, "flags":{"wb_protected":true}}
{"address":"0x10195c0c0", "type":"STRING", "slot_size":40, "class":"0x1039feda0", "frozen":true, "embedded":true, "fstring":true, "bytesize":4, "value":"body", "encoding":"US-ASCII", "memsize":40, "flags":{"wb_protected":true}}
{"address":"0x10195c0e8", "type":"IMEMO", "slot_size":40, "imemo_type":"iseq", "references":["0x10197b470", "0x10197b470", "0x10195c070"], "memsize":464, "flags":{"wb_protected":true}}
{"address":"0x10195c110", "type":"ARRAY", "slot_size":40, "class":"0x1039f3540", "frozen":true, "length":2, "embedded":true, "references":["0x10195c200"], "memsize":40, "flags":{"wb_protected":true}}
{"address":"0x10195c138", "type":"ARRAY", "slot_size":40, "class":"0x1039f3540", "frozen":true, "length":2, "embedded":true, "references":["0x10195c200"], "memsize":40, "flags":{"wb_protected":true}}
{"address":"0x10195c160", "type":"STRING", "slot_size":40, "class":"0x1039feda0", "frozen":true, "embedded":true, "fstring":true, "bytesize":8, "value":"pathname", "encoding":"US-ASCII", "memsize":40, "flags":{"wb_protected":true}}
{"address":"0x10195c188", "type":"IMEMO", "slot_size":40, "imemo_type":"iseq", "references":["0x10195c1b0", "0x10195c1b0", "0x10195c110"], "memsize":464, "flags":{"wb_protected":true}}
{"address":"0x10195c1b0", "type":"STRING", "slot_size":40, "class":"0x1039feda0", "frozen":true, "embedded":true, "fstring":true, "bytesize":10, "value":"parse_file", "encoding":"US-ASCII", "memsize":40, "flags":{"wb_protected":true}}
{"address":"0x10195c1d8", "type":"ARRAY", "slot_size":40, "class":"0x1039f3540", "frozen":true, "length":2, "embedded":true, "references":["0x10195c200"], "memsize":40, "flags":{"wb_protected":true}}
{"address":"0x10195c200", "type":"STRING", "slot_size":40, "class":"0x1039feda0", "frozen":true, "embedded":true, "fstring":true, "bytesize":14, "value":"<internal:ast>", "encoding":"US-ASCII", "memsize":40, "flags":{"wb_protected":true}}
{"address":"0x10195c228", "type":"ARRAY", "slot_size":40, "class":"0x1039f3540", "frozen":true, "length":2, "embedded":true, "references":["0x10195c200"], "memsize":40, "flags":{"wb_protected":true}}
{"address":"0x10195c250", "type":"IMEMO", "slot_size":40, "imemo_type":"iseq", "references":["0x10195c278", "0x10195c278", "0x10195c1d8"], "memsize":464, "flags":{"wb_protected":true}}
{"address":"0x10195c278", "type":"STRING", "slot_size":40, "class":"0x1039feda0", "frozen":true, "embedded":true, "fstring":true, "bytesize":5, "value":"parse", "encoding":"US-ASCII", "memsize":40, "flags":{"wb_protected":true}}
{"address":"0x10195c2a0", "type":"IMEMO", "slot_size":40, "imemo_type":"iseq", "references":["0x10195c250", "0x10195c188", "0x10195c0e8", "0x10195c048", "0x1039d9cf8", "0x1039d9cf8", "0x10195ba08", "0x10195c2c8"], "memsize":656, "flags":{"wb_protected":true}}
{"address":"0x10195c2c8", "type":"IMEMO", "slot_size":40, "imemo_type":"iseq", "references":["0x10195b968", "0x10195b968", "0x10195c2a0", "0x10195c200", "0x10195c200", "0x10195b9b8"], "memsize":536, "flags":{"wb_protected":true}}
{"address":"0x10195c2f0", "type":"DATA", "slot_size":40, "struct":"pinned_list", "references":["0x10195b9e0", "0x10195c200", "0x10195ba30", "0x1039d9cf8", "0x10195c228", "0x10195c278", "0x10195c138", "0x10195c1b0", "0x10195c098", "0x10197b470", "0x10195baa8", "0x10195ba58", "0x10195bfd0", "0x10195c020", "0x10195bf58", "0x10197b6c8", "0x10195beb8", "0x10195bf08", "0x10195be18", "0x10195be68", "0x10195bd78", "0x10195bdc8", "0x10195bd00", "0x1019958e8", "0x10195bc88", "0x1019bf648", "0x10195bbe8", "0x10195bc38", "0x10195bb70", "0x10197b420", "0x10195baf8", "0x10199dbd8"], "memsize":544, "flags":{"wb_protected":true}}
{"address":"0x10195c318", "type":"DATA", "slot_size":40, "struct":"pinned_list", "references":["0x10195c2c8", "0x10195c2a0", "0x10195c250", "0x10195c188", "0x10195c0e8", "0x10195c048", "0x10195bff8", "0x10195bf80", "0x10195bee0", "0x10195be40", "0x10195bda0", "0x10195bd28", "0x10195bcb0", "0x10195bc10", "0x10195bb98", "0x10195bb20"], "memsize":184, "flags":{"wb_protected":true}}
{"address":"0x10195c340", "type":"DATA", "slot_size":40, "struct":"ibf_loader", "references":["0x10195c318", "0x10195c2f0"], "memsize":120, "flags":{"wb_protected":true}}
{"address":"0x10195c368", "type":"IMEMO", "slot_size":40, "class":"0x1039f0700", "imemo_type":"ment", "references":["0x10195c610", "0x10195c458"], "memsize":48, "flags":{"wb_protected":true}}
{"address":"0x10195c390", "type":"IMEMO", "slot_size":40, "class":"0x1039f0700", "imemo_type":"ment", "references":["0x10195c6d8", "0x10195c458"], "memsize":48, "flags":{"wb_protected":true}}
{"address":"0x10195c3b8", "type":"IMEMO", "slot_size":40, "class":"0x1039f0700", "imemo_type":"callcache", "references":["0x1019be770"], "memsize":40, "flags":{"wb_protected":true}}
{"address":"0x10195c3e0", "type":"IMEMO", "slot_size":40, "class":"0x1039f07a0", "imemo_type":"ment", "references":["0x10195c750", "0x10195c458"], "memsize":48, "flags":{"wb_protected":true}}
{"address":"0x10195c408", "type":"IMEMO", "slot_size":40, "class":"0x1039f0700", "imemo_type":"callcache", "references":["0x1019be950"], "memsize":40, "flags":{"wb_protected":true}}
{"address":"0x10195c430", "type":"IMEMO", "slot_size":40, "class":"0x1039f0700", "imemo_type":"ment", "references":["0x10195c8b8", "0x10195c458"], "memsize":48, "flags":{"wb_protected":true}}
{"address":"0x10195c458", "type":"IMEMO", "slot_size":40, "class":"0x8", "imemo_type":"cref", "references":["0x1039f07a0", "0x10195c480"], "memsize":40, "flags":{"wb_protected":true}}
{"address":"0x10195c480", "type":"IMEMO", "slot_size":40, "class":"0x8", "imemo_type":"cref", "references":["0x1039ffe80"], "memsize":40, "flags":{"wb_protected":true}}
{"address":"0x10195c4a8", "type":"ARRAY", "slot_size":40, "class":"0x1039f3540", "frozen":true, "length":2, "embedded":true, "references":["0x10195c818"], "memsize":40, "flags":{"wb_protected":true}}
{"address":"0x10195c4d0", "type":"ARRAY", "slot_size":40, "class":"0x1039f3540", "frozen":true, "length":2, "embedded":true, "references":["0x10195c818"], "memsize":40, "flags":{"wb_protected":true}}
{"address":"0x10195c4f8", "type":"STRING", "slot_size":40, "class":"0x1039feda0", "frozen":true, "embedded":true, "fstring":true, "bytesize":11, "value":"<class:Dir>", "memsize":40, "flags":{"wb_protected":true}}
{"address":"0x10195c520", "type":"ARRAY", "slot_size":40, "class":"0x1039f3540", "frozen":true, "length":2, "embedded":true, "references":["0x10195c818"], "memsize":40, "flags":{"wb_protected":true}}
{"address":"0x10195c548", "type":"ARRAY", "slot_size":40, "class":"0x1039f3540", "frozen":true, "length":2, "embedded":true, "references":["0x10195c818"], "memsize":40, "flags":{"wb_protected":true}}
{"address":"0x10195c570", "type":"ARRAY", "slot_size":40, "class":"0x1039f3540", "frozen":true, "length":2, "embedded":true, "references":["0x10195c818"], "memsize":40, "flags":{"wb_protected":true}}
{"address":"0x10195c598", "type":"ARRAY", "slot_size":40, "class":"0x1039f3540", "frozen":true, "length":2, "embedded":true, "references":["0x10195c818"], "memsize":40, "flags":{"wb_protected":true}}
{"address":"0x10195c5c0", "type":"STRING", "slot_size":40, "class":"0x1039feda0", "frozen":true, "embedded":true, "fstring":true, "bytesize":6, "value":"_flags", "encoding":"US-ASCII", "memsize":40, "flags":{"wb_protected":true}}
{"address":"0x10195c5e8", "type":"STRING", "slot_size":40, "class":"0x1039feda0", "frozen":true, "embedded":true, "fstring":true, "bytesize":7, "value":"pattern", "encoding":"US-ASCII", "memsize":40, "flags":{"wb_protected":true}}
{"address":"0x10195c610", "type":"IMEMO", "slot_size":40, "imemo_type":"iseq", "references":["0x10195c638", "0x10195c638", "0x10195c570"], "memsize":808, "flags":{"wb_protected":true}}
{"address":"0x10195c638", "type":"STRING", "slot_size":40, "class":"0x1039feda0", "frozen":true, "embedded":true, "fstring":true, "bytesize":4, "value":"glob", "encoding":"US-ASCII", "memsize":40, "flags":{"wb_protected":true}}
{"address":"0x10195c660", "type":"ARRAY", "slot_size":40, "class":"0x1039f3540", "frozen":true, "length":2, "embedded":true, "references":["0x10195c818"], "memsize":40, "flags":{"wb_protected":true}}
{"address":"0x10195c688", "type":"ARRAY", "slot_size":40, "class":"0x1039f3540", "frozen":true, "length":2, "embedded":true, "references":["0x10195c818"], "memsize":40, "flags":{"wb_protected":true}}
{"address":"0x10195c6b0", "type":"STRING", "slot_size":40, "class":"0x1039feda0", "frozen":true, "embedded":true, "fstring":true, "bytesize":4, "value":"base", "encoding":"US-ASCII", "memsize":40, "flags":{"wb_protected":true}}
{"address":"0x10195c6d8", "type":"IMEMO", "slot_size":40, "imemo_type":"iseq", "references":["0x1019bf7d8", "0x1019bf7d8", "0x10195c660"], "memsize":480, "flags":{"wb_protected":true}}
{"address":"0x10195c700", "type":"ARRAY", "slot_size":40, "class":"0x1039f3540", "frozen":true, "length":2, "embedded":true, "references":["0x10195c818"], "memsize":40, "flags":{"wb_protected":true}}
{"address":"0x10195c728", "type":"ARRAY", "slot_size":40, "class":"0x1039f3540", "frozen":true, "length":2, "embedded":true, "references":["0x10195c818"], "memsize":40, "flags":{"wb_protected":true}}
{"address":"0x10195c750", "type":"IMEMO", "slot_size":40, "imemo_type":"iseq", "references":["0x1019bf378", "0x1019bf378", "0x10195c700"], "memsize":464, "flags":{"wb_protected":true}}
{"address":"0x10195c778", "type":"ARRAY", "slot_size":40, "class":"0x1039f3540", "frozen":true, "length":2, "embedded":true, "references":["0x10195c818"], "memsize":40, "flags":{"wb_protected":true}}
{"address":"0x10195c7a0", "type":"ARRAY", "slot_size":40, "class":"0x1039f3540", "frozen":true, "length":2, "embedded":true, "references":["0x10195c818"], "memsize":40, "flags":{"wb_protected":true}}
{"address":"0x10195c7c8", "type":"STRING", "slot_size":40, "class":"0x1039feda0", "frozen":true, "embedded":true, "fstring":true, "bytesize":14, "value":"ensure in open", "memsize":40, "flags":{"wb_protected":true}}
{"address":"0x10195c7f0", "type":"ARRAY", "slot_size":40, "class":"0x1039f3540", "frozen":true, "length":2, "embedded":true, "references":["0x10195c818"], "memsize":40, "flags":{"wb_protected":true}}
{"address":"0x10195c818", "type":"STRING", "slot_size":40, "class":"0x1039feda0", "frozen":true, "embedded":true, "fstring":true, "bytesize":14, "value":"<internal:dir>", "encoding":"US-ASCII", "memsize":40, "flags":{"wb_protected":true}}
{"address":"0x10195c840", "type":"ARRAY", "slot_size":40, "class":"0x1039f3540", "frozen":true, "length":2, "embedded":true, "references":["0x10195c818"], "memsize":40, "flags":{"wb_protected":true}}
{"address":"0x10195c868", "type":"IMEMO", "slot_size":40, "imemo_type":"iseq", "references":["0x10195c7c8", "0x10199bf68", "0x10195c7f0", "0x10195c8b8"], "memsize":464, "flags":{"wb_protected":true}}
{"address":"0x10195c890", "type":"STRING", "slot_size":40, "class":"0x1039feda0", "frozen":true, "embedded":true, "fstring":true, "bytesize":3, "value":"dir", "encoding":"US-ASCII", "memsize":40, "flags":{"wb_protected":true}}
{"address":"0x10195c8b8", "type":"IMEMO", "slot_size":40, "imemo_type":"iseq", "references":["0x10199bf68", "0x10199bf68", "0x10195c778", "0x10195c868"], "memsize":820, "flags":{"wb_protected":true}}
{"address":"0x10195c8e0", "type":"IMEMO", "slot_size":40, "imemo_type":"iseq", "references":["0x10195c8b8", "0x10195c750", "0x10195c6d8", "0x10195c610", "0x10195c4f8", "0x10195c4f8", "0x10195c520", "0x10195c908"], "memsize":608, "flags":{"wb_protected":true}}
{"address":"0x10195c908", "type":"IMEMO", "slot_size":40, "imemo_type":"iseq", "references":["0x10195c8e0", "0x10195c818", "0x10195c818", "0x10195c4a8"], "memsize":512, "flags":{"wb_protected":true}}
{"address":"0x10195c930", "type":"DATA", "slot_size":40, "struct":"pinned_list", "references":["0x10195c4d0", "0x10195c818", "0x10195c548", "0x10195c4f8", "0x10195c7a0", "0x10199bf68", "0x10195c728", "0x1019bf378", "0x10195c688", "0x1019bf7d8", "0x10195c598", "0x10195c638", "0x10195c840", "0x10195c7c8"], "memsize":320, "flags":{"wb_protected":true}}
{"address":"0x10195c958", "type":"DATA", "slot_size":40, "struct":"pinned_list", "references":["0x10195c908", "0x10195c8e0", "0x10195c8b8", "0x10195c750", "0x10195c6d8", "0x10195c610", "0x10195c868"], "memsize":112, "flags":{"wb_protected":true}}
{"address":"0x10195c980", "type":"DATA", "slot_size":40, "struct":"ibf_loader", "references":["0x10195c958", "0x10195c930"], "memsize":120, "flags":{"wb_protected":true}}
{"address":"0x10195c9a8", "type":"IMEMO", "slot_size":40, "class":"0x1039f2000", "imemo_type":"ment", "references":["0x10195cb88", "0x10195ca20"], "memsize":48, "flags":{"wb_protected":true}}
{"address":"0x10195c9d0", "type":"IMEMO", "slot_size":40, "class":"0x1039f1f60", "imemo_type":"callcache", "references":["0x1019be770"], "memsize":40, "flags":{"wb_protected":true}}
{"address":"0x10195c9f8", "type":"IMEMO", "slot_size":40, "class":"0x1039f2000", "imemo_type":"ment", "references":["0x10195cca0", "0x10195ca20"], "memsize":48, "flags":{"wb_protected":true}}
{"address":"0x10195ca20", "type":"IMEMO", "slot_size":40, "class":"0x8", "imemo_type":"cref", "references":["0x1039f2000", "0x10195ca48"], "memsize":40, "flags":{"wb_protected":true}}
{"address":"0x10195ca48", "type":"IMEMO", "slot_size":40, "class":"0x8", "imemo_type":"cref", "references":["0x1039ffe80"], "memsize":40, "flags":{"wb_protected":true}}
{"address":"0x10195ca70", "type":"ARRAY", "slot_size":40, "class":"0x1039f3540", "frozen":true, "length":2, "embedded":true, "references":["0x10195cc00"], "memsize":40, "flags":{"wb_protected":true}}
{"address":"0x10195ca98", "type":"ARRAY", "slot_size":40, "class":"0x1039f3540", "frozen":true, "length":2, "embedded":true, "references":["0x10195cc00"], "memsize":40, "flags":{"wb_protected":true}}
{"address":"0x10195cac0", "type":"STRING", "slot_size":40, "class":"0x1039feda0", "frozen":true, "embedded":true, "fstring":true, "bytesize":10, "value":"<class:IO>", "memsize":40, "flags":{"wb_protected":true}}
{"address":"0x10195cae8", "type":"ARRAY", "slot_size":40, "class":"0x1039f3540", "frozen":true, "length":2, "embedded":true, "references":["0x10195cc00"], "memsize":40, "flags":{"wb_protected":true}}
{"address":"0x10195cb10", "type":"ARRAY", "slot_size":40, "class":"0x1039f3540", "frozen":true, "length":2, "embedded":true, "references":["0x10195cc00"], "memsize":40, "flags":{"wb_protected":true}}
{"address":"0x10195cb38", "type":"ARRAY", "slot_size":40, "class":"0x1039f3540", "frozen":true, "length":2, "embedded":true, "references":["0x10195cc00"], "memsize":40, "flags":{"wb_protected":true}}
{"address":"0x10195cb60", "type":"ARRAY", "slot_size":40, "class":"0x1039f3540", "frozen":true, "length":2, "embedded":true, "references":["0x10195cc00"], "memsize":40, "flags":{"wb_protected":true}}
{"address":"0x10195cb88", "type":"IMEMO", "slot_size":40, "imemo_type":"iseq", "references":["0x10195cbb0", "0x10195cbb0", "0x10195cb38"], "memsize":464, "flags":{"wb_protected":true}}
{"address":"0x10195cbb0", "type":"STRING", "slot_size":40, "class":"0x1039feda0", "frozen":true, "embedded":true, "fstring":true, "bytesize":14, "value":"write_nonblock", "encoding":"US-ASCII", "memsize":40, "flags":{"wb_protected":true}}
{"address":"0x10195cbd8", "type":"ARRAY", "slot_size":40, "class":"0x1039f3540", "frozen":true, "length":2, "embedded":true, "references":["0x10195cc00"], "memsize":40, "flags":{"wb_protected":true}}
{"address":"0x10195cc00", "type":"STRING", "slot_size":40, "class":"0x1039feda0", "frozen":true, "embedded":true, "fstring":true, "bytesize":13, "value":"<internal:io>", "encoding":"US-ASCII", "memsize":40, "flags":{"wb_protected":true}}
{"address":"0x10195cc28", "type":"ARRAY", "slot_size":40, "class":"0x1039f3540", "frozen":true, "length":2, "embedded":true, "references":["0x10195cc00"], "memsize":40, "flags":{"wb_protected":true}}
{"address":"0x10195cc50", "type":"STRING", "slot_size":40, "class":"0x1039feda0", "frozen":true, "embedded":true, "fstring":true, "bytesize":3, "value":"buf", "encoding":"US-ASCII", "memsize":40, "flags":{"wb_protected":true}}
{"address":"0x10195cc78", "type":"STRING", "slot_size":40, "class":"0x1039feda0", "frozen":true, "embedded":true, "fstring":true, "bytesize":3, "value":"len", "encoding":"US-ASCII", "memsize":40, "flags":{"wb_protected":true}}
{"address":"0x10195cca0", "type":"IMEMO", "slot_size":40, "imemo_type":"iseq", "references":["0x101999d08", "0x101999d08", "0x10195cbd8"], "memsize":536, "flags":{"wb_protected":true}}
{"address":"0x10195ccc8", "type":"IMEMO", "slot_size":40, "imemo_type":"iseq", "references":["0x10195cca0", "0x10195cb88", "0x10195cac0", "0x10195cac0", "0x10195cae8", "0x10195ccf0"], "memsize":472, "flags":{"wb_protected":true}}
{"address":"0x10195ccf0", "type":"IMEMO", "slot_size":40, "imemo_type":"iseq", "references":["0x10195ccc8", "0x10195cc00", "0x10195cc00", "0x10195ca70"], "memsize":464, "flags":{"wb_protected":true}}
{"address":"0x10195cd18", "type":"DATA", "slot_size":40, "struct":"pinned_list", "references":["0x10195ca98", "0x10195cc00", "0x10195cb10", "0x10195cac0", "0x10195cc28", "0x101999d08", "0x10195cb60", "0x10195cbb0"], "memsize":184, "flags":{"wb_protected":true}}
{"address":"0x10195cd40", "type":"DATA", "slot_size":40, "struct":"pinned_list", "references":["0x10195ccf0", "0x10195ccc8", "0x10195cca0", "0x10195cb88"], "memsize":88, "flags":{"wb_protected":true}}
{"address":"0x10195cd68", "type":"DATA", "slot_size":40, "struct":"ibf_loader", "references":["0x10195cd40", "0x10195cd18"], "memsize":120, "flags":{"wb_protected":true}}
{"address":"0x10195cd90", "type":"IMEMO", "slot_size":40, "class":"0x1039fbc40", "imemo_type":"ment", "references":["0x10195d380", "0x10195ced0"], "memsize":48, "flags":{"wb_protected":true}}
{"address":"0x10195cdb8", "type":"IMEMO", "slot_size":40, "class":"0x1039fbc40", "imemo_type":"ment", "references":["0x10195d3f8", "0x10195ced0"], "memsize":48, "flags":{"wb_protected":true}}
{"address":"0x10195cde0", "type":"IMEMO", "slot_size":40, "class":"0x1039fbc40", "imemo_type":"ment", "references":["0x10195d470", "0x10195ced0"], "memsize":48, "flags":{"wb_protected":true}}
{"address":"0x10195ce08", "type":"IMEMO", "slot_size":40, "class":"0x1039fbc40", "imemo_type":"ment", "references":["0x10195d4e8", "0x10195ced0"], "memsize":48, "flags":{"wb_protected":true}}
{"address":"0x10195ce30", "type":"IMEMO", "slot_size":40, "class":"0x1039fbc40", "imemo_type":"ment", "references":["0x10195d560", "0x10195ced0"], "memsize":48, "flags":{"wb_protected":true}}
{"address":"0x10195ce58", "type":"IMEMO", "slot_size":40, "class":"0x1039fbc40", "imemo_type":"ment", "references":["0x10195d5d8", "0x10195ced0"], "memsize":48, "flags":{"wb_protected":true}}
{"address":"0x10195ce80", "type":"IMEMO", "slot_size":40, "class":"0x1039fbba0", "imemo_type":"callcache", "references":["0x1019be770"], "memsize":40, "flags":{"wb_protected":true}}
{"address":"0x10195cea8", "type":"IMEMO", "slot_size":40, "class":"0x1039fbc40", "imemo_type":"ment", "references":["0x10195d650", "0x10195ced0"], "memsize":48, "flags":{"wb_protected":true}}
{"address":"0x10195ced0", "type":"IMEMO", "slot_size":40, "class":"0x8", "imemo_type":"cref", "references":["0x1039fbc40", "0x10195d240"], "memsize":40, "flags":{"wb_protected":true}}
{"address":"0x10195cef8", "type":"IMEMO", "slot_size":40, "class":"0x1039fbd80", "imemo_type":"ment", "references":["0x10195d768", "0x10195d128"], "memsize":48, "flags":{"wb_protected":true}}
{"address":"0x10195cf20", "type":"IMEMO", "slot_size":40, "class":"0x1039fbd80", "imemo_type":"ment", "references":["0x10195d7e0", "0x10195d128"], "memsize":48, "flags":{"wb_protected":true}}
{"address":"0x10195cf48", "type":"IMEMO", "slot_size":40, "class":"0x1039fbd80", "imemo_type":"ment", "references":["0x10195d858", "0x10195d128"], "memsize":48, "flags":{"wb_protected":true}}
{"address":"0x10195cf70", "type":"IMEMO", "slot_size":40, "class":"0x1039fbd80", "imemo_type":"ment", "references":["0x10195d8d0", "0x10195d128"], "memsize":48, "flags":{"wb_protected":true}}
{"address":"0x10195cf98", "type":"IMEMO", "slot_size":40, "class":"0x1039fbd80", "imemo_type":"ment", "references":["0x10195d948", "0x10195d128"], "memsize":48, "flags":{"wb_protected":true}}
{"address":"0x10195cfc0", "type":"IMEMO", "slot_size":40, "class":"0x1039fbd80", "imemo_type":"ment", "references":["0x10195d9c0", "0x10195d128"], "memsize":48, "flags":{"wb_protected":true}}
{"address":"0x10195cfe8", "type":"IMEMO", "slot_size":40, "class":"0x1039fbd80", "imemo_type":"ment", "references":["0x10195dc18", "0x10195d128"], "memsize":48, "flags":{"wb_protected":true}}
{"address":"0x10195d010", "type":"IMEMO", "slot_size":40, "class":"0x1039fbd80", "imemo_type":"ment", "references":["0x10195da60", "0x10195d128"], "memsize":48, "flags":{"wb_protected":true}}
{"address":"0x10195d038", "type":"IMEMO", "slot_size":40, "class":"0x1039fbd80", "imemo_type":"ment", "references":["0x10195dad8", "0x10195d128"], "memsize":48, "flags":{"wb_protected":true}}
{"address":"0x10195d060", "type":"IMEMO", "slot_size":40, "class":"0x1039fbd80", "imemo_type":"ment", "references":["0x10195db78", "0x10195d128"], "memsize":48, "flags":{"wb_protected":true}}
{"address":"0x10195d088", "type":"IMEMO", "slot_size":40, "class":"0x1039fbd80", "imemo_type":"ment", "references":["0x10195dc18", "0x10195d128"], "memsize":48, "flags":{"wb_protected":true}}
{"address":"0x10195d0b0", "type":"IMEMO", "slot_size":40, "class":"0x1039fbd80", "imemo_type":"ment", "references":["0x10195dc90", "0x10195d128"], "memsize":48, "flags":{"wb_protected":true}}
{"address":"0x10195d0d8", "type":"IMEMO", "slot_size":40, "class":"0x1039fbce0", "imemo_type":"callcache", "references":["0x1019be770"], "memsize":40, "flags":{"wb_protected":true}}
{"address":"0x10195d100", "type":"IMEMO", "slot_size":40, "class":"0x1039fbd80", "imemo_type":"ment", "references":["0x10195dd08", "0x10195d128"], "memsize":48, "flags":{"wb_protected":true}}
{"address":"0x10195d128", "type":"IMEMO", "slot_size":40, "class":"0x8", "imemo_type":"cref", "references":["0x1039fbd80", "0x10195d240"], "memsize":40, "flags":{"wb_protected":true}}
{"address":"0x10195d150", "type":"IMEMO", "slot_size":40, "class":"0x1039fbf60", "imemo_type":"ment", "references":["0x10195de20", "0x10195d218"], "memsize":48, "flags":{"wb_protected":true}}
{"address":"0x10195d178", "type":"IMEMO", "slot_size":40, "class":"0x1039fbf60", "imemo_type":"ment", "references":["0x10195de98", "0x10195d218"], "memsize":48, "flags":{"wb_protected":true}}
{"address":"0x10195d1a0", "type":"IMEMO", "slot_size":40, "class":"0x1039fbf60", "imemo_type":"ment", "references":["0x10195df10", "0x10195d218"], "memsize":48, "flags":{"wb_protected":true}}
{"address":"0x10195d1c8", "type":"IMEMO", "slot_size":40, "class":"0x1039fbec0", "imemo_type":"callcache", "references":["0x1019be770"], "memsize":40, "flags":{"wb_protected":true}}
{"address":"0x10195d1f0", "type":"IMEMO", "slot_size":40, "class":"0x1039fbf60", "imemo_type":"ment", "references":["0x10195df88", "0x10195d218"], "memsize":48, "flags":{"wb_protected":true}}
{"address":"0x10195d218", "type":"IMEMO", "slot_size":40, "class":"0x8", "imemo_type":"cref", "references":["0x1039fbf60", "0x10195d240"], "memsize":40, "flags":{"wb_protected":true}}
{"address":"0x10195d240", "type":"IMEMO", "slot_size":40, "class":"0x8", "imemo_type":"cref", "references":["0x1039ffe80"], "memsize":40, "flags":{"wb_protected":true}}
{"address":"0x10195d268", "type":"ARRAY", "slot_size":40, "class":"0x1039f3540", "frozen":true, "length":2, "embedded":true, "references":["0x1039d9d48"], "memsize":40, "flags":{"wb_protected":true}}
{"address":"0x10195d290", "type":"ARRAY", "slot_size":40, "class":"0x1039f3540", "frozen":true, "length":2, "embedded":true, "references":["0x1039d9d48"], "memsize":40, "flags":{"wb_protected":true}}
{"address":"0x10195d2b8", "type":"STRING", "slot_size":40, "class":"0x1039feda0", "frozen":true, "embedded":true, "fstring":true, "bytesize":13, "value":"<class:Float>", "memsize":40, "flags":{"wb_protected":true}}
{"address":"0x10195d2e0", "type":"ARRAY", "slot_size":40, "class":"0x1039f3540", "frozen":true, "length":2, "embedded":true, "references":["0x1039d9d48"], "memsize":40, "flags":{"wb_protected":true}}
{"address":"0x10195d308", "type":"ARRAY", "slot_size":40, "class":"0x1039f3540", "frozen":true, "length":2, "embedded":true, "references":["0x1039d9d48"], "memsize":40, "flags":{"wb_protected":true}}
{"address":"0x10195d330", "type":"ARRAY", "slot_size":40, "class":"0x1039f3540", "frozen":true, "length":2, "embedded":true, "references":["0x1039d9d48"], "memsize":40, "flags":{"wb_protected":true}}
{"address":"0x10195d358", "type":"ARRAY", "slot_size":40, "class":"0x1039f3540", "frozen":true, "length":2, "embedded":true, "references":["0x1039d9d48"], "memsize":40, "flags":{"wb_protected":true}}
{"address":"0x10195d380", "type":"IMEMO", "slot_size":40, "imemo_type":"iseq", "references":["0x1019b5c88", "0x1019b5c88", "0x10195d330"], "memsize":400, "flags":{"wb_protected":true}}
{"address":"0x10195d3a8", "type":"ARRAY", "slot_size":40, "class":"0x1039f3540", "frozen":true, "length":2, "embedded":true, "references":["0x1039d9d48"], "memsize":40, "flags":{"wb_protected":true}}
{"address":"0x10195d3d0", "type":"ARRAY", "slot_size":40, "class":"0x1039f3540", "frozen":true, "length":2, "embedded":true, "references":["0x1039d9d48"], "memsize":40, "flags":{"wb_protected":true}}
{"address":"0x10195d3f8", "type":"IMEMO", "slot_size":40, "imemo_type":"iseq", "references":["0x1019b5cd8", "0x1019b5cd8", "0x10195d3a8"], "memsize":400, "flags":{"wb_protected":true}}
{"address":"0x10195d420", "type":"ARRAY", "slot_size":40, "class":"0x1039f3540", "frozen":true, "length":2, "embedded":true, "references":["0x1039d9d48"], "memsize":40, "flags":{"wb_protected":true}}
{"address":"0x10195d448", "type":"ARRAY", "slot_size":40, "class":"0x1039f3540", "frozen":true, "length":2, "embedded":true, "references":["0x1039d9d48"], "memsize":40, "flags":{"wb_protected":true}}
{"address":"0x10195d470", "type":"IMEMO", "slot_size":40, "imemo_type":"iseq", "references":["0x1019b5f08", "0x1019b5f08", "0x10195d420"], "memsize":400, "flags":{"wb_protected":true}}
{"address":"0x10195d498", "type":"ARRAY", "slot_size":40, "class":"0x1039f3540", "frozen":true, "length":2, "embedded":true, "references":["0x1039d9d48"], "memsize":40, "flags":{"wb_protected":true}}
{"address":"0x10195d4c0", "type":"ARRAY", "slot_size":40, "class":"0x1039f3540", "frozen":true, "length":2, "embedded":true, "references":["0x1039d9d48"], "memsize":40, "flags":{"wb_protected":true}}
{"address":"0x10195d4e8", "type":"IMEMO", "slot_size":40, "imemo_type":"iseq", "references":["0x1019bf9b8", "0x1019bf9b8", "0x10195d498"], "memsize":400, "flags":{"wb_protected":true}}
{"address":"0x10195d510", "type":"ARRAY", "slot_size":40, "class":"0x1039f3540", "frozen":true, "length":2, "embedded":true, "references":["0x1039d9d48"], "memsize":40, "flags":{"wb_protected":true}}
{"address":"0x10195d538", "type":"ARRAY", "slot_size":40, "class":"0x1039f3540", "frozen":true, "length":2, "embedded":true, "references":["0x1039d9d48"], "memsize":40, "flags":{"wb_protected":true}}
{"address":"0x10195d560", "type":"IMEMO", "slot_size":40, "imemo_type":"iseq", "references":["0x1019b5f80", "0x1019b5f80", "0x10195d510"], "memsize":400, "flags":{"wb_protected":true}}
{"address":"0x10195d588", "type":"ARRAY", "slot_size":40, "class":"0x1039f3540", "frozen":true, "length":2, "embedded":true, "references":["0x1039d9d48"], "memsize":40, "flags":{"wb_protected":true}}
{"address":"0x10195d5b0", "type":"ARRAY", "slot_size":40, "class":"0x1039f3540", "frozen":true, "length":2, "embedded":true, "references":["0x1039d9d48"], "memsize":40, "flags":{"wb_protected":true}}
{"address":"0x10195d5d8", "type":"IMEMO", "slot_size":40, "imemo_type":"iseq", "references":["0x1019b5fd0", "0x1019b5fd0", "0x10195d588"], "memsize":400, "flags":{"wb_protected":true}}
{"address":"0x10195d600", "type":"ARRAY", "slot_size":40, "class":"0x1039f3540", "frozen":true, "length":2, "embedded":true, "references":["0x1039d9d48"], "memsize":40, "flags":{"wb_protected":true}}
{"address":"0x10195d628", "type":"ARRAY", "slot_size":40, "class":"0x1039f3540", "frozen":true, "length":2, "embedded":true, "references":["0x1039d9d48"], "memsize":40, "flags":{"wb_protected":true}}
{"address":"0x10195d650", "type":"IMEMO", "slot_size":40, "imemo_type":"iseq", "references":["0x1019bf170", "0x1019bf170", "0x10195d600"], "memsize":384, "flags":{"wb_protected":true}}
{"address":"0x10195d678", "type":"IMEMO", "slot_size":40, "imemo_type":"iseq", "references":["0x10195d650", "0x10195d5d8", "0x10195d560", "0x10195d4e8", "0x10195d470", "0x10195d3f8", "0x10195d380", "0x10195d2b8", "0x10195d2b8", "0x10195d2e0", "0x10195dfd8"], "memsize":672, "flags":{"wb_protected":true}}
{"address":"0x10195d6a0", "type":"STRING", "slot_size":40, "class":"0x1039feda0", "frozen":true, "embedded":true, "fstring":true, "bytesize":15, "value":"<class:Integer>", "memsize":40, "flags":{"wb_protected":true}}
{"address":"0x10195d6c8", "type":"ARRAY", "slot_size":40, "class":"0x1039f3540", "frozen":true, "length":2, "embedded":true, "references":["0x1039d9d48"], "memsize":40, "flags":{"wb_protected":true}}
{"address":"0x10195d6f0", "type":"ARRAY", "slot_size":40, "class":"0x1039f3540", "frozen":true, "length":2, "embedded":true, "references":["0x1039d9d48"], "memsize":40, "flags":{"wb_protected":true}}
{"address":"0x10195d718", "type":"ARRAY", "slot_size":40, "class":"0x1039f3540", "frozen":true, "length":2, "embedded":true, "references":["0x1039d9d48"], "memsize":40, "flags":{"wb_protected":true}}
{"address":"0x10195d740", "type":"ARRAY", "slot_size":40, "class":"0x1039f3540", "frozen":true, "length":2, "embedded":true, "references":["0x1039d9d48"], "memsize":40, "flags":{"wb_protected":true}}
{"address":"0x10195d768", "type":"IMEMO", "slot_size":40, "imemo_type":"iseq", "references":["0x1019b5f08", "0x1019b5f08", "0x10195d718"], "memsize":400, "flags":{"wb_protected":true}}
{"address":"0x10195d790", "type":"ARRAY", "slot_size":40, "class":"0x1039f3540", "frozen":true, "length":2, "embedded":true, "references":["0x1039d9d48"], "memsize":40, "flags":{"wb_protected":true}}
{"address":"0x10195d7b8", "type":"ARRAY", "slot_size":40, "class":"0x1039f3540", "frozen":true, "length":2, "embedded":true, "references":["0x1039d9d48"], "memsize":40, "flags":{"wb_protected":true}}
{"address":"0x10195d7e0", "type":"IMEMO", "slot_size":40, "imemo_type":"iseq", "references":["0x1019bf300", "0x1019bf300", "0x10195d790"], "memsize":384, "flags":{"wb_protected":true}}
{"address":"0x10195d808", "type":"ARRAY", "slot_size":40, "class":"0x1039f3540", "frozen":true, "length":2, "embedded":true, "references":["0x1039d9d48"], "memsize":40, "flags":{"wb_protected":true}}
{"address":"0x10195d830", "type":"ARRAY", "slot_size":40, "class":"0x1039f3540", "frozen":true, "length":2, "embedded":true, "references":["0x1039d9d48"], "memsize":40, "flags":{"wb_protected":true}}
{"address":"0x10195d858", "type":"IMEMO", "slot_size":40, "imemo_type":"iseq", "references":["0x1019bf198", "0x1019bf198", "0x10195d808"], "memsize":384, "flags":{"wb_protected":true}}
{"address":"0x10195d880", "type":"ARRAY", "slot_size":40, "class":"0x1039f3540", "frozen":true, "length":2, "embedded":true, "references":["0x1039d9d48"], "memsize":40, "flags":{"wb_protected":true}}
{"address":"0x10195d8a8", "type":"ARRAY", "slot_size":40, "class":"0x1039f3540", "frozen":true, "length":2, "embedded":true, "references":["0x1039d9d48"], "memsize":40, "flags":{"wb_protected":true}}
{"address":"0x10195d8d0", "type":"IMEMO", "slot_size":40, "imemo_type":"iseq", "references":["0x1019bf4e0", "0x1019bf4e0", "0x10195d880"], "memsize":400, "flags":{"wb_protected":true}}
{"address":"0x10195d8f8", "type":"ARRAY", "slot_size":40, "class":"0x1039f3540", "frozen":true, "length":2, "embedded":true, "references":["0x1039d9d48"], "memsize":40, "flags":{"wb_protected":true}}
{"address":"0x10195d920", "type":"ARRAY", "slot_size":40, "class":"0x1039f3540", "frozen":true, "length":2, "embedded":true, "references":["0x1039d9d48"], "memsize":40, "flags":{"wb_protected":true}}
{"address":"0x10195d948", "type":"IMEMO", "slot_size":40, "imemo_type":"iseq", "references":["0x1019b9fe0", "0x1019b9fe0", "0x10195d8f8"], "memsize":384, "flags":{"wb_protected":true}}
{"address":"0x10195d970", "type":"ARRAY", "slot_size":40, "class":"0x1039f3540", "frozen":true, "length":2, "embedded":true, "references":["0x1039d9d48"], "memsize":40, "flags":{"wb_protected":true}}
{"address":"0x10195d998", "type":"ARRAY", "slot_size":40, "class":"0x1039f3540", "frozen":true, "length":2, "embedded":true, "references":["0x1039d9d48"], "memsize":40, "flags":{"wb_protected":true}}
{"address":"0x10195d9c0", "type":"IMEMO", "slot_size":40, "imemo_type":"iseq", "references":["0x10195d9e8", "0x10195d9e8", "0x10195d970"], "memsize":400, "flags":{"wb_protected":true}}
{"address":"0x10195d9e8", "type":"STRING", "slot_size":40, "class":"0x1039feda0", "frozen":true, "embedded":true, "fstring":true, "bytesize":4, "value":"odd?", "encoding":"US-ASCII", "memsize":40, "flags":{"wb_protected":true}}
{"address":"0x10195da10", "type":"ARRAY", "slot_size":40, "class":"0x1039f3540", "frozen":true, "length":2, "embedded":true, "references":["0x1039d9d48"], "memsize":40, "flags":{"wb_protected":true}}
{"address":"0x10195da38", "type":"ARRAY", "slot_size":40, "class":"0x1039f3540", "frozen":true, "length":2, "embedded":true, "references":["0x1039d9d48"], "memsize":40, "flags":{"wb_protected":true}}
{"address":"0x10195da60", "type":"IMEMO", "slot_size":40, "imemo_type":"iseq", "references":["0x101975ef8", "0x101975ef8", "0x10195da10"], "memsize":392, "flags":{"wb_protected":true}}
{"address":"0x10195da88", "type":"ARRAY", "slot_size":40, "class":"0x1039f3540", "frozen":true, "length":2, "embedded":true, "references":["0x1039d9d48"], "memsize":40, "flags":{"wb_protected":true}}
{"address":"0x10195dab0", "type":"ARRAY", "slot_size":40, "class":"0x1039f3540", "frozen":true, "length":2, "embedded":true, "references":["0x1039d9d48"], "memsize":40, "flags":{"wb_protected":true}}
{"address":"0x10195dad8", "type":"IMEMO", "slot_size":40, "imemo_type":"iseq", "references":["0x10195db00", "0x10195db00", "0x10195da88"], "memsize":400, "flags":{"wb_protected":true}}
{"address":"0x10195db00", "type":"STRING", "slot_size":40, "class":"0x1039feda0", "frozen":true, "embedded":true, "fstring":true, "bytesize":5, "value":"even?", "encoding":"US-ASCII", "memsize":40, "flags":{"wb_protected":true}}
{"address":"0x10195db28", "type":"ARRAY", "slot_size":40, "class":"0x1039f3540", "frozen":true, "length":2, "embedded":true, "references":["0x1039d9d48"], "memsize":40, "flags":{"wb_protected":true}}
{"address":"0x10195db50", "type":"ARRAY", "slot_size":40, "class":"0x1039f3540", "frozen":true, "length":2, "embedded":true, "references":["0x1039d9d48"], "memsize":40, "flags":{"wb_protected":true}}
{"address":"0x10195db78", "type":"IMEMO", "slot_size":40, "imemo_type":"iseq", "references":["0x10195dba0", "0x10195dba0", "0x10195db28"], "memsize":400, "flags":{"wb_protected":true}}
{"address":"0x10195dba0", "type":"STRING", "slot_size":40, "class":"0x1039feda0", "frozen":true, "embedded":true, "fstring":true, "bytesize":10, "value":"bit_length", "encoding":"US-ASCII", "memsize":40, "flags":{"wb_protected":true}}
{"address":"0x10195dbc8", "type":"ARRAY", "slot_size":40, "class":"0x1039f3540", "frozen":true, "length":2, "embedded":true, "references":["0x1039d9d48"], "memsize":40, "flags":{"wb_protected":true}}
{"address":"0x10195dbf0", "type":"ARRAY", "slot_size":40, "class":"0x1039f3540", "frozen":true, "length":2, "embedded":true, "references":["0x1039d9d48"], "memsize":40, "flags":{"wb_protected":true}}
{"address":"0x10195dc18", "type":"IMEMO", "slot_size":40, "imemo_type":"iseq", "references":["0x1019b5fd0", "0x1019b5fd0", "0x10195dbc8"], "memsize":400, "flags":{"wb_protected":true}}
{"address":"0x10195dc40", "type":"ARRAY", "slot_size":40, "class":"0x1039f3540", "frozen":true, "length":2, "embedded":true, "references":["0x1039d9d48"], "memsize":40, "flags":{"wb_protected":true}}
{"address":"0x10195dc68", "type":"ARRAY", "slot_size":40, "class":"0x1039f3540", "frozen":true, "length":2, "embedded":true, "references":["0x1039d9d48"], "memsize":40, "flags":{"wb_protected":true}}
{"address":"0x10195dc90", "type":"IMEMO", "slot_size":40, "imemo_type":"iseq", "references":["0x1019bfa58", "0x1019bfa58", "0x10195dc40"], "memsize":400, "flags":{"wb_protected":true}}
{"address":"0x10195dcb8", "type":"ARRAY", "slot_size":40, "class":"0x1039f3540", "frozen":true, "length":2, "embedded":true, "references":["0x1039d9d48"], "memsize":40, "flags":{"wb_protected":true}}
{"address":"0x10195dce0", "type":"ARRAY", "slot_size":40, "class":"0x1039f3540", "frozen":true, "length":2, "embedded":true, "references":["0x1039d9d48"], "memsize":40, "flags":{"wb_protected":true}}
{"address":"0x10195dd08", "type":"IMEMO", "slot_size":40, "imemo_type":"iseq", "references":["0x1019bf9b8", "0x1019bf9b8", "0x10195dcb8"], "memsize":400, "flags":{"wb_protected":true}}
{"address":"0x10195dd30", "type":"IMEMO", "slot_size":40, "imemo_type":"iseq", "references":["0x10195dd08", "0x10195dc90", "0x10195dc18", "0x10195db78", "0x10195dad8", "0x10195da60", "0x10195d9c0", "0x10195d948", "0x10195d8d0", "0x10195d858", "0x10195d7e0", "0x10195d768", "0x10195d6a0", "0x10195d6a0", "0x10195d6c8", "0x10195dfd8", "0x10195e4d8"], "memsize":1056, "flags":{"wb_protected":true}}
{"address":"0x10195dd58", "type":"STRING", "slot_size":40, "class":"0x1039feda0", "frozen":true, "embedded":true, "fstring":true, "bytesize":15, "value":"<class:Numeric>", "memsize":40, "flags":{"wb_protected":true}}
{"address":"0x10195dd80", "type":"ARRAY", "slot_size":40, "class":"0x1039f3540", "frozen":true, "length":2, "embedded":true, "references":["0x1039d9d48"], "memsize":40, "flags":{"wb_protected":true}}
{"address":"0x10195dda8", "type":"ARRAY", "slot_size":40, "class":"0x1039f3540", "frozen":true, "length":2, "embedded":true, "references":["0x1039d9d48"], "memsize":40, "flags":{"wb_protected":true}}
{"address":"0x10195ddd0", "type":"ARRAY", "slot_size":40, "class":"0x1039f3540", "frozen":true, "length":2, "embedded":true, "references":["0x1039d9d48"], "memsize":40, "flags":{"wb_protected":true}}
{"address":"0x10195ddf8", "type":"ARRAY", "slot_size":40, "class":"0x1039f3540", "frozen":true, "length":2, "embedded":true, "references":["0x1039d9d48"], "memsize":40, "flags":{"wb_protected":true}}
{"address":"0x10195de20", "type":"IMEMO", "slot_size":40, "imemo_type":"iseq", "references":["0x1019b4a68", "0x1019b4a68", "0x10195ddd0"], "memsize":384, "flags":{"wb_protected":true}}
{"address":"0x10195de48", "type":"ARRAY", "slot_size":40, "class":"0x1039f3540", "frozen":true, "length":2, "embedded":true, "references":["0x1039d9d48"], "memsize":40, "flags":{"wb_protected":true}}
{"address":"0x10195de70", "type":"ARRAY", "slot_size":40, "class":"0x1039f3540", "frozen":true, "length":2, "embedded":true, "references":["0x1039d9d48"], "memsize":40, "flags":{"wb_protected":true}}
{"address":"0x10195de98", "type":"IMEMO", "slot_size":40, "imemo_type":"iseq", "references":["0x1019b4a18", "0x1019b4a18", "0x10195de48"], "memsize":392, "flags":{"wb_protected":true}}
{"address":"0x10195dec0", "type":"ARRAY", "slot_size":40, "class":"0x1039f3540", "frozen":true, "length":2, "embedded":true, "references":["0x1039d9d48"], "memsize":40, "flags":{"wb_protected":true}}
{"address":"0x10195dee8", "type":"ARRAY", "slot_size":40, "class":"0x1039f3540", "frozen":true, "length":2, "embedded":true, "references":["0x1039d9d48"], "memsize":40, "flags":{"wb_protected":true}}
{"address":"0x10195df10", "type":"IMEMO", "slot_size":40, "imemo_type":"iseq", "references":["0x101975ef8", "0x101975ef8", "0x10195dec0"], "memsize":392, "flags":{"wb_protected":true}}
{"address":"0x10195df38", "type":"ARRAY", "slot_size":40, "class":"0x1039f3540", "frozen":true, "length":2, "embedded":true, "references":["0x1039d9d48"], "memsize":40, "flags":{"wb_protected":true}}
{"address":"0x10195df60", "type":"ARRAY", "slot_size":40, "class":"0x1039f3540", "frozen":true, "length":2, "embedded":true, "references":["0x1039d9d48"], "memsize":40, "flags":{"wb_protected":true}}
{"address":"0x10195df88", "type":"IMEMO", "slot_size":40, "imemo_type":"iseq", "references":["0x1019753e0", "0x1019753e0", "0x10195df38"], "memsize":392, "flags":{"wb_protected":true}}
{"address":"0x10195dfb0", "type":"IMEMO", "slot_size":40, "imemo_type":"iseq", "references":["0x10195df88", "0x10195df10", "0x10195de98", "0x10195de20", "0x10195dd58", "0x10195dd58", "0x10195dd80", "0x10195dfd8"], "memsize":552, "flags":{"wb_protected":true}}
{"address":"0x10195dfd8", "type":"IMEMO", "slot_size":40, "imemo_type":"iseq", "references":["0x10195dfb0", "0x10195dd30", "0x10195d678", "0x1039d9d48", "0x1039d9d48", "0x10195d268"], "memsize":704, "flags":{"wb_protected":true}}
{"address":"0x10195e000", "type":"DATA", "slot_size":40, "struct":"pinned_list", "references":["0x10195d290", "0x1039d9d48", "0x10195dda8", "0x10195dd58", "0x10195d6f0", "0x10195d6a0", "0x10195d308", "0x10195d2b8", "0x10195df60", "0x1019753e0", "0x10195dee8", "0x101975ef8", "0x10195de70", "0x1019b4a18", "0x10195ddf8", "0x1019b4a68", "0x10195dce0", "0x1019bf9b8", "0x10195dc68", "0x1019bfa58", "0x10195dbf0", "0x1019b5fd0", "0x10195db50", "0x10195dba0", "0x10195dab0", "0x10195db00", "0x10195da38", "0x10195d998", "0x10195d9e8", "0x10195d920", "0x1019b9fe0", "0x10195d8a8", "0x1019bf4e0", "0x10195d830", "0x1019bf198", "0x10195d7b8", "0x1019bf300", "0x10195d740", "0x1019b5f08", "0x10195d628", "0x1019bf170", "0x10195d5b0", "0x10195d538", "0x1019b5f80", "0x10195d4c0", "0x10195d448", "0x10195d3d0", "0x1019b5cd8", "0x10195d358", "0x1019b5c88"], "memsize":664, "flags":{"wb_protected":true}}
{"address":"0x10195e028", "type":"DATA", "slot_size":40, "struct":"pinned_list", "references":["0x10195dfd8", "0x10195dfb0", "0x10195dd30", "0x10195d678", "0x10195df88", "0x10195df10", "0x10195de98", "0x10195de20", "0x10195dd08", "0x10195dc90", "0x10195dc18", "0x10195db78", "0x10195dad8", "0x10195da60", "0x10195d9c0", "0x10195d948", "0x10195d8d0", "0x10195d858", "0x10195d7e0", "0x10195d768", "0x10195d650", "0x10195d5d8", "0x10195d560", "0x10195d4e8", "0x10195d470", "0x10195d3f8", "0x10195d380"], "memsize":272, "flags":{"wb_protected":true}}
{"address":"0x10195e050", "type":"DATA", "slot_size":40, "struct":"ibf_loader", "references":["0x10195e028", "0x10195e000"], "memsize":120, "flags":{"wb_protected":true}}
{"address":"0x10195e078", "type":"IMEMO", "slot_size":40, "class":"0x103a1df20", "imemo_type":"ment", "references":["0x10195e780", "0x10195e618"], "memsize":48, "flags":{"wb_protected":true}}
{"address":"0x10195e0a0", "type":"IMEMO", "slot_size":40, "class":"0x103a1dfc0", "imemo_type":"ment", "references":["0x10195e820", "0x10195e618"], "memsize":48, "flags":{"wb_protected":true}}
{"address":"0x10195e0c8", "type":"IMEMO", "slot_size":40, "class":"0x103a1dfc0", "imemo_type":"ment", "references":["0x10195e8c0", "0x10195e618"], "memsize":48, "flags":{"wb_protected":true}}
{"address":"0x10195e0f0", "type":"IMEMO", "slot_size":40, "class":"0x103a1df20", "imemo_type":"ment", "references":["0x10195e938", "0x10195e618"], "memsize":48, "flags":{"wb_protected":true}}
{"address":"0x10195e118", "type":"IMEMO", "slot_size":40, "class":"0x103a1df20", "imemo_type":"ment", "references":["0x10195e9b0", "0x10195e618"], "memsize":48, "flags":{"wb_protected":true}}
{"address":"0x10195e140", "type":"IMEMO", "slot_size":40, "class":"0x103a1dfc0", "imemo_type":"ment", "references":["0x10195ea50", "0x10195e618"], "memsize":48, "flags":{"wb_protected":true}}
{"address":"0x10195e168", "type":"IMEMO", "slot_size":40, "class":"0x103a1dfc0", "imemo_type":"ment", "references":["0x10195eaf0", "0x10195e618"], "memsize":48, "flags":{"wb_protected":true}}
{"address":"0x10195e190", "type":"IMEMO", "slot_size":40, "class":"0x103a1db60", "imemo_type":"callcache", "references":["0x1019be770"], "memsize":40, "flags":{"wb_protected":true}}
{"address":"0x10195e1b8", "type":"ARRAY", "slot_size":40, "class":"0x1039f3540", "frozen":true, "length":2, "embedded":true, "references":["0x1039d9e88"], "memsize":40, "flags":{"wb_protected":true}}
{"address":"0x10195e1e0", "type":"IMEMO", "slot_size":40, "class":"0x103a1dc00", "imemo_type":"ment", "references":["0x10195e1b8"], "memsize":48, "flags":{"wb_protected":true}}
{"address":"0x10195e208", "type":"STRING", "slot_size":40, "class":"0x1039feda0", "frozen":true, "embedded":true, "fstring":true, "bytesize":7, "value":"@ractor", "encoding":"US-ASCII", "memsize":40, "flags":{"wb_protected":true}}
{"address":"0x10195e230", "type":"ARRAY", "slot_size":40, "class":"0x1039f3540", "length":1, "embedded":true, "memsize":40, "flags":{"wb_protected":true}}
{"address":"0x10195e258", "type":"IMEMO", "slot_size":40, "class":"0x103a1db60", "imemo_type":"callcache", "references":["0x1019bd898"], "memsize":40, "flags":{"wb_protected":true}}
{"address":"0x10195e280", "type":"IMEMO", "slot_size":40, "class":"0x8", "imemo_type":"cref", "references":["0x103a1dc00", "0x10195e618"], "memsize":40, "flags":{"wb_protected":true}}
{"address":"0x10195e2a8", "type":"IMEMO", "slot_size":40, "class":"0x103a1dfc0", "imemo_type":"ment", "references":["0x10195ec30", "0x10195e618"], "memsize":48, "flags":{"wb_protected":true}}
{"address":"0x10195e2d0", "type":"IMEMO", "slot_size":40, "class":"0x103a1dfc0", "imemo_type":"ment", "references":["0x10195ed70", "0x10195e618"], "memsize":48, "flags":{"wb_protected":true}}
{"address":"0x10195e2f8", "type":"IMEMO", "slot_size":40, "class":"0x103a1dfc0", "imemo_type":"ment", "references":["0x10195ed70", "0x10195e618"], "memsize":48, "flags":{"wb_protected":true}}
{"address":"0x10195e320", "type":"IMEMO", "slot_size":40, "class":"0x103a1dfc0", "imemo_type":"ment", "references":["0x10195ede8", "0x10195e618"], "memsize":48, "flags":{"wb_protected":true}}
{"address":"0x10195e348", "type":"IMEMO", "slot_size":40, "class":"0x103a1df20", "imemo_type":"ment", "references":["0x10195ee60", "0x10195e618"], "memsize":48, "flags":{"wb_protected":true}}
{"address":"0x10195e370", "type":"IMEMO", "slot_size":40, "class":"0x103a1dfc0", "imemo_type":"ment", "references":["0x10195ef00", "0x10195e618"], "memsize":48, "flags":{"wb_protected":true}}
{"address":"0x10195e398", "type":"IMEMO", "slot_size":40, "class":"0x103a1dfc0", "imemo_type":"ment", "references":["0x10195ef00", "0x10195e618"], "memsize":48, "flags":{"wb_protected":true}}
{"address":"0x10195e3c0", "type":"IMEMO", "slot_size":40, "class":"0x103a1dfc0", "imemo_type":"ment", "references":["0x10195ef78", "0x10195e618"], "memsize":48, "flags":{"wb_protected":true}}
{"address":"0x10195e3e8", "type":"IMEMO", "slot_size":40, "class":"0x103a1df20", "imemo_type":"ment", "references":["0x10195eff0", "0x10195e618"], "memsize":48, "flags":{"wb_protected":true}}
{"address":"0x10195e410", "type":"IMEMO", "slot_size":40, "class":"0x103a1dfc0", "imemo_type":"ment", "references":["0x10195f090", "0x10195e618"], "memsize":48, "flags":{"wb_protected":true}}
{"address":"0x10195e438", "type":"IMEMO", "slot_size":40, "class":"0x103a1df20", "imemo_type":"callcache", "references":["0x1019b69d0"], "memsize":40, "flags":{"wb_protected":true}}
{"address":"0x10195e460", "type":"IMEMO", "slot_size":40, "class":"0x103a1df20", "imemo_type":"callcache", "references":["0x1019be770"], "memsize":40, "flags":{"wb_protected":true}}
{"address":"0x10195e488", "type":"IMEMO", "slot_size":40, "class":"0x103a1dfc0", "imemo_type":"ment", "references":["0x10195f090", "0x10195e618"], "memsize":48, "flags":{"wb_protected":true}}
{"address":"0x10195e4b0", "type":"IMEMO", "slot_size":40, "class":"0x103a1df20", "imemo_type":"ment", "references":["0x10195f1f8", "0x10195e618"], "memsize":48, "flags":{"wb_protected":true}}
{"address":"0x10195e4d8", "type":"IMEMO", "slot_size":40, "class":"0x103a1d3e0", "imemo_type":"callcache", "references":["0x10197e238"], "memsize":40, "flags":{"wb_protected":true}}
{"address":"0x10195e500", "type":"IMEMO", "slot_size":40, "class":"0x8", "imemo_type":"cref", "references":["0x103a1df20", "0x10195e618"], "memsize":40, "flags":{"wb_protected":true}}
{"address":"0x10195e528", "type":"IMEMO", "slot_size":40, "class":"0x103a1df20", "imemo_type":"ment", "references":["0x10195f1f8", "0x10195e618"], "memsize":48, "flags":{"wb_protected":true}}
{"address":"0x10195e550", "type":"IMEMO", "slot_size":40, "class":"0x103a1df20", "imemo_type":"ment", "references":["0x10195f310", "0x10195e618"], "memsize":48, "flags":{"wb_protected":true}}
{"address":"0x10195e578", "type":"IMEMO", "slot_size":40, "class":"0x103a1df20", "imemo_type":"ment", "references":["0x10195f388", "0x10195e618"], "memsize":48, "flags":{"wb_protected":true}}
{"address":"0x10195e5a0", "type":"IMEMO", "slot_size":40, "class":"0x103a1df20", "imemo_type":"ment", "references":["0x10195f400", "0x10195e618"], "memsize":48, "flags":{"wb_protected":true}}
{"address":"0x10195e5c8", "type":"IMEMO", "slot_size":40, "class":"0x103a1df20", "imemo_type":"callcache", "references":["0x1019be950"], "memsize":40, "flags":{"wb_protected":true}}
{"address":"0x10195e5f0", "type":"IMEMO", "slot_size":40, "class":"0x103a1df20", "imemo_type":"ment", "references":["0x10195f4c8", "0x10195e618"], "memsize":48, "flags":{"wb_protected":true}}
{"address":"0x10195e618", "type":"IMEMO", "slot_size":40, "class":"0x8", "imemo_type":"cref", "references":["0x103a1dfc0", "0x10195e640"], "memsize":40, "flags":{"wb_protected":true}}
{"address":"0x10195e640", "type":"IMEMO", "slot_size":40, "class":"0x8", "imemo_type":"cref", "references":["0x1039ffe80"], "memsize":40, "flags":{"wb_protected":true}}
{"address":"0x10195e668", "type":"ARRAY", "slot_size":40, "class":"0x1039f3540", "frozen":true, "length":2, "embedded":true, "references":["0x1039d9e88"], "memsize":40, "flags":{"wb_protected":true}}
{"address":"0x10195e690", "type":"ARRAY", "slot_size":40, "class":"0x1039f3540", "frozen":true, "length":2, "embedded":true, "references":["0x1039d9e88"], "memsize":40, "flags":{"wb_protected":true}}
{"address":"0x10195e6b8", "type":"STRING", "slot_size":40, "class":"0x1039feda0", "frozen":true, "embedded":true, "fstring":true, "bytesize":14, "value":"<class:Ractor>", "memsize":40, "flags":{"wb_protected":true}}
{"address":"0x10195e6e0", "type":"ARRAY", "slot_size":40, "class":"0x1039f3540", "frozen":true, "length":2, "embedded":true, "references":["0x1039d9e88"], "memsize":40, "flags":{"wb_protected":true}}
{"address":"0x10195e708", "type":"ARRAY", "slot_size":40, "class":"0x1039f3540", "frozen":true, "length":2, "embedded":true, "references":["0x1039d9e88"], "memsize":40, "flags":{"wb_protected":true}}
{"address":"0x10195e730", "type":"ARRAY", "slot_size":40, "class":"0x1039f3540", "frozen":true, "length":2, "embedded":true, "references":["0x1039d9e88"], "memsize":40, "flags":{"wb_protected":true}}
{"address":"0x10195e758", "type":"ARRAY", "slot_size":40, "class":"0x1039f3540", "frozen":true, "length":2, "embedded":true, "references":["0x1039d9e88"], "memsize":40, "flags":{"wb_protected":true}}
{"address":"0x10195e780", "type":"IMEMO", "slot_size":40, "imemo_type":"iseq", "references":["0x10197b218", "0x10197b218", "0x10195e730"], "memsize":400, "flags":{"wb_protected":true}}
{"address":"0x10195e7a8", "type":"ARRAY", "slot_size":40, "class":"0x1039f3540", "frozen":true, "length":2, "embedded":true, "references":["0x1039d9e88"], "memsize":40, "flags":{"wb_protected":true}}
{"address":"0x10195e7d0", "type":"ARRAY", "slot_size":40, "class":"0x1039f3540", "frozen":true, "length":2, "embedded":true, "references":["0x1039d9e88"], "memsize":40, "flags":{"wb_protected":true}}
{"address":"0x10195e7f8", "type":"STRING", "slot_size":40, "class":"0x1039feda0", "frozen":true, "embedded":true, "fstring":true, "bytesize":3, "value":"val", "encoding":"US-ASCII", "memsize":40, "flags":{"wb_protected":true}}
{"address":"0x10195e820", "type":"IMEMO", "slot_size":40, "imemo_type":"iseq", "references":["0x1019bf7b0", "0x1019bf7b0", "0x10195e7a8"], "memsize":416, "flags":{"wb_protected":true}}
{"address":"0x10195e848", "type":"ARRAY", "slot_size":40, "class":"0x1039f3540", "frozen":true, "length":2, "embedded":true, "references":["0x1039d9e88"], "memsize":40, "flags":{"wb_protected":true}}
{"address":"0x10195e870", "type":"ARRAY", "slot_size":40, "class":"0x1039f3540", "frozen":true, "length":2, "embedded":true, "references":["0x1039d9e88"], "memsize":40, "flags":{"wb_protected":true}}
{"address":"0x10195e898", "type":"STRING", "slot_size":40, "class":"0x1039feda0", "frozen":true, "embedded":true, "fstring":true, "bytesize":3, "value":"sym", "encoding":"US-ASCII", "memsize":40, "flags":{"wb_protected":true}}
{"address":"0x10195e8c0", "type":"IMEMO", "slot_size":40, "imemo_type":"iseq", "references":["0x1019bf7d8", "0x1019bf7d8", "0x10195e848"], "memsize":408, "flags":{"wb_protected":true}}
{"address":"0x10195e8e8", "type":"ARRAY", "slot_size":40, "class":"0x1039f3540", "frozen":true, "length":2, "embedded":true, "references":["0x1039d9e88"], "memsize":40, "flags":{"wb_protected":true}}
{"address":"0x10195e910", "type":"ARRAY", "slot_size":40, "class":"0x1039f3540", "frozen":true, "length":2, "embedded":true, "references":["0x1039d9e88"], "memsize":40, "flags":{"wb_protected":true}}
{"address":"0x10195e938", "type":"IMEMO", "slot_size":40, "imemo_type":"iseq", "references":["0x10197e0a8", "0x10197e0a8", "0x10195e8e8"], "memsize":592, "flags":{"wb_protected":true}}
{"address":"0x10195e960", "type":"ARRAY", "slot_size":40, "class":"0x1039f3540", "frozen":true, "length":2, "embedded":true, "references":["0x1039d9e88"], "memsize":40, "flags":{"wb_protected":true}}
{"address":"0x10195e988", "type":"ARRAY", "slot_size":40, "class":"0x1039f3540", "frozen":true, "length":2, "embedded":true, "references":["0x1039d9e88"], "memsize":40, "flags":{"wb_protected":true}}
{"address":"0x10195e9b0", "type":"IMEMO", "slot_size":40, "imemo_type":"iseq", "references":["0x10195e9d8", "0x10195e9d8", "0x10195e960"], "memsize":408, "flags":{"wb_protected":true}}
{"address":"0x10195e9d8", "type":"STRING", "slot_size":40, "class":"0x1039feda0", "frozen":true, "embedded":true, "fstring":true, "bytesize":10, "value":"shareable?", "encoding":"US-ASCII", "memsize":40, "flags":{"wb_protected":true}}
{"address":"0x10195ea00", "type":"ARRAY", "slot_size":40, "class":"0x1039f3540", "frozen":true, "length":2, "embedded":true, "references":["0x1039d9e88"], "memsize":40, "flags":{"wb_protected":true}}
{"address":"0x10195ea28", "type":"ARRAY", "slot_size":40, "class":"0x1039f3540", "frozen":true, "length":2, "embedded":true, "references":["0x1039d9e88"], "memsize":40, "flags":{"wb_protected":true}}
{"address":"0x10195ea50", "type":"IMEMO", "slot_size":40, "imemo_type":"iseq", "references":["0x10195ea78", "0x10195ea78", "0x10195ea00"], "memsize":400, "flags":{"wb_protected":true}}
{"address":"0x10195ea78", "type":"STRING", "slot_size":40, "class":"0x1039feda0", "frozen":true, "embedded":true, "fstring":true, "bytesize":14, "value":"close_outgoing", "encoding":"US-ASCII", "memsize":40, "flags":{"wb_protected":true}}
{"address":"0x10195eaa0", "type":"ARRAY", "slot_size":40, "class":"0x1039f3540", "frozen":true, "length":2, "embedded":true, "references":["0x1039d9e88"], "memsize":40, "flags":{"wb_protected":true}}
{"address":"0x10195eac8", "type":"ARRAY", "slot_size":40, "class":"0x1039f3540", "frozen":true, "length":2, "embedded":true, "references":["0x1039d9e88"], "memsize":40, "flags":{"wb_protected":true}}
{"address":"0x10195eaf0", "type":"IMEMO", "slot_size":40, "imemo_type":"iseq", "references":["0x10195eb18", "0x10195eb18", "0x10195eaa0"], "memsize":400, "flags":{"wb_protected":true}}
{"address":"0x10195eb18", "type":"STRING", "slot_size":40, "class":"0x1039feda0", "frozen":true, "embedded":true, "fstring":true, "bytesize":14, "value":"close_incoming", "encoding":"US-ASCII", "memsize":40, "flags":{"wb_protected":true}}
{"address":"0x10195eb40", "type":"ARRAY", "slot_size":40, "class":"0x1039f3540", "frozen":true, "length":2, "embedded":true, "references":["0x1039d9e88"], "memsize":40, "flags":{"wb_protected":true}}
{"address":"0x10195eb68", "type":"ARRAY", "slot_size":40, "class":"0x1039f3540", "frozen":true, "length":2, "embedded":true, "references":["0x1039d9e88"], "memsize":40, "flags":{"wb_protected":true}}
{"address":"0x10195eb90", "type":"STRING", "slot_size":40, "class":"0x1039feda0", "frozen":true, "embedded":true, "fstring":true, "bytesize":6, "value":"ractor", "encoding":"US-ASCII", "memsize":40, "flags":{"wb_protected":true}}
{"address":"0x10195ebb8", "type":"IMEMO", "slot_size":40, "imemo_type":"iseq", "references":["0x1039d9d98", "0x1039d9d98", "0x10195eb40", "0x10195f4f0", "0x10195e258"], "memsize":464, "flags":{"wb_protected":true}}
{"address":"0x10195ebe0", "type":"ARRAY", "slot_size":40, "class":"0x1039f3540", "frozen":true, "length":2, "embedded":true, "references":["0x1039d9e88"], "memsize":40, "flags":{"wb_protected":true}}
{"address":"0x10195ec08", "type":"ARRAY", "slot_size":40, "class":"0x1039f3540", "frozen":true, "length":2, "embedded":true, "references":["0x1039d9e88"], "memsize":40, "flags":{"wb_protected":true}}
{"address":"0x10195ec30", "type":"IMEMO", "slot_size":40, "imemo_type":"iseq", "references":["0x1019bef18", "0x1019bef18", "0x10195ebe0"], "memsize":400, "flags":{"wb_protected":true}}
{"address":"0x10195ec58", "type":"ARRAY", "slot_size":40, "class":"0x1039f3540", "frozen":true, "length":2, "embedded":true, "references":["0x1039d9e88"], "memsize":40, "flags":{"wb_protected":true}}
{"address":"0x10195ec80", "type":"ARRAY", "slot_size":40, "class":"0x1039f3540", "frozen":true, "length":2, "embedded":true, "references":["0x1039d9e88"], "memsize":40, "flags":{"wb_protected":true}}
{"address":"0x10195eca8", "type":"STRING", "slot_size":40, "class":"0x1039feda0", "frozen":true, "embedded":true, "fstring":true, "bytesize":1, "value":">", "encoding":"UTF-8", "memsize":40, "flags":{"wb_protected":true}}
{"address":"0x10195ecd0", "type":"STRING", "slot_size":40, "class":"0x1039feda0", "frozen":true, "embedded":true, "fstring":true, "bytesize":0, "value":"", "encoding":"UTF-8", "memsize":40, "flags":{"wb_protected":true}}
{"address":"0x10195ecf8", "type":"STRING", "slot_size":40, "class":"0x1039feda0", "frozen":true, "embedded":true, "fstring":true, "bytesize":1, "value":" ", "encoding":"UTF-8", "memsize":40, "flags":{"wb_protected":true}}
{"address":"0x10195ed20", "type":"STRING", "slot_size":40, "class":"0x1039feda0", "frozen":true, "embedded":true, "fstring":true, "bytesize":10, "value":"#<Ractor:#", "encoding":"UTF-8", "memsize":40, "flags":{"wb_protected":true}}
{"address":"0x10195ed48", "type":"STRING", "slot_size":40, "class":"0x1039feda0", "frozen":true, "embedded":true, "fstring":true, "bytesize":2, "value":"id", "encoding":"US-ASCII", "memsize":40, "flags":{"wb_protected":true}}
{"address":"0x10195ed70", "type":"IMEMO", "slot_size":40, "imemo_type":"iseq", "references":["0x10195ed20", "0x10195ecf8", "0x10195ecd0", "0x10195ecf8", "0x10195ecd0", "0x10195ecf8", "0x10195eca8", "0x1019bf648", "0x1019bf648", "0x10195ec58"], "memsize":1544, "flags":{"wb_protected":true}}
{"address":"0x10195ed98", "type":"ARRAY", "slot_size":40, "class":"0x1039f3540", "frozen":true, "length":2, "embedded":true, "references":["0x1039d9e88"], "memsize":40, "flags":{"wb_protected":true}}
{"address":"0x10195edc0", "type":"ARRAY", "slot_size":40, "class":"0x1039f3540", "frozen":true, "length":2, "embedded":true, "references":["0x1039d9e88"], "memsize":40, "flags":{"wb_protected":true}}
{"address":"0x10195ede8", "type":"IMEMO", "slot_size":40, "imemo_type":"iseq", "references":["0x1019bb7a0", "0x1019bb7a0", "0x10195ed98"], "memsize":400, "flags":{"wb_protected":true}}
{"address":"0x10195ee10", "type":"ARRAY", "slot_size":40, "class":"0x1039f3540", "frozen":true, "length":2, "embedded":true, "references":["0x1039d9e88"], "memsize":40, "flags":{"wb_protected":true}}
{"address":"0x10195ee38", "type":"ARRAY", "slot_size":40, "class":"0x1039f3540", "frozen":true, "length":2, "embedded":true, "references":["0x1039d9e88"], "memsize":40, "flags":{"wb_protected":true}}
{"address":"0x10195ee60", "type":"IMEMO", "slot_size":40, "imemo_type":"iseq", "references":["0x101992c10", "0x101992c10", "0x10195ee10"], "memsize":464, "flags":{"wb_protected":true}}
{"address":"0x10195ee88", "type":"ARRAY", "slot_size":40, "class":"0x1039f3540", "frozen":true, "length":2, "embedded":true, "references":["0x1039d9e88"], "memsize":40, "flags":{"wb_protected":true}}
{"address":"0x10195eeb0", "type":"ARRAY", "slot_size":40, "class":"0x1039f3540", "frozen":true, "length":2, "embedded":true, "references":["0x1039d9e88"], "memsize":40, "flags":{"wb_protected":true}}
{"address":"0x10195eed8", "type":"STRING", "slot_size":40, "class":"0x1039feda0", "frozen":true, "embedded":true, "fstring":true, "bytesize":3, "value":"obj", "encoding":"US-ASCII", "memsize":40, "flags":{"wb_protected":true}}
{"address":"0x10195ef00", "type":"IMEMO", "slot_size":40, "imemo_type":"iseq", "references":["0x1019bf3f0", "0x1019bf3f0", "0x10195ee88"], "memsize":464, "flags":{"wb_protected":true}}
{"address":"0x10195ef28", "type":"ARRAY", "slot_size":40, "class":"0x1039f3540", "frozen":true, "length":2, "embedded":true, "references":["0x1039d9e88"], "memsize":40, "flags":{"wb_protected":true}}
{"address":"0x10195ef50", "type":"ARRAY", "slot_size":40, "class":"0x1039f3540", "frozen":true, "length":2, "embedded":true, "references":["0x1039d9e88"], "memsize":40, "flags":{"wb_protected":true}}
{"address":"0x10195ef78", "type":"IMEMO", "slot_size":40, "imemo_type":"iseq", "references":["0x10195f018", "0x10195f018", "0x10195ef28"], "memsize":440, "flags":{"wb_protected":true}}
{"address":"0x10195efa0", "type":"ARRAY", "slot_size":40, "class":"0x1039f3540", "frozen":true, "length":2, "embedded":true, "references":["0x1039d9e88"], "memsize":40, "flags":{"wb_protected":true}}
{"address":"0x10195efc8", "type":"ARRAY", "slot_size":40, "class":"0x1039f3540", "frozen":true, "length":2, "embedded":true, "references":["0x1039d9e88"], "memsize":40, "flags":{"wb_protected":true}}
{"address":"0x10195eff0", "type":"IMEMO", "slot_size":40, "imemo_type":"iseq", "references":["0x10195f018", "0x10195f018", "0x10195efa0"], "memsize":440, "flags":{"wb_protected":true}}
{"address":"0x10195f018", "type":"STRING", "slot_size":40, "class":"0x1039feda0", "frozen":true, "embedded":true, "fstring":true, "bytesize":10, "value":"receive_if", "encoding":"US-ASCII", "memsize":40, "flags":{"wb_protected":true}}
{"address":"0x10195f040", "type":"ARRAY", "slot_size":40, "class":"0x1039f3540", "frozen":true, "length":2, "embedded":true, "references":["0x1039d9e88"], "memsize":40, "flags":{"wb_protected":true}}
{"address":"0x10195f068", "type":"ARRAY", "slot_size":40, "class":"0x1039f3540", "frozen":true, "length":2, "embedded":true, "references":["0x1039d9e88"], "memsize":40, "flags":{"wb_protected":true}}
{"address":"0x10195f090", "type":"IMEMO", "slot_size":40, "imemo_type":"iseq", "references":["0x10195f220", "0x10195f220", "0x10195f040"], "memsize":400, "flags":{"wb_protected":true}}
{"address":"0x10195f0b8", "type":"STRING", "slot_size":40, "class":"0x1039feda0", "frozen":true, "embedded":true, "fstring":true, "bytesize":15, "value":"singleton class", "encoding":"US-ASCII", "memsize":40, "flags":{"wb_protected":true}}
{"address":"0x10195f0e0", "type":"ARRAY", "slot_size":40, "class":"0x1039f3540", "frozen":true, "length":2, "embedded":true, "references":["0x1039d9e88"], "memsize":40, "flags":{"wb_protected":true}}
{"address":"0x10195f108", "type":"ARRAY", "slot_size":40, "class":"0x1039f3540", "frozen":true, "length":2, "embedded":true, "references":["0x1039d9e88"], "memsize":40, "flags":{"wb_protected":true}}
{"address":"0x10195f130", "type":"STRING", "slot_size":40, "class":"0x1039feda0", "frozen":true, "embedded":true, "fstring":true, "bytesize":4, "value":"recv", "encoding":"US-ASCII", "memsize":40, "flags":{"wb_protected":true}}
{"address":"0x10195f158", "type":"IMEMO", "slot_size":40, "imemo_type":"iseq", "references":["0x10195f0b8", "0x10195f0b8", "0x10195f0e0", "0x10195e4d8"], "memsize":536, "flags":{"wb_protected":true}}
{"address":"0x10195f180", "type":"STRING", "slot_size":40, "class":"0x1039feda0", "frozen":true, "embedded":true, "fstring":true, "bytesize":14, "value":"singletonclass", "encoding":"US-ASCII", "memsize":40, "flags":{"wb_protected":true}}
{"address":"0x10195f1a8", "type":"ARRAY", "slot_size":40, "class":"0x1039f3540", "frozen":true, "length":2, "embedded":true, "references":["0x1039d9e88"], "memsize":40, "flags":{"wb_protected":true}}
{"address":"0x10195f1d0", "type":"ARRAY", "slot_size":40, "class":"0x1039f3540", "frozen":true, "length":2, "embedded":true, "references":["0x1039d9e88"], "memsize":40, "flags":{"wb_protected":true}}
{"address":"0x10195f1f8", "type":"IMEMO", "slot_size":40, "imemo_type":"iseq", "references":["0x10195f220", "0x10195f220", "0x10195f1a8"], "memsize":400, "flags":{"wb_protected":true}}
{"address":"0x10195f220", "type":"STRING", "slot_size":40, "class":"0x1039feda0", "frozen":true, "embedded":true, "fstring":true, "bytesize":7, "value":"receive", "encoding":"US-ASCII", "memsize":40, "flags":{"wb_protected":true}}
{"address":"0x10195f248", "type":"ARRAY", "slot_size":40, "class":"0x1039f3540", "frozen":true, "length":2, "embedded":true, "references":["0x1039d9e88"], "memsize":40, "flags":{"wb_protected":true}}
{"address":"0x10195f270", "type":"ARRAY", "slot_size":40, "class":"0x1039f3540", "frozen":true, "length":2, "embedded":true, "references":["0x1039d9e88"], "memsize":40, "flags":{"wb_protected":true}}
{"address":"0x10195f298", "type":"STRING", "slot_size":40, "class":"0x1039feda0", "frozen":true, "embedded":true, "fstring":true, "bytesize":7, "value":"ractors", "encoding":"US-ASCII", "memsize":40, "flags":{"wb_protected":true}}
{"address":"0x10195f2c0", "type":"STRING", "slot_size":40, "class":"0x1039feda0", "frozen":true, "embedded":true, "fstring":true, "bytesize":4, "value":"move", "encoding":"US-ASCII", "memsize":40, "flags":{"wb_protected":true}}
{"address":"0x10195f2e8", "type":"STRING", "slot_size":40, "class":"0x1039feda0", "frozen":true, "embedded":true, "fstring":true, "bytesize":11, "value":"yield_value", "encoding":"US-ASCII", "memsize":40, "flags":{"wb_protected":true}}
{"address":"0x10195f310", "type":"IMEMO", "slot_size":40, "imemo_type":"iseq", "references":["0x1039d9de8", "0x1019bc150", "0x1019bc150", "0x10195f248"], "memsize":1040, "flags":{"wb_protected":true}}
{"address":"0x10195f338", "type":"ARRAY", "slot_size":40, "class":"0x1039f3540", "frozen":true, "length":2, "embedded":true, "references":["0x1039d9e88"], "memsize":40, "flags":{"wb_protected":true}}
{"address":"0x10195f360", "type":"ARRAY", "slot_size":40, "class":"0x1039f3540", "frozen":true, "length":2, "embedded":true, "references":["0x1039d9e88"], "memsize":40, "flags":{"wb_protected":true}}
{"address":"0x10195f388", "type":"IMEMO", "slot_size":40, "imemo_type":"iseq", "references":["0x1019bc2b8", "0x1019bc2b8", "0x10195f338"], "memsize":400, "flags":{"wb_protected":true}}
{"address":"0x10195f3b0", "type":"ARRAY", "slot_size":40, "class":"0x1039f3540", "frozen":true, "length":2, "embedded":true, "references":["0x1039d9e88"], "memsize":40, "flags":{"wb_protected":true}}
{"address":"0x10195f3d8", "type":"ARRAY", "slot_size":40, "class":"0x1039f3540", "frozen":true, "length":2, "embedded":true, "references":["0x1039d9e88"], "memsize":40, "flags":{"wb_protected":true}}
{"address":"0x10195f400", "type":"IMEMO", "slot_size":40, "imemo_type":"iseq", "references":["0x10197b1c8", "0x10197b1c8", "0x10195f3b0"], "memsize":400, "flags":{"wb_protected":true}}
{"address":"0x10195f428", "type":"ARRAY", "slot_size":40, "class":"0x1039f3540", "frozen":true, "length":2, "embedded":true, "references":["0x1039d9e88"], "memsize":40, "flags":{"wb_protected":true}}
{"address":"0x10195f450", "type":"ARRAY", "slot_size":40, "class":"0x1039f3540", "frozen":true, "length":2, "embedded":true, "references":["0x1039d9e88"], "memsize":40, "flags":{"wb_protected":true}}
{"address":"0x10195f478", "type":"STRING", "slot_size":40, "class":"0x1039feda0", "frozen":true, "embedded":true, "fstring":true, "bytesize":1, "value":":", "encoding":"UTF-8", "memsize":40, "flags":{"wb_protected":true}}
{"address":"0x10195f4a0", "type":"STRING", "slot_size":40, "class":"0x1039feda0", "frozen":true, "embedded":true, "fstring":true, "bytesize":3, "value":"loc", "encoding":"US-ASCII", "memsize":40, "flags":{"wb_protected":true}}
{"address":"0x10195f4c8", "type":"IMEMO", "slot_size":40, "imemo_type":"iseq", "references":["0x1039d9ed8", "0x10195f478", "0x1019bdc08", "0x1019bdc08", "0x10195f428"], "memsize":1520, "flags":{"wb_protected":true}}
{"address":"0x10195f4f0", "type":"IMEMO", "slot_size":40, "imemo_type":"iseq", "references":["0x10195f4c8", "0x10195f400", "0x10195f388", "0x10195f310", "0x10195f1f8", "0x10195f158", "0x10195f090", "0x10195eff0", "0x10195ef78", "0x10195ef00", "0x10195ee60", "0x10195ede8", "0x10195ed70", "0x10195ec30", "0x10195ebb8", "0x10195eaf0", "0x10195ea50", "0x10195e9b0", "0x10195e938", "0x10195e8c0", "0x10195e820", "0x10195e780", "0x10195e6b8", "0x10195e6b8", "0x10195e6e0", "0x10195f518", "0x10195e438", "0x10195e4d8", "0x10195e438", "0x10195e4d8", "0x10195e4d8"], "memsize":2360, "flags":{"wb_protected":true}}
{"address":"0x10195f518", "type":"IMEMO", "slot_size":40, "imemo_type":"iseq", "references":["0x10195f4f0", "0x1039d9e88", "0x1039d9e88", "0x10195e668"], "memsize":464, "flags":{"wb_protected":true}}
{"address":"0x10195f540", "type":"DATA", "slot_size":40, "struct":"pinned_list", "references":["0x10195e690", "0x1039d9e88", "0x10195e708", "0x10195e6b8", "0x10195f450", "0x1019bdc08", "0x1039d9ed8", "0x10195f478", "0x10195f3d8", "0x10197b1c8", "0x10195f360", "0x1019bc2b8", "0x10195f270", "0x1019bc150", "0x1039d9de8", "0x10195f1d0", "0x10195f220", "0x10195f108", "0x10195f0b8", "0x10195f068", "0x10195efc8", "0x10195f018", "0x10195ef50", "0x10195eeb0", "0x1019bf3f0", "0x10195ee38", "0x101992c10", "0x10195edc0", "0x1019bb7a0", "0x10195ec80", "0x1019bf648", "0x10195ed20", "0x10195ecf8", "0x10195ecd0", "0x10195eca8", "0x10195ec08", "0x1019bef18", "0x10195eb68", "0x1039d9d98", "0x10195eac8", "0x10195eb18", "0x10195ea28", "0x10195ea78", "0x10195e988", "0x10195e9d8", "0x10195e910", "0x10197e0a8", "0x10195e870", "0x1019bf7d8", "0x10195e7d0", "0x1019bf7b0", "0x10195e758", "0x10197b218"], "memsize":912, "flags":{"wb_protected":true}}
{"address":"0x10195f568", "type":"DATA", "slot_size":40, "struct":"pinned_list", "references":["0x10195f518", "0x10195f4f0", "0x10195f4c8", "0x10195f400", "0x10195f388", "0x10195f310", "0x10195f1f8", "0x10195f158", "0x10195f090", "0x10195eff0", "0x10195ef78", "0x10195ef00", "0x10195ee60", "0x10195ede8", "0x10195ed70", "0x10195ec30", "0x10195ebb8", "0x10195eaf0", "0x10195ea50", "0x10195e9b0", "0x10195e938", "0x10195e8c0", "0x10195e820", "0x10195e780"], "memsize":248, "flags":{"wb_protected":true}}
{"address":"0x10195f590", "type":"DATA", "slot_size":40, "struct":"ibf_loader", "references":["0x10195f568", "0x10195f540"], "memsize":120, "flags":{"wb_protected":true}}
{"address":"0x10195f5b8", "type":"IMEMO", "slot_size":40, "class":"0x103a1ee20", "imemo_type":"callcache", "references":["0x1019be950"], "memsize":40, "flags":{"wb_protected":true}}
{"address":"0x10195f5e0", "type":"IMEMO", "slot_size":40, "class":"0x103a1ee20", "imemo_type":"ment", "references":["0x10195fb30", "0x10195f680"], "memsize":48, "flags":{"wb_protected":true}}
{"address":"0x10195f608", "type":"IMEMO", "slot_size":40, "class":"0x103a1ee20", "imemo_type":"callcache", "references":["0x1019b69a8"], "memsize":40, "flags":{"wb_protected":true}}
{"address":"0x10195f630", "type":"IMEMO", "slot_size":40, "class":"0x103a1ee20", "imemo_type":"callcache", "references":["0x1019be770"], "memsize":40, "flags":{"wb_protected":true}}
{"address":"0x10195f658", "type":"IMEMO", "slot_size":40, "imemo_type":"ment", "references":["0x103a1eec0", "0x10195fb30", "0x10195f680"], "memsize":48, "flags":{"wb_protected":true}}
{"address":"0x10195f680", "type":"IMEMO", "slot_size":40, "class":"0x8", "imemo_type":"cref", "references":["0x103a1eec0", "0x10195fa18"], "memsize":40, "flags":{"wb_protected":true}}
{"address":"0x10195f6a8", "type":"IMEMO", "slot_size":40, "class":"0x103a1eba0", "imemo_type":"ment", "references":["0x10195fc48", "0x10195f9f0"], "memsize":48, "flags":{"wb_protected":true}}
{"address":"0x10195f6d0", "type":"IMEMO", "slot_size":40, "class":"0x103a1eba0", "imemo_type":"ment", "references":["0x10195fcc0", "0x10195f9f0"], "memsize":48, "flags":{"wb_protected":true}}
{"address":"0x10195f6f8", "type":"IMEMO", "slot_size":40, "class":"0x103a1eba0", "imemo_type":"ment", "references":["0x10195fd38", "0x10195f9f0"], "memsize":48, "flags":{"wb_protected":true}}
{"address":"0x10195f720", "type":"IMEMO", "slot_size":40, "class":"0x103a1eba0", "imemo_type":"ment", "references":["0x10195fdb0", "0x10195f9f0"], "memsize":48, "flags":{"wb_protected":true}}
{"address":"0x10195f748", "type":"IMEMO", "slot_size":40, "class":"0x103a1eba0", "imemo_type":"ment", "references":["0x10195fec8", "0x10195f9f0"], "memsize":48, "flags":{"wb_protected":true}}
{"address":"0x10195f770", "type":"IMEMO", "slot_size":40, "class":"0x103a1eba0", "imemo_type":"ment", "references":["0x10195ff40", "0x10195f9f0"], "memsize":48, "flags":{"wb_protected":true}}
{"address":"0x10195f798", "type":"IMEMO", "slot_size":40, "class":"0x103a1eba0", "imemo_type":"ment", "references":["0x10195ffb8", "0x10195f9f0"], "memsize":48, "flags":{"wb_protected":true}}
{"address":"0x10195f7c0", "type":"IMEMO", "slot_size":40, "class":"0x103a1eba0", "imemo_type":"ment", "references":["0x101970070", "0x10195f9f0"], "memsize":48, "flags":{"wb_protected":true}}
{"address":"0x10195f7e8", "type":"IMEMO", "slot_size":40, "class":"0x103a1eba0", "imemo_type":"ment", "references":["0x101970138", "0x10195f9f0"], "memsize":48, "flags":{"wb_protected":true}}
{"address":"0x10195f810", "type":"IMEMO", "slot_size":40, "class":"0x103a1eba0", "imemo_type":"ment", "references":["0x101970200", "0x10195f9f0"], "memsize":48, "flags":{"wb_protected":true}}
{"address":"0x10195f838", "type":"IMEMO", "slot_size":40, "class":"0x103a1eba0", "imemo_type":"ment", "references":["0x101970278", "0x10195f9f0"], "memsize":48, "flags":{"wb_protected":true}}
{"address":"0x10195f860", "type":"IMEMO", "slot_size":40, "class":"0x103a1eba0", "imemo_type":"ment", "references":["0x1019702f0", "0x10195f9f0"], "memsize":48, "flags":{"wb_protected":true}}
{"address":"0x10195f888", "type":"IMEMO", "slot_size":40, "class":"0x103a1eba0", "imemo_type":"ment", "references":["0x1019703b8", "0x10195f9f0"], "memsize":48, "flags":{"wb_protected":true}}
{"address":"0x10195f8b0", "type":"IMEMO", "slot_size":40, "class":"0x103a1eba0", "imemo_type":"ment", "references":["0x101970458", "0x10195f9f0"], "memsize":48, "flags":{"wb_protected":true}}
{"address":"0x10195f8d8", "type":"IMEMO", "slot_size":40, "class":"0x103a1eba0", "imemo_type":"ment", "references":["0x1019704d0", "0x10195f9f0"], "memsize":48, "flags":{"wb_protected":true}}
{"address":"0x10195f900", "type":"IMEMO", "slot_size":40, "class":"0x103a1eba0", "imemo_type":"ment", "references":["0x101970570", "0x10195f9f0"], "memsize":48, "flags":{"wb_protected":true}}
{"address":"0x10195f928", "type":"IMEMO", "slot_size":40, "class":"0x103a1eba0", "imemo_type":"ment", "references":["0x101970610", "0x10195f9f0"], "memsize":48, "flags":{"wb_protected":true}}
{"address":"0x10195f950", "type":"IMEMO", "slot_size":40, "class":"0x103a1eba0", "imemo_type":"callcache", "references":["0x1019be770"], "memsize":40, "flags":{"wb_protected":true}}
{"address":"0x10195f978", "type":"IMEMO", "slot_size":40, "imemo_type":"ment", "references":["0x103a1f0a0", "0x1019706b0", "0x10195f9f0"], "memsize":48, "flags":{"wb_protected":true}}
{"address":"0x10195f9a0", "type":"IMEMO", "slot_size":40, "class":"0x103a1eba0", "imemo_type":"callcache", "references":["0x1019be950"], "memsize":40, "flags":{"wb_protected":true}}
{"address":"0x10195f9c8", "type":"IMEMO", "slot_size":40, "class":"0x103a1eba0", "imemo_type":"ment", "references":["0x1019707f0", "0x10195f9f0"], "memsize":48, "flags":{"wb_protected":true}}
{"address":"0x10195f9f0", "type":"IMEMO", "slot_size":40, "class":"0x8", "imemo_type":"cref", "references":["0x103a1f0a0", "0x10195fa18"], "memsize":40, "flags":{"wb_protected":true}}
{"address":"0x10195fa18", "type":"IMEMO", "slot_size":40, "class":"0x8", "imemo_type":"cref", "references":["0x1039ffe80"], "memsize":40, "flags":{"wb_protected":true}}
{"address":"0x10195fa40", "type":"ARRAY", "slot_size":40, "class":"0x1039f3540", "frozen":true, "length":2, "embedded":true, "references":["0x101970728"], "memsize":40, "flags":{"wb_protected":true}}
{"address":"0x10195fa68", "type":"ARRAY", "slot_size":40, "class":"0x1039f3540", "frozen":true, "length":2, "embedded":true, "references":["0x101970728"], "memsize":40, "flags":{"wb_protected":true}}
{"address":"0x10195fa90", "type":"ARRAY", "slot_size":40, "class":"0x1039f3540", "frozen":true, "length":2, "embedded":true, "references":["0x101970728"], "memsize":40, "flags":{"wb_protected":true}}
{"address":"0x10195fab8", "type":"ARRAY", "slot_size":40, "class":"0x1039f3540", "frozen":true, "length":2, "embedded":true, "references":["0x101970728"], "memsize":40, "flags":{"wb_protected":true}}
{"address":"0x10195fae0", "type":"ARRAY", "slot_size":40, "class":"0x1039f3540", "frozen":true, "length":2, "embedded":true, "references":["0x101970728"], "memsize":40, "flags":{"wb_protected":true}}
{"address":"0x10195fb08", "type":"ARRAY", "slot_size":40, "class":"0x1039f3540", "frozen":true, "length":2, "embedded":true, "references":["0x101970728"], "memsize":40, "flags":{"wb_protected":true}}
{"address":"0x10195fb30", "type":"IMEMO", "slot_size":40, "imemo_type":"iseq", "references":["0x1019706d8", "0x1019706d8", "0x10195fae0"], "memsize":608, "flags":{"wb_protected":true}}
{"address":"0x10195fb58", "type":"IMEMO", "slot_size":40, "imemo_type":"iseq", "references":["0x10195fb30", "0x1039d9f28", "0x1039d9f28", "0x10195fa90", "0x101970840", "0x10195f608"], "memsize":504, "flags":{"wb_protected":true}}
{"address":"0x10195fb80", "type":"STRING", "slot_size":40, "class":"0x1039feda0", "frozen":true, "embedded":true, "fstring":true, "bytesize":11, "value":"<module:GC>", "memsize":40, "flags":{"wb_protected":true}}
{"address":"0x10195fba8", "type":"ARRAY", "slot_size":40, "class":"0x1039f3540", "frozen":true, "length":2, "embedded":true, "references":["0x101970728"], "memsize":40, "flags":{"wb_protected":true}}
{"address":"0x10195fbd0", "type":"ARRAY", "slot_size":40, "class":"0x1039f3540", "frozen":true, "length":2, "embedded":true, "references":["0x101970728"], "memsize":40, "flags":{"wb_protected":true}}
{"address":"0x10195fbf8", "type":"ARRAY", "slot_size":40, "class":"0x1039f3540", "frozen":true, "length":2, "embedded":true, "references":["0x101970728"], "memsize":40, "flags":{"wb_protected":true}}
{"address":"0x10195fc20", "type":"ARRAY", "slot_size":40, "class":"0x1039f3540", "frozen":true, "length":2, "embedded":true, "references":["0x101970728"], "memsize":40, "flags":{"wb_protected":true}}
{"address":"0x10195fc48", "type":"IMEMO", "slot_size":40, "imemo_type":"iseq", "references":["0x101990960", "0x101990960", "0x10195fbf8"], "memsize":400, "flags":{"wb_protected":true}}
{"address":"0x10195fc70", "type":"ARRAY", "slot_size":40, "class":"0x1039f3540", "frozen":true, "length":2, "embedded":true, "references":["0x101970728"], "memsize":40, "flags":{"wb_protected":true}}
{"address":"0x10195fc98", "type":"ARRAY", "slot_size":40, "class":"0x1039f3540", "frozen":true, "length":2, "embedded":true, "references":["0x101970728"], "memsize":40, "flags":{"wb_protected":true}}
{"address":"0x10195fcc0", "type":"IMEMO", "slot_size":40, "imemo_type":"iseq", "references":["0x1039d9f78", "0x1039d9f78", "0x10195fc70"], "memsize":400, "flags":{"wb_protected":true}}
{"address":"0x10195fce8", "type":"ARRAY", "slot_size":40, "class":"0x1039f3540", "frozen":true, "length":2, "embedded":true, "references":["0x101970728"], "memsize":40, "flags":{"wb_protected":true}}
{"address":"0x10195fd10", "type":"ARRAY", "slot_size":40, "class":"0x1039f3540", "frozen":true, "length":2, "embedded":true, "references":["0x101970728"], "memsize":40, "flags":{"wb_protected":true}}
{"address":"0x10195fd38", "type":"IMEMO", "slot_size":40, "imemo_type":"iseq", "references":["0x1039d9fc8", "0x1039d9fc8", "0x10195fce8"], "memsize":408, "flags":{"wb_protected":true}}
{"address":"0x10195fd60", "type":"ARRAY", "slot_size":40, "class":"0x1039f3540", "frozen":true, "length":2, "embedded":true, "references":["0x101970728"], "memsize":40, "flags":{"wb_protected":true}}
{"address":"0x10195fd88", "type":"ARRAY", "slot_size":40, "class":"0x1039f3540", "frozen":true, "length":2, "embedded":true, "references":["0x101970728"], "memsize":40, "flags":{"wb_protected":true}}
{"address":"0x10195fdb0", "type":"IMEMO", "slot_size":40, "imemo_type":"iseq", "references":["0x10195fdd8", "0x10195fdd8", "0x10195fd60"], "memsize":680, "flags":{"wb_protected":true}}
{"address":"0x10195fdd8", "type":"STRING", "slot_size":40, "class":"0x1039feda0", "frozen":true, "embedded":true, "fstring":true, "bytesize":13, "value":"using_rvargc?", "encoding":"US-ASCII", "memsize":40, "flags":{"wb_protected":true}}
{"address":"0x10195fe00", "type":"ARRAY", "slot_size":40, "class":"0x1039f3540", "frozen":true, "length":2, "embedded":true, "references":["0x101970728"], "memsize":40, "flags":{"wb_protected":true}}
{"address":"0x10195fe28", "type":"ARRAY", "slot_size":40, "class":"0x1039f3540", "frozen":true, "length":2, "embedded":true, "references":["0x101970728"], "memsize":40, "flags":{"wb_protected":true}}
{"address":"0x10195fe50", "type":"STRING", "slot_size":40, "class":"0x1039feda0", "frozen":true, "embedded":true, "fstring":true, "bytesize":5, "value":"empty", "encoding":"US-ASCII", "memsize":40, "flags":{"wb_protected":true}}
{"address":"0x10195fe78", "type":"STRING", "slot_size":40, "class":"0x1039feda0", "frozen":true, "embedded":true, "fstring":true, "bytesize":11, "value":"double_heap", "encoding":"US-ASCII", "memsize":40, "flags":{"wb_protected":true}}
{"address":"0x10195fea0", "type":"STRING", "slot_size":40, "class":"0x1039feda0", "frozen":true, "embedded":true, "fstring":true, "bytesize":6, "value":"toward", "encoding":"US-ASCII", "memsize":40, "flags":{"wb_protected":true}}
{"address":"0x10195fec8", "type":"IMEMO", "slot_size":40, "imemo_type":"iseq", "references":["0x1039da018", "0x1039da018", "0x10195fe00"], "memsize":608, "flags":{"wb_protected":true}}
{"address":"0x10195fef0", "type":"ARRAY", "slot_size":40, "class":"0x1039f3540", "frozen":true, "length":2, "embedded":true, "references":["0x101970728"], "memsize":40, "flags":{"wb_protected":true}}
{"address":"0x10195ff18", "type":"ARRAY", "slot_size":40, "class":"0x1039f3540", "frozen":true, "length":2, "embedded":true, "references":["0x101970728"], "memsize":40, "flags":{"wb_protected":true}}
{"address":"0x10195ff40", "type":"IMEMO", "slot_size":40, "imemo_type":"iseq", "references":["0x1019bb3e0", "0x1019bb3e0", "0x10195fef0"], "memsize":400, "flags":{"wb_protected":true}}
{"address":"0x10195ff68", "type":"ARRAY", "slot_size":40, "class":"0x1039f3540", "frozen":true, "length":2, "embedded":true, "references":["0x101970728"], "memsize":40, "flags":{"wb_protected":true}}
{"address":"0x10195ff90", "type":"ARRAY", "slot_size":40, "class":"0x1039f3540", "frozen":true, "length":2, "embedded":true, "references":["0x101970728"], "memsize":40, "flags":{"wb_protected":true}}
{"address":"0x10195ffb8", "type":"IMEMO", "slot_size":40, "imemo_type":"iseq", "references":["0x1039da068", "0x1039da068", "0x10195ff68"], "memsize":400, "flags":{"wb_protected":true}}
{"address":"0x101970020", "type":"ARRAY", "slot_size":40, "class":"0x1039f3540", "frozen":true, "length":2, "embedded":true, "references":["0x101970728"], "memsize":40, "flags":{"wb_protected":true}}
{"address":"0x101970048", "type":"ARRAY", "slot_size":40, "class":"0x1039f3540", "frozen":true, "length":2, "embedded":true, "references":["0x101970728"], "memsize":40, "flags":{"wb_protected":true}}
{"address":"0x101970070", "type":"IMEMO", "slot_size":40, "imemo_type":"iseq", "references":["0x101970098", "0x101970098", "0x101970020"], "memsize":472, "flags":{"wb_protected":true}}
{"address":"0x101970098", "type":"STRING", "slot_size":40, "class":"0x1039feda0", "frozen":true, "embedded":true, "fstring":true, "bytesize":14, "value":"latest_gc_info", "encoding":"US-ASCII", "memsize":40, "flags":{"wb_protected":true}}
{"address":"0x1019700c0", "type":"ARRAY", "slot_size":40, "class":"0x1039f3540", "frozen":true, "length":2, "embedded":true, "references":["0x101970728"], "memsize":40, "flags":{"wb_protected":true}}
{"address":"0x1019700e8", "type":"ARRAY", "slot_size":40, "class":"0x1039f3540", "frozen":true, "length":2, "embedded":true, "references":["0x101970728"], "memsize":40, "flags":{"wb_protected":true}}
{"address":"0x101970110", "type":"STRING", "slot_size":40, "class":"0x1039feda0", "frozen":true, "embedded":true, "fstring":true, "bytesize":9, "value":"heap_name", "encoding":"US-ASCII", "memsize":40, "flags":{"wb_protected":true}}
{"address":"0x101970138", "type":"IMEMO", "slot_size":40, "imemo_type":"iseq", "references":["0x101970160", "0x101970160", "0x1019700c0"], "memsize":544, "flags":{"wb_protected":true}}
{"address":"0x101970160", "type":"STRING", "slot_size":40, "class":"0x1039feda0", "frozen":true, "embedded":true, "fstring":true, "bytesize":9, "value":"stat_heap", "encoding":"US-ASCII", "memsize":40, "flags":{"wb_protected":true}}
{"address":"0x101970188", "type":"ARRAY", "slot_size":40, "class":"0x1039f3540", "frozen":true, "length":2, "embedded":true, "references":["0x101970728"], "memsize":40, "flags":{"wb_protected":true}}
{"address":"0x1019701b0", "type":"ARRAY", "slot_size":40, "class":"0x1039f3540", "frozen":true, "length":2, "embedded":true, "references":["0x101970728"], "memsize":40, "flags":{"wb_protected":true}}
{"address":"0x1019701d8", "type":"STRING", "slot_size":40, "class":"0x1039feda0", "frozen":true, "embedded":true, "fstring":true, "bytesize":11, "value":"hash_or_key", "encoding":"US-ASCII", "memsize":40, "flags":{"wb_protected":true}}
{"address":"0x101970200", "type":"IMEMO", "slot_size":40, "imemo_type":"iseq", "references":["0x1019984d0", "0x1019984d0", "0x101970188"], "memsize":472, "flags":{"wb_protected":true}}
{"address":"0x101970228", "type":"ARRAY", "slot_size":40, "class":"0x1039f3540", "frozen":true, "length":2, "embedded":true, "references":["0x101970728"], "memsize":40, "flags":{"wb_protected":true}}
{"address":"0x101970250", "type":"ARRAY", "slot_size":40, "class":"0x1039f3540", "frozen":true, "length":2, "embedded":true, "references":["0x101970728"], "memsize":40, "flags":{"wb_protected":true}}
{"address":"0x101970278", "type":"IMEMO", "slot_size":40, "imemo_type":"iseq", "references":["0x1019bc2b8", "0x1019bc2b8", "0x101970228"], "memsize":400, "flags":{"wb_protected":true}}
{"address":"0x1019702a0", "type":"ARRAY", "slot_size":40, "class":"0x1039f3540", "frozen":true, "length":2, "embedded":true, "references":["0x101970728"], "memsize":40, "flags":{"wb_protected":true}}
{"address":"0x1019702c8", "type":"ARRAY", "slot_size":40, "class":"0x1039f3540", "frozen":true, "length":2, "embedded":true, "references":["0x101970728"], "memsize":40, "flags":{"wb_protected":true}}
{"address":"0x1019702f0", "type":"IMEMO", "slot_size":40, "imemo_type":"iseq", "references":["0x101970340", "0x101970340", "0x1019702a0"], "memsize":408, "flags":{"wb_protected":true}}
{"address":"0x101970318", "type":"ARRAY", "slot_size":40, "length":294, "references":["0x101970340", "0x1019701d8", "0x101970160", "0x101970110", "0x101970098", "0x1039da068", "0x1039da018", "0x10195fea0", "0x10195fe78", "0x10195fe50", "0x10195fdd8", "0x1039d9fc8", "0x1039d9f78", "0x10195f4a0", "0x10195f2e8", "0x10195f2c0", "0x10195f298", "0x1039d9e38", "0x10195f220", "0x10195f180", "0x10195f130", "0x10195f018", "0x10195eed8", "0x10195ed48", "0x10195eb90", "0x10195eb18", "0x10195ea78", "0x10195e9d8", "0x10195e898", "0x10195e7f8", "0x10195e208", "0x10195dba0", "0x10195db00", "0x10195d9e8", "0x10195cc78", "0x10195cc50", "0x10195cbb0", "0x10195c890", "0x10195c6b0", "0x10195c638", "0x10195c5e8", "0x10195c5c0", "0x10195c278", "0x10195c1b0", "0x10195c160", "0x10195c0c0", "0x10195c020", "0x10195bf08", "0x10195be68", "0x10195bdc8", "0x10195bc38", "0x10195b5a8", "0x10195b440", "0x10195b3a0", "0x10195b2d8", "0x10195b2b0", "0x10195b288", "0x10195b120", "0x10195af18", "0x10195ae78", "0x10195add8", "0x10195acc0", "0x10195ac20", "0x1039d9c58", "0x10195ab08", "0x1039d9c08", "0x10195a4a0", "0x10195a450", "0x10195a310", "0x10195a270", "0x101959ed8", "0x101959eb0", "0x101959b90", "0x101959af0", "0x101959a50", "0x101959a00", "0x1019599d8", "0x1019596b8", "0x1019595a0", "0x101959500", "0x101959460", "0x1019593c0", "0x101958f38", "0x101958e70", "0x101958e48", "0x101958678", "0x1019583a8", "0x101958240", "0x1019581f0", "0x101957ea8", "0x101957cf0", "0x101957cc8", "0x101957c78", "0x101957ac0", "0x101957980", "0x101957930", "0x101957908", "0x1039d9578", "0x1039d9528", "0x1039d94d8", "0x1039d9488", "0x1039d9438", "0x1039d93e8", "0x1019577a0", "0x1039d9398", "0x1039d9348", "0x101957890", "0x101957868", "0x101957778", "0x101957548", "0x101957520", "0x1019574f8", "0x1019571d8", "0x101957020", "0x101956ff8", "0x101956f58", "0x101956da0", "0x101956b70", "0x101956b48", "0x1019563c8", "0x101956350", "0x1039d8678", "0x101956288", "0x101956210", "0x1039d8628", "0x1039d85d8", "0x1039d8588", "0x1039d8538", "0x1039d84e8", "0x1039d8498", "0x1039d8448", "0x1039d83a8", "0x1039d8358", "0x1039d8308", "0x1039d82b8", "0x1039d8268", "0x1039d8218", "0x1039d81c8", "0x1039d8178", "0x1039d8128", "0x1039d80d8", "0x1039d8088", "0x101955b08", "0x101955ae0", "0x101955ab8", "0x101955a90", "0x101955a68", "0x101955a40"], "memsize":8232, "flags":{"wb_protected":true}}
{"address":"0x101970340", "type":"STRING", "slot_size":40, "class":"0x1039feda0", "frozen":true, "embedded":true, "fstring":true, "bytesize":7, "value":"stress=", "encoding":"US-ASCII", "memsize":40, "flags":{"wb_protected":true}}
{"address":"0x101970368", "type":"ARRAY", "slot_size":40, "class":"0x1039f3540", "frozen":true, "length":2, "embedded":true, "references":["0x101970728"], "memsize":40, "flags":{"wb_protected":true}}
{"address":"0x101970390", "type":"ARRAY", "slot_size":40, "class":"0x1039f3540", "frozen":true, "length":2, "embedded":true, "references":["0x101970728"], "memsize":40, "flags":{"wb_protected":true}}
{"address":"0x1019703b8", "type":"IMEMO", "slot_size":40, "imemo_type":"iseq", "references":["0x1019703e0", "0x1019703e0", "0x101970368"], "memsize":400, "flags":{"wb_protected":true}}
{"address":"0x1019703e0", "type":"STRING", "slot_size":40, "class":"0x1039feda0", "frozen":true, "embedded":true, "fstring":true, "bytesize":6, "value":"stress", "encoding":"US-ASCII", "memsize":40, "flags":{"wb_protected":true}}
{"address":"0x101970408", "type":"ARRAY", "slot_size":40, "class":"0x1039f3540", "frozen":true, "length":2, "embedded":true, "references":["0x101970728"], "memsize":40, "flags":{"wb_protected":true}}
{"address":"0x101970430", "type":"ARRAY", "slot_size":40, "class":"0x1039f3540", "frozen":true, "length":2, "embedded":true, "references":["0x101970728"], "memsize":40, "flags":{"wb_protected":true}}
{"address":"0x101970458", "type":"IMEMO", "slot_size":40, "imemo_type":"iseq", "references":["0x101990a50", "0x101990a50", "0x101970408"], "memsize":400, "flags":{"wb_protected":true}}
{"address":"0x101970480", "type":"ARRAY", "slot_size":40, "class":"0x1039f3540", "frozen":true, "length":2, "embedded":true, "references":["0x101970728"], "memsize":40, "flags":{"wb_protected":true}}
{"address":"0x1019704a8", "type":"ARRAY", "slot_size":40, "class":"0x1039f3540", "frozen":true, "length":2, "embedded":true, "references":["0x101970728"], "memsize":40, "flags":{"wb_protected":true}}
{"address":"0x1019704d0", "type":"IMEMO", "slot_size":40, "imemo_type":"iseq", "references":["0x101990af0", "0x101990af0", "0x101970480"], "memsize":400, "flags":{"wb_protected":true}}
{"address":"0x1019704f8", "type":"ARRAY", "slot_size":40, "class":"0x1039f3540", "frozen":true, "length":2, "embedded":true, "references":["0x101970728"], "memsize":40, "flags":{"wb_protected":true}}
{"address":"0x101970520", "type":"ARRAY", "slot_size":40, "class":"0x1039f3540", "frozen":true, "length":2, "embedded":true, "references":["0x101970728"], "memsize":40, "flags":{"wb_protected":true}}
{"address":"0x101970548", "type":"STRING", "slot_size":40, "class":"0x1039feda0", "frozen":true, "embedded":true, "fstring":true, "bytesize":4, "value":"flag", "encoding":"US-ASCII", "memsize":40, "flags":{"wb_protected":true}}
{"address":"0x101970570", "type":"IMEMO", "slot_size":40, "imemo_type":"iseq", "references":["0x101970598", "0x101970598", "0x1019704f8"], "memsize":408, "flags":{"wb_protected":true}}
{"address":"0x101970598", "type":"STRING", "slot_size":40, "class":"0x1039feda0", "frozen":true, "embedded":true, "fstring":true, "bytesize":13, "value":"auto_compact=", "encoding":"US-ASCII", "memsize":40, "flags":{"wb_protected":true}}
{"address":"0x1019705c0", "type":"ARRAY", "slot_size":40, "class":"0x1039f3540", "frozen":true, "length":2, "embedded":true, "references":["0x101970728"], "memsize":40, "flags":{"wb_protected":true}}
{"address":"0x1019705e8", "type":"ARRAY", "slot_size":40, "class":"0x1039f3540", "frozen":true, "length":2, "embedded":true, "references":["0x101970728"], "memsize":40, "flags":{"wb_protected":true}}
{"address":"0x101970610", "type":"IMEMO", "slot_size":40, "imemo_type":"iseq", "references":["0x101970638", "0x101970638", "0x1019705c0"], "memsize":400, "flags":{"wb_protected":true}}
{"address":"0x101970638", "type":"STRING", "slot_size":40, "class":"0x1039feda0", "frozen":true, "embedded":true, "fstring":true, "bytesize":12, "value":"auto_compact", "encoding":"US-ASCII", "memsize":40, "flags":{"wb_protected":true}}
{"address":"0x101970660", "type":"ARRAY", "slot_size":40, "class":"0x1039f3540", "frozen":true, "length":2, "embedded":true, "references":["0x101970728"], "memsize":40, "flags":{"wb_protected":true}}
{"address":"0x101970688", "type":"ARRAY", "slot_size":40, "class":"0x1039f3540", "frozen":true, "length":2, "embedded":true, "references":["0x101970728"], "memsize":40, "flags":{"wb_protected":true}}
{"address":"0x1019706b0", "type":"IMEMO", "slot_size":40, "imemo_type":"iseq", "references":["0x1019706d8", "0x1019706d8", "0x101970660"], "memsize":608, "flags":{"wb_protected":true}}
{"address":"0x1019706d8", "type":"STRING", "slot_size":40, "class":"0x1039feda0", "frozen":true, "embedded":true, "fstring":true, "bytesize":15, "value":"garbage_collect", "encoding":"US-ASCII", "memsize":40, "flags":{"wb_protected":true}}
{"address":"0x101970700", "type":"ARRAY", "slot_size":40, "class":"0x1039f3540", "frozen":true, "length":2, "embedded":true, "references":["0x101970728"], "memsize":40, "flags":{"wb_protected":true}}
{"address":"0x101970728", "type":"STRING", "slot_size":40, "class":"0x1039feda0", "frozen":true, "embedded":true, "fstring":true, "bytesize":13, "value":"<internal:gc>", "encoding":"US-ASCII", "memsize":40, "flags":{"wb_protected":true}}
{"address":"0x101970750", "type":"ARRAY", "slot_size":40, "class":"0x1039f3540", "frozen":true, "length":2, "embedded":true, "references":["0x101970728"], "memsize":40, "flags":{"wb_protected":true}}
{"address":"0x101970778", "type":"STRING", "slot_size":40, "class":"0x1039feda0", "frozen":true, "embedded":true, "fstring":true, "bytesize":15, "value":"immediate_sweep", "encoding":"US-ASCII", "memsize":40, "flags":{"wb_protected":true}}
{"address":"0x1019707a0", "type":"STRING", "slot_size":40, "class":"0x1039feda0", "frozen":true, "embedded":true, "fstring":true, "bytesize":14, "value":"immediate_mark", "encoding":"US-ASCII", "memsize":40, "flags":{"wb_protected":true}}
{"address":"0x1019707c8", "type":"STRING", "slot_size":40, "class":"0x1039feda0", "frozen":true, "embedded":true, "fstring":true, "bytesize":9, "value":"full_mark", "encoding":"US-ASCII", "memsize":40, "flags":{"wb_protected":true}}
{"address":"0x1019707f0", "type":"IMEMO", "slot_size":40, "imemo_type":"iseq", "references":["0x10197b2b8", "0x10197b2b8", "0x101970700"], "memsize":608, "flags":{"wb_protected":true}}
{"address":"0x101970818", "type":"IMEMO", "slot_size":40, "imemo_type":"iseq", "references":["0x1019707f0", "0x1019706b0", "0x101970610", "0x101970570", "0x1019704d0", "0x101970458", "0x1019703b8", "0x1019702f0", "0x101970278", "0x101970200", "0x101970138", "0x101970070", "0x10195ffb8", "0x10195ff40", "0x10195fec8", "0x10195fdb0", "0x10195fd38", "0x10195fcc0", "0x10195fc48", "0x10195fb80", "0x10195fb80", "0x10195fba8", "0x101970840"], "memsize":1568, "flags":{"wb_protected":true}}
{"address":"0x101970840", "type":"IMEMO", "slot_size":40, "imemo_type":"iseq", "references":["0x101970818", "0x10195fb58", "0x101970728", "0x101970728", "0x10195fa40"], "memsize":544, "flags":{"wb_protected":true}}
{"address":"0x101970868", "type":"DATA", "slot_size":40, "struct":"pinned_list", "references":["0x10195fa68", "0x101970728", "0x10195fbd0", "0x10195fb80", "0x10195fab8", "0x1039d9f28", "0x101970750", "0x10197b2b8", "0x101970688", "0x1019706d8", "0x1019705e8", "0x101970638", "0x101970520", "0x101970598", "0x1019704a8", "0x101990af0", "0x101970430", "0x101990a50", "0x101970390", "0x1019703e0", "0x1019702c8", "0x101970340", "0x101970250", "0x1019bc2b8", "0x1019701b0", "0x1019984d0", "0x1019700e8", "0x101970160", "0x101970048", "0x101970098", "0x10195ff90", "0x1039da068", "0x10195ff18", "0x1019bb3e0", "0x10195fe28", "0x1039da018", "0x10195fd88", "0x10195fdd8", "0x10195fd10", "0x1039d9fc8", "0x10195fc98", "0x1039d9f78", "0x10195fc20", "0x101990960", "0x10195fb08"], "memsize":728, "flags":{"wb_protected":true}}
{"address":"0x101970890", "type":"DATA", "slot_size":40, "struct":"pinned_list", "references":["0x101970840", "0x101970818", "0x10195fb58", "0x1019707f0", "0x1019706b0", "0x101970610", "0x101970570", "0x1019704d0", "0x101970458", "0x1019703b8", "0x1019702f0", "0x101970278", "0x101970200", "0x101970138", "0x101970070", "0x10195ffb8", "0x10195ff40", "0x10195fec8", "0x10195fdb0", "0x10195fd38", "0x10195fcc0", "0x10195fc48", "0x10195fb30"], "memsize":240, "flags":{"wb_protected":true}}
{"address":"0x1019708b8", "type":"DATA", "slot_size":40, "struct":"ibf_loader", "references":["0x101970890", "0x101970868"], "memsize":120, "flags":{"wb_protected":true}}
{"address":"0x1019708e0", "type":"STRING", "slot_size":40, "class":"0x1039feda0", "embedded":true, "bytesize":1, "value":"r", "memsize":40, "flags":{"wb_protected":true}}
{"address":"0x101970908", "type":"IMEMO", "slot_size":40, "class":"0x8", "imemo_type":"ment", "memsize":48, "flags":{"wb_protected":true}}
{"address":"0x101970930", "type":"IMEMO", "slot_size":40, "class":"0x1039f1380", "imemo_type":"callcache", "references":["0x10199a2f8"], "memsize":40, "flags":{"wb_protected":true}}
{"address":"0x101970958", "type":"STRING", "slot_size":40, "class":"0x1039feda0", "frozen":true, "embedded":true, "bytesize":9, "value":"./test.rb", "memsize":40, "flags":{"wb_protected":true}}
{"address":"0x101970980", "type":"FILE", "slot_size":40, "class":"0x1039f1380", "fd":-1, "references":["0x101970980", "0x101970958"], "memsize":8432}
{"address":"0x1019709a8", "type":"ARRAY", "slot_size":40, "frozen":true, "length":8, "references":["0x10197e800", "0x101979aa8", "0x101975f98", "0x1019754f8", "0x101974350", "0x101974030", "0x103a19380", "0x103a192e0"], "memsize":104, "flags":{"wb_protected":true}}
{"address":"0x1019709d0", "type":"ARRAY", "slot_size":40, "frozen":true, "length":15, "references":["0x1039da158", "0x103a19920", "0x103a19880", "0x1039da108", "0x1039da108", "0x103a19920", "0x103a19880", "0x103a197e0", "0x103a19740", "0x103a196a0", "0x103a19600", "0x103a19560", "0x103a194c0", "0x1039da0b8", "0x103a19420"], "memsize":160, "flags":{"wb_protected":true}}
{"address":"0x1019709f8", "type":"DATA", "slot_size":40, "struct":"parser", "references":["0x101970980", "0x101957b60", "0x10199a118"], "memsize":436}
{"address":"0x101970a20", "type":"ARRAY", "slot_size":40, "frozen":true, "length":24, "references":["0x10197e800", "0x101979aa8", "0x101975f98", "0x1019754f8", "0x101974350", "0x101974030", "0x101973a90", "0x101970b10"], "memsize":232, "flags":{"wb_protected":true}}
{"address":"0x101970a48", "type":"IMEMO", "slot_size":40, "class":"0x8", "imemo_type":"cref", "references":["0x1039ffe80"], "memsize":40, "flags":{"wb_protected":true}}
{"address":"0x101970a70", "type":"ARRAY", "slot_size":40, "class":"0x1039f3540", "frozen":true, "length":2, "embedded":true, "references":["0x101970b10"], "memsize":40, "flags":{"wb_protected":true}}
{"address":"0x101970a98", "type":"IMEMO", "slot_size":40, "imemo_type":"iseq", "references":["0x101970b10", "0x101970b10", "0x101970a70"], "memsize":368, "flags":{"wb_protected":true}}
{"address":"0x101970ac0", "type":"DATA", "slot_size":40, "struct":"thread_shield", "memsize":40}
{"address":"0x101970ae8", "type":"DATA", "slot_size":40, "struct":"mutex", "memsize":72, "flags":{"wb_protected":true}}
{"address":"0x101970b10", "type":"STRING", "slot_size":40, "class":"0x1039feda0", "frozen":true, "fstring":true, "bytesize":92, "capacity":134, "value":"/Users/jemmaissroff/src/github.com/Shopify/ruby/.ext/arm64-darwin21/enc/trans/transdb.bundle", "memsize":175, "flags":{"wb_protected":true}}
{"address":"0x101970b38", "type":"ARRAY", "slot_size":40, "frozen":true, "length":23, "references":["0x10197e800", "0x101979aa8", "0x101975f98", "0x1019754f8", "0x101974350", "0x101974030", "0x101973a90"], "memsize":224, "flags":{"wb_protected":true}}
{"address":"0x101970b60", "type":"STRING", "slot_size":40, "class":"0x1039feda0", "frozen":true, "embedded":true, "fstring":true, "bytesize":13, "value":"SJIS_SOFTBANK", "encoding":"US-ASCII", "memsize":40, "flags":{"wb_protected":true}}
{"address":"0x101970b88", "type":"STRING", "slot_size":40, "class":"0x1039feda0", "frozen":true, "embedded":true, "fstring":true, "bytesize":13, "value":"SJIS_SoftBank", "encoding":"US-ASCII", "memsize":40, "flags":{"wb_protected":true}}
{"address":"0x101970bb0", "type":"DATA", "slot_size":40, "class":"0x1039ff020", "frozen":true, "struct":"encoding", "memsize":40}
{"address":"0x101970bd8", "type":"STRING", "slot_size":40, "class":"0x1039feda0", "frozen":true, "embedded":true, "fstring":true, "bytesize":13, "value":"UTF8_SOFTBANK", "encoding":"US-ASCII", "memsize":40, "flags":{"wb_protected":true}}
{"address":"0x101970c00", "type":"STRING", "slot_size":40, "class":"0x1039feda0", "frozen":true, "embedded":true, "fstring":true, "bytesize":13, "value":"UTF8_SoftBank", "encoding":"US-ASCII", "memsize":40, "flags":{"wb_protected":true}}
{"address":"0x101970c28", "type":"DATA", "slot_size":40, "class":"0x1039ff020", "frozen":true, "struct":"encoding", "memsize":40}
{"address":"0x101970c50", "type":"DATA", "slot_size":40, "class":"0x1039ff020", "frozen":true, "struct":"encoding", "memsize":40}
{"address":"0x101970c78", "type":"DATA", "slot_size":40, "class":"0x1039ff020", "frozen":true, "struct":"encoding", "memsize":40}
{"address":"0x101970ca0", "type":"STRING", "slot_size":40, "class":"0x1039feda0", "frozen":true, "embedded":true, "fstring":true, "bytesize":9, "value":"SJIS_KDDI", "encoding":"US-ASCII", "memsize":40, "flags":{"wb_protected":true}}
{"address":"0x101970cc8", "type":"DATA", "slot_size":40, "class":"0x1039ff020", "frozen":true, "struct":"encoding", "memsize":40}
{"address":"0x101970cf0", "type":"STRING", "slot_size":40, "class":"0x1039feda0", "frozen":true, "embedded":true, "fstring":true, "bytesize":9, "value":"UTF8_KDDI", "encoding":"US-ASCII", "memsize":40, "flags":{"wb_protected":true}}
{"address":"0x101970d18", "type":"DATA", "slot_size":40, "class":"0x1039ff020", "frozen":true, "struct":"encoding", "memsize":40}
{"address":"0x101970d40", "type":"STRING", "slot_size":40, "class":"0x1039feda0", "frozen":true, "embedded":true, "fstring":true, "bytesize":11, "value":"SJIS_DOCOMO", "encoding":"US-ASCII", "memsize":40, "flags":{"wb_protected":true}}
{"address":"0x101970d68", "type":"STRING", "slot_size":40, "class":"0x1039feda0", "frozen":true, "embedded":true, "fstring":true, "bytesize":11, "value":"SJIS_DoCoMo", "encoding":"US-ASCII", "memsize":40, "flags":{"wb_protected":true}}
{"address":"0x101970d90", "type":"DATA", "slot_size":40, "class":"0x1039ff020", "frozen":true, "struct":"encoding", "memsize":40}
{"address":"0x101970db8", "type":"STRING", "slot_size":40, "class":"0x1039feda0", "frozen":true, "embedded":true, "fstring":true, "bytesize":11, "value":"UTF8_DOCOMO", "encoding":"US-ASCII", "memsize":40, "flags":{"wb_protected":true}}
{"address":"0x101970de0", "type":"STRING", "slot_size":40, "class":"0x1039feda0", "frozen":true, "embedded":true, "fstring":true, "bytesize":11, "value":"UTF8_DoCoMo", "encoding":"US-ASCII", "memsize":40, "flags":{"wb_protected":true}}
{"address":"0x101970e08", "type":"DATA", "slot_size":40, "class":"0x1039ff020", "frozen":true, "struct":"encoding", "memsize":40}
{"address":"0x101970e30", "type":"STRING", "slot_size":40, "class":"0x1039feda0", "frozen":true, "embedded":true, "fstring":true, "bytesize":6, "value":"CP1257", "encoding":"US-ASCII", "memsize":40, "flags":{"wb_protected":true}}
{"address":"0x101970e58", "type":"STRING", "slot_size":40, "class":"0x1039feda0", "frozen":true, "embedded":true, "fstring":true, "bytesize":6, "value":"CP1254", "encoding":"US-ASCII", "memsize":40, "flags":{"wb_protected":true}}
{"address":"0x101970e80", "type":"STRING", "slot_size":40, "class":"0x1039feda0", "frozen":true, "embedded":true, "fstring":true, "bytesize":6, "value":"CP1253", "encoding":"US-ASCII", "memsize":40, "flags":{"wb_protected":true}}
{"address":"0x101970ea8", "type":"STRING", "slot_size":40, "class":"0x1039feda0", "frozen":true, "embedded":true, "fstring":true, "bytesize":6, "value":"CP1252", "encoding":"US-ASCII", "memsize":40, "flags":{"wb_protected":true}}
{"address":"0x101970ed0", "type":"STRING", "slot_size":40, "class":"0x1039feda0", "frozen":true, "embedded":true, "fstring":true, "bytesize":6, "value":"CP1251", "encoding":"US-ASCII", "memsize":40, "flags":{"wb_protected":true}}
{"address":"0x101970ef8", "type":"STRING", "slot_size":40, "class":"0x1039feda0", "frozen":true, "embedded":true, "fstring":true, "bytesize":6, "value":"CP1250", "encoding":"US-ASCII", "memsize":40, "flags":{"wb_protected":true}}
{"address":"0x101970f20", "type":"STRING", "slot_size":40, "class":"0x1039feda0", "frozen":true, "embedded":true, "fstring":true, "bytesize":3, "value":"PCK", "encoding":"US-ASCII", "memsize":40, "flags":{"wb_protected":true}}
{"address":"0x101970f48", "type":"STRING", "slot_size":40, "class":"0x1039feda0", "frozen":true, "embedded":true, "fstring":true, "bytesize":4, "value":"SJIS", "encoding":"US-ASCII", "memsize":40, "flags":{"wb_protected":true}}
{"address":"0x101970f70", "type":"STRING", "slot_size":40, "class":"0x1039feda0", "frozen":true, "embedded":true, "fstring":true, "bytesize":12, "value":"CSWINDOWS31J", "encoding":"US-ASCII", "memsize":40, "flags":{"wb_protected":true}}
{"address":"0x101970f98", "type":"STRING", "slot_size":40, "class":"0x1039feda0", "frozen":true, "embedded":true, "fstring":true, "bytesize":12, "value":"CsWindows31J", "encoding":"US-ASCII", "memsize":40, "flags":{"wb_protected":true}}
{"address":"0x101970fc0", "type":"STRING", "slot_size":40, "class":"0x1039feda0", "frozen":true, "embedded":true, "fstring":true, "bytesize":5, "value":"CP932", "encoding":"US-ASCII", "memsize":40, "flags":{"wb_protected":true}}
{"address":"0x101970fe8", "type":"STRING", "slot_size":40, "class":"0x1039feda0", "frozen":true, "embedded":true, "fstring":true, "bytesize":7, "value":"UCS_4LE", "encoding":"US-ASCII", "memsize":40, "flags":{"wb_protected":true}}
{"address":"0x101971010", "type":"STRING", "slot_size":40, "class":"0x1039feda0", "frozen":true, "embedded":true, "fstring":true, "bytesize":7, "value":"UCS_4BE", "encoding":"US-ASCII", "memsize":40, "flags":{"wb_protected":true}}
{"address":"0x101971038", "type":"STRING", "slot_size":40, "class":"0x1039feda0", "frozen":true, "embedded":true, "fstring":true, "bytesize":7, "value":"UCS_2BE", "encoding":"US-ASCII", "memsize":40, "flags":{"wb_protected":true}}
{"address":"0x101971060", "type":"STRING", "slot_size":40, "class":"0x1039feda0", "frozen":true, "embedded":true, "fstring":true, "bytesize":6, "value":"UTF_32", "encoding":"US-ASCII", "memsize":40, "flags":{"wb_protected":true}}
{"address":"0x101971088", "type":"STRING", "slot_size":40, "class":"0x1039feda0", "frozen":true, "embedded":true, "fstring":true, "bytesize":6, "value":"UTF_16", "encoding":"US-ASCII", "memsize":40, "flags":{"wb_protected":true}}
{"address":"0x1019710b0", "type":"STRING", "slot_size":40, "class":"0x1039feda0", "frozen":true, "embedded":true, "fstring":true, "bytesize":9, "value":"UTF_8_HFS", "encoding":"US-ASCII", "memsize":40, "flags":{"wb_protected":true}}
{"address":"0x1019710d8", "type":"STRING", "slot_size":40, "class":"0x1039feda0", "frozen":true, "embedded":true, "fstring":true, "bytesize":9, "value":"UTF_8_MAC", "encoding":"US-ASCII", "memsize":40, "flags":{"wb_protected":true}}
{"address":"0x101971100", "type":"STRING", "slot_size":40, "class":"0x1039feda0", "frozen":true, "embedded":true, "fstring":true, "bytesize":8, "value":"UTF8_MAC", "encoding":"US-ASCII", "memsize":40, "flags":{"wb_protected":true}}
{"address":"0x101971128", "type":"STRING", "slot_size":40, "class":"0x1039feda0", "frozen":true, "embedded":true, "fstring":true, "bytesize":7, "value":"CP65001", "encoding":"US-ASCII", "memsize":40, "flags":{"wb_protected":true}}
{"address":"0x101971150", "type":"STRING", "slot_size":40, "class":"0x1039feda0", "frozen":true, "embedded":true, "fstring":true, "bytesize":7, "value":"CP65000", "encoding":"US-ASCII", "memsize":40, "flags":{"wb_protected":true}}
{"address":"0x101971178", "type":"STRING", "slot_size":40, "class":"0x1039feda0", "frozen":true, "embedded":true, "fstring":true, "bytesize":5, "value":"UTF_7", "encoding":"US-ASCII", "memsize":40, "flags":{"wb_protected":true}}
{"address":"0x1019711a0", "type":"DATA", "slot_size":40, "class":"0x1039ff020", "frozen":true, "struct":"encoding", "memsize":40}
{"address":"0x1019711c8", "type":"STRING", "slot_size":40, "class":"0x1039feda0", "frozen":true, "embedded":true, "fstring":true, "bytesize":14, "value":"ANSI_X3_4_1968", "encoding":"US-ASCII", "memsize":40, "flags":{"wb_protected":true}}
{"address":"0x1019711f0", "type":"STRING", "slot_size":40, "class":"0x1039feda0", "frozen":true, "embedded":true, "fstring":true, "bytesize":5, "value":"ASCII", "encoding":"US-ASCII", "memsize":40, "flags":{"wb_protected":true}}
{"address":"0x101971218", "type":"STRING", "slot_size":40, "class":"0x1039feda0", "frozen":true, "embedded":true, "fstring":true, "bytesize":8, "value":"MACJAPAN", "encoding":"US-ASCII", "memsize":40, "flags":{"wb_protected":true}}
{"address":"0x101971240", "type":"STRING", "slot_size":40, "class":"0x1039feda0", "frozen":true, "embedded":true, "fstring":true, "bytesize":8, "value":"MacJapan", "encoding":"US-ASCII", "memsize":40, "flags":{"wb_protected":true}}
{"address":"0x101971268", "type":"STRING", "slot_size":40, "class":"0x1039feda0", "frozen":true, "embedded":true, "fstring":true, "bytesize":11, "value":"MACJAPANESE", "encoding":"US-ASCII", "memsize":40, "flags":{"wb_protected":true}}
{"address":"0x101971290", "type":"STRING", "slot_size":40, "class":"0x1039feda0", "frozen":true, "embedded":true, "fstring":true, "bytesize":11, "value":"MacJapanese", "encoding":"US-ASCII", "memsize":40, "flags":{"wb_protected":true}}
{"address":"0x1019712b8", "type":"DATA", "slot_size":40, "class":"0x1039ff020", "frozen":true, "struct":"encoding", "memsize":40}
{"address":"0x1019712e0", "type":"STRING", "slot_size":40, "class":"0x1039feda0", "frozen":true, "embedded":true, "fstring":true, "bytesize":5, "value":"CP878", "encoding":"US-ASCII", "memsize":40, "flags":{"wb_protected":true}}
{"address":"0x101971308", "type":"STRING", "slot_size":40, "class":"0x1039feda0", "frozen":true, "embedded":true, "fstring":true, "bytesize":10, "value":"ISO8859_16", "encoding":"US-ASCII", "memsize":40, "flags":{"wb_protected":true}}
{"address":"0x101971330", "type":"STRING", "slot_size":40, "class":"0x1039feda0", "frozen":true, "embedded":true, "fstring":true, "bytesize":10, "value":"ISO8859_15", "encoding":"US-ASCII", "memsize":40, "flags":{"wb_protected":true}}
{"address":"0x101971358", "type":"STRING", "slot_size":40, "class":"0x1039feda0", "frozen":true, "embedded":true, "fstring":true, "bytesize":10, "value":"ISO8859_14", "encoding":"US-ASCII", "memsize":40, "flags":{"wb_protected":true}}
{"address":"0x101971380", "type":"STRING", "slot_size":40, "class":"0x1039feda0", "frozen":true, "embedded":true, "fstring":true, "bytesize":10, "value":"ISO8859_13", "encoding":"US-ASCII", "memsize":40, "flags":{"wb_protected":true}}
{"address":"0x1019713a8", "type":"STRING", "slot_size":40, "class":"0x1039feda0", "frozen":true, "embedded":true, "fstring":true, "bytesize":5, "value":"CP874", "encoding":"US-ASCII", "memsize":40, "flags":{"wb_protected":true}}
{"address":"0x1019713d0", "type":"STRING", "slot_size":40, "class":"0x1039feda0", "frozen":true, "embedded":true, "fstring":true, "bytesize":11, "value":"WINDOWS_874", "encoding":"US-ASCII", "memsize":40, "flags":{"wb_protected":true}}
{"address":"0x1019713f8", "type":"STRING", "slot_size":40, "class":"0x1039feda0", "frozen":true, "embedded":true, "fstring":true, "bytesize":11, "value":"Windows_874", "encoding":"US-ASCII", "memsize":40, "flags":{"wb_protected":true}}
{"address":"0x101971420", "type":"DATA", "slot_size":40, "class":"0x1039ff020", "frozen":true, "struct":"encoding", "memsize":40}
{"address":"0x101971448", "type":"STRING", "slot_size":40, "class":"0x1039feda0", "frozen":true, "embedded":true, "fstring":true, "bytesize":7, "value":"TIS_620", "encoding":"US-ASCII", "memsize":40, "flags":{"wb_protected":true}}
{"address":"0x101971470", "type":"DATA", "slot_size":40, "class":"0x1039ff020", "frozen":true, "struct":"encoding", "memsize":40}
{"address":"0x101971498", "type":"STRING", "slot_size":40, "class":"0x1039feda0", "frozen":true, "embedded":true, "fstring":true, "bytesize":10, "value":"ISO8859_11", "encoding":"US-ASCII", "memsize":40, "flags":{"wb_protected":true}}
{"address":"0x1019714c0", "type":"STRING", "slot_size":40, "class":"0x1039feda0", "frozen":true, "embedded":true, "fstring":true, "bytesize":10, "value":"ISO8859_10", "encoding":"US-ASCII", "memsize":40, "flags":{"wb_protected":true}}
{"address":"0x1019714e8", "type":"STRING", "slot_size":40, "class":"0x1039feda0", "frozen":true, "embedded":true, "fstring":true, "bytesize":9, "value":"ISO8859_9", "encoding":"US-ASCII", "memsize":40, "flags":{"wb_protected":true}}
{"address":"0x101971510", "type":"STRING", "slot_size":40, "class":"0x1039feda0", "frozen":true, "embedded":true, "fstring":true, "bytesize":6, "value":"CP1255", "encoding":"US-ASCII", "memsize":40, "flags":{"wb_protected":true}}
{"address":"0x101971538", "type":"STRING", "slot_size":40, "class":"0x1039feda0", "frozen":true, "embedded":true, "fstring":true, "bytesize":12, "value":"WINDOWS_1255", "encoding":"US-ASCII", "memsize":40, "flags":{"wb_protected":true}}
{"address":"0x101971560", "type":"STRING", "slot_size":40, "class":"0x1039feda0", "frozen":true, "embedded":true, "fstring":true, "bytesize":12, "value":"Windows_1255", "encoding":"US-ASCII", "memsize":40, "flags":{"wb_protected":true}}
{"address":"0x101971588", "type":"DATA", "slot_size":40, "class":"0x1039ff020", "frozen":true, "struct":"encoding", "memsize":40}
{"address":"0x1019715b0", "type":"STRING", "slot_size":40, "class":"0x1039feda0", "frozen":true, "embedded":true, "fstring":true, "bytesize":9, "value":"ISO8859_8", "encoding":"US-ASCII", "memsize":40, "flags":{"wb_protected":true}}
{"address":"0x1019715d8", "type":"STRING", "slot_size":40, "class":"0x1039feda0", "frozen":true, "embedded":true, "fstring":true, "bytesize":9, "value":"ISO8859_7", "encoding":"US-ASCII", "memsize":40, "flags":{"wb_protected":true}}
{"address":"0x101971600", "type":"STRING", "slot_size":40, "class":"0x1039feda0", "frozen":true, "embedded":true, "fstring":true, "bytesize":6, "value":"CP1256", "encoding":"US-ASCII", "memsize":40, "flags":{"wb_protected":true}}
{"address":"0x101971628", "type":"STRING", "slot_size":40, "class":"0x1039feda0", "frozen":true, "embedded":true, "fstring":true, "bytesize":12, "value":"WINDOWS_1256", "encoding":"US-ASCII", "memsize":40, "flags":{"wb_protected":true}}
{"address":"0x101971650", "type":"STRING", "slot_size":40, "class":"0x1039feda0", "frozen":true, "embedded":true, "fstring":true, "bytesize":12, "value":"Windows_1256", "encoding":"US-ASCII", "memsize":40, "flags":{"wb_protected":true}}
{"address":"0x101971678", "type":"DATA", "slot_size":40, "class":"0x1039ff020", "frozen":true, "struct":"encoding", "memsize":40}
{"address":"0x1019716a0", "type":"STRING", "slot_size":40, "class":"0x1039feda0", "frozen":true, "embedded":true, "fstring":true, "bytesize":9, "value":"ISO8859_6", "encoding":"US-ASCII", "memsize":40, "flags":{"wb_protected":true}}
{"address":"0x1019716c8", "type":"STRING", "slot_size":40, "class":"0x1039feda0", "frozen":true, "embedded":true, "fstring":true, "bytesize":9, "value":"ISO8859_5", "encoding":"US-ASCII", "memsize":40, "flags":{"wb_protected":true}}
{"address":"0x1019716f0", "type":"STRING", "slot_size":40, "class":"0x1039feda0", "frozen":true, "embedded":true, "fstring":true, "bytesize":9, "value":"ISO8859_4", "encoding":"US-ASCII", "memsize":40, "flags":{"wb_protected":true}}
{"address":"0x101971718", "type":"STRING", "slot_size":40, "class":"0x1039feda0", "frozen":true, "embedded":true, "fstring":true, "bytesize":9, "value":"ISO8859_3", "encoding":"US-ASCII", "memsize":40, "flags":{"wb_protected":true}}
{"address":"0x101971740", "type":"STRING", "slot_size":40, "class":"0x1039feda0", "frozen":true, "embedded":true, "fstring":true, "bytesize":9, "value":"ISO8859_2", "encoding":"US-ASCII", "memsize":40, "flags":{"wb_protected":true}}
{"address":"0x101971768", "type":"STRING", "slot_size":40, "class":"0x1039feda0", "frozen":true, "embedded":true, "fstring":true, "bytesize":9, "value":"ISO8859_1", "encoding":"US-ASCII", "memsize":40, "flags":{"wb_protected":true}}
{"address":"0x101971790", "type":"STRING", "slot_size":40, "class":"0x1039feda0", "frozen":true, "embedded":true, "fstring":true, "bytesize":7, "value":"CP50221", "encoding":"US-ASCII", "memsize":40, "flags":{"wb_protected":true}}
{"address":"0x1019717b8", "type":"DATA", "slot_size":40, "class":"0x1039ff020", "frozen":true, "struct":"encoding", "memsize":40}
{"address":"0x1019717e0", "type":"STRING", "slot_size":40, "class":"0x1039feda0", "frozen":true, "embedded":true, "fstring":true, "bytesize":7, "value":"CP50220", "encoding":"US-ASCII", "memsize":40, "flags":{"wb_protected":true}}
{"address":"0x101971808", "type":"DATA", "slot_size":40, "class":"0x1039ff020", "frozen":true, "struct":"encoding", "memsize":40}
{"address":"0x101971830", "type":"STRING", "slot_size":40, "class":"0x1039feda0", "frozen":true, "embedded":true, "fstring":true, "bytesize":11, "value":"ISO2022_JP2", "encoding":"US-ASCII", "memsize":40, "flags":{"wb_protected":true}}
{"address":"0x101971858", "type":"STRING", "slot_size":40, "class":"0x1039feda0", "frozen":true, "embedded":true, "fstring":true, "bytesize":13, "value":"ISO_2022_JP_2", "encoding":"US-ASCII", "memsize":40, "flags":{"wb_protected":true}}
{"address":"0x101971880", "type":"DATA", "slot_size":40, "class":"0x1039ff020", "frozen":true, "struct":"encoding", "memsize":40}
{"address":"0x1019718a8", "type":"STRING", "slot_size":40, "class":"0x1039feda0", "frozen":true, "embedded":true, "fstring":true, "bytesize":10, "value":"ISO2022_JP", "encoding":"US-ASCII", "memsize":40, "flags":{"wb_protected":true}}
{"address":"0x1019718d0", "type":"STRING", "slot_size":40, "class":"0x1039feda0", "frozen":true, "embedded":true, "fstring":true, "bytesize":11, "value":"ISO_2022_JP", "encoding":"US-ASCII", "memsize":40, "flags":{"wb_protected":true}}
{"address":"0x1019718f8", "type":"DATA", "slot_size":40, "class":"0x1039ff020", "frozen":true, "struct":"encoding", "memsize":40}
{"address":"0x101971920", "type":"STRING", "slot_size":40, "class":"0x1039feda0", "frozen":true, "embedded":true, "fstring":true, "bytesize":5, "value":"CP936", "encoding":"US-ASCII", "memsize":40, "flags":{"wb_protected":true}}
{"address":"0x101971948", "type":"STRING", "slot_size":40, "class":"0x1039feda0", "frozen":true, "embedded":true, "fstring":true, "bytesize":7, "value":"GB12345", "encoding":"US-ASCII", "memsize":40, "flags":{"wb_protected":true}}
{"address":"0x101971970", "type":"DATA", "slot_size":40, "class":"0x1039ff020", "frozen":true, "struct":"encoding", "memsize":40}
{"address":"0x101971998", "type":"STRING", "slot_size":40, "class":"0x1039feda0", "frozen":true, "embedded":true, "fstring":true, "bytesize":5, "value":"EUCCN", "encoding":"US-ASCII", "memsize":40, "flags":{"wb_protected":true}}
{"address":"0x1019719c0", "type":"STRING", "slot_size":40, "class":"0x1039feda0", "frozen":true, "embedded":true, "fstring":true, "bytesize":5, "value":"EucCN", "encoding":"US-ASCII", "memsize":40, "flags":{"wb_protected":true}}
{"address":"0x1019719e8", "type":"STRING", "slot_size":40, "class":"0x1039feda0", "frozen":true, "embedded":true, "fstring":true, "bytesize":6, "value":"EUC_CN", "encoding":"US-ASCII", "memsize":40, "flags":{"wb_protected":true}}
{"address":"0x101971a10", "type":"STRING", "slot_size":40, "class":"0x1039feda0", "frozen":true, "embedded":true, "fstring":true, "bytesize":6, "value":"GB2312", "encoding":"US-ASCII", "memsize":40, "flags":{"wb_protected":true}}
{"address":"0x101971a38", "type":"DATA", "slot_size":40, "class":"0x1039ff020", "frozen":true, "struct":"encoding", "memsize":40}
{"address":"0x101971a60", "type":"STRING", "slot_size":40, "class":"0x1039feda0", "frozen":true, "embedded":true, "fstring":true, "bytesize":5, "value":"EUCTW", "encoding":"US-ASCII", "memsize":40, "flags":{"wb_protected":true}}
{"address":"0x101971a88", "type":"STRING", "slot_size":40, "class":"0x1039feda0", "frozen":true, "embedded":true, "fstring":true, "bytesize":5, "value":"EucTW", "encoding":"US-ASCII", "memsize":40, "flags":{"wb_protected":true}}
{"address":"0x101971ab0", "type":"STRING", "slot_size":40, "class":"0x1039feda0", "frozen":true, "embedded":true, "fstring":true, "bytesize":5, "value":"EUCKR", "encoding":"US-ASCII", "memsize":40, "flags":{"wb_protected":true}}
{"address":"0x101971ad8", "type":"STRING", "slot_size":40, "class":"0x1039feda0", "frozen":true, "embedded":true, "fstring":true, "bytesize":5, "value":"EucKR", "encoding":"US-ASCII", "memsize":40, "flags":{"wb_protected":true}}
{"address":"0x101971b00", "type":"STRING", "slot_size":40, "class":"0x1039feda0", "frozen":true, "embedded":true, "fstring":true, "bytesize":12, "value":"EUC_JISX0213", "encoding":"US-ASCII", "memsize":40, "flags":{"wb_protected":true}}
{"address":"0x101971b28", "type":"STRING", "slot_size":40, "class":"0x1039feda0", "frozen":true, "embedded":true, "fstring":true, "bytesize":12, "value":"EUC_JIS_2004", "encoding":"US-ASCII", "memsize":40, "flags":{"wb_protected":true}}
{"address":"0x101971b50", "type":"DATA", "slot_size":40, "class":"0x1039ff020", "frozen":true, "struct":"encoding", "memsize":40}
{"address":"0x101971b78", "type":"STRING", "slot_size":40, "class":"0x1039feda0", "frozen":true, "embedded":true, "fstring":true, "bytesize":7, "value":"CP51932", "encoding":"US-ASCII", "memsize":40, "flags":{"wb_protected":true}}
{"address":"0x101971ba0", "type":"DATA", "slot_size":40, "class":"0x1039ff020", "frozen":true, "struct":"encoding", "memsize":40}
{"address":"0x101971bc8", "type":"STRING", "slot_size":40, "class":"0x1039feda0", "frozen":true, "embedded":true, "fstring":true, "bytesize":9, "value":"EUC_JP_MS", "encoding":"US-ASCII", "memsize":40, "flags":{"wb_protected":true}}
{"address":"0x101971bf0", "type":"STRING", "slot_size":40, "class":"0x1039feda0", "frozen":true, "embedded":true, "fstring":true, "bytesize":8, "value":"EUCJP_MS", "encoding":"US-ASCII", "memsize":40, "flags":{"wb_protected":true}}
{"address":"0x101971c18", "type":"STRING", "slot_size":40, "class":"0x1039feda0", "frozen":true, "embedded":true, "fstring":true, "bytesize":8, "value":"EucJP_ms", "encoding":"US-ASCII", "memsize":40, "flags":{"wb_protected":true}}
{"address":"0x101971c40", "type":"DATA", "slot_size":40, "class":"0x1039ff020", "frozen":true, "struct":"encoding", "memsize":40}
{"address":"0x101971c68", "type":"STRING", "slot_size":40, "class":"0x1039feda0", "frozen":true, "embedded":true, "fstring":true, "bytesize":5, "value":"EUCJP", "encoding":"US-ASCII", "memsize":40, "flags":{"wb_protected":true}}
{"address":"0x101971c90", "type":"STRING", "slot_size":40, "class":"0x1039feda0", "frozen":true, "embedded":true, "fstring":true, "bytesize":5, "value":"EucJP", "encoding":"US-ASCII", "memsize":40, "flags":{"wb_protected":true}}
{"address":"0x101971cb8", "type":"DATA", "slot_size":40, "class":"0x1039ff020", "frozen":true, "struct":"encoding", "memsize":40}
{"address":"0x101971ce0", "type":"STRING", "slot_size":40, "class":"0x1039feda0", "frozen":true, "embedded":true, "fstring":true, "bytesize":12, "value":"EBCDIC_CP_US", "encoding":"US-ASCII", "memsize":40, "flags":{"wb_protected":true}}
{"address":"0x101971d08", "type":"STRING", "slot_size":40, "class":"0x1039feda0", "frozen":true, "embedded":true, "fstring":true, "bytesize":6, "value":"IBM037", "encoding":"US-ASCII", "memsize":40, "flags":{"wb_protected":true}}
{"address":"0x101971d30", "type":"DATA", "slot_size":40, "class":"0x1039ff020", "frozen":true, "struct":"encoding", "memsize":40}
{"address":"0x101971d58", "type":"STRING", "slot_size":40, "class":"0x1039feda0", "frozen":true, "embedded":true, "fstring":true, "bytesize":5, "value":"CP951", "encoding":"US-ASCII", "memsize":40, "flags":{"wb_protected":true}}
{"address":"0x101971d80", "type":"DATA", "slot_size":40, "class":"0x1039ff020", "frozen":true, "struct":"encoding", "memsize":40}
{"address":"0x101971da8", "type":"STRING", "slot_size":40, "class":"0x1039feda0", "frozen":true, "embedded":true, "fstring":true, "bytesize":15, "value":"BIG5_HKSCS_2008", "encoding":"US-ASCII", "memsize":40, "flags":{"wb_protected":true}}
{"address":"0x101971dd0", "type":"STRING", "slot_size":40, "class":"0x1039feda0", "frozen":true, "embedded":true, "fstring":true, "bytesize":15, "value":"Big5_HKSCS_2008", "encoding":"US-ASCII", "memsize":40, "flags":{"wb_protected":true}}
{"address":"0x101971df8", "type":"STRING", "slot_size":40, "class":"0x1039feda0", "frozen":true, "embedded":true, "fstring":true, "bytesize":5, "value":"CP950", "encoding":"US-ASCII", "memsize":40, "flags":{"wb_protected":true}}
{"address":"0x101971e20", "type":"DATA", "slot_size":40, "class":"0x1039ff020", "frozen":true, "struct":"encoding", "memsize":40}
{"address":"0x101971e48", "type":"STRING", "slot_size":40, "class":"0x1039feda0", "frozen":true, "embedded":true, "fstring":true, "bytesize":10, "value":"MACUKRAINE", "encoding":"US-ASCII", "memsize":40, "flags":{"wb_protected":true}}
{"address":"0x101971e70", "type":"STRING", "slot_size":40, "class":"0x1039feda0", "frozen":true, "embedded":true, "fstring":true, "bytesize":10, "value":"MacUkraine", "encoding":"US-ASCII", "memsize":40, "flags":{"wb_protected":true}}
{"address":"0x101971e98", "type":"DATA", "slot_size":40, "class":"0x1039ff020", "frozen":true, "struct":"encoding", "memsize":40}
{"address":"0x101971ec0", "type":"STRING", "slot_size":40, "class":"0x1039feda0", "frozen":true, "embedded":true, "fstring":true, "bytesize":10, "value":"MACTURKISH", "encoding":"US-ASCII", "memsize":40, "flags":{"wb_protected":true}}
{"address":"0x101971ee8", "type":"STRING", "slot_size":40, "class":"0x1039feda0", "frozen":true, "embedded":true, "fstring":true, "bytesize":10, "value":"MacTurkish", "encoding":"US-ASCII", "memsize":40, "flags":{"wb_protected":true}}
{"address":"0x101971f10", "type":"DATA", "slot_size":40, "class":"0x1039ff020", "frozen":true, "struct":"encoding", "memsize":40}
{"address":"0x101971f38", "type":"STRING", "slot_size":40, "class":"0x1039feda0", "frozen":true, "embedded":true, "fstring":true, "bytesize":7, "value":"MACTHAI", "encoding":"US-ASCII", "memsize":40, "flags":{"wb_protected":true}}
{"address":"0x101971f60", "type":"STRING", "slot_size":40, "class":"0x1039feda0", "frozen":true, "embedded":true, "fstring":true, "bytesize":7, "value":"MacThai", "encoding":"US-ASCII", "memsize":40, "flags":{"wb_protected":true}}
{"address":"0x101971f88", "type":"DATA", "slot_size":40, "class":"0x1039ff020", "frozen":true, "struct":"encoding", "memsize":40}
{"address":"0x101971fb0", "type":"STRING", "slot_size":40, "class":"0x1039feda0", "frozen":true, "embedded":true, "fstring":true, "bytesize":10, "value":"MACROMANIA", "encoding":"US-ASCII", "memsize":40, "flags":{"wb_protected":true}}
{"address":"0x101971fd8", "type":"STRING", "slot_size":40, "class":"0x1039feda0", "frozen":true, "embedded":true, "fstring":true, "bytesize":10, "value":"MacRomania", "encoding":"US-ASCII", "memsize":40, "flags":{"wb_protected":true}}
{"address":"0x101972000", "type":"DATA", "slot_size":40, "class":"0x1039ff020", "frozen":true, "struct":"encoding", "memsize":40}
{"address":"0x101972028", "type":"STRING", "slot_size":40, "class":"0x1039feda0", "frozen":true, "embedded":true, "fstring":true, "bytesize":8, "value":"MACROMAN", "encoding":"US-ASCII", "memsize":40, "flags":{"wb_protected":true}}
{"address":"0x101972050", "type":"STRING", "slot_size":40, "class":"0x1039feda0", "frozen":true, "embedded":true, "fstring":true, "bytesize":8, "value":"MacRoman", "encoding":"US-ASCII", "memsize":40, "flags":{"wb_protected":true}}
{"address":"0x101972078", "type":"DATA", "slot_size":40, "class":"0x1039ff020", "frozen":true, "struct":"encoding", "memsize":40}
{"address":"0x1019720a0", "type":"STRING", "slot_size":40, "class":"0x1039feda0", "frozen":true, "embedded":true, "fstring":true, "bytesize":10, "value":"MACICELAND", "encoding":"US-ASCII", "memsize":40, "flags":{"wb_protected":true}}
{"address":"0x1019720c8", "type":"STRING", "slot_size":40, "class":"0x1039feda0", "frozen":true, "embedded":true, "fstring":true, "bytesize":10, "value":"MacIceland", "encoding":"US-ASCII", "memsize":40, "flags":{"wb_protected":true}}
{"address":"0x1019720f0", "type":"DATA", "slot_size":40, "class":"0x1039ff020", "frozen":true, "struct":"encoding", "memsize":40}
{"address":"0x101972118", "type":"STRING", "slot_size":40, "class":"0x1039feda0", "frozen":true, "embedded":true, "fstring":true, "bytesize":8, "value":"MACGREEK", "encoding":"US-ASCII", "memsize":40, "flags":{"wb_protected":true}}
{"address":"0x101972140", "type":"STRING", "slot_size":40, "class":"0x1039feda0", "frozen":true, "embedded":true, "fstring":true, "bytesize":8, "value":"MacGreek", "encoding":"US-ASCII", "memsize":40, "flags":{"wb_protected":true}}
{"address":"0x101972168", "type":"DATA", "slot_size":40, "class":"0x1039ff020", "frozen":true, "struct":"encoding", "memsize":40}
{"address":"0x101972190", "type":"STRING", "slot_size":40, "class":"0x1039feda0", "frozen":true, "embedded":true, "fstring":true, "bytesize":11, "value":"MACCYRILLIC", "encoding":"US-ASCII", "memsize":40, "flags":{"wb_protected":true}}
{"address":"0x1019721b8", "type":"STRING", "slot_size":40, "class":"0x1039feda0", "frozen":true, "embedded":true, "fstring":true, "bytesize":11, "value":"MacCyrillic", "encoding":"US-ASCII", "memsize":40, "flags":{"wb_protected":true}}
{"address":"0x1019721e0", "type":"DATA", "slot_size":40, "class":"0x1039ff020", "frozen":true, "struct":"encoding", "memsize":40}
{"address":"0x101972208", "type":"STRING", "slot_size":40, "class":"0x1039feda0", "frozen":true, "embedded":true, "fstring":true, "bytesize":11, "value":"MACCROATIAN", "encoding":"US-ASCII", "memsize":40, "flags":{"wb_protected":true}}
{"address":"0x101972230", "type":"STRING", "slot_size":40, "class":"0x1039feda0", "frozen":true, "embedded":true, "fstring":true, "bytesize":11, "value":"MacCroatian", "encoding":"US-ASCII", "memsize":40, "flags":{"wb_protected":true}}
{"address":"0x101972258", "type":"DATA", "slot_size":40, "class":"0x1039ff020", "frozen":true, "struct":"encoding", "memsize":40}
{"address":"0x101972280", "type":"STRING", "slot_size":40, "class":"0x1039feda0", "frozen":true, "embedded":true, "fstring":true, "bytesize":11, "value":"MACCENTEURO", "encoding":"US-ASCII", "memsize":40, "flags":{"wb_protected":true}}
{"address":"0x1019722a8", "type":"STRING", "slot_size":40, "class":"0x1039feda0", "frozen":true, "embedded":true, "fstring":true, "bytesize":11, "value":"MacCentEuro", "encoding":"US-ASCII", "memsize":40, "flags":{"wb_protected":true}}
{"address":"0x1019722d0", "type":"DATA", "slot_size":40, "class":"0x1039ff020", "frozen":true, "struct":"encoding", "memsize":40}
{"address":"0x1019722f8", "type":"STRING", "slot_size":40, "class":"0x1039feda0", "frozen":true, "embedded":true, "fstring":true, "bytesize":6, "value":"GB1988", "encoding":"US-ASCII", "memsize":40, "flags":{"wb_protected":true}}
{"address":"0x101972320", "type":"DATA", "slot_size":40, "class":"0x1039ff020", "frozen":true, "struct":"encoding", "memsize":40}
{"address":"0x101972348", "type":"STRING", "slot_size":40, "class":"0x1039feda0", "frozen":true, "embedded":true, "fstring":true, "bytesize":6, "value":"CP1258", "encoding":"US-ASCII", "memsize":40, "flags":{"wb_protected":true}}
{"address":"0x101972370", "type":"STRING", "slot_size":40, "class":"0x1039feda0", "frozen":true, "embedded":true, "fstring":true, "bytesize":12, "value":"WINDOWS_1258", "encoding":"US-ASCII", "memsize":40, "flags":{"wb_protected":true}}
{"address":"0x101972398", "type":"STRING", "slot_size":40, "class":"0x1039feda0", "frozen":true, "embedded":true, "fstring":true, "bytesize":12, "value":"Windows_1258", "encoding":"US-ASCII", "memsize":40, "flags":{"wb_protected":true}}
{"address":"0x1019723c0", "type":"DATA", "slot_size":40, "class":"0x1039ff020", "frozen":true, "struct":"encoding", "memsize":40}
{"address":"0x1019723e8", "type":"STRING", "slot_size":40, "class":"0x1039feda0", "frozen":true, "embedded":true, "fstring":true, "bytesize":5, "value":"CP869", "encoding":"US-ASCII", "memsize":40, "flags":{"wb_protected":true}}
{"address":"0x101972410", "type":"STRING", "slot_size":40, "class":"0x1039feda0", "frozen":true, "embedded":true, "fstring":true, "bytesize":6, "value":"IBM869", "encoding":"US-ASCII", "memsize":40, "flags":{"wb_protected":true}}
{"address":"0x101972438", "type":"DATA", "slot_size":40, "class":"0x1039ff020", "frozen":true, "struct":"encoding", "memsize":40}
{"address":"0x101972460", "type":"STRING", "slot_size":40, "class":"0x1039feda0", "frozen":true, "embedded":true, "fstring":true, "bytesize":5, "value":"CP866", "encoding":"US-ASCII", "memsize":40, "flags":{"wb_protected":true}}
{"address":"0x101972488", "type":"STRING", "slot_size":40, "class":"0x1039feda0", "frozen":true, "embedded":true, "fstring":true, "bytesize":6, "value":"IBM866", "encoding":"US-ASCII", "memsize":40, "flags":{"wb_protected":true}}
{"address":"0x1019724b0", "type":"DATA", "slot_size":40, "class":"0x1039ff020", "frozen":true, "struct":"encoding", "memsize":40}
{"address":"0x1019724d8", "type":"STRING", "slot_size":40, "class":"0x1039feda0", "frozen":true, "embedded":true, "fstring":true, "bytesize":5, "value":"CP865", "encoding":"US-ASCII", "memsize":40, "flags":{"wb_protected":true}}
{"address":"0x101972500", "type":"STRING", "slot_size":40, "class":"0x1039feda0", "frozen":true, "embedded":true, "fstring":true, "bytesize":6, "value":"IBM865", "encoding":"US-ASCII", "memsize":40, "flags":{"wb_protected":true}}
{"address":"0x101972528", "type":"DATA", "slot_size":40, "class":"0x1039ff020", "frozen":true, "struct":"encoding", "memsize":40}
{"address":"0x101972550", "type":"STRING", "slot_size":40, "class":"0x1039feda0", "frozen":true, "embedded":true, "fstring":true, "bytesize":5, "value":"CP864", "encoding":"US-ASCII", "memsize":40, "flags":{"wb_protected":true}}
{"address":"0x101972578", "type":"STRING", "slot_size":40, "class":"0x1039feda0", "frozen":true, "embedded":true, "fstring":true, "bytesize":6, "value":"IBM864", "encoding":"US-ASCII", "memsize":40, "flags":{"wb_protected":true}}
{"address":"0x1019725a0", "type":"DATA", "slot_size":40, "class":"0x1039ff020", "frozen":true, "struct":"encoding", "memsize":40}
{"address":"0x1019725c8", "type":"STRING", "slot_size":40, "class":"0x1039feda0", "frozen":true, "embedded":true, "fstring":true, "bytesize":5, "value":"CP863", "encoding":"US-ASCII", "memsize":40, "flags":{"wb_protected":true}}
{"address":"0x1019725f0", "type":"STRING", "slot_size":40, "class":"0x1039feda0", "frozen":true, "embedded":true, "fstring":true, "bytesize":6, "value":"IBM863", "encoding":"US-ASCII", "memsize":40, "flags":{"wb_protected":true}}
{"address":"0x101972618", "type":"DATA", "slot_size":40, "class":"0x1039ff020", "frozen":true, "struct":"encoding", "memsize":40}
{"address":"0x101972640", "type":"STRING", "slot_size":40, "class":"0x1039feda0", "frozen":true, "embedded":true, "fstring":true, "bytesize":5, "value":"CP862", "encoding":"US-ASCII", "memsize":40, "flags":{"wb_protected":true}}
{"address":"0x101972668", "type":"STRING", "slot_size":40, "class":"0x1039feda0", "frozen":true, "embedded":true, "fstring":true, "bytesize":6, "value":"IBM862", "encoding":"US-ASCII", "memsize":40, "flags":{"wb_protected":true}}
{"address":"0x101972690", "type":"DATA", "slot_size":40, "class":"0x1039ff020", "frozen":true, "struct":"encoding", "memsize":40}
{"address":"0x1019726b8", "type":"STRING", "slot_size":40, "class":"0x1039feda0", "frozen":true, "embedded":true, "fstring":true, "bytesize":5, "value":"CP861", "encoding":"US-ASCII", "memsize":40, "flags":{"wb_protected":true}}
{"address":"0x1019726e0", "type":"STRING", "slot_size":40, "class":"0x1039feda0", "frozen":true, "embedded":true, "fstring":true, "bytesize":6, "value":"IBM861", "encoding":"US-ASCII", "memsize":40, "flags":{"wb_protected":true}}
{"address":"0x101972708", "type":"DATA", "slot_size":40, "class":"0x1039ff020", "frozen":true, "struct":"encoding", "memsize":40}
{"address":"0x101972730", "type":"STRING", "slot_size":40, "class":"0x1039feda0", "frozen":true, "embedded":true, "fstring":true, "bytesize":5, "value":"CP860", "encoding":"US-ASCII", "memsize":40, "flags":{"wb_protected":true}}
{"address":"0x101972758", "type":"STRING", "slot_size":40, "class":"0x1039feda0", "frozen":true, "embedded":true, "fstring":true, "bytesize":6, "value":"IBM860", "encoding":"US-ASCII", "memsize":40, "flags":{"wb_protected":true}}
{"address":"0x101972780", "type":"DATA", "slot_size":40, "class":"0x1039ff020", "frozen":true, "struct":"encoding", "memsize":40}
{"address":"0x1019727a8", "type":"STRING", "slot_size":40, "class":"0x1039feda0", "frozen":true, "embedded":true, "fstring":true, "bytesize":5, "value":"CP857", "encoding":"US-ASCII", "memsize":40, "flags":{"wb_protected":true}}
{"address":"0x1019727d0", "type":"STRING", "slot_size":40, "class":"0x1039feda0", "frozen":true, "embedded":true, "fstring":true, "bytesize":6, "value":"IBM857", "encoding":"US-ASCII", "memsize":40, "flags":{"wb_protected":true}}
{"address":"0x1019727f8", "type":"DATA", "slot_size":40, "class":"0x1039ff020", "frozen":true, "struct":"encoding", "memsize":40}
{"address":"0x101972820", "type":"STRING", "slot_size":40, "class":"0x1039feda0", "frozen":true, "embedded":true, "fstring":true, "bytesize":5, "value":"CP855", "encoding":"US-ASCII", "memsize":40, "flags":{"wb_protected":true}}
{"address":"0x101972848", "type":"DATA", "slot_size":40, "class":"0x1039ff020", "frozen":true, "struct":"encoding", "memsize":40}
{"address":"0x101972870", "type":"STRING", "slot_size":40, "class":"0x1039feda0", "frozen":true, "embedded":true, "fstring":true, "bytesize":6, "value":"IBM855", "encoding":"US-ASCII", "memsize":40, "flags":{"wb_protected":true}}
{"address":"0x101972898", "type":"DATA", "slot_size":40, "class":"0x1039ff020", "frozen":true, "struct":"encoding", "memsize":40}
{"address":"0x1019728c0", "type":"STRING", "slot_size":40, "class":"0x1039feda0", "frozen":true, "embedded":true, "fstring":true, "bytesize":5, "value":"CP852", "encoding":"US-ASCII", "memsize":40, "flags":{"wb_protected":true}}
{"address":"0x1019728e8", "type":"DATA", "slot_size":40, "class":"0x1039ff020", "frozen":true, "struct":"encoding", "memsize":40}
{"address":"0x101972910", "type":"STRING", "slot_size":40, "class":"0x1039feda0", "frozen":true, "embedded":true, "fstring":true, "bytesize":6, "value":"IBM852", "encoding":"US-ASCII", "memsize":40, "flags":{"wb_protected":true}}
{"address":"0x101972938", "type":"DATA", "slot_size":40, "class":"0x1039ff020", "frozen":true, "struct":"encoding", "memsize":40}
{"address":"0x101972960", "type":"STRING", "slot_size":40, "class":"0x1039feda0", "frozen":true, "embedded":true, "fstring":true, "bytesize":6, "value":"IBM850", "encoding":"US-ASCII", "memsize":40, "flags":{"wb_protected":true}}
{"address":"0x101972988", "type":"STRING", "slot_size":40, "class":"0x1039feda0", "frozen":true, "embedded":true, "fstring":true, "bytesize":5, "value":"CP850", "encoding":"US-ASCII", "memsize":40, "flags":{"wb_protected":true}}
{"address":"0x1019729b0", "type":"DATA", "slot_size":40, "class":"0x1039ff020", "frozen":true, "struct":"encoding", "memsize":40}
{"address":"0x1019729d8", "type":"STRING", "slot_size":40, "class":"0x1039feda0", "frozen":true, "embedded":true, "fstring":true, "bytesize":5, "value":"CP775", "encoding":"US-ASCII", "memsize":40, "flags":{"wb_protected":true}}
{"address":"0x101972a00", "type":"STRING", "slot_size":40, "class":"0x1039feda0", "frozen":true, "embedded":true, "fstring":true, "bytesize":6, "value":"IBM775", "encoding":"US-ASCII", "memsize":40, "flags":{"wb_protected":true}}
{"address":"0x101972a28", "type":"DATA", "slot_size":40, "class":"0x1039ff020", "frozen":true, "struct":"encoding", "memsize":40}
{"address":"0x101972a50", "type":"STRING", "slot_size":40, "class":"0x1039feda0", "frozen":true, "embedded":true, "fstring":true, "bytesize":5, "value":"CP737", "encoding":"US-ASCII", "memsize":40, "flags":{"wb_protected":true}}
{"address":"0x101972a78", "type":"STRING", "slot_size":40, "class":"0x1039feda0", "frozen":true, "embedded":true, "fstring":true, "bytesize":6, "value":"IBM737", "encoding":"US-ASCII", "memsize":40, "flags":{"wb_protected":true}}
{"address":"0x101972aa0", "type":"DATA", "slot_size":40, "class":"0x1039ff020", "frozen":true, "struct":"encoding", "memsize":40}
{"address":"0x101972ac8", "type":"STRING", "slot_size":40, "class":"0x1039feda0", "frozen":true, "embedded":true, "fstring":true, "bytesize":5, "value":"CP720", "encoding":"US-ASCII", "memsize":40, "flags":{"wb_protected":true}}
{"address":"0x101972af0", "type":"STRING", "slot_size":40, "class":"0x1039feda0", "frozen":true, "embedded":true, "fstring":true, "bytesize":6, "value":"IBM720", "encoding":"US-ASCII", "memsize":40, "flags":{"wb_protected":true}}
{"address":"0x101972b18", "type":"DATA", "slot_size":40, "class":"0x1039ff020", "frozen":true, "struct":"encoding", "memsize":40}
{"address":"0x101972b40", "type":"STRING", "slot_size":40, "class":"0x1039feda0", "frozen":true, "embedded":true, "fstring":true, "bytesize":5, "value":"CP437", "encoding":"US-ASCII", "memsize":40, "flags":{"wb_protected":true}}
{"address":"0x101972b68", "type":"STRING", "slot_size":40, "class":"0x1039feda0", "frozen":true, "embedded":true, "fstring":true, "bytesize":6, "value":"IBM437", "encoding":"US-ASCII", "memsize":40, "flags":{"wb_protected":true}}
{"address":"0x101972b90", "type":"DATA", "slot_size":40, "class":"0x1039ff020", "frozen":true, "struct":"encoding", "memsize":40}
{"address":"0x101972bb8", "type":"STRING", "slot_size":40, "class":"0x1039feda0", "frozen":true, "embedded":true, "fstring":true, "bytesize":12, "value":"WINDOWS_1257", "encoding":"US-ASCII", "memsize":40, "flags":{"wb_protected":true}}
{"address":"0x101972be0", "type":"STRING", "slot_size":40, "class":"0x1039feda0", "frozen":true, "embedded":true, "fstring":true, "bytesize":12, "value":"Windows_1257", "encoding":"US-ASCII", "memsize":40, "flags":{"wb_protected":true}}
{"address":"0x101972c08", "type":"DATA", "slot_size":40, "class":"0x1039ff020", "frozen":true, "struct":"encoding", "memsize":40}
{"address":"0x101972c30", "type":"STRING", "slot_size":40, "class":"0x1039feda0", "frozen":true, "embedded":true, "fstring":true, "bytesize":12, "value":"WINDOWS_1254", "encoding":"US-ASCII", "memsize":40, "flags":{"wb_protected":true}}
{"address":"0x101972c58", "type":"STRING", "slot_size":40, "class":"0x1039feda0", "frozen":true, "embedded":true, "fstring":true, "bytesize":12, "value":"Windows_1254", "encoding":"US-ASCII", "memsize":40, "flags":{"wb_protected":true}}
{"address":"0x101972c80", "type":"DATA", "slot_size":40, "class":"0x1039ff020", "frozen":true, "struct":"encoding", "memsize":40}
{"address":"0x101972ca8", "type":"STRING", "slot_size":40, "class":"0x1039feda0", "frozen":true, "embedded":true, "fstring":true, "bytesize":12, "value":"WINDOWS_1253", "encoding":"US-ASCII", "memsize":40, "flags":{"wb_protected":true}}
{"address":"0x101972cd0", "type":"STRING", "slot_size":40, "class":"0x1039feda0", "frozen":true, "embedded":true, "fstring":true, "bytesize":12, "value":"Windows_1253", "encoding":"US-ASCII", "memsize":40, "flags":{"wb_protected":true}}
{"address":"0x101972cf8", "type":"DATA", "slot_size":40, "class":"0x1039ff020", "frozen":true, "struct":"encoding", "memsize":40}
{"address":"0x101972d20", "type":"STRING", "slot_size":40, "class":"0x1039feda0", "frozen":true, "embedded":true, "fstring":true, "bytesize":12, "value":"WINDOWS_1252", "encoding":"US-ASCII", "memsize":40, "flags":{"wb_protected":true}}
{"address":"0x101972d48", "type":"STRING", "slot_size":40, "class":"0x1039feda0", "frozen":true, "embedded":true, "fstring":true, "bytesize":12, "value":"Windows_1252", "encoding":"US-ASCII", "memsize":40, "flags":{"wb_protected":true}}
{"address":"0x101972d70", "type":"DATA", "slot_size":40, "class":"0x1039ff020", "frozen":true, "struct":"encoding", "memsize":40}
{"address":"0x101972d98", "type":"STRING", "slot_size":40, "class":"0x1039feda0", "frozen":true, "embedded":true, "fstring":true, "bytesize":12, "value":"WINDOWS_1251", "encoding":"US-ASCII", "memsize":40, "flags":{"wb_protected":true}}
{"address":"0x101972dc0", "type":"STRING", "slot_size":40, "class":"0x1039feda0", "frozen":true, "embedded":true, "fstring":true, "bytesize":12, "value":"Windows_1251", "encoding":"US-ASCII", "memsize":40, "flags":{"wb_protected":true}}
{"address":"0x101972de8", "type":"DATA", "slot_size":40, "class":"0x1039ff020", "frozen":true, "struct":"encoding", "memsize":40}
{"address":"0x101972e10", "type":"STRING", "slot_size":40, "class":"0x1039feda0", "frozen":true, "embedded":true, "fstring":true, "bytesize":12, "value":"WINDOWS_1250", "encoding":"US-ASCII", "memsize":40, "flags":{"wb_protected":true}}
{"address":"0x101972e38", "type":"STRING", "slot_size":40, "class":"0x1039feda0", "frozen":true, "embedded":true, "fstring":true, "bytesize":12, "value":"Windows_1250", "encoding":"US-ASCII", "memsize":40, "flags":{"wb_protected":true}}
{"address":"0x101972e60", "type":"DATA", "slot_size":40, "class":"0x1039ff020", "frozen":true, "struct":"encoding", "memsize":40}
{"address":"0x101972e88", "type":"STRING", "slot_size":40, "class":"0x1039feda0", "frozen":true, "embedded":true, "fstring":true, "bytesize":11, "value":"WINDOWS_31J", "encoding":"US-ASCII", "memsize":40, "flags":{"wb_protected":true}}
{"address":"0x101972eb0", "type":"STRING", "slot_size":40, "class":"0x1039feda0", "frozen":true, "embedded":true, "fstring":true, "bytesize":11, "value":"Windows_31J", "encoding":"US-ASCII", "memsize":40, "flags":{"wb_protected":true}}
{"address":"0x101972ed8", "type":"STRING", "slot_size":40, "class":"0x1039feda0", "frozen":true, "embedded":true, "fstring":true, "bytesize":8, "value":"UTF_32LE", "encoding":"US-ASCII", "memsize":40, "flags":{"wb_protected":true}}
{"address":"0x101972f00", "type":"STRING", "slot_size":40, "class":"0x1039feda0", "frozen":true, "embedded":true, "fstring":true, "bytesize":8, "value":"UTF_32BE", "encoding":"US-ASCII", "memsize":40, "flags":{"wb_protected":true}}
{"address":"0x101972f28", "type":"STRING", "slot_size":40, "class":"0x1039feda0", "frozen":true, "embedded":true, "fstring":true, "bytesize":8, "value":"UTF_16LE", "encoding":"US-ASCII", "memsize":40, "flags":{"wb_protected":true}}
{"address":"0x101972f50", "type":"STRING", "slot_size":40, "class":"0x1039feda0", "frozen":true, "embedded":true, "fstring":true, "bytesize":8, "value":"UTF_16BE", "encoding":"US-ASCII", "memsize":40, "flags":{"wb_protected":true}}
{"address":"0x101972f78", "type":"STRING", "slot_size":40, "class":"0x1039feda0", "frozen":true, "embedded":true, "fstring":true, "bytesize":9, "value":"SHIFT_JIS", "encoding":"US-ASCII", "memsize":40, "flags":{"wb_protected":true}}
{"address":"0x101972fa0", "type":"STRING", "slot_size":40, "class":"0x1039feda0", "frozen":true, "embedded":true, "fstring":true, "bytesize":9, "value":"Shift_JIS", "encoding":"US-ASCII", "memsize":40, "flags":{"wb_protected":true}}
{"address":"0x101972fc8", "type":"DATA", "slot_size":40, "class":"0x1039ff020", "frozen":true, "struct":"encoding", "memsize":40}
{"address":"0x101972ff0", "type":"STRING", "slot_size":40, "class":"0x1039feda0", "frozen":true, "embedded":true, "fstring":true, "bytesize":6, "value":"KOI8_U", "encoding":"US-ASCII", "memsize":40, "flags":{"wb_protected":true}}
{"address":"0x101973018", "type":"DATA", "slot_size":40, "class":"0x1039ff020", "frozen":true, "struct":"encoding", "memsize":40}
{"address":"0x101973040", "type":"STRING", "slot_size":40, "class":"0x1039feda0", "frozen":true, "embedded":true, "fstring":true, "bytesize":6, "value":"KOI8_R", "encoding":"US-ASCII", "memsize":40, "flags":{"wb_protected":true}}
{"address":"0x101973068", "type":"DATA", "slot_size":40, "class":"0x1039ff020", "frozen":true, "struct":"encoding", "memsize":40}
{"address":"0x101973090", "type":"STRING", "slot_size":40, "class":"0x1039feda0", "frozen":true, "embedded":true, "fstring":true, "bytesize":11, "value":"ISO_8859_16", "encoding":"US-ASCII", "memsize":40, "flags":{"wb_protected":true}}
{"address":"0x1019730b8", "type":"DATA", "slot_size":40, "class":"0x1039ff020", "frozen":true, "struct":"encoding", "memsize":40}
{"address":"0x1019730e0", "type":"STRING", "slot_size":40, "class":"0x1039feda0", "frozen":true, "embedded":true, "fstring":true, "bytesize":11, "value":"ISO_8859_15", "encoding":"US-ASCII", "memsize":40, "flags":{"wb_protected":true}}
{"address":"0x101973108", "type":"DATA", "slot_size":40, "class":"0x1039ff020", "frozen":true, "struct":"encoding", "memsize":40}
{"address":"0x101973130", "type":"STRING", "slot_size":40, "class":"0x1039feda0", "frozen":true, "embedded":true, "fstring":true, "bytesize":11, "value":"ISO_8859_14", "encoding":"US-ASCII", "memsize":40, "flags":{"wb_protected":true}}
{"address":"0x101973158", "type":"DATA", "slot_size":40, "class":"0x1039ff020", "frozen":true, "struct":"encoding", "memsize":40}
{"address":"0x101973180", "type":"STRING", "slot_size":40, "class":"0x1039feda0", "frozen":true, "embedded":true, "fstring":true, "bytesize":11, "value":"ISO_8859_13", "encoding":"US-ASCII", "memsize":40, "flags":{"wb_protected":true}}
{"address":"0x1019731a8", "type":"DATA", "slot_size":40, "class":"0x1039ff020", "frozen":true, "struct":"encoding", "memsize":40}
{"address":"0x1019731d0", "type":"STRING", "slot_size":40, "class":"0x1039feda0", "frozen":true, "embedded":true, "fstring":true, "bytesize":11, "value":"ISO_8859_11", "encoding":"US-ASCII", "memsize":40, "flags":{"wb_protected":true}}
{"address":"0x1019731f8", "type":"DATA", "slot_size":40, "class":"0x1039ff020", "frozen":true, "struct":"encoding", "memsize":40}
{"address":"0x101973220", "type":"STRING", "slot_size":40, "class":"0x1039feda0", "frozen":true, "embedded":true, "fstring":true, "bytesize":11, "value":"ISO_8859_10", "encoding":"US-ASCII", "memsize":40, "flags":{"wb_protected":true}}
{"address":"0x101973248", "type":"DATA", "slot_size":40, "class":"0x1039ff020", "frozen":true, "struct":"encoding", "memsize":40}
{"address":"0x101973270", "type":"STRING", "slot_size":40, "class":"0x1039feda0", "frozen":true, "embedded":true, "fstring":true, "bytesize":10, "value":"ISO_8859_9", "encoding":"US-ASCII", "memsize":40, "flags":{"wb_protected":true}}
{"address":"0x101973298", "type":"DATA", "slot_size":40, "class":"0x1039ff020", "frozen":true, "struct":"encoding", "memsize":40}
{"address":"0x1019732c0", "type":"STRING", "slot_size":40, "class":"0x1039feda0", "frozen":true, "embedded":true, "fstring":true, "bytesize":10, "value":"ISO_8859_8", "encoding":"US-ASCII", "memsize":40, "flags":{"wb_protected":true}}
{"address":"0x1019732e8", "type":"DATA", "slot_size":40, "class":"0x1039ff020", "frozen":true, "struct":"encoding", "memsize":40}
{"address":"0x101973310", "type":"STRING", "slot_size":40, "class":"0x1039feda0", "frozen":true, "embedded":true, "fstring":true, "bytesize":10, "value":"ISO_8859_7", "encoding":"US-ASCII", "memsize":40, "flags":{"wb_protected":true}}
{"address":"0x101973338", "type":"DATA", "slot_size":40, "class":"0x1039ff020", "frozen":true, "struct":"encoding", "memsize":40}
{"address":"0x101973360", "type":"STRING", "slot_size":40, "class":"0x1039feda0", "frozen":true, "embedded":true, "fstring":true, "bytesize":10, "value":"ISO_8859_6", "encoding":"US-ASCII", "memsize":40, "flags":{"wb_protected":true}}
{"address":"0x101973388", "type":"DATA", "slot_size":40, "class":"0x1039ff020", "frozen":true, "struct":"encoding", "memsize":40}
{"address":"0x1019733b0", "type":"STRING", "slot_size":40, "class":"0x1039feda0", "frozen":true, "embedded":true, "fstring":true, "bytesize":10, "value":"ISO_8859_5", "encoding":"US-ASCII", "memsize":40, "flags":{"wb_protected":true}}
{"address":"0x1019733d8", "type":"DATA", "slot_size":40, "class":"0x1039ff020", "frozen":true, "struct":"encoding", "memsize":40}
{"address":"0x101973400", "type":"STRING", "slot_size":40, "class":"0x1039feda0", "frozen":true, "embedded":true, "fstring":true, "bytesize":10, "value":"ISO_8859_4", "encoding":"US-ASCII", "memsize":40, "flags":{"wb_protected":true}}
{"address":"0x101973428", "type":"DATA", "slot_size":40, "class":"0x1039ff020", "frozen":true, "struct":"encoding", "memsize":40}
{"address":"0x101973450", "type":"STRING", "slot_size":40, "class":"0x1039feda0", "frozen":true, "embedded":true, "fstring":true, "bytesize":10, "value":"ISO_8859_3", "encoding":"US-ASCII", "memsize":40, "flags":{"wb_protected":true}}
{"address":"0x101973478", "type":"DATA", "slot_size":40, "class":"0x1039ff020", "frozen":true, "struct":"encoding", "memsize":40}
{"address":"0x1019734a0", "type":"STRING", "slot_size":40, "class":"0x1039feda0", "frozen":true, "embedded":true, "fstring":true, "bytesize":10, "value":"ISO_8859_2", "encoding":"US-ASCII", "memsize":40, "flags":{"wb_protected":true}}
{"address":"0x1019734c8", "type":"DATA", "slot_size":40, "class":"0x1039ff020", "frozen":true, "struct":"encoding", "memsize":40}
{"address":"0x1019734f0", "type":"STRING", "slot_size":40, "class":"0x1039feda0", "frozen":true, "embedded":true, "fstring":true, "bytesize":10, "value":"ISO_8859_1", "encoding":"US-ASCII", "memsize":40, "flags":{"wb_protected":true}}
{"address":"0x101973518", "type":"DATA", "slot_size":40, "class":"0x1039ff020", "frozen":true, "struct":"encoding", "memsize":40}
{"address":"0x101973540", "type":"STRING", "slot_size":40, "class":"0x1039feda0", "frozen":true, "embedded":true, "fstring":true, "bytesize":3, "value":"GBK", "encoding":"US-ASCII", "memsize":40, "flags":{"wb_protected":true}}
{"address":"0x101973568", "type":"DATA", "slot_size":40, "class":"0x1039ff020", "frozen":true, "struct":"encoding", "memsize":40}
{"address":"0x101973590", "type":"STRING", "slot_size":40, "class":"0x1039feda0", "frozen":true, "embedded":true, "fstring":true, "bytesize":7, "value":"GB18030", "encoding":"US-ASCII", "memsize":40, "flags":{"wb_protected":true}}
{"address":"0x1019735b8", "type":"DATA", "slot_size":40, "class":"0x1039ff020", "frozen":true, "struct":"encoding", "memsize":40}
{"address":"0x1019735e0", "type":"STRING", "slot_size":40, "class":"0x1039feda0", "frozen":true, "embedded":true, "fstring":true, "bytesize":6, "value":"EUC_TW", "encoding":"US-ASCII", "memsize":40, "flags":{"wb_protected":true}}
{"address":"0x101973608", "type":"DATA", "slot_size":40, "class":"0x1039ff020", "frozen":true, "struct":"encoding", "memsize":40}
{"address":"0x101973630", "type":"STRING", "slot_size":40, "class":"0x1039feda0", "frozen":true, "embedded":true, "fstring":true, "bytesize":6, "value":"EUC_KR", "encoding":"US-ASCII", "memsize":40, "flags":{"wb_protected":true}}
{"address":"0x101973658", "type":"DATA", "slot_size":40, "class":"0x1039ff020", "frozen":true, "struct":"encoding", "memsize":40}
{"address":"0x101973680", "type":"STRING", "slot_size":40, "class":"0x1039feda0", "frozen":true, "embedded":true, "fstring":true, "bytesize":6, "value":"EUC_JP", "encoding":"US-ASCII", "memsize":40, "flags":{"wb_protected":true}}
{"address":"0x1019736a8", "type":"STRING", "slot_size":40, "class":"0x1039feda0", "frozen":true, "embedded":true, "fstring":true, "bytesize":10, "value":"EMACS_MULE", "encoding":"US-ASCII", "memsize":40, "flags":{"wb_protected":true}}
{"address":"0x1019736d0", "type":"STRING", "slot_size":40, "class":"0x1039feda0", "frozen":true, "embedded":true, "fstring":true, "bytesize":10, "value":"Emacs_Mule", "encoding":"US-ASCII", "memsize":40, "flags":{"wb_protected":true}}
{"address":"0x1019736f8", "type":"DATA", "slot_size":40, "class":"0x1039ff020", "frozen":true, "struct":"encoding", "memsize":40}
{"address":"0x101973720", "type":"STRING", "slot_size":40, "class":"0x1039feda0", "frozen":true, "embedded":true, "fstring":true, "bytesize":5, "value":"CP949", "encoding":"US-ASCII", "memsize":40, "flags":{"wb_protected":true}}
{"address":"0x101973748", "type":"DATA", "slot_size":40, "class":"0x1039ff020", "frozen":true, "struct":"encoding", "memsize":40}
{"address":"0x101973770", "type":"STRING", "slot_size":40, "class":"0x1039feda0", "frozen":true, "embedded":true, "fstring":true, "bytesize":6, "value":"CESU_8", "encoding":"US-ASCII", "memsize":40, "flags":{"wb_protected":true}}
{"address":"0x101973798", "type":"DATA", "slot_size":40, "class":"0x1039ff020", "frozen":true, "struct":"encoding", "memsize":40}
{"address":"0x1019737c0", "type":"STRING", "slot_size":40, "class":"0x1039feda0", "frozen":true, "embedded":true, "fstring":true, "bytesize":8, "value":"BIG5_UAO", "encoding":"US-ASCII", "memsize":40, "flags":{"wb_protected":true}}
{"address":"0x1019737e8", "type":"STRING", "slot_size":40, "class":"0x1039feda0", "frozen":true, "embedded":true, "fstring":true, "bytesize":8, "value":"Big5_UAO", "encoding":"US-ASCII", "memsize":40, "flags":{"wb_protected":true}}
{"address":"0x101973810", "type":"DATA", "slot_size":40, "class":"0x1039ff020", "frozen":true, "struct":"encoding", "memsize":40}
{"address":"0x101973838", "type":"STRING", "slot_size":40, "class":"0x1039feda0", "frozen":true, "embedded":true, "fstring":true, "bytesize":10, "value":"BIG5_HKSCS", "encoding":"US-ASCII", "memsize":40, "flags":{"wb_protected":true}}
{"address":"0x101973860", "type":"STRING", "slot_size":40, "class":"0x1039feda0", "frozen":true, "embedded":true, "fstring":true, "bytesize":10, "value":"Big5_HKSCS", "encoding":"US-ASCII", "memsize":40, "flags":{"wb_protected":true}}
{"address":"0x101973888", "type":"DATA", "slot_size":40, "class":"0x1039ff020", "frozen":true, "struct":"encoding", "memsize":40}
{"address":"0x1019738b0", "type":"STRING", "slot_size":40, "class":"0x1039feda0", "frozen":true, "embedded":true, "fstring":true, "bytesize":4, "value":"BIG5", "encoding":"US-ASCII", "memsize":40, "flags":{"wb_protected":true}}
{"address":"0x1019738d8", "type":"STRING", "slot_size":40, "class":"0x1039feda0", "frozen":true, "embedded":true, "fstring":true, "bytesize":4, "value":"Big5", "encoding":"US-ASCII", "memsize":40, "flags":{"wb_protected":true}}
{"address":"0x101973900", "type":"DATA", "slot_size":40, "class":"0x1039ff020", "frozen":true, "struct":"encoding", "memsize":40}
{"address":"0x101973928", "type":"STRING", "slot_size":40, "class":"0x1039feda0", "frozen":true, "embedded":true, "fstring":true, "bytesize":8, "value":"US_ASCII", "encoding":"US-ASCII", "memsize":40, "flags":{"wb_protected":true}}
{"address":"0x101973950", "type":"STRING", "slot_size":40, "class":"0x1039feda0", "frozen":true, "embedded":true, "fstring":true, "bytesize":5, "value":"UTF_8", "encoding":"US-ASCII", "memsize":40, "flags":{"wb_protected":true}}
{"address":"0x101973978", "type":"IMEMO", "slot_size":40, "class":"0x1039fef80", "imemo_type":"callcache", "references":["0x1019be748"], "memsize":40, "flags":{"wb_protected":true}}
{"address":"0x1019739a0", "type":"STRING", "slot_size":40, "class":"0x1039feda0", "frozen":true, "embedded":true, "fstring":true, "bytesize":10, "value":"ASCII_8BIT", "encoding":"US-ASCII", "memsize":40, "flags":{"wb_protected":true}}
{"address":"0x1019739c8", "type":"IMEMO", "slot_size":40, "class":"0x8", "imemo_type":"cref", "references":["0x1039ffe80"], "memsize":40, "flags":{"wb_protected":true}}
{"address":"0x1019739f0", "type":"ARRAY", "slot_size":40, "class":"0x1039f3540", "frozen":true, "length":2, "embedded":true, "references":["0x101973a90"], "memsize":40, "flags":{"wb_protected":true}}
{"address":"0x101973a18", "type":"IMEMO", "slot_size":40, "imemo_type":"iseq", "references":["0x101973a90", "0x101973a90", "0x1019739f0"], "memsize":368, "flags":{"wb_protected":true}}
{"address":"0x101973a40", "type":"DATA", "slot_size":40, "struct":"thread_shield", "memsize":40}
{"address":"0x101973a68", "type":"DATA", "slot_size":40, "struct":"mutex", "memsize":72, "flags":{"wb_protected":true}}
{"address":"0x101973a90", "type":"STRING", "slot_size":40, "class":"0x1039feda0", "frozen":true, "fstring":true, "bytesize":84, "capacity":134, "value":"/Users/jemmaissroff/src/github.com/Shopify/ruby/.ext/arm64-darwin21/enc/encdb.bundle", "memsize":175, "flags":{"wb_protected":true}}
{"address":"0x101973ab8", "type":"STRING", "slot_size":40, "class":"0x1039feda0", "frozen":true, "bytesize":16, "capacity":31, "value":"enc/encdb.bundle", "memsize":72, "flags":{"wb_protected":true}}
{"address":"0x101973ae0", "type":"ARRAY", "slot_size":40, "frozen":true, "length":20, "references":["0x1039da798", "0x103a1adc0", "0x103a1ad20", "0x1039da748", "0x1039da6f8", "0x103a1ac80", "0x103a1abe0", "0x103a1ab40", "0x103a1aaa0", "0x103a1aa00", "0x103a1a960", "0x103a1a8c0", "0x103a1a820", "0x1039da658", "0x103a1a780"], "memsize":200, "flags":{"wb_protected":true}}
{"address":"0x101973b08", "type":"ARRAY", "slot_size":40, "frozen":true, "length":15, "references":["0x1039da568", "0x103a1a640", "0x103a1a500", "0x1039da4c8", "0x1039da4c8", "0x103a1a640", "0x103a1a500", "0x103a1a280", "0x103a1a140", "0x103a1a000", "0x103a19ec0", "0x103a19d80", "0x103a19c40", "0x1039da3d8", "0x103a19b00"], "memsize":160, "flags":{"wb_protected":true}}
{"address":"0x101973b30", "type":"STRING", "slot_size":40, "class":"0x1039feda0", "frozen":true, "embedded":true, "bytesize":12, "value":"enc/encdb.so", "memsize":40, "flags":{"wb_protected":true}}
{"address":"0x101973b58", "type":"STRING", "slot_size":40, "class":"0x1039feda0", "frozen":true, "bytesize":85, "value":"ruby 3.2.0dev (2022-03-04T20:46:32Z object-shapes-prot.. 7a7fa646b4) [arm64-darwin21]", "encoding":"US-ASCII", "memsize":40, "flags":{"wb_protected":true}}
{"address":"0x101973b80", "type":"IMEMO", "slot_size":40, "class":"0x1039ffa20", "imemo_type":"callcache", "references":["0x1019be748"], "memsize":40, "flags":{"wb_protected":true}}
{"address":"0x101973ba8", "type":"STRING", "slot_size":40, "class":"0x1039feda0", "frozen":true, "embedded":true, "fstring":true, "bytesize":15, "value":"TMP_RUBY_PREFIX", "encoding":"US-ASCII", "memsize":40, "flags":{"wb_protected":true}}
{"address":"0x101973bd0", "type":"STRING", "slot_size":40, "class":"0x1039feda0", "frozen":true, "embedded":true, "bytesize":9, "value":"./test.rb", "encoding":"UTF-8", "memsize":40, "flags":{"wb_protected":true}}
{"address":"0x101973bf8", "type":"ARRAY", "slot_size":40, "class":"0x1039f3540", "frozen":true, "length":2, "embedded":true, "references":["0x103a1af00"], "memsize":40, "flags":{"wb_protected":true}}
{"address":"0x101973c20", "type":"STRING", "slot_size":40, "class":"0x1039feda0", "frozen":true, "embedded":true, "fstring":true, "bytesize":4, "value":"ARGV", "encoding":"US-ASCII", "memsize":40, "flags":{"wb_protected":true}}
{"address":"0x101973c48", "type":"IMEMO", "slot_size":40, "class":"0x103a1c300", "imemo_type":"ment", "memsize":48, "flags":{"wb_protected":true}}
{"address":"0x101973c70", "type":"IMEMO", "slot_size":40, "imemo_type":"ment", "references":["0x103a1c3a0"], "memsize":48, "flags":{"wb_protected":true}}
{"address":"0x101973c98", "type":"STRING", "slot_size":40, "class":"0x1039feda0", "frozen":true, "embedded":true, "fstring":true, "bytesize":12, "value":"setproctitle", "encoding":"US-ASCII", "memsize":40, "flags":{"wb_protected":true}}
{"address":"0x101973cc0", "type":"IMEMO", "slot_size":40, "class":"0x103a1c300", "imemo_type":"ment", "memsize":48, "flags":{"wb_protected":true}}
{"address":"0x101973ce8", "type":"IMEMO", "slot_size":40, "imemo_type":"ment", "references":["0x103a1c3a0"], "memsize":48, "flags":{"wb_protected":true}}
{"address":"0x101973d10", "type":"STRING", "slot_size":40, "class":"0x1039feda0", "frozen":true, "embedded":true, "fstring":true, "bytesize":5, "value":"argv0", "encoding":"US-ASCII", "memsize":40, "flags":{"wb_protected":true}}
{"address":"0x101973d38", "type":"STRING", "slot_size":40, "class":"0x1039feda0", "frozen":true, "embedded":true, "fstring":true, "bytesize":13, "value":"$PROGRAM_NAME", "encoding":"US-ASCII", "memsize":40, "flags":{"wb_protected":true}}
{"address":"0x101973d60", "type":"STRING", "slot_size":40, "class":"0x1039feda0", "frozen":true, "embedded":true, "fstring":true, "bytesize":2, "value":"$0", "encoding":"US-ASCII", "memsize":40, "flags":{"wb_protected":true}}
{"address":"0x101973d88", "type":"STRING", "slot_size":40, "class":"0x1039feda0", "frozen":true, "embedded":true, "fstring":true, "bytesize":3, "value":"$-d", "encoding":"US-ASCII", "memsize":40, "flags":{"wb_protected":true}}
{"address":"0x101973db0", "type":"STRING", "slot_size":40, "class":"0x1039feda0", "frozen":true, "embedded":true, "fstring":true, "bytesize":6, "value":"$DEBUG", "encoding":"US-ASCII", "memsize":40, "flags":{"wb_protected":true}}
{"address":"0x101973dd8", "type":"STRING", "slot_size":40, "class":"0x1039feda0", "frozen":true, "embedded":true, "fstring":true, "bytesize":3, "value":"$-W", "encoding":"US-ASCII", "memsize":40, "flags":{"wb_protected":true}}
{"address":"0x101973e00", "type":"STRING", "slot_size":40, "class":"0x1039feda0", "frozen":true, "embedded":true, "fstring":true, "bytesize":3, "value":"$-w", "encoding":"US-ASCII", "memsize":40, "flags":{"wb_protected":true}}
{"address":"0x101973e28", "type":"STRING", "slot_size":40, "class":"0x1039feda0", "frozen":true, "embedded":true, "fstring":true, "bytesize":3, "value":"$-v", "encoding":"US-ASCII", "memsize":40, "flags":{"wb_protected":true}}
{"address":"0x101973e50", "type":"STRING", "slot_size":40, "class":"0x1039feda0", "frozen":true, "embedded":true, "fstring":true, "bytesize":8, "value":"$VERBOSE", "encoding":"US-ASCII", "memsize":40, "flags":{"wb_protected":true}}
{"address":"0x101973e78", "type":"STRING", "slot_size":40, "class":"0x1039feda0", "frozen":true, "embedded":true, "fstring":true, "bytesize":4, "value":"Node", "encoding":"US-ASCII", "memsize":40, "flags":{"wb_protected":true}}
{"address":"0x101973ea0", "type":"STRING", "slot_size":40, "class":"0x1039feda0", "bytesize":26, "capacity":31, "value":"RubyVM::AbstractSyntaxTree", "encoding":"US-ASCII", "memsize":72, "flags":{"wb_protected":true}}
{"address":"0x101973ec8", "type":"STRING", "slot_size":40, "class":"0x1039feda0", "bytesize":26, "capacity":31, "value":"RubyVM::AbstractSyntaxTree", "encoding":"US-ASCII", "memsize":72, "flags":{"wb_protected":true}}
{"address":"0x101973ef0", "type":"STRING", "slot_size":40, "class":"0x1039feda0", "frozen":true, "embedded":true, "fstring":true, "bytesize":10, "value":"TracePoint", "encoding":"US-ASCII", "memsize":40, "flags":{"wb_protected":true}}
{"address":"0x101973f18", "type":"IMEMO", "slot_size":40, "class":"0x103a1d200", "imemo_type":"ment", "memsize":48, "flags":{"wb_protected":true}}
{"address":"0x101973f40", "type":"STRING", "slot_size":40, "class":"0x1039feda0", "frozen":true, "embedded":true, "fstring":true, "bytesize":14, "value":"add_trace_func", "encoding":"US-ASCII", "memsize":40, "flags":{"wb_protected":true}}
{"address":"0x101973f68", "type":"IMEMO", "slot_size":40, "class":"0x103a1d200", "imemo_type":"ment", "memsize":48, "flags":{"wb_protected":true}}
{"address":"0x101973f90", "type":"IMEMO", "slot_size":40, "class":"0x1039ff7a0", "imemo_type":"ment", "memsize":48, "flags":{"wb_protected":true}}
{"address":"0x101973fb8", "type":"IMEMO", "slot_size":40, "imemo_type":"ment", "references":["0x1039ff8e0"], "memsize":48, "flags":{"wb_protected":true}}
{"address":"0x101973fe0", "type":"STRING", "slot_size":40, "class":"0x1039feda0", "frozen":true, "embedded":true, "fstring":true, "bytesize":14, "value":"set_trace_func", "encoding":"US-ASCII", "memsize":40, "flags":{"wb_protected":true}}
{"address":"0x101974008", "type":"ARRAY", "slot_size":40, "frozen":true, "length":22, "references":["0x10197e800", "0x101979aa8", "0x101975f98", "0x1019754f8", "0x101974350", "0x101974030"], "memsize":216, "flags":{"wb_protected":true}}
{"address":"0x101974030", "type":"STRING", "slot_size":40, "class":"0x1039feda0", "frozen":true, "fstring":true, "bytesize":17, "value":"ruby2_keywords.rb", "encoding":"US-ASCII", "memsize":40, "flags":{"wb_protected":true}}
{"address":"0x101974058", "type":"ARRAY", "slot_size":40, "class":"0x1039f3540", "frozen":true, "length":2, "embedded":true, "references":["0x101974080"], "memsize":40, "flags":{"wb_protected":true}}
{"address":"0x101974080", "type":"STRING", "slot_size":40, "class":"0x1039feda0", "frozen":true, "embedded":true, "fstring":true, "bytesize":4, "value":"ruby", "encoding":"US-ASCII", "memsize":40, "flags":{"wb_protected":true}}
{"address":"0x1019740a8", "type":"STRING", "slot_size":40, "class":"0x1039feda0", "embedded":true, "bytesize":4, "value":"ruby", "encoding":"US-ASCII", "memsize":40, "flags":{"wb_protected":true}}
{"address":"0x1019740d0", "type":"STRING", "slot_size":40, "class":"0x1039feda0", "shared":true, "encoding":"US-ASCII", "references":["0x101974120"], "memsize":40, "flags":{"wb_protected":true}}
{"address":"0x1019740f8", "type":"STRING", "slot_size":40, "class":"0x1039feda0", "frozen":true, "embedded":true, "fstring":true, "bytesize":11, "value":"RUBY_ENGINE", "encoding":"US-ASCII", "memsize":40, "flags":{"wb_protected":true}}
{"address":"0x101974120", "type":"STRING", "slot_size":40, "class":"0x1039feda0", "frozen":true, "bytesize":4, "value":"ruby", "encoding":"US-ASCII", "memsize":40, "flags":{"wb_protected":true}}
{"address":"0x101974148", "type":"STRING", "slot_size":40, "class":"0x1039feda0", "frozen":true, "embedded":true, "fstring":true, "bytesize":14, "value":"RUBY_COPYRIGHT", "encoding":"US-ASCII", "memsize":40, "flags":{"wb_protected":true}}
{"address":"0x101974170", "type":"STRING", "slot_size":40, "class":"0x1039feda0", "frozen":true, "bytesize":49, "value":"ruby - Copyright (C) 1993-2022 Yukihiro Matsumoto", "encoding":"US-ASCII", "memsize":40, "flags":{"wb_protected":true}}
{"address":"0x101974198", "type":"STRING", "slot_size":40, "class":"0x1039feda0", "frozen":true, "embedded":true, "fstring":true, "bytesize":13, "value":"RUBY_REVISION", "encoding":"US-ASCII", "memsize":40, "flags":{"wb_protected":true}}
{"address":"0x1019741c0", "type":"STRING", "slot_size":40, "class":"0x1039feda0", "frozen":true, "bytesize":40, "value":"7a7fa646b4abc11d55548b34e57334edd1e0b5f0", "encoding":"US-ASCII", "memsize":40, "flags":{"wb_protected":true}}
{"address":"0x1019741e8", "type":"STRING", "slot_size":40, "class":"0x1039feda0", "frozen":true, "embedded":true, "fstring":true, "bytesize":15, "value":"RUBY_PATCHLEVEL", "encoding":"US-ASCII", "memsize":40, "flags":{"wb_protected":true}}
{"address":"0x101974210", "type":"STRING", "slot_size":40, "class":"0x1039feda0", "frozen":true, "embedded":true, "fstring":true, "bytesize":13, "value":"RUBY_PLATFORM", "encoding":"US-ASCII", "memsize":40, "flags":{"wb_protected":true}}
{"address":"0x101974238", "type":"STRING", "slot_size":40, "class":"0x1039feda0", "frozen":true, "bytesize":14, "value":"arm64-darwin21", "encoding":"US-ASCII", "memsize":40, "flags":{"wb_protected":true}}
{"address":"0x101974260", "type":"STRING", "slot_size":40, "class":"0x1039feda0", "frozen":true, "bytesize":10, "value":"2022-02-10", "encoding":"US-ASCII", "memsize":40, "flags":{"wb_protected":true}}
{"address":"0x101974288", "type":"STRING", "slot_size":40, "class":"0x1039feda0", "frozen":true, "embedded":true, "fstring":true, "bytesize":12, "value":"RUBY_VERSION", "encoding":"US-ASCII", "memsize":40, "flags":{"wb_protected":true}}
{"address":"0x1019742b0", "type":"STRING", "slot_size":40, "class":"0x1039feda0", "frozen":true, "bytesize":5, "value":"3.2.0", "encoding":"US-ASCII", "memsize":40, "flags":{"wb_protected":true}}
{"address":"0x1019742d8", "type":"STRING", "slot_size":40, "class":"0x1039feda0", "frozen":true, "embedded":true, "fstring":true, "bytesize":15, "value":"__memory_view__", "encoding":"US-ASCII", "memsize":40, "flags":{"wb_protected":true}}
{"address":"0x101974300", "type":"DATA", "slot_size":40, "struct":"memory_view/exported_object_registry", "memsize":40}
{"address":"0x101974328", "type":"ARRAY", "slot_size":40, "frozen":true, "length":21, "references":["0x10197e800", "0x101979aa8", "0x101975f98", "0x1019754f8", "0x101974350"], "memsize":208, "flags":{"wb_protected":true}}
{"address":"0x101974350", "type":"STRING", "slot_size":40, "class":"0x1039feda0", "frozen":true, "fstring":true, "bytesize":10, "value":"complex.so", "encoding":"US-ASCII", "memsize":40, "flags":{"wb_protected":true}}
{"address":"0x101974378", "type":"STRING", "slot_size":40, "class":"0x1039feda0", "frozen":true, "embedded":true, "fstring":true, "bytesize":1, "value":"I", "encoding":"US-ASCII", "memsize":40, "flags":{"wb_protected":true}}
{"address":"0x1019743a0", "type":"COMPLEX", "slot_size":40, "class":"0x103a1b5e0", "frozen":true, "memsize":40, "flags":{"wb_protected":true}}
{"address":"0x1019743c8", "type":"IMEMO", "slot_size":40, "class":"0x1039fbc40", "imemo_type":"ment", "memsize":48, "flags":{"wb_protected":true}}
{"address":"0x1019743f0", "type":"IMEMO", "slot_size":40, "class":"0x1039fbc40", "imemo_type":"ment", "memsize":48, "flags":{"wb_protected":true}}
{"address":"0x101974418", "type":"IMEMO", "slot_size":40, "class":"0x1039fbc40", "imemo_type":"ment", "memsize":48, "flags":{"wb_protected":true}}
{"address":"0x101974440", "type":"IMEMO", "slot_size":40, "class":"0x1039fbf60", "imemo_type":"ment", "memsize":48, "flags":{"wb_protected":true}}
{"address":"0x101974468", "type":"IMEMO", "slot_size":40, "class":"0x1039fbf60", "imemo_type":"ment", "memsize":48, "flags":{"wb_protected":true}}
{"address":"0x101974490", "type":"IMEMO", "slot_size":40, "class":"0x1039fbf60", "imemo_type":"ment", "memsize":48, "flags":{"wb_protected":true}}
{"address":"0x1019744b8", "type":"IMEMO", "slot_size":40, "class":"0x1039fbf60", "imemo_type":"ment", "memsize":48, "flags":{"wb_protected":true}}
{"address":"0x1019744e0", "type":"IMEMO", "slot_size":40, "class":"0x1039fbf60", "imemo_type":"ment", "memsize":48, "flags":{"wb_protected":true}}
{"address":"0x101974508", "type":"IMEMO", "slot_size":40, "class":"0x1039fbf60", "imemo_type":"ment", "memsize":48, "flags":{"wb_protected":true}}
{"address":"0x101974530", "type":"IMEMO", "slot_size":40, "class":"0x1039fbf60", "imemo_type":"ment", "memsize":48, "flags":{"wb_protected":true}}
{"address":"0x101974558", "type":"IMEMO", "slot_size":40, "class":"0x1039fbf60", "imemo_type":"ment", "memsize":48, "flags":{"wb_protected":true}}
{"address":"0x101974580", "type":"IMEMO", "slot_size":40, "class":"0x1039fbf60", "imemo_type":"ment", "memsize":48, "flags":{"wb_protected":true}}
{"address":"0x1019745a8", "type":"IMEMO", "slot_size":40, "class":"0x1039fbf60", "imemo_type":"ment", "memsize":48, "flags":{"wb_protected":true}}
{"address":"0x1019745d0", "type":"IMEMO", "slot_size":40, "class":"0x1039fbf60", "imemo_type":"ment", "memsize":48, "flags":{"wb_protected":true}}
{"address":"0x1019745f8", "type":"IMEMO", "slot_size":40, "class":"0x1039fbf60", "imemo_type":"ment", "memsize":48, "flags":{"wb_protected":true}}
{"address":"0x101974620", "type":"IMEMO", "slot_size":40, "class":"0x103a1b540", "imemo_type":"ment", "memsize":48, "flags":{"wb_protected":true}}
{"address":"0x101974648", "type":"IMEMO", "slot_size":40, "class":"0x1039feda0", "imemo_type":"ment", "memsize":48, "flags":{"wb_protected":true}}
{"address":"0x101974670", "type":"IMEMO", "slot_size":40, "class":"0x1039fbf60", "imemo_type":"ment", "memsize":48, "flags":{"wb_protected":true}}
{"address":"0x101974698", "type":"IMEMO", "slot_size":40, "class":"0x1039ff700", "imemo_type":"ment", "memsize":48, "flags":{"wb_protected":true}}
{"address":"0x1019746c0", "type":"IMEMO", "slot_size":40, "class":"0x103a1b5e0", "imemo_type":"ment", "memsize":48, "flags":{"wb_protected":true}}
{"address":"0x1019746e8", "type":"STRING", "slot_size":40, "class":"0x1039feda0", "frozen":true, "embedded":true, "fstring":true, "bytesize":4, "value":"to_c", "encoding":"US-ASCII", "memsize":40, "flags":{"wb_protected":true}}
{"address":"0x101974710", "type":"IMEMO", "slot_size":40, "class":"0x103a1b5e0", "imemo_type":"ment", "memsize":48, "flags":{"wb_protected":true}}
{"address":"0x101974738", "type":"IMEMO", "slot_size":40, "class":"0x103a1b5e0", "imemo_type":"ment", "memsize":48, "flags":{"wb_protected":true}}
{"address":"0x101974760", "type":"IMEMO", "slot_size":40, "class":"0x103a1b5e0", "imemo_type":"ment", "memsize":48, "flags":{"wb_protected":true}}
{"address":"0x101974788", "type":"IMEMO", "slot_size":40, "class":"0x103a1b5e0", "imemo_type":"ment", "memsize":48, "flags":{"wb_protected":true}}
{"address":"0x1019747b0", "type":"IMEMO", "slot_size":40, "class":"0x103a1b4a0", "imemo_type":"ment", "memsize":48, "flags":{"wb_protected":true}}
{"address":"0x1019747d8", "type":"STRING", "slot_size":40, "class":"0x1039feda0", "bytesize":19, "capacity":31, "value":"Complex::compatible", "encoding":"US-ASCII", "memsize":72, "flags":{"wb_protected":true}}
{"address":"0x101974800", "type":"IMEMO", "slot_size":40, "class":"0x103a1b5e0", "imemo_type":"ment", "memsize":48, "flags":{"wb_protected":true}}
{"address":"0x101974828", "type":"IMEMO", "slot_size":40, "class":"0x103a1b5e0", "imemo_type":"ment", "memsize":48, "flags":{"wb_protected":true}}
{"address":"0x101974850", "type":"IMEMO", "slot_size":40, "class":"0x103a1b5e0", "imemo_type":"ment", "memsize":48, "flags":{"wb_protected":true}}
{"address":"0x101974878", "type":"IMEMO", "slot_size":40, "class":"0x103a1b5e0", "imemo_type":"ment", "memsize":48, "flags":{"wb_protected":true}}
{"address":"0x1019748a0", "type":"IMEMO", "slot_size":40, "class":"0x103a1b5e0", "imemo_type":"ment", "memsize":48, "flags":{"wb_protected":true}}
{"address":"0x1019748c8", "type":"IMEMO", "slot_size":40, "class":"0x103a1b5e0", "imemo_type":"ment", "memsize":48, "flags":{"wb_protected":true}}
{"address":"0x1019748f0", "type":"IMEMO", "slot_size":40, "class":"0x103a1b5e0", "imemo_type":"ment", "memsize":48, "flags":{"wb_protected":true}}
{"address":"0x101974918", "type":"IMEMO", "slot_size":40, "class":"0x103a1b5e0", "imemo_type":"ment", "memsize":48, "flags":{"wb_protected":true}}
{"address":"0x101974940", "type":"IMEMO", "slot_size":40, "class":"0x103a1b5e0", "imemo_type":"ment", "memsize":48, "flags":{"wb_protected":true}}
{"address":"0x101974968", "type":"IMEMO", "slot_size":40, "class":"0x103a1b5e0", "imemo_type":"ment", "memsize":48, "flags":{"wb_protected":true}}
{"address":"0x101974990", "type":"IMEMO", "slot_size":40, "class":"0x103a1b5e0", "imemo_type":"ment", "memsize":48, "flags":{"wb_protected":true}}
{"address":"0x1019749b8", "type":"IMEMO", "slot_size":40, "class":"0x103a1b5e0", "imemo_type":"ment", "memsize":48, "flags":{"wb_protected":true}}
{"address":"0x1019749e0", "type":"IMEMO", "slot_size":40, "class":"0x103a1b5e0", "imemo_type":"ment", "memsize":48, "flags":{"wb_protected":true}}
{"address":"0x101974a08", "type":"STRING", "slot_size":40, "class":"0x1039feda0", "frozen":true, "embedded":true, "fstring":true, "bytesize":4, "value":"conj", "encoding":"US-ASCII", "memsize":40, "flags":{"wb_protected":true}}
{"address":"0x101974a30", "type":"IMEMO", "slot_size":40, "class":"0x103a1b5e0", "imemo_type":"ment", "memsize":48, "flags":{"wb_protected":true}}
{"address":"0x101974a58", "type":"STRING", "slot_size":40, "class":"0x1039feda0", "frozen":true, "embedded":true, "fstring":true, "bytesize":9, "value":"conjugate", "encoding":"US-ASCII", "memsize":40, "flags":{"wb_protected":true}}
{"address":"0x101974a80", "type":"IMEMO", "slot_size":40, "class":"0x103a1b5e0", "imemo_type":"ment", "memsize":48, "flags":{"wb_protected":true}}
{"address":"0x101974aa8", "type":"IMEMO", "slot_size":40, "class":"0x103a1b5e0", "imemo_type":"ment", "memsize":48, "flags":{"wb_protected":true}}
{"address":"0x101974ad0", "type":"IMEMO", "slot_size":40, "class":"0x103a1b5e0", "imemo_type":"ment", "memsize":48, "flags":{"wb_protected":true}}
{"address":"0x101974af8", "type":"IMEMO", "slot_size":40, "class":"0x103a1b5e0", "imemo_type":"ment", "memsize":48, "flags":{"wb_protected":true}}
{"address":"0x101974b20", "type":"STRING", "slot_size":40, "class":"0x1039feda0", "frozen":true, "embedded":true, "fstring":true, "bytesize":5, "value":"phase", "encoding":"US-ASCII", "memsize":40, "flags":{"wb_protected":true}}
{"address":"0x101974b48", "type":"IMEMO", "slot_size":40, "class":"0x103a1b5e0", "imemo_type":"ment", "memsize":48, "flags":{"wb_protected":true}}
{"address":"0x101974b70", "type":"STRING", "slot_size":40, "class":"0x1039feda0", "frozen":true, "embedded":true, "fstring":true, "bytesize":5, "value":"angle", "encoding":"US-ASCII", "memsize":40, "flags":{"wb_protected":true}}
{"address":"0x101974b98", "type":"IMEMO", "slot_size":40, "class":"0x103a1b5e0", "imemo_type":"ment", "memsize":48, "flags":{"wb_protected":true}}
{"address":"0x101974bc0", "type":"IMEMO", "slot_size":40, "class":"0x103a1b5e0", "imemo_type":"ment", "memsize":48, "flags":{"wb_protected":true}}
{"address":"0x101974be8", "type":"STRING", "slot_size":40, "class":"0x1039feda0", "frozen":true, "embedded":true, "fstring":true, "bytesize":4, "value":"abs2", "encoding":"US-ASCII", "memsize":40, "flags":{"wb_protected":true}}
{"address":"0x101974c10", "type":"IMEMO", "slot_size":40, "class":"0x103a1b5e0", "imemo_type":"ment", "memsize":48, "flags":{"wb_protected":true}}
{"address":"0x101974c38", "type":"IMEMO", "slot_size":40, "class":"0x103a1b5e0", "imemo_type":"ment", "memsize":48, "flags":{"wb_protected":true}}
{"address":"0x101974c60", "type":"IMEMO", "slot_size":40, "class":"0x103a1b5e0", "imemo_type":"ment", "memsize":48, "flags":{"wb_protected":true}}
{"address":"0x101974c88", "type":"IMEMO", "slot_size":40, "class":"0x103a1b5e0", "imemo_type":"ment", "memsize":48, "flags":{"wb_protected":true}}
{"address":"0x101974cb0", "type":"IMEMO", "slot_size":40, "class":"0x103a1b5e0", "imemo_type":"ment", "memsize":48, "flags":{"wb_protected":true}}
{"address":"0x101974cd8", "type":"IMEMO", "slot_size":40, "class":"0x103a1b5e0", "imemo_type":"ment", "memsize":48, "flags":{"wb_protected":true}}
{"address":"0x101974d00", "type":"IMEMO", "slot_size":40, "class":"0x103a1b5e0", "imemo_type":"ment", "memsize":48, "flags":{"wb_protected":true}}
{"address":"0x101974d28", "type":"IMEMO", "slot_size":40, "class":"0x103a1b5e0", "imemo_type":"ment", "memsize":48, "flags":{"wb_protected":true}}
{"address":"0x101974d50", "type":"IMEMO", "slot_size":40, "class":"0x103a1b5e0", "imemo_type":"ment", "memsize":48, "flags":{"wb_protected":true}}
{"address":"0x101974d78", "type":"IMEMO", "slot_size":40, "class":"0x103a1b5e0", "imemo_type":"ment", "memsize":48, "flags":{"wb_protected":true}}
{"address":"0x101974da0", "type":"IMEMO", "slot_size":40, "class":"0x103a1b5e0", "imemo_type":"ment", "memsize":48, "flags":{"wb_protected":true}}
{"address":"0x101974dc8", "type":"IMEMO", "slot_size":40, "class":"0x103a1b5e0", "imemo_type":"ment", "memsize":48, "flags":{"wb_protected":true}}
{"address":"0x101974df0", "type":"IMEMO", "slot_size":40, "class":"0x103a1b5e0", "imemo_type":"ment", "memsize":48, "flags":{"wb_protected":true}}
{"address":"0x101974e18", "type":"IMEMO", "slot_size":40, "class":"0x103a1b5e0", "imemo_type":"ment", "memsize":48, "flags":{"wb_protected":true}}
{"address":"0x101974e40", "type":"STRING", "slot_size":40, "class":"0x1039feda0", "frozen":true, "embedded":true, "fstring":true, "bytesize":4, "value":"imag", "encoding":"US-ASCII", "memsize":40, "flags":{"wb_protected":true}}
{"address":"0x101974e68", "type":"IMEMO", "slot_size":40, "class":"0x103a1b5e0", "imemo_type":"ment", "memsize":48, "flags":{"wb_protected":true}}
{"address":"0x101974e90", "type":"STRING", "slot_size":40, "class":"0x1039feda0", "frozen":true, "embedded":true, "fstring":true, "bytesize":9, "value":"imaginary", "encoding":"US-ASCII", "memsize":40, "flags":{"wb_protected":true}}
{"address":"0x101974eb8", "type":"IMEMO", "slot_size":40, "class":"0x103a1b5e0", "imemo_type":"ment", "memsize":48, "flags":{"wb_protected":true}}
{"address":"0x101974ee0", "type":"STRING", "slot_size":40, "class":"0x1039feda0", "frozen":true, "embedded":true, "fstring":true, "bytesize":4, "value":"real", "encoding":"US-ASCII", "memsize":40, "flags":{"wb_protected":true}}
{"address":"0x101974f08", "type":"IMEMO", "slot_size":40, "class":"0x103a1b5e0", "imemo_type":"ment", "memsize":48, "flags":{"wb_protected":true}}
{"address":"0x101974f30", "type":"IMEMO", "slot_size":40, "class":"0x103a1b5e0", "imemo_type":"ment", "memsize":48, "flags":{"wb_protected":true}}
{"address":"0x101974f58", "type":"IMEMO", "slot_size":40, "class":"0x103a1b5e0", "imemo_type":"ment", "memsize":48, "flags":{"wb_protected":true}}
{"address":"0x101974f80", "type":"IMEMO", "slot_size":40, "class":"0x103a1b5e0", "imemo_type":"ment", "memsize":48, "flags":{"wb_protected":true}}
{"address":"0x101974fa8", "type":"IMEMO", "slot_size":40, "class":"0x103a1b5e0", "imemo_type":"ment", "memsize":48, "flags":{"wb_protected":true}}
{"address":"0x101974fd0", "type":"IMEMO", "slot_size":40, "class":"0x103a1b5e0", "imemo_type":"ment", "memsize":48, "flags":{"wb_protected":true}}
{"address":"0x101974ff8", "type":"IMEMO", "slot_size":40, "class":"0x103a1b5e0", "imemo_type":"ment", "memsize":48, "flags":{"wb_protected":true}}
{"address":"0x101975020", "type":"IMEMO", "slot_size":40, "class":"0x103a1b5e0", "imemo_type":"ment", "memsize":48, "flags":{"wb_protected":true}}
{"address":"0x101975048", "type":"IMEMO", "slot_size":40, "class":"0x103a1b5e0", "imemo_type":"ment", "memsize":48, "flags":{"wb_protected":true}}
{"address":"0x101975070", "type":"IMEMO", "slot_size":40, "class":"0x103a1b5e0", "imemo_type":"ment", "memsize":48, "flags":{"wb_protected":true}}
{"address":"0x101975098", "type":"IMEMO", "slot_size":40, "class":"0x103a1b5e0", "imemo_type":"ment", "memsize":48, "flags":{"wb_protected":true}}
{"address":"0x1019750c0", "type":"IMEMO", "slot_size":40, "class":"0x103a1b5e0", "imemo_type":"ment", "memsize":48, "flags":{"wb_protected":true}}
{"address":"0x1019750e8", "type":"IMEMO", "slot_size":40, "class":"0x103a1b5e0", "imemo_type":"ment", "memsize":48, "flags":{"wb_protected":true}}
{"address":"0x101975110", "type":"IMEMO", "slot_size":40, "class":"0x103a1b5e0", "imemo_type":"ment", "memsize":48, "flags":{"wb_protected":true}}
{"address":"0x101975138", "type":"IMEMO", "slot_size":40, "class":"0x103a1b5e0", "imemo_type":"ment", "memsize":48, "flags":{"wb_protected":true}}
{"address":"0x101975160", "type":"IMEMO", "slot_size":40, "class":"0x103a1b5e0", "imemo_type":"ment", "memsize":48, "flags":{"wb_protected":true}}
{"address":"0x101975188", "type":"IMEMO", "slot_size":40, "class":"0x103a1b5e0", "imemo_type":"ment", "memsize":48, "flags":{"wb_protected":true}}
{"address":"0x1019751b0", "type":"IMEMO", "slot_size":40, "class":"0x103a1b5e0", "imemo_type":"ment", "memsize":48, "flags":{"wb_protected":true}}
{"address":"0x1019751d8", "type":"IMEMO", "slot_size":40, "class":"0x1039ff7a0", "imemo_type":"ment", "memsize":48, "flags":{"wb_protected":true}}
{"address":"0x101975200", "type":"IMEMO", "slot_size":40, "imemo_type":"ment", "references":["0x1039ff8e0"], "memsize":48, "flags":{"wb_protected":true}}
{"address":"0x101975228", "type":"IMEMO", "slot_size":40, "class":"0x103a1b540", "imemo_type":"ment", "memsize":48, "flags":{"wb_protected":true}}
{"address":"0x101975250", "type":"STRING", "slot_size":40, "class":"0x1039feda0", "frozen":true, "embedded":true, "fstring":true, "bytesize":5, "value":"polar", "encoding":"US-ASCII", "memsize":40, "flags":{"wb_protected":true}}
{"address":"0x101975278", "type":"IMEMO", "slot_size":40, "class":"0x103a1b540", "imemo_type":"ment", "memsize":48, "flags":{"wb_protected":true}}
{"address":"0x1019752a0", "type":"STRING", "slot_size":40, "class":"0x1039feda0", "frozen":true, "embedded":true, "fstring":true, "bytesize":4, "value":"rect", "encoding":"US-ASCII", "memsize":40, "flags":{"wb_protected":true}}
{"address":"0x1019752c8", "type":"IMEMO", "slot_size":40, "class":"0x103a1b540", "imemo_type":"ment", "memsize":48, "flags":{"wb_protected":true}}
{"address":"0x1019752f0", "type":"STRING", "slot_size":40, "class":"0x1039feda0", "frozen":true, "embedded":true, "fstring":true, "bytesize":11, "value":"rectangular", "encoding":"US-ASCII", "memsize":40, "flags":{"wb_protected":true}}
{"address":"0x101975318", "type":"IMEMO", "slot_size":40, "class":"0x103a1b540", "imemo_type":"ment", "memsize":48, "flags":{"wb_protected":true}}
{"address":"0x101975340", "type":"IMEMO", "slot_size":40, "class":"0x103a1b540", "imemo_type":"ment", "memsize":48, "flags":{"wb_protected":true}}
{"address":"0x101975368", "type":"STRING", "slot_size":40, "class":"0x1039feda0", "frozen":true, "embedded":true, "fstring":true, "bytesize":7, "value":"Complex", "encoding":"US-ASCII", "memsize":40, "flags":{"wb_protected":true}}
{"address":"0x101975390", "type":"STRING", "slot_size":40, "class":"0x1039feda0", "frozen":true, "embedded":true, "fstring":true, "bytesize":6, "value":"@image", "encoding":"US-ASCII", "memsize":40, "flags":{"wb_protected":true}}
{"address":"0x1019753b8", "type":"STRING", "slot_size":40, "class":"0x1039feda0", "frozen":true, "embedded":true, "fstring":true, "bytesize":5, "value":"@real", "encoding":"US-ASCII", "memsize":40, "flags":{"wb_protected":true}}
{"address":"0x1019753e0", "type":"STRING", "slot_size":40, "class":"0x1039feda0", "frozen":true, "embedded":true, "fstring":true, "bytesize":5, "value":"real?", "encoding":"US-ASCII", "memsize":40, "flags":{"wb_protected":true}}
{"address":"0x101975408", "type":"STRING", "slot_size":40, "class":"0x1039feda0", "frozen":true, "embedded":true, "fstring":true, "bytesize":3, "value":"arg", "encoding":"US-ASCII", "memsize":40, "flags":{"wb_protected":true}}
{"address":"0x101975430", "type":"ARRAY", "slot_size":40, "frozen":true, "length":20, "references":["0x10197e800", "0x101979aa8", "0x101975f98", "0x1019754f8"], "memsize":200, "flags":{"wb_protected":true}}
{"address":"0x101975458", "type":"STRING", "slot_size":40, "class":"0x1039feda0", "shared":true, "encoding":"UTF-8", "references":["0x101975f98"], "memsize":40, "flags":{"wb_protected":true}}
{"address":"0x101975480", "type":"STRING", "slot_size":40, "class":"0x1039feda0", "shared":true, "encoding":"UTF-8", "references":["0x101979aa8"], "memsize":40, "flags":{"wb_protected":true}}
{"address":"0x1019754a8", "type":"STRING", "slot_size":40, "class":"0x1039feda0", "shared":true, "encoding":"UTF-8", "references":["0x10197e800"], "memsize":40, "flags":{"wb_protected":true}}
{"address":"0x1019754d0", "type":"ARRAY", "slot_size":40, "class":"0x1039f3540", "length":3, "embedded":true, "references":["0x10197e800", "0x101979aa8", "0x101975f98"], "memsize":40, "flags":{"wb_protected":true}}
{"address":"0x1019754f8", "type":"STRING", "slot_size":40, "class":"0x1039feda0", "frozen":true, "fstring":true, "bytesize":11, "value":"rational.so", "encoding":"US-ASCII", "memsize":40, "flags":{"wb_protected":true}}
{"address":"0x101975520", "type":"IMEMO", "slot_size":40, "class":"0x103a1b7c0", "imemo_type":"ment", "memsize":48, "flags":{"wb_protected":true}}
{"address":"0x101975548", "type":"IMEMO", "slot_size":40, "class":"0x1039feda0", "imemo_type":"ment", "memsize":48, "flags":{"wb_protected":true}}
{"address":"0x101975570", "type":"IMEMO", "slot_size":40, "class":"0x1039fbc40", "imemo_type":"ment", "memsize":48, "flags":{"wb_protected":true}}
{"address":"0x101975598", "type":"IMEMO", "slot_size":40, "class":"0x1039fbc40", "imemo_type":"ment", "memsize":48, "flags":{"wb_protected":true}}
{"address":"0x1019755c0", "type":"IMEMO", "slot_size":40, "class":"0x1039fbd80", "imemo_type":"ment", "memsize":48, "flags":{"wb_protected":true}}
{"address":"0x1019755e8", "type":"IMEMO", "slot_size":40, "class":"0x1039fbd80", "imemo_type":"ment", "memsize":48, "flags":{"wb_protected":true}}
{"address":"0x101975610", "type":"IMEMO", "slot_size":40, "class":"0x1039ff700", "imemo_type":"ment", "memsize":48, "flags":{"wb_protected":true}}
{"address":"0x101975638", "type":"IMEMO", "slot_size":40, "class":"0x1039ff700", "imemo_type":"ment", "memsize":48, "flags":{"wb_protected":true}}
{"address":"0x101975660", "type":"IMEMO", "slot_size":40, "class":"0x1039fbc40", "imemo_type":"ment", "memsize":48, "flags":{"wb_protected":true}}
{"address":"0x101975688", "type":"IMEMO", "slot_size":40, "class":"0x1039fbc40", "imemo_type":"ment", "memsize":48, "flags":{"wb_protected":true}}
{"address":"0x1019756b0", "type":"IMEMO", "slot_size":40, "class":"0x1039fbd80", "imemo_type":"ment", "memsize":48, "flags":{"wb_protected":true}}
{"address":"0x1019756d8", "type":"IMEMO", "slot_size":40, "class":"0x1039fbd80", "imemo_type":"ment", "memsize":48, "flags":{"wb_protected":true}}
{"address":"0x101975700", "type":"IMEMO", "slot_size":40, "class":"0x1039fbf60", "imemo_type":"ment", "memsize":48, "flags":{"wb_protected":true}}
{"address":"0x101975728", "type":"IMEMO", "slot_size":40, "class":"0x1039fbf60", "imemo_type":"ment", "memsize":48, "flags":{"wb_protected":true}}
{"address":"0x101975750", "type":"IMEMO", "slot_size":40, "class":"0x1039fbf60", "imemo_type":"ment", "memsize":48, "flags":{"wb_protected":true}}
{"address":"0x101975778", "type":"IMEMO", "slot_size":40, "class":"0x1039fbd80", "imemo_type":"ment", "memsize":48, "flags":{"wb_protected":true}}
{"address":"0x1019757a0", "type":"STRING", "slot_size":40, "class":"0x1039feda0", "frozen":true, "embedded":true, "fstring":true, "bytesize":6, "value":"gcdlcm", "encoding":"US-ASCII", "memsize":40, "flags":{"wb_protected":true}}
{"address":"0x1019757c8", "type":"IMEMO", "slot_size":40, "class":"0x1039fbd80", "imemo_type":"ment", "memsize":48, "flags":{"wb_protected":true}}
{"address":"0x1019757f0", "type":"STRING", "slot_size":40, "class":"0x1039feda0", "frozen":true, "embedded":true, "fstring":true, "bytesize":3, "value":"lcm", "encoding":"US-ASCII", "memsize":40, "flags":{"wb_protected":true}}
{"address":"0x101975818", "type":"IMEMO", "slot_size":40, "class":"0x1039fbd80", "imemo_type":"ment", "memsize":48, "flags":{"wb_protected":true}}
{"address":"0x101975840", "type":"STRING", "slot_size":40, "class":"0x1039feda0", "frozen":true, "embedded":true, "fstring":true, "bytesize":3, "value":"gcd", "encoding":"US-ASCII", "memsize":40, "flags":{"wb_protected":true}}
{"address":"0x101975868", "type":"IMEMO", "slot_size":40, "class":"0x103a1b720", "imemo_type":"ment", "memsize":48, "flags":{"wb_protected":true}}
{"address":"0x101975890", "type":"STRING", "slot_size":40, "class":"0x1039feda0", "bytesize":20, "capacity":31, "value":"Rational::compatible", "encoding":"US-ASCII", "memsize":72, "flags":{"wb_protected":true}}
{"address":"0x1019758b8", "type":"STRING", "slot_size":40, "class":"0x1039feda0", "frozen":true, "embedded":true, "fstring":true, "bytesize":10, "value":"compatible", "encoding":"US-ASCII", "memsize":40, "flags":{"wb_protected":true}}
{"address":"0x1019758e0", "type":"IMEMO", "slot_size":40, "class":"0x103a1b860", "imemo_type":"ment", "memsize":48, "flags":{"wb_protected":true}}
{"address":"0x101975908", "type":"IMEMO", "slot_size":40, "class":"0x103a1b860", "imemo_type":"ment", "memsize":48, "flags":{"wb_protected":true}}
{"address":"0x101975930", "type":"IMEMO", "slot_size":40, "class":"0x103a1b860", "imemo_type":"ment", "memsize":48, "flags":{"wb_protected":true}}
{"address":"0x101975958", "type":"IMEMO", "slot_size":40, "class":"0x103a1b860", "imemo_type":"ment", "memsize":48, "flags":{"wb_protected":true}}
{"address":"0x101975980", "type":"IMEMO", "slot_size":40, "class":"0x103a1b860", "imemo_type":"ment", "memsize":48, "flags":{"wb_protected":true}}
{"address":"0x1019759a8", "type":"STRING", "slot_size":40, "class":"0x1039feda0", "frozen":true, "embedded":true, "fstring":true, "bytesize":11, "value":"rationalize", "encoding":"US-ASCII", "memsize":40, "flags":{"wb_protected":true}}
{"address":"0x1019759d0", "type":"IMEMO", "slot_size":40, "class":"0x103a1b860", "imemo_type":"ment", "memsize":48, "flags":{"wb_protected":true}}
{"address":"0x1019759f8", "type":"IMEMO", "slot_size":40, "class":"0x103a1b860", "imemo_type":"ment", "memsize":48, "flags":{"wb_protected":true}}
{"address":"0x101975a20", "type":"IMEMO", "slot_size":40, "class":"0x103a1b860", "imemo_type":"ment", "memsize":48, "flags":{"wb_protected":true}}
{"address":"0x101975a48", "type":"IMEMO", "slot_size":40, "class":"0x103a1b860", "imemo_type":"ment", "memsize":48, "flags":{"wb_protected":true}}
{"address":"0x101975a70", "type":"IMEMO", "slot_size":40, "class":"0x103a1b860", "imemo_type":"ment", "memsize":48, "flags":{"wb_protected":true}}
{"address":"0x101975a98", "type":"IMEMO", "slot_size":40, "class":"0x103a1b860", "imemo_type":"ment", "memsize":48, "flags":{"wb_protected":true}}
{"address":"0x101975ac0", "type":"IMEMO", "slot_size":40, "class":"0x103a1b860", "imemo_type":"ment", "memsize":48, "flags":{"wb_protected":true}}
{"address":"0x101975ae8", "type":"IMEMO", "slot_size":40, "class":"0x103a1b860", "imemo_type":"ment", "memsize":48, "flags":{"wb_protected":true}}
{"address":"0x101975b10", "type":"IMEMO", "slot_size":40, "class":"0x103a1b860", "imemo_type":"ment", "memsize":48, "flags":{"wb_protected":true}}
{"address":"0x101975b38", "type":"IMEMO", "slot_size":40, "class":"0x103a1b860", "imemo_type":"ment", "memsize":48, "flags":{"wb_protected":true}}
{"address":"0x101975b60", "type":"IMEMO", "slot_size":40, "class":"0x103a1b860", "imemo_type":"ment", "memsize":48, "flags":{"wb_protected":true}}
{"address":"0x101975b88", "type":"IMEMO", "slot_size":40, "class":"0x103a1b860", "imemo_type":"ment", "memsize":48, "flags":{"wb_protected":true}}
{"address":"0x101975bb0", "type":"IMEMO", "slot_size":40, "class":"0x103a1b860", "imemo_type":"ment", "memsize":48, "flags":{"wb_protected":true}}
{"address":"0x101975bd8", "type":"IMEMO", "slot_size":40, "class":"0x103a1b860", "imemo_type":"ment", "memsize":48, "flags":{"wb_protected":true}}
{"address":"0x101975c00", "type":"IMEMO", "slot_size":40, "class":"0x103a1b860", "imemo_type":"ment", "memsize":48, "flags":{"wb_protected":true}}
{"address":"0x101975c28", "type":"IMEMO", "slot_size":40, "class":"0x103a1b860", "imemo_type":"ment", "memsize":48, "flags":{"wb_protected":true}}
{"address":"0x101975c50", "type":"IMEMO", "slot_size":40, "class":"0x103a1b860", "imemo_type":"ment", "memsize":48, "flags":{"wb_protected":true}}
{"address":"0x101975c78", "type":"IMEMO", "slot_size":40, "class":"0x103a1b860", "imemo_type":"ment", "memsize":48, "flags":{"wb_protected":true}}
{"address":"0x101975ca0", "type":"IMEMO", "slot_size":40, "class":"0x103a1b860", "imemo_type":"ment", "memsize":48, "flags":{"wb_protected":true}}
{"address":"0x101975cc8", "type":"IMEMO", "slot_size":40, "class":"0x103a1b860", "imemo_type":"ment", "memsize":48, "flags":{"wb_protected":true}}
{"address":"0x101975cf0", "type":"IMEMO", "slot_size":40, "class":"0x103a1b860", "imemo_type":"ment", "memsize":48, "flags":{"wb_protected":true}}
{"address":"0x101975d18", "type":"IMEMO", "slot_size":40, "class":"0x103a1b860", "imemo_type":"ment", "memsize":48, "flags":{"wb_protected":true}}
{"address":"0x101975d40", "type":"IMEMO", "slot_size":40, "class":"0x103a1b860", "imemo_type":"ment", "memsize":48, "flags":{"wb_protected":true}}
{"address":"0x101975d68", "type":"STRING", "slot_size":40, "class":"0x1039feda0", "frozen":true, "embedded":true, "fstring":true, "bytesize":11, "value":"denominator", "encoding":"US-ASCII", "memsize":40, "flags":{"wb_protected":true}}
{"address":"0x101975d90", "type":"IMEMO", "slot_size":40, "class":"0x103a1b860", "imemo_type":"ment", "memsize":48, "flags":{"wb_protected":true}}
{"address":"0x101975db8", "type":"STRING", "slot_size":40, "class":"0x1039feda0", "frozen":true, "embedded":true, "fstring":true, "bytesize":9, "value":"numerator", "encoding":"US-ASCII", "memsize":40, "flags":{"wb_protected":true}}
{"address":"0x101975de0", "type":"IMEMO", "slot_size":40, "class":"0x1039ff7a0", "imemo_type":"ment", "memsize":48, "flags":{"wb_protected":true}}
{"address":"0x101975e08", "type":"IMEMO", "slot_size":40, "imemo_type":"ment", "references":["0x1039ff8e0"], "memsize":48, "flags":{"wb_protected":true}}
{"address":"0x101975e30", "type":"IMEMO", "slot_size":40, "class":"0x103a1b7c0", "imemo_type":"ment", "memsize":48, "flags":{"wb_protected":true}}
{"address":"0x101975e58", "type":"IMEMO", "slot_size":40, "class":"0x103a1b7c0", "imemo_type":"ment", "memsize":48, "flags":{"wb_protected":true}}
{"address":"0x101975e80", "type":"STRING", "slot_size":40, "class":"0x1039feda0", "frozen":true, "embedded":true, "fstring":true, "bytesize":8, "value":"Rational", "encoding":"US-ASCII", "memsize":40, "flags":{"wb_protected":true}}
{"address":"0x101975ea8", "type":"STRING", "slot_size":40, "class":"0x1039feda0", "frozen":true, "embedded":true, "fstring":true, "bytesize":12, "value":"@denominator", "encoding":"US-ASCII", "memsize":40, "flags":{"wb_protected":true}}
{"address":"0x101975ed0", "type":"STRING", "slot_size":40, "class":"0x1039feda0", "frozen":true, "embedded":true, "fstring":true, "bytesize":10, "value":"@numerator", "encoding":"US-ASCII", "memsize":40, "flags":{"wb_protected":true}}
{"address":"0x101975ef8", "type":"STRING", "slot_size":40, "class":"0x1039feda0", "frozen":true, "embedded":true, "fstring":true, "bytesize":8, "value":"integer?", "encoding":"US-ASCII", "memsize":40, "flags":{"wb_protected":true}}
{"address":"0x101975f20", "type":"STRING", "slot_size":40, "class":"0x1039feda0", "shared":true, "encoding":"UTF-8", "references":["0x101979aa8"], "memsize":40, "flags":{"wb_protected":true}}
{"address":"0x101975f48", "type":"STRING", "slot_size":40, "class":"0x1039feda0", "shared":true, "encoding":"UTF-8", "references":["0x10197e800"], "memsize":40, "flags":{"wb_protected":true}}
{"address":"0x101975f70", "type":"ARRAY", "slot_size":40, "class":"0x1039f3540", "length":2, "embedded":true, "references":["0x10197e800", "0x101979aa8"], "memsize":40, "flags":{"wb_protected":true}}
{"address":"0x101975f98", "type":"STRING", "slot_size":40, "class":"0x1039feda0", "frozen":true, "fstring":true, "bytesize":8, "value":"fiber.so", "encoding":"US-ASCII", "memsize":40, "flags":{"wb_protected":true}}
{"address":"0x101975fc0", "type":"IMEMO", "slot_size":40, "class":"0x103a1ba40", "imemo_type":"ment", "memsize":48, "flags":{"wb_protected":true}}
{"address":"0x101975fe8", "type":"STRING", "slot_size":40, "class":"0x1039feda0", "frozen":true, "embedded":true, "fstring":true, "bytesize":8, "value":"schedule", "encoding":"US-ASCII", "memsize":40, "flags":{"wb_protected":true}}
{"address":"0x101976010", "type":"IMEMO", "slot_size":40, "class":"0x103a1ba40", "imemo_type":"ment", "memsize":48, "flags":{"wb_protected":true}}
{"address":"0x101976038", "type":"IMEMO", "slot_size":40, "class":"0x103a1ba40", "imemo_type":"ment", "memsize":48, "flags":{"wb_protected":true}}
{"address":"0x101976060", "type":"STRING", "slot_size":40, "class":"0x1039feda0", "frozen":true, "embedded":true, "fstring":true, "bytesize":13, "value":"set_scheduler", "encoding":"US-ASCII", "memsize":40, "flags":{"wb_protected":true}}
{"address":"0x101976088", "type":"IMEMO", "slot_size":40, "class":"0x103a1ba40", "imemo_type":"ment", "memsize":48, "flags":{"wb_protected":true}}
{"address":"0x1019760b0", "type":"STRING", "slot_size":40, "class":"0x1039feda0", "frozen":true, "embedded":true, "fstring":true, "bytesize":9, "value":"scheduler", "encoding":"US-ASCII", "memsize":40, "flags":{"wb_protected":true}}
{"address":"0x1019760d8", "type":"IMEMO", "slot_size":40, "class":"0x103a1ba40", "imemo_type":"ment", "memsize":48, "flags":{"wb_protected":true}}
{"address":"0x101976100", "type":"IMEMO", "slot_size":40, "class":"0x103a1bae0", "imemo_type":"ment", "memsize":48, "flags":{"wb_protected":true}}
{"address":"0x101976128", "type":"IMEMO", "slot_size":40, "class":"0x103a1bae0", "imemo_type":"ment", "memsize":48, "flags":{"wb_protected":true}}
{"address":"0x101976150", "type":"IMEMO", "slot_size":40, "class":"0x103a1bae0", "imemo_type":"ment", "memsize":48, "flags":{"wb_protected":true}}
{"address":"0x101976178", "type":"IMEMO", "slot_size":40, "class":"0x103a1bae0", "imemo_type":"ment", "memsize":48, "flags":{"wb_protected":true}}
{"address":"0x1019761a0", "type":"IMEMO", "slot_size":40, "class":"0x103a1bae0", "imemo_type":"ment", "memsize":48, "flags":{"wb_protected":true}}
{"address":"0x1019761c8", "type":"IMEMO", "slot_size":40, "class":"0x103a1bae0", "imemo_type":"ment", "memsize":48, "flags":{"wb_protected":true}}
{"address":"0x1019761f0", "type":"IMEMO", "slot_size":40, "class":"0x103a1bae0", "imemo_type":"ment", "memsize":48, "flags":{"wb_protected":true}}
{"address":"0x101976218", "type":"IMEMO", "slot_size":40, "class":"0x103a1bae0", "imemo_type":"ment", "memsize":48, "flags":{"wb_protected":true}}
{"address":"0x101976240", "type":"IMEMO", "slot_size":40, "class":"0x103a1bae0", "imemo_type":"ment", "memsize":48, "flags":{"wb_protected":true}}
{"address":"0x101976268", "type":"STRING", "slot_size":40, "class":"0x1039feda0", "frozen":true, "embedded":true, "fstring":true, "bytesize":9, "value":"blocking?", "encoding":"US-ASCII", "memsize":40, "flags":{"wb_protected":true}}
{"address":"0x101976290", "type":"IMEMO", "slot_size":40, "class":"0x103a1bae0", "imemo_type":"ment", "memsize":48, "flags":{"wb_protected":true}}
{"address":"0x1019762b8", "type":"IMEMO", "slot_size":40, "class":"0x103a1ba40", "imemo_type":"ment", "memsize":48, "flags":{"wb_protected":true}}
{"address":"0x1019762e0", "type":"IMEMO", "slot_size":40, "class":"0x103a1ba40", "imemo_type":"ment", "memsize":48, "flags":{"wb_protected":true}}
{"address":"0x101976308", "type":"STRING", "slot_size":40, "class":"0x1039feda0", "frozen":true, "embedded":true, "fstring":true, "bytesize":10, "value":"FiberError", "encoding":"US-ASCII", "memsize":40, "flags":{"wb_protected":true}}
{"address":"0x101976330", "type":"STRING", "slot_size":40, "class":"0x1039feda0", "frozen":true, "embedded":true, "fstring":true, "bytesize":5, "value":"Fiber", "encoding":"US-ASCII", "memsize":40, "flags":{"wb_protected":true}}
{"address":"0x101976358", "type":"STRING", "slot_size":40, "class":"0x1039feda0", "frozen":true, "embedded":true, "fstring":true, "bytesize":4, "value":"pool", "encoding":"US-ASCII", "memsize":40, "flags":{"wb_protected":true}}
{"address":"0x101976380", "type":"STRING", "slot_size":40, "class":"0x1039feda0", "frozen":true, "embedded":true, "fstring":true, "bytesize":8, "value":"blocking", "encoding":"US-ASCII", "memsize":40, "flags":{"wb_protected":true}}
{"address":"0x1019763a8", "type":"IMEMO", "slot_size":40, "class":"0x103a1bb80", "imemo_type":"ment", "memsize":48, "flags":{"wb_protected":true}}
{"address":"0x1019763d0", "type":"IMEMO", "slot_size":40, "imemo_type":"ment", "references":["0x103a1bc20"], "memsize":48, "flags":{"wb_protected":true}}
{"address":"0x1019763f8", "type":"STRING", "slot_size":40, "class":"0x1039feda0", "frozen":true, "embedded":true, "fstring":true, "bytesize":9, "value":"issetugid", "encoding":"US-ASCII", "memsize":40, "flags":{"wb_protected":true}}
{"address":"0x101976420", "type":"IMEMO", "slot_size":40, "class":"0x103a1bb80", "imemo_type":"ment", "memsize":48, "flags":{"wb_protected":true}}
{"address":"0x101976448", "type":"IMEMO", "slot_size":40, "imemo_type":"ment", "references":["0x103a1bc20"], "memsize":48, "flags":{"wb_protected":true}}
{"address":"0x101976470", "type":"STRING", "slot_size":40, "class":"0x1039feda0", "frozen":true, "embedded":true, "fstring":true, "bytesize":9, "value":"setresgid", "encoding":"US-ASCII", "memsize":40, "flags":{"wb_protected":true}}
{"address":"0x101976498", "type":"IMEMO", "slot_size":40, "class":"0x103a1bb80", "imemo_type":"ment", "memsize":48, "flags":{"wb_protected":true}}
{"address":"0x1019764c0", "type":"IMEMO", "slot_size":40, "imemo_type":"ment", "references":["0x103a1bc20"], "memsize":48, "flags":{"wb_protected":true}}
{"address":"0x1019764e8", "type":"STRING", "slot_size":40, "class":"0x1039feda0", "frozen":true, "embedded":true, "fstring":true, "bytesize":9, "value":"setresuid", "encoding":"US-ASCII", "memsize":40, "flags":{"wb_protected":true}}
{"address":"0x101976510", "type":"IMEMO", "slot_size":40, "class":"0x103a1bb80", "imemo_type":"ment", "memsize":48, "flags":{"wb_protected":true}}
{"address":"0x101976538", "type":"IMEMO", "slot_size":40, "imemo_type":"ment", "references":["0x103a1bc20"], "memsize":48, "flags":{"wb_protected":true}}
{"address":"0x101976560", "type":"STRING", "slot_size":40, "class":"0x1039feda0", "frozen":true, "embedded":true, "fstring":true, "bytesize":8, "value":"setregid", "encoding":"US-ASCII", "memsize":40, "flags":{"wb_protected":true}}
{"address":"0x101976588", "type":"IMEMO", "slot_size":40, "class":"0x103a1bb80", "imemo_type":"ment", "memsize":48, "flags":{"wb_protected":true}}
{"address":"0x1019765b0", "type":"IMEMO", "slot_size":40, "imemo_type":"ment", "references":["0x103a1bc20"], "memsize":48, "flags":{"wb_protected":true}}
{"address":"0x1019765d8", "type":"STRING", "slot_size":40, "class":"0x1039feda0", "frozen":true, "embedded":true, "fstring":true, "bytesize":8, "value":"setreuid", "encoding":"US-ASCII", "memsize":40, "flags":{"wb_protected":true}}
{"address":"0x101976600", "type":"IMEMO", "slot_size":40, "class":"0x103a1bb80", "imemo_type":"ment", "memsize":48, "flags":{"wb_protected":true}}
{"address":"0x101976628", "type":"IMEMO", "slot_size":40, "imemo_type":"ment", "references":["0x103a1bc20"], "memsize":48, "flags":{"wb_protected":true}}
{"address":"0x101976650", "type":"STRING", "slot_size":40, "class":"0x1039feda0", "frozen":true, "embedded":true, "fstring":true, "bytesize":7, "value":"setegid", "encoding":"US-ASCII", "memsize":40, "flags":{"wb_protected":true}}
{"address":"0x101976678", "type":"IMEMO", "slot_size":40, "class":"0x103a1bb80", "imemo_type":"ment", "memsize":48, "flags":{"wb_protected":true}}
{"address":"0x1019766a0", "type":"IMEMO", "slot_size":40, "imemo_type":"ment", "references":["0x103a1bc20"], "memsize":48, "flags":{"wb_protected":true}}
{"address":"0x1019766c8", "type":"STRING", "slot_size":40, "class":"0x1039feda0", "frozen":true, "embedded":true, "fstring":true, "bytesize":7, "value":"seteuid", "encoding":"US-ASCII", "memsize":40, "flags":{"wb_protected":true}}
{"address":"0x1019766f0", "type":"IMEMO", "slot_size":40, "class":"0x103a1bb80", "imemo_type":"ment", "memsize":48, "flags":{"wb_protected":true}}
{"address":"0x101976718", "type":"IMEMO", "slot_size":40, "imemo_type":"ment", "references":["0x103a1bc20"], "memsize":48, "flags":{"wb_protected":true}}
{"address":"0x101976740", "type":"STRING", "slot_size":40, "class":"0x1039feda0", "frozen":true, "embedded":true, "fstring":true, "bytesize":7, "value":"setrgid", "encoding":"US-ASCII", "memsize":40, "flags":{"wb_protected":true}}
{"address":"0x101976768", "type":"IMEMO", "slot_size":40, "class":"0x103a1bb80", "imemo_type":"ment", "memsize":48, "flags":{"wb_protected":true}}
{"address":"0x101976790", "type":"IMEMO", "slot_size":40, "imemo_type":"ment", "references":["0x103a1bc20"], "memsize":48, "flags":{"wb_protected":true}}
{"address":"0x1019767b8", "type":"STRING", "slot_size":40, "class":"0x1039feda0", "frozen":true, "embedded":true, "fstring":true, "bytesize":7, "value":"setruid", "encoding":"US-ASCII", "memsize":40, "flags":{"wb_protected":true}}
{"address":"0x1019767e0", "type":"IMEMO", "slot_size":40, "class":"0x103a1bb80", "imemo_type":"ment", "memsize":48, "flags":{"wb_protected":true}}
{"address":"0x101976808", "type":"IMEMO", "slot_size":40, "imemo_type":"ment", "references":["0x103a1bc20"], "memsize":48, "flags":{"wb_protected":true}}
{"address":"0x101976830", "type":"STRING", "slot_size":40, "class":"0x1039feda0", "frozen":true, "embedded":true, "fstring":true, "bytesize":6, "value":"setgid", "encoding":"US-ASCII", "memsize":40, "flags":{"wb_protected":true}}
{"address":"0x101976858", "type":"IMEMO", "slot_size":40, "class":"0x103a1bb80", "imemo_type":"ment", "memsize":48, "flags":{"wb_protected":true}}
{"address":"0x101976880", "type":"IMEMO", "slot_size":40, "imemo_type":"ment", "references":["0x103a1bc20"], "memsize":48, "flags":{"wb_protected":true}}
{"address":"0x1019768a8", "type":"STRING", "slot_size":40, "class":"0x1039feda0", "frozen":true, "embedded":true, "fstring":true, "bytesize":6, "value":"setuid", "encoding":"US-ASCII", "memsize":40, "flags":{"wb_protected":true}}
{"address":"0x1019768d0", "type":"IMEMO", "slot_size":40, "class":"0x103a1bb80", "imemo_type":"ment", "memsize":48, "flags":{"wb_protected":true}}
{"address":"0x1019768f8", "type":"IMEMO", "slot_size":40, "imemo_type":"ment", "references":["0x103a1bc20"], "memsize":48, "flags":{"wb_protected":true}}
{"address":"0x101976920", "type":"STRING", "slot_size":40, "class":"0x1039feda0", "frozen":true, "embedded":true, "fstring":true, "bytesize":7, "value":"getegid", "encoding":"US-ASCII", "memsize":40, "flags":{"wb_protected":true}}
{"address":"0x101976948", "type":"IMEMO", "slot_size":40, "class":"0x103a1bb80", "imemo_type":"ment", "memsize":48, "flags":{"wb_protected":true}}
{"address":"0x101976970", "type":"IMEMO", "slot_size":40, "imemo_type":"ment", "references":["0x103a1bc20"], "memsize":48, "flags":{"wb_protected":true}}
{"address":"0x101976998", "type":"STRING", "slot_size":40, "class":"0x1039feda0", "frozen":true, "embedded":true, "fstring":true, "bytesize":6, "value":"getgid", "encoding":"US-ASCII", "memsize":40, "flags":{"wb_protected":true}}
{"address":"0x1019769c0", "type":"IMEMO", "slot_size":40, "class":"0x103a1bb80", "imemo_type":"ment", "memsize":48, "flags":{"wb_protected":true}}
{"address":"0x1019769e8", "type":"IMEMO", "slot_size":40, "imemo_type":"ment", "references":["0x103a1bc20"], "memsize":48, "flags":{"wb_protected":true}}
{"address":"0x101976a10", "type":"STRING", "slot_size":40, "class":"0x1039feda0", "frozen":true, "embedded":true, "fstring":true, "bytesize":7, "value":"geteuid", "encoding":"US-ASCII", "memsize":40, "flags":{"wb_protected":true}}
{"address":"0x101976a38", "type":"IMEMO", "slot_size":40, "class":"0x103a1bb80", "imemo_type":"ment", "memsize":48, "flags":{"wb_protected":true}}
{"address":"0x101976a60", "type":"IMEMO", "slot_size":40, "imemo_type":"ment", "references":["0x103a1bc20"], "memsize":48, "flags":{"wb_protected":true}}
{"address":"0x101976a88", "type":"STRING", "slot_size":40, "class":"0x1039feda0", "frozen":true, "embedded":true, "fstring":true, "bytesize":6, "value":"getuid", "encoding":"US-ASCII", "memsize":40, "flags":{"wb_protected":true}}
{"address":"0x101976ab0", "type":"STRING", "slot_size":40, "class":"0x1039feda0", "embedded":true, "bytesize":12, "value":"Process::Sys", "encoding":"US-ASCII", "memsize":40, "flags":{"wb_protected":true}}
{"address":"0x101976ad8", "type":"STRING", "slot_size":40, "class":"0x1039feda0", "frozen":true, "embedded":true, "fstring":true, "bytesize":12, "value":"Process::Sys", "encoding":"US-ASCII", "memsize":40, "flags":{"wb_protected":true}}
{"address":"0x101976b00", "type":"STRING", "slot_size":40, "class":"0x1039feda0", "embedded":true, "bytesize":12, "value":"Process::Sys", "encoding":"US-ASCII", "memsize":40, "flags":{"wb_protected":true}}
{"address":"0x101976b28", "type":"STRING", "slot_size":40, "class":"0x1039feda0", "frozen":true, "embedded":true, "fstring":true, "bytesize":3, "value":"Sys", "encoding":"US-ASCII", "memsize":40, "flags":{"wb_protected":true}}
{"address":"0x101976b50", "type":"IMEMO", "slot_size":40, "class":"0x103a1bcc0", "imemo_type":"ment", "memsize":48, "flags":{"wb_protected":true}}
{"address":"0x101976b78", "type":"IMEMO", "slot_size":40, "imemo_type":"ment", "references":["0x103a1be00"], "memsize":48, "flags":{"wb_protected":true}}
{"address":"0x101976ba0", "type":"IMEMO", "slot_size":40, "class":"0x103a1bd60", "imemo_type":"ment", "memsize":48, "flags":{"wb_protected":true}}
{"address":"0x101976bc8", "type":"IMEMO", "slot_size":40, "imemo_type":"ment", "references":["0x103a1bea0"], "memsize":48, "flags":{"wb_protected":true}}
{"address":"0x101976bf0", "type":"STRING", "slot_size":40, "class":"0x1039feda0", "frozen":true, "embedded":true, "fstring":true, "bytesize":9, "value":"from_name", "encoding":"US-ASCII", "memsize":40, "flags":{"wb_protected":true}}
{"address":"0x101976c18", "type":"IMEMO", "slot_size":40, "class":"0x103a1bcc0", "imemo_type":"ment", "memsize":48, "flags":{"wb_protected":true}}
{"address":"0x101976c40", "type":"IMEMO", "slot_size":40, "imemo_type":"ment", "references":["0x103a1be00"], "memsize":48, "flags":{"wb_protected":true}}
{"address":"0x101976c68", "type":"IMEMO", "slot_size":40, "class":"0x103a1bd60", "imemo_type":"ment", "memsize":48, "flags":{"wb_protected":true}}
{"address":"0x101976c90", "type":"IMEMO", "slot_size":40, "imemo_type":"ment", "references":["0x103a1bea0"], "memsize":48, "flags":{"wb_protected":true}}
{"address":"0x101976cb8", "type":"STRING", "slot_size":40, "class":"0x1039feda0", "frozen":true, "embedded":true, "fstring":true, "bytesize":6, "value":"switch", "encoding":"US-ASCII", "memsize":40, "flags":{"wb_protected":true}}
{"address":"0x101976ce0", "type":"IMEMO", "slot_size":40, "class":"0x103a1bcc0", "imemo_type":"ment", "memsize":48, "flags":{"wb_protected":true}}
{"address":"0x101976d08", "type":"IMEMO", "slot_size":40, "imemo_type":"ment", "references":["0x103a1be00"], "memsize":48, "flags":{"wb_protected":true}}
{"address":"0x101976d30", "type":"IMEMO", "slot_size":40, "class":"0x103a1bd60", "imemo_type":"ment", "memsize":48, "flags":{"wb_protected":true}}
{"address":"0x101976d58", "type":"IMEMO", "slot_size":40, "imemo_type":"ment", "references":["0x103a1bea0"], "memsize":48, "flags":{"wb_protected":true}}
{"address":"0x101976d80", "type":"STRING", "slot_size":40, "class":"0x1039feda0", "frozen":true, "embedded":true, "fstring":true, "bytesize":14, "value":"sid_available?", "encoding":"US-ASCII", "memsize":40, "flags":{"wb_protected":true}}
{"address":"0x101976da8", "type":"IMEMO", "slot_size":40, "class":"0x103a1bcc0", "imemo_type":"ment", "memsize":48, "flags":{"wb_protected":true}}
{"address":"0x101976dd0", "type":"IMEMO", "slot_size":40, "imemo_type":"ment", "references":["0x103a1be00"], "memsize":48, "flags":{"wb_protected":true}}
{"address":"0x101976df8", "type":"IMEMO", "slot_size":40, "class":"0x103a1bd60", "imemo_type":"ment", "memsize":48, "flags":{"wb_protected":true}}
{"address":"0x101976e20", "type":"IMEMO", "slot_size":40, "imemo_type":"ment", "references":["0x103a1bea0"], "memsize":48, "flags":{"wb_protected":true}}
{"address":"0x101976e48", "type":"IMEMO", "slot_size":40, "class":"0x103a1bcc0", "imemo_type":"ment", "memsize":48, "flags":{"wb_protected":true}}
{"address":"0x101976e70", "type":"IMEMO", "slot_size":40, "imemo_type":"ment", "references":["0x103a1be00"], "memsize":48, "flags":{"wb_protected":true}}
{"address":"0x101976e98", "type":"IMEMO", "slot_size":40, "class":"0x103a1bd60", "imemo_type":"ment", "memsize":48, "flags":{"wb_protected":true}}
{"address":"0x101976ec0", "type":"IMEMO", "slot_size":40, "imemo_type":"ment", "references":["0x103a1bea0"], "memsize":48, "flags":{"wb_protected":true}}
{"address":"0x101976ee8", "type":"STRING", "slot_size":40, "class":"0x1039feda0", "frozen":true, "embedded":true, "fstring":true, "bytesize":11, "value":"re_exchange", "encoding":"US-ASCII", "memsize":40, "flags":{"wb_protected":true}}
{"address":"0x101976f10", "type":"IMEMO", "slot_size":40, "class":"0x103a1bcc0", "imemo_type":"ment", "memsize":48, "flags":{"wb_protected":true}}
{"address":"0x101976f38", "type":"IMEMO", "slot_size":40, "class":"0x103a1bd60", "imemo_type":"ment", "memsize":48, "flags":{"wb_protected":true}}
{"address":"0x101976f60", "type":"STRING", "slot_size":40, "class":"0x1039feda0", "frozen":true, "embedded":true, "fstring":true, "bytesize":4, "value":"eid=", "encoding":"US-ASCII", "memsize":40, "flags":{"wb_protected":true}}
{"address":"0x101976f88", "type":"IMEMO", "slot_size":40, "class":"0x103a1bcc0", "imemo_type":"ment", "memsize":48, "flags":{"wb_protected":true}}
{"address":"0x101976fb0", "type":"IMEMO", "slot_size":40, "imemo_type":"ment", "references":["0x103a1be00"], "memsize":48, "flags":{"wb_protected":true}}
{"address":"0x101976fd8", "type":"IMEMO", "slot_size":40, "class":"0x103a1bd60", "imemo_type":"ment", "memsize":48, "flags":{"wb_protected":true}}
{"address":"0x101977000", "type":"IMEMO", "slot_size":40, "imemo_type":"ment", "references":["0x103a1bea0"], "memsize":48, "flags":{"wb_protected":true}}
{"address":"0x101977028", "type":"STRING", "slot_size":40, "class":"0x1039feda0", "frozen":true, "embedded":true, "fstring":true, "bytesize":15, "value":"grant_privilege", "encoding":"US-ASCII", "memsize":40, "flags":{"wb_protected":true}}
{"address":"0x101977050", "type":"IMEMO", "slot_size":40, "class":"0x103a1bcc0", "imemo_type":"ment", "memsize":48, "flags":{"wb_protected":true}}
{"address":"0x101977078", "type":"IMEMO", "slot_size":40, "imemo_type":"ment", "references":["0x103a1be00"], "memsize":48, "flags":{"wb_protected":true}}
{"address":"0x1019770a0", "type":"IMEMO", "slot_size":40, "class":"0x103a1bd60", "imemo_type":"ment", "memsize":48, "flags":{"wb_protected":true}}
{"address":"0x1019770c8", "type":"IMEMO", "slot_size":40, "imemo_type":"ment", "references":["0x103a1bea0"], "memsize":48, "flags":{"wb_protected":true}}
{"address":"0x1019770f0", "type":"IMEMO", "slot_size":40, "class":"0x103a1bcc0", "imemo_type":"ment", "memsize":48, "flags":{"wb_protected":true}}
{"address":"0x101977118", "type":"IMEMO", "slot_size":40, "imemo_type":"ment", "references":["0x103a1be00"], "memsize":48, "flags":{"wb_protected":true}}
{"address":"0x101977140", "type":"IMEMO", "slot_size":40, "class":"0x103a1bd60", "imemo_type":"ment", "memsize":48, "flags":{"wb_protected":true}}
{"address":"0x101977168", "type":"IMEMO", "slot_size":40, "imemo_type":"ment", "references":["0x103a1bea0"], "memsize":48, "flags":{"wb_protected":true}}
{"address":"0x101977190", "type":"STRING", "slot_size":40, "class":"0x1039feda0", "frozen":true, "embedded":true, "fstring":true, "bytesize":3, "value":"eid", "encoding":"US-ASCII", "memsize":40, "flags":{"wb_protected":true}}
{"address":"0x1019771b8", "type":"IMEMO", "slot_size":40, "class":"0x103a1bcc0", "imemo_type":"ment", "memsize":48, "flags":{"wb_protected":true}}
{"address":"0x1019771e0", "type":"IMEMO", "slot_size":40, "imemo_type":"ment", "references":["0x103a1be00"], "memsize":48, "flags":{"wb_protected":true}}
{"address":"0x101977208", "type":"IMEMO", "slot_size":40, "class":"0x103a1bd60", "imemo_type":"ment", "memsize":48, "flags":{"wb_protected":true}}
{"address":"0x101977230", "type":"IMEMO", "slot_size":40, "imemo_type":"ment", "references":["0x103a1bea0"], "memsize":48, "flags":{"wb_protected":true}}
{"address":"0x101977258", "type":"STRING", "slot_size":40, "class":"0x1039feda0", "frozen":true, "embedded":true, "fstring":true, "bytesize":3, "value":"rid", "encoding":"US-ASCII", "memsize":40, "flags":{"wb_protected":true}}
{"address":"0x101977280", "type":"STRING", "slot_size":40, "class":"0x1039feda0", "embedded":true, "bytesize":12, "value":"Process::GID", "encoding":"US-ASCII", "memsize":40, "flags":{"wb_protected":true}}
{"address":"0x1019772a8", "type":"STRING", "slot_size":40, "class":"0x1039feda0", "frozen":true, "embedded":true, "fstring":true, "bytesize":12, "value":"Process::GID", "encoding":"US-ASCII", "memsize":40, "flags":{"wb_protected":true}}
{"address":"0x1019772d0", "type":"STRING", "slot_size":40, "class":"0x1039feda0", "embedded":true, "bytesize":12, "value":"Process::GID", "encoding":"US-ASCII", "memsize":40, "flags":{"wb_protected":true}}
{"address":"0x1019772f8", "type":"STRING", "slot_size":40, "class":"0x1039feda0", "frozen":true, "embedded":true, "fstring":true, "bytesize":3, "value":"GID", "encoding":"US-ASCII", "memsize":40, "flags":{"wb_protected":true}}
{"address":"0x101977320", "type":"STRING", "slot_size":40, "class":"0x1039feda0", "embedded":true, "bytesize":12, "value":"Process::UID", "encoding":"US-ASCII", "memsize":40, "flags":{"wb_protected":true}}
{"address":"0x101977348", "type":"STRING", "slot_size":40, "class":"0x1039feda0", "frozen":true, "embedded":true, "fstring":true, "bytesize":12, "value":"Process::UID", "encoding":"US-ASCII", "memsize":40, "flags":{"wb_protected":true}}
{"address":"0x101977370", "type":"STRING", "slot_size":40, "class":"0x1039feda0", "embedded":true, "bytesize":12, "value":"Process::UID", "encoding":"US-ASCII", "memsize":40, "flags":{"wb_protected":true}}
{"address":"0x101977398", "type":"STRING", "slot_size":40, "class":"0x1039feda0", "frozen":true, "embedded":true, "fstring":true, "bytesize":3, "value":"UID", "encoding":"US-ASCII", "memsize":40, "flags":{"wb_protected":true}}
{"address":"0x1019773c0", "type":"IMEMO", "slot_size":40, "class":"0x103a1bfe0", "imemo_type":"ment", "memsize":48, "flags":{"wb_protected":true}}
{"address":"0x1019773e8", "type":"STRING", "slot_size":40, "class":"0x1039feda0", "frozen":true, "embedded":true, "fstring":true, "bytesize":7, "value":"cstime=", "encoding":"US-ASCII", "memsize":40, "flags":{"wb_protected":true}}
{"address":"0x101977410", "type":"IMEMO", "slot_size":40, "class":"0x103a1bfe0", "imemo_type":"ment", "memsize":48, "flags":{"wb_protected":true}}
{"address":"0x101977438", "type":"IMEMO", "slot_size":40, "class":"0x103a1bfe0", "imemo_type":"ment", "memsize":48, "flags":{"wb_protected":true}}
{"address":"0x101977460", "type":"STRING", "slot_size":40, "class":"0x1039feda0", "frozen":true, "embedded":true, "fstring":true, "bytesize":7, "value":"cutime=", "encoding":"US-ASCII", "memsize":40, "flags":{"wb_protected":true}}
{"address":"0x101977488", "type":"IMEMO", "slot_size":40, "class":"0x103a1bfe0", "imemo_type":"ment", "memsize":48, "flags":{"wb_protected":true}}
{"address":"0x1019774b0", "type":"IMEMO", "slot_size":40, "class":"0x103a1bfe0", "imemo_type":"ment", "memsize":48, "flags":{"wb_protected":true}}
{"address":"0x1019774d8", "type":"STRING", "slot_size":40, "class":"0x1039feda0", "frozen":true, "embedded":true, "fstring":true, "bytesize":6, "value":"stime=", "encoding":"US-ASCII", "memsize":40, "flags":{"wb_protected":true}}
{"address":"0x101977500", "type":"IMEMO", "slot_size":40, "class":"0x103a1bfe0", "imemo_type":"ment", "memsize":48, "flags":{"wb_protected":true}}
{"address":"0x101977528", "type":"IMEMO", "slot_size":40, "class":"0x103a1bfe0", "imemo_type":"ment", "memsize":48, "flags":{"wb_protected":true}}
{"address":"0x101977550", "type":"STRING", "slot_size":40, "class":"0x1039feda0", "frozen":true, "embedded":true, "fstring":true, "bytesize":6, "value":"utime=", "encoding":"US-ASCII", "memsize":40, "flags":{"wb_protected":true}}
{"address":"0x101977578", "type":"IMEMO", "slot_size":40, "class":"0x103a1bfe0", "imemo_type":"ment", "memsize":48, "flags":{"wb_protected":true}}
{"address":"0x1019775a0", "type":"IMEMO", "slot_size":40, "class":"0x103a1bf40", "imemo_type":"ment", "memsize":48, "flags":{"wb_protected":true}}
{"address":"0x1019775c8", "type":"STRING", "slot_size":40, "class":"0x1039feda0", "frozen":true, "embedded":true, "fstring":true, "bytesize":13, "value":"keyword_init?", "encoding":"US-ASCII", "memsize":40, "flags":{"wb_protected":true}}
{"address":"0x1019775f0", "type":"IMEMO", "slot_size":40, "class":"0x103a1bf40", "imemo_type":"ment", "memsize":48, "flags":{"wb_protected":true}}
{"address":"0x101977618", "type":"IMEMO", "slot_size":40, "class":"0x103a1bf40", "imemo_type":"ment", "memsize":48, "flags":{"wb_protected":true}}
{"address":"0x101977640", "type":"IMEMO", "slot_size":40, "class":"0x103a1bf40", "imemo_type":"ment", "memsize":48, "flags":{"wb_protected":true}}
{"address":"0x101977668", "type":"IMEMO", "slot_size":40, "class":"0x103a1bf40", "imemo_type":"ment", "memsize":48, "flags":{"wb_protected":true}}
{"address":"0x101977690", "type":"IMEMO", "slot_size":40, "class":"0x1039f2fa0", "imemo_type":"callcache", "references":["0x1019be888"], "memsize":40, "flags":{"wb_protected":true}}
{"address":"0x1019776b8", "type":"STRING", "slot_size":40, "class":"0x1039feda0", "frozen":true, "embedded":true, "fstring":true, "bytesize":12, "value":"Process::Tms", "encoding":"US-ASCII", "memsize":40, "flags":{"wb_protected":true}}
{"address":"0x1019776e0", "type":"STRING", "slot_size":40, "class":"0x1039feda0", "embedded":true, "bytesize":12, "value":"Process::Tms", "encoding":"US-ASCII", "memsize":40, "flags":{"wb_protected":true}}
{"address":"0x101977708", "type":"STRING", "slot_size":40, "class":"0x1039feda0", "frozen":true, "embedded":true, "fstring":true, "bytesize":3, "value":"Tms", "encoding":"US-ASCII", "memsize":40, "flags":{"wb_protected":true}}
{"address":"0x101977730", "type":"ARRAY", "slot_size":40, "frozen":true, "length":4, "references":["0x101977848", "0x1019777d0", "0x101977758"], "memsize":72, "flags":{"wb_protected":true}}
{"address":"0x101977758", "type":"SYMBOL", "slot_size":40, "class":"0x1039feb20", "frozen":true, "bytesize":6, "value":"cstime", "memsize":40, "flags":{"wb_protected":true}}
{"address":"0x101977780", "type":"STRING", "slot_size":40, "class":"0x1039feda0", "frozen":true, "embedded":true, "bytesize":6, "value":"cstime", "encoding":"US-ASCII", "memsize":40, "flags":{"wb_protected":true}}
{"address":"0x1019777a8", "type":"STRING", "slot_size":40, "class":"0x1039feda0", "frozen":true, "embedded":true, "fstring":true, "bytesize":6, "value":"cstime", "encoding":"US-ASCII", "memsize":40, "flags":{"wb_protected":true}}
{"address":"0x1019777d0", "type":"SYMBOL", "slot_size":40, "class":"0x1039feb20", "frozen":true, "bytesize":6, "value":"cutime", "memsize":40, "flags":{"wb_protected":true}}
{"address":"0x1019777f8", "type":"STRING", "slot_size":40, "class":"0x1039feda0", "frozen":true, "embedded":true, "bytesize":6, "value":"cutime", "encoding":"US-ASCII", "memsize":40, "flags":{"wb_protected":true}}
{"address":"0x101977820", "type":"STRING", "slot_size":40, "class":"0x1039feda0", "frozen":true, "embedded":true, "fstring":true, "bytesize":6, "value":"cutime", "encoding":"US-ASCII", "memsize":40, "flags":{"wb_protected":true}}
{"address":"0x101977848", "type":"SYMBOL", "slot_size":40, "class":"0x1039feb20", "frozen":true, "bytesize":5, "value":"stime", "memsize":40, "flags":{"wb_protected":true}}
{"address":"0x101977870", "type":"STRING", "slot_size":40, "class":"0x1039feda0", "frozen":true, "embedded":true, "bytesize":5, "value":"stime", "encoding":"US-ASCII", "memsize":40, "flags":{"wb_protected":true}}
{"address":"0x101977898", "type":"STRING", "slot_size":40, "class":"0x1039feda0", "frozen":true, "embedded":true, "fstring":true, "bytesize":5, "value":"stime", "encoding":"US-ASCII", "memsize":40, "flags":{"wb_protected":true}}
{"address":"0x1019778c0", "type":"HASH", "slot_size":40, "size":0, "memsize":192}
{"address":"0x1019778e8", "type":"IMEMO", "slot_size":40, "class":"0x103a1c300", "imemo_type":"ment", "memsize":48, "flags":{"wb_protected":true}}
{"address":"0x101977910", "type":"IMEMO", "slot_size":40, "imemo_type":"ment", "references":["0x103a1c3a0"], "memsize":48, "flags":{"wb_protected":true}}
{"address":"0x101977938", "type":"STRING", "slot_size":40, "class":"0x1039feda0", "frozen":true, "embedded":true, "fstring":true, "bytesize":12, "value":"clock_getres", "encoding":"US-ASCII", "memsize":40, "flags":{"wb_protected":true}}
{"address":"0x101977960", "type":"IMEMO", "slot_size":40, "class":"0x103a1c300", "imemo_type":"ment", "memsize":48, "flags":{"wb_protected":true}}
{"address":"0x101977988", "type":"IMEMO", "slot_size":40, "imemo_type":"ment", "references":["0x103a1c3a0"], "memsize":48, "flags":{"wb_protected":true}}
{"address":"0x1019779b0", "type":"STRING", "slot_size":40, "class":"0x1039feda0", "frozen":true, "embedded":true, "fstring":true, "bytesize":13, "value":"clock_gettime", "encoding":"US-ASCII", "memsize":40, "flags":{"wb_protected":true}}
{"address":"0x1019779d8", "type":"STRING", "slot_size":40, "class":"0x1039feda0", "frozen":true, "embedded":true, "fstring":true, "bytesize":15, "value":"CLOCK_MONOTONIC", "encoding":"US-ASCII", "memsize":40, "flags":{"wb_protected":true}}
{"address":"0x101977a00", "type":"STRING", "slot_size":40, "class":"0x1039feda0", "frozen":true, "embedded":true, "fstring":true, "bytesize":14, "value":"CLOCK_REALTIME", "encoding":"US-ASCII", "memsize":40, "flags":{"wb_protected":true}}
{"address":"0x101977a28", "type":"IMEMO", "slot_size":40, "class":"0x103a1c300", "imemo_type":"ment", "memsize":48, "flags":{"wb_protected":true}}
{"address":"0x101977a50", "type":"IMEMO", "slot_size":40, "imemo_type":"ment", "references":["0x103a1c3a0"], "memsize":48, "flags":{"wb_protected":true}}
{"address":"0x101977a78", "type":"IMEMO", "slot_size":40, "class":"0x103a1c300", "imemo_type":"ment", "memsize":48, "flags":{"wb_protected":true}}
{"address":"0x101977aa0", "type":"IMEMO", "slot_size":40, "imemo_type":"ment", "references":["0x103a1c3a0"], "memsize":48, "flags":{"wb_protected":true}}
{"address":"0x101977ac8", "type":"STRING", "slot_size":40, "class":"0x1039feda0", "frozen":true, "embedded":true, "fstring":true, "bytesize":6, "value":"daemon", "encoding":"US-ASCII", "memsize":40, "flags":{"wb_protected":true}}
{"address":"0x101977af0", "type":"IMEMO", "slot_size":40, "class":"0x103a1c300", "imemo_type":"ment", "memsize":48, "flags":{"wb_protected":true}}
{"address":"0x101977b18", "type":"IMEMO", "slot_size":40, "imemo_type":"ment", "references":["0x103a1c3a0"], "memsize":48, "flags":{"wb_protected":true}}
{"address":"0x101977b40", "type":"STRING", "slot_size":40, "class":"0x1039feda0", "frozen":true, "embedded":true, "fstring":true, "bytesize":10, "value":"maxgroups=", "encoding":"US-ASCII", "memsize":40, "flags":{"wb_protected":true}}
{"address":"0x101977b68", "type":"IMEMO", "slot_size":40, "class":"0x103a1c300", "imemo_type":"ment", "memsize":48, "flags":{"wb_protected":true}}
{"address":"0x101977b90", "type":"IMEMO", "slot_size":40, "imemo_type":"ment", "references":["0x103a1c3a0"], "memsize":48, "flags":{"wb_protected":true}}
{"address":"0x101977bb8", "type":"STRING", "slot_size":40, "class":"0x1039feda0", "frozen":true, "embedded":true, "fstring":true, "bytesize":9, "value":"maxgroups", "encoding":"US-ASCII", "memsize":40, "flags":{"wb_protected":true}}
{"address":"0x101977be0", "type":"IMEMO", "slot_size":40, "class":"0x103a1c300", "imemo_type":"ment", "memsize":48, "flags":{"wb_protected":true}}
{"address":"0x101977c08", "type":"IMEMO", "slot_size":40, "imemo_type":"ment", "references":["0x103a1c3a0"], "memsize":48, "flags":{"wb_protected":true}}
{"address":"0x101977c30", "type":"STRING", "slot_size":40, "class":"0x1039feda0", "frozen":true, "embedded":true, "fstring":true, "bytesize":7, "value":"groups=", "encoding":"US-ASCII", "memsize":40, "flags":{"wb_protected":true}}
{"address":"0x101977c58", "type":"IMEMO", "slot_size":40, "class":"0x103a1c300", "imemo_type":"ment", "memsize":48, "flags":{"wb_protected":true}}
{"address":"0x101977c80", "type":"IMEMO", "slot_size":40, "imemo_type":"ment", "references":["0x103a1c3a0"], "memsize":48, "flags":{"wb_protected":true}}
{"address":"0x101977ca8", "type":"STRING", "slot_size":40, "class":"0x1039feda0", "frozen":true, "embedded":true, "fstring":true, "bytesize":6, "value":"groups", "encoding":"US-ASCII", "memsize":40, "flags":{"wb_protected":true}}
{"address":"0x101977cd0", "type":"IMEMO", "slot_size":40, "class":"0x103a1c300", "imemo_type":"ment", "memsize":48, "flags":{"wb_protected":true}}
{"address":"0x101977cf8", "type":"IMEMO", "slot_size":40, "imemo_type":"ment", "references":["0x103a1c3a0"], "memsize":48, "flags":{"wb_protected":true}}
{"address":"0x101977d20", "type":"STRING", "slot_size":40, "class":"0x1039feda0", "frozen":true, "embedded":true, "fstring":true, "bytesize":10, "value":"initgroups", "encoding":"US-ASCII", "memsize":40, "flags":{"wb_protected":true}}
{"address":"0x101977d48", "type":"IMEMO", "slot_size":40, "class":"0x103a1c300", "imemo_type":"ment", "memsize":48, "flags":{"wb_protected":true}}
{"address":"0x101977d70", "type":"IMEMO", "slot_size":40, "imemo_type":"ment", "references":["0x103a1c3a0"], "memsize":48, "flags":{"wb_protected":true}}
{"address":"0x101977d98", "type":"STRING", "slot_size":40, "class":"0x1039feda0", "frozen":true, "embedded":true, "fstring":true, "bytesize":5, "value":"egid=", "encoding":"US-ASCII", "memsize":40, "flags":{"wb_protected":true}}
{"address":"0x101977dc0", "type":"IMEMO", "slot_size":40, "class":"0x103a1c300", "imemo_type":"ment", "memsize":48, "flags":{"wb_protected":true}}
{"address":"0x101977de8", "type":"IMEMO", "slot_size":40, "imemo_type":"ment", "references":["0x103a1c3a0"], "memsize":48, "flags":{"wb_protected":true}}
{"address":"0x101977e10", "type":"STRING", "slot_size":40, "class":"0x1039feda0", "frozen":true, "embedded":true, "fstring":true, "bytesize":4, "value":"egid", "encoding":"US-ASCII", "memsize":40, "flags":{"wb_protected":true}}
{"address":"0x101977e38", "type":"IMEMO", "slot_size":40, "class":"0x103a1c300", "imemo_type":"ment", "memsize":48, "flags":{"wb_protected":true}}
{"address":"0x101977e60", "type":"IMEMO", "slot_size":40, "imemo_type":"ment", "references":["0x103a1c3a0"], "memsize":48, "flags":{"wb_protected":true}}
{"address":"0x101977e88", "type":"STRING", "slot_size":40, "class":"0x1039feda0", "frozen":true, "embedded":true, "fstring":true, "bytesize":5, "value":"euid=", "encoding":"US-ASCII", "memsize":40, "flags":{"wb_protected":true}}
{"address":"0x101977eb0", "type":"IMEMO", "slot_size":40, "class":"0x103a1c300", "imemo_type":"ment", "memsize":48, "flags":{"wb_protected":true}}
{"address":"0x101977ed8", "type":"IMEMO", "slot_size":40, "imemo_type":"ment", "references":["0x103a1c3a0"], "memsize":48, "flags":{"wb_protected":true}}
{"address":"0x101977f00", "type":"STRING", "slot_size":40, "class":"0x1039feda0", "frozen":true, "embedded":true, "fstring":true, "bytesize":4, "value":"euid", "encoding":"US-ASCII", "memsize":40, "flags":{"wb_protected":true}}
{"address":"0x101977f28", "type":"IMEMO", "slot_size":40, "class":"0x103a1c300", "imemo_type":"ment", "memsize":48, "flags":{"wb_protected":true}}
{"address":"0x101977f50", "type":"IMEMO", "slot_size":40, "imemo_type":"ment", "references":["0x103a1c3a0"], "memsize":48, "flags":{"wb_protected":true}}
{"address":"0x101977f78", "type":"STRING", "slot_size":40, "class":"0x1039feda0", "frozen":true, "embedded":true, "fstring":true, "bytesize":4, "value":"gid=", "encoding":"US-ASCII", "memsize":40, "flags":{"wb_protected":true}}
{"address":"0x101977fa0", "type":"IMEMO", "slot_size":40, "class":"0x103a1c300", "imemo_type":"ment", "memsize":48, "flags":{"wb_protected":true}}
{"address":"0x101977fc8", "type":"IMEMO", "slot_size":40, "imemo_type":"ment", "references":["0x103a1c3a0"], "memsize":48, "flags":{"wb_protected":true}}
{"address":"0x101977ff0", "type":"IMEMO", "slot_size":40, "class":"0x103a1c300", "imemo_type":"ment", "memsize":48, "flags":{"wb_protected":true}}
{"address":"0x101978018", "type":"IMEMO", "slot_size":40, "imemo_type":"ment", "references":["0x103a1c3a0"], "memsize":48, "flags":{"wb_protected":true}}
{"address":"0x101978040", "type":"STRING", "slot_size":40, "class":"0x1039feda0", "frozen":true, "embedded":true, "fstring":true, "bytesize":4, "value":"uid=", "encoding":"US-ASCII", "memsize":40, "flags":{"wb_protected":true}}
{"address":"0x101978068", "type":"IMEMO", "slot_size":40, "class":"0x103a1c300", "imemo_type":"ment", "memsize":48, "flags":{"wb_protected":true}}
{"address":"0x101978090", "type":"IMEMO", "slot_size":40, "imemo_type":"ment", "references":["0x103a1c3a0"], "memsize":48, "flags":{"wb_protected":true}}
{"address":"0x1019780b8", "type":"STRING", "slot_size":40, "class":"0x1039feda0", "frozen":true, "embedded":true, "fstring":true, "bytesize":12, "value":"RLIMIT_STACK", "encoding":"US-ASCII", "memsize":40, "flags":{"wb_protected":true}}
{"address":"0x1019780e0", "type":"STRING", "slot_size":40, "class":"0x1039feda0", "frozen":true, "embedded":true, "fstring":true, "bytesize":10, "value":"RLIMIT_RSS", "encoding":"US-ASCII", "memsize":40, "flags":{"wb_protected":true}}
{"address":"0x101978108", "type":"STRING", "slot_size":40, "class":"0x1039feda0", "frozen":true, "embedded":true, "fstring":true, "bytesize":12, "value":"RLIMIT_NPROC", "encoding":"US-ASCII", "memsize":40, "flags":{"wb_protected":true}}
{"address":"0x101978130", "type":"STRING", "slot_size":40, "class":"0x1039feda0", "frozen":true, "embedded":true, "fstring":true, "bytesize":13, "value":"RLIMIT_NOFILE", "encoding":"US-ASCII", "memsize":40, "flags":{"wb_protected":true}}
{"address":"0x101978158", "type":"STRING", "slot_size":40, "class":"0x1039feda0", "frozen":true, "embedded":true, "fstring":true, "bytesize":14, "value":"RLIMIT_MEMLOCK", "encoding":"US-ASCII", "memsize":40, "flags":{"wb_protected":true}}
{"address":"0x101978180", "type":"STRING", "slot_size":40, "class":"0x1039feda0", "frozen":true, "embedded":true, "fstring":true, "bytesize":12, "value":"RLIMIT_FSIZE", "encoding":"US-ASCII", "memsize":40, "flags":{"wb_protected":true}}
{"address":"0x1019781a8", "type":"STRING", "slot_size":40, "class":"0x1039feda0", "frozen":true, "embedded":true, "fstring":true, "bytesize":11, "value":"RLIMIT_DATA", "encoding":"US-ASCII", "memsize":40, "flags":{"wb_protected":true}}
{"address":"0x1019781d0", "type":"STRING", "slot_size":40, "class":"0x1039feda0", "frozen":true, "embedded":true, "fstring":true, "bytesize":10, "value":"RLIMIT_CPU", "encoding":"US-ASCII", "memsize":40, "flags":{"wb_protected":true}}
{"address":"0x1019781f8", "type":"STRING", "slot_size":40, "class":"0x1039feda0", "frozen":true, "embedded":true, "fstring":true, "bytesize":11, "value":"RLIMIT_CORE", "encoding":"US-ASCII", "memsize":40, "flags":{"wb_protected":true}}
{"address":"0x101978220", "type":"STRING", "slot_size":40, "class":"0x1039feda0", "frozen":true, "embedded":true, "fstring":true, "bytesize":9, "value":"RLIMIT_AS", "encoding":"US-ASCII", "memsize":40, "flags":{"wb_protected":true}}
{"address":"0x101978248", "type":"STRING", "slot_size":40, "class":"0x1039feda0", "frozen":true, "embedded":true, "fstring":true, "bytesize":14, "value":"RLIM_SAVED_CUR", "encoding":"US-ASCII", "memsize":40, "flags":{"wb_protected":true}}
{"address":"0x101978270", "type":"STRING", "slot_size":40, "class":"0x1039feda0", "frozen":true, "embedded":true, "fstring":true, "bytesize":13, "value":"RLIM_INFINITY", "encoding":"US-ASCII", "memsize":40, "flags":{"wb_protected":true}}
{"address":"0x101978298", "type":"STRING", "slot_size":40, "class":"0x1039feda0", "frozen":true, "embedded":true, "fstring":true, "bytesize":14, "value":"RLIM_SAVED_MAX", "encoding":"US-ASCII", "memsize":40, "flags":{"wb_protected":true}}
{"address":"0x1019782c0", "type":"BIGNUM", "slot_size":40, "class":"0x1039fbd80", "frozen":true, "memsize":40, "flags":{"wb_protected":true}}
{"address":"0x1019782e8", "type":"IMEMO", "slot_size":40, "class":"0x103a1c300", "imemo_type":"ment", "memsize":48, "flags":{"wb_protected":true}}
{"address":"0x101978310", "type":"IMEMO", "slot_size":40, "imemo_type":"ment", "references":["0x103a1c3a0"], "memsize":48, "flags":{"wb_protected":true}}
{"address":"0x101978338", "type":"STRING", "slot_size":40, "class":"0x1039feda0", "frozen":true, "embedded":true, "fstring":true, "bytesize":9, "value":"setrlimit", "encoding":"US-ASCII", "memsize":40, "flags":{"wb_protected":true}}
{"address":"0x101978360", "type":"IMEMO", "slot_size":40, "class":"0x103a1c300", "imemo_type":"ment", "memsize":48, "flags":{"wb_protected":true}}
{"address":"0x101978388", "type":"IMEMO", "slot_size":40, "imemo_type":"ment", "references":["0x103a1c3a0"], "memsize":48, "flags":{"wb_protected":true}}
{"address":"0x1019783b0", "type":"STRING", "slot_size":40, "class":"0x1039feda0", "frozen":true, "embedded":true, "fstring":true, "bytesize":9, "value":"getrlimit", "encoding":"US-ASCII", "memsize":40, "flags":{"wb_protected":true}}
{"address":"0x1019783d8", "type":"STRING", "slot_size":40, "class":"0x1039feda0", "frozen":true, "embedded":true, "fstring":true, "bytesize":9, "value":"PRIO_USER", "encoding":"US-ASCII", "memsize":40, "flags":{"wb_protected":true}}
{"address":"0x101978400", "type":"STRING", "slot_size":40, "class":"0x1039feda0", "frozen":true, "embedded":true, "fstring":true, "bytesize":9, "value":"PRIO_PGRP", "encoding":"US-ASCII", "memsize":40, "flags":{"wb_protected":true}}
{"address":"0x101978428", "type":"STRING", "slot_size":40, "class":"0x1039feda0", "frozen":true, "embedded":true, "fstring":true, "bytesize":12, "value":"PRIO_PROCESS", "encoding":"US-ASCII", "memsize":40, "flags":{"wb_protected":true}}
{"address":"0x101978450", "type":"IMEMO", "slot_size":40, "class":"0x103a1c300", "imemo_type":"ment", "memsize":48, "flags":{"wb_protected":true}}
{"address":"0x101978478", "type":"IMEMO", "slot_size":40, "imemo_type":"ment", "references":["0x103a1c3a0"], "memsize":48, "flags":{"wb_protected":true}}
{"address":"0x1019784a0", "type":"STRING", "slot_size":40, "class":"0x1039feda0", "frozen":true, "embedded":true, "fstring":true, "bytesize":11, "value":"setpriority", "encoding":"US-ASCII", "memsize":40, "flags":{"wb_protected":true}}
{"address":"0x1019784c8", "type":"IMEMO", "slot_size":40, "class":"0x103a1c300", "imemo_type":"ment", "memsize":48, "flags":{"wb_protected":true}}
{"address":"0x1019784f0", "type":"IMEMO", "slot_size":40, "imemo_type":"ment", "references":["0x103a1c3a0"], "memsize":48, "flags":{"wb_protected":true}}
{"address":"0x101978518", "type":"STRING", "slot_size":40, "class":"0x1039feda0", "frozen":true, "embedded":true, "fstring":true, "bytesize":11, "value":"getpriority", "encoding":"US-ASCII", "memsize":40, "flags":{"wb_protected":true}}
{"address":"0x101978540", "type":"IMEMO", "slot_size":40, "class":"0x103a1c300", "imemo_type":"ment", "memsize":48, "flags":{"wb_protected":true}}
{"address":"0x101978568", "type":"IMEMO", "slot_size":40, "imemo_type":"ment", "references":["0x103a1c3a0"], "memsize":48, "flags":{"wb_protected":true}}
{"address":"0x101978590", "type":"STRING", "slot_size":40, "class":"0x1039feda0", "frozen":true, "embedded":true, "fstring":true, "bytesize":6, "value":"setsid", "encoding":"US-ASCII", "memsize":40, "flags":{"wb_protected":true}}
{"address":"0x1019785b8", "type":"IMEMO", "slot_size":40, "class":"0x103a1c300", "imemo_type":"ment", "memsize":48, "flags":{"wb_protected":true}}
{"address":"0x1019785e0", "type":"IMEMO", "slot_size":40, "imemo_type":"ment", "references":["0x103a1c3a0"], "memsize":48, "flags":{"wb_protected":true}}
{"address":"0x101978608", "type":"STRING", "slot_size":40, "class":"0x1039feda0", "frozen":true, "embedded":true, "fstring":true, "bytesize":6, "value":"getsid", "encoding":"US-ASCII", "memsize":40, "flags":{"wb_protected":true}}
{"address":"0x101978630", "type":"IMEMO", "slot_size":40, "class":"0x103a1c300", "imemo_type":"ment", "memsize":48, "flags":{"wb_protected":true}}
{"address":"0x101978658", "type":"IMEMO", "slot_size":40, "imemo_type":"ment", "references":["0x103a1c3a0"], "memsize":48, "flags":{"wb_protected":true}}
{"address":"0x101978680", "type":"STRING", "slot_size":40, "class":"0x1039feda0", "frozen":true, "embedded":true, "fstring":true, "bytesize":7, "value":"setpgid", "encoding":"US-ASCII", "memsize":40, "flags":{"wb_protected":true}}
{"address":"0x1019786a8", "type":"IMEMO", "slot_size":40, "class":"0x103a1c300", "imemo_type":"ment", "memsize":48, "flags":{"wb_protected":true}}
{"address":"0x1019786d0", "type":"IMEMO", "slot_size":40, "imemo_type":"ment", "references":["0x103a1c3a0"], "memsize":48, "flags":{"wb_protected":true}}
{"address":"0x1019786f8", "type":"STRING", "slot_size":40, "class":"0x1039feda0", "frozen":true, "embedded":true, "fstring":true, "bytesize":7, "value":"getpgid", "encoding":"US-ASCII", "memsize":40, "flags":{"wb_protected":true}}
{"address":"0x101978720", "type":"IMEMO", "slot_size":40, "class":"0x103a1c300", "imemo_type":"ment", "memsize":48, "flags":{"wb_protected":true}}
{"address":"0x101978748", "type":"IMEMO", "slot_size":40, "imemo_type":"ment", "references":["0x103a1c3a0"], "memsize":48, "flags":{"wb_protected":true}}
{"address":"0x101978770", "type":"STRING", "slot_size":40, "class":"0x1039feda0", "frozen":true, "embedded":true, "fstring":true, "bytesize":7, "value":"setpgrp", "encoding":"US-ASCII", "memsize":40, "flags":{"wb_protected":true}}
{"address":"0x101978798", "type":"IMEMO", "slot_size":40, "class":"0x103a1c300", "imemo_type":"ment", "memsize":48, "flags":{"wb_protected":true}}
{"address":"0x1019787c0", "type":"IMEMO", "slot_size":40, "imemo_type":"ment", "references":["0x103a1c3a0"], "memsize":48, "flags":{"wb_protected":true}}
{"address":"0x1019787e8", "type":"STRING", "slot_size":40, "class":"0x1039feda0", "frozen":true, "embedded":true, "fstring":true, "bytesize":7, "value":"getpgrp", "encoding":"US-ASCII", "memsize":40, "flags":{"wb_protected":true}}
{"address":"0x101978810", "type":"IMEMO", "slot_size":40, "class":"0x103a1c300", "imemo_type":"ment", "memsize":48, "flags":{"wb_protected":true}}
{"address":"0x101978838", "type":"IMEMO", "slot_size":40, "imemo_type":"ment", "references":["0x103a1c3a0"], "memsize":48, "flags":{"wb_protected":true}}
{"address":"0x101978860", "type":"STRING", "slot_size":40, "class":"0x1039feda0", "frozen":true, "embedded":true, "fstring":true, "bytesize":4, "value":"ppid", "encoding":"US-ASCII", "memsize":40, "flags":{"wb_protected":true}}
{"address":"0x101978888", "type":"IMEMO", "slot_size":40, "class":"0x103a1c300", "imemo_type":"ment", "memsize":48, "flags":{"wb_protected":true}}
{"address":"0x1019788b0", "type":"IMEMO", "slot_size":40, "imemo_type":"ment", "references":["0x103a1c3a0"], "memsize":48, "flags":{"wb_protected":true}}
{"address":"0x1019788d8", "type":"IMEMO", "slot_size":40, "class":"0x103a1c120", "imemo_type":"ment", "memsize":48, "flags":{"wb_protected":true}}
{"address":"0x101978900", "type":"STRING", "slot_size":40, "class":"0x1039feda0", "frozen":true, "embedded":true, "fstring":true, "bytesize":9, "value":"coredump?", "encoding":"US-ASCII", "memsize":40, "flags":{"wb_protected":true}}
{"address":"0x101978928", "type":"IMEMO", "slot_size":40, "class":"0x103a1c120", "imemo_type":"ment", "memsize":48, "flags":{"wb_protected":true}}
{"address":"0x101978950", "type":"IMEMO", "slot_size":40, "class":"0x103a1c120", "imemo_type":"ment", "memsize":48, "flags":{"wb_protected":true}}
{"address":"0x101978978", "type":"STRING", "slot_size":40, "class":"0x1039feda0", "frozen":true, "embedded":true, "fstring":true, "bytesize":10, "value":"exitstatus", "encoding":"US-ASCII", "memsize":40, "flags":{"wb_protected":true}}
{"address":"0x1019789a0", "type":"IMEMO", "slot_size":40, "class":"0x103a1c120", "imemo_type":"ment", "memsize":48, "flags":{"wb_protected":true}}
{"address":"0x1019789c8", "type":"STRING", "slot_size":40, "class":"0x1039feda0", "frozen":true, "embedded":true, "fstring":true, "bytesize":7, "value":"exited?", "encoding":"US-ASCII", "memsize":40, "flags":{"wb_protected":true}}
{"address":"0x1019789f0", "type":"IMEMO", "slot_size":40, "class":"0x103a1c120", "imemo_type":"ment", "memsize":48, "flags":{"wb_protected":true}}
{"address":"0x101978a18", "type":"STRING", "slot_size":40, "class":"0x1039feda0", "frozen":true, "embedded":true, "fstring":true, "bytesize":7, "value":"termsig", "encoding":"US-ASCII", "memsize":40, "flags":{"wb_protected":true}}
{"address":"0x101978a40", "type":"IMEMO", "slot_size":40, "class":"0x103a1c120", "imemo_type":"ment", "memsize":48, "flags":{"wb_protected":true}}
{"address":"0x101978a68", "type":"STRING", "slot_size":40, "class":"0x1039feda0", "frozen":true, "embedded":true, "fstring":true, "bytesize":9, "value":"signaled?", "encoding":"US-ASCII", "memsize":40, "flags":{"wb_protected":true}}
{"address":"0x101978a90", "type":"IMEMO", "slot_size":40, "class":"0x103a1c120", "imemo_type":"ment", "memsize":48, "flags":{"wb_protected":true}}
{"address":"0x101978ab8", "type":"STRING", "slot_size":40, "class":"0x1039feda0", "frozen":true, "embedded":true, "fstring":true, "bytesize":7, "value":"stopsig", "encoding":"US-ASCII", "memsize":40, "flags":{"wb_protected":true}}
{"address":"0x101978ae0", "type":"IMEMO", "slot_size":40, "class":"0x103a1c120", "imemo_type":"ment", "memsize":48, "flags":{"wb_protected":true}}
{"address":"0x101978b08", "type":"STRING", "slot_size":40, "class":"0x1039feda0", "frozen":true, "embedded":true, "fstring":true, "bytesize":8, "value":"stopped?", "encoding":"US-ASCII", "memsize":40, "flags":{"wb_protected":true}}
{"address":"0x101978b30", "type":"IMEMO", "slot_size":40, "class":"0x103a1c120", "imemo_type":"ment", "memsize":48, "flags":{"wb_protected":true}}
{"address":"0x101978b58", "type":"IMEMO", "slot_size":40, "class":"0x103a1c120", "imemo_type":"ment", "memsize":48, "flags":{"wb_protected":true}}
{"address":"0x101978b80", "type":"IMEMO", "slot_size":40, "class":"0x103a1c120", "imemo_type":"ment", "memsize":48, "flags":{"wb_protected":true}}
{"address":"0x101978ba8", "type":"IMEMO", "slot_size":40, "class":"0x103a1c120", "imemo_type":"ment", "memsize":48, "flags":{"wb_protected":true}}
{"address":"0x101978bd0", "type":"IMEMO", "slot_size":40, "class":"0x103a1c120", "imemo_type":"ment", "memsize":48, "flags":{"wb_protected":true}}
{"address":"0x101978bf8", "type":"IMEMO", "slot_size":40, "class":"0x103a1c120", "imemo_type":"ment", "memsize":48, "flags":{"wb_protected":true}}
{"address":"0x101978c20", "type":"IMEMO", "slot_size":40, "class":"0x103a1c120", "imemo_type":"ment", "memsize":48, "flags":{"wb_protected":true}}
{"address":"0x101978c48", "type":"IMEMO", "slot_size":40, "class":"0x103a1c080", "imemo_type":"ment", "memsize":48, "flags":{"wb_protected":true}}
{"address":"0x101978c70", "type":"IMEMO", "slot_size":40, "class":"0x103a1c080", "imemo_type":"ment", "memsize":48, "flags":{"wb_protected":true}}
{"address":"0x101978c98", "type":"STRING", "slot_size":40, "class":"0x1039feda0", "frozen":true, "embedded":true, "fstring":true, "bytesize":15, "value":"Process::Status", "encoding":"US-ASCII", "memsize":40, "flags":{"wb_protected":true}}
{"address":"0x101978cc0", "type":"STRING", "slot_size":40, "class":"0x1039feda0", "embedded":true, "bytesize":15, "value":"Process::Status", "encoding":"US-ASCII", "memsize":40, "flags":{"wb_protected":true}}
{"address":"0x101978ce8", "type":"STRING", "slot_size":40, "class":"0x1039feda0", "frozen":true, "embedded":true, "fstring":true, "bytesize":6, "value":"Status", "encoding":"US-ASCII", "memsize":40, "flags":{"wb_protected":true}}
{"address":"0x101978d10", "type":"IMEMO", "slot_size":40, "class":"0x103a1c260", "imemo_type":"ment", "memsize":48, "flags":{"wb_protected":true}}
{"address":"0x101978d38", "type":"IMEMO", "slot_size":40, "class":"0x103a1c1c0", "imemo_type":"ment", "memsize":48, "flags":{"wb_protected":true}}
{"address":"0x101978d60", "type":"IMEMO", "slot_size":40, "class":"0x103a1d160", "imemo_type":"callcache", "references":["0x1019be888"], "memsize":40, "flags":{"wb_protected":true}}
{"address":"0x101978d88", "type":"STRING", "slot_size":40, "class":"0x1039feda0", "frozen":true, "embedded":true, "fstring":true, "bytesize":15, "value":"Process::Waiter", "encoding":"US-ASCII", "memsize":40, "flags":{"wb_protected":true}}
{"address":"0x101978db0", "type":"STRING", "slot_size":40, "class":"0x1039feda0", "embedded":true, "bytesize":15, "value":"Process::Waiter", "encoding":"US-ASCII", "memsize":40, "flags":{"wb_protected":true}}
{"address":"0x101978dd8", "type":"STRING", "slot_size":40, "class":"0x1039feda0", "frozen":true, "embedded":true, "fstring":true, "bytesize":6, "value":"Waiter", "encoding":"US-ASCII", "memsize":40, "flags":{"wb_protected":true}}
{"address":"0x101978e00", "type":"IMEMO", "slot_size":40, "class":"0x103a1c300", "imemo_type":"ment", "memsize":48, "flags":{"wb_protected":true}}
{"address":"0x101978e28", "type":"IMEMO", "slot_size":40, "imemo_type":"ment", "references":["0x103a1c3a0"], "memsize":48, "flags":{"wb_protected":true}}
{"address":"0x101978e50", "type":"STRING", "slot_size":40, "class":"0x1039feda0", "frozen":true, "embedded":true, "fstring":true, "bytesize":6, "value":"detach", "encoding":"US-ASCII", "memsize":40, "flags":{"wb_protected":true}}
{"address":"0x101978e78", "type":"IMEMO", "slot_size":40, "class":"0x103a1c300", "imemo_type":"ment", "memsize":48, "flags":{"wb_protected":true}}
{"address":"0x101978ea0", "type":"IMEMO", "slot_size":40, "imemo_type":"ment", "references":["0x103a1c3a0"], "memsize":48, "flags":{"wb_protected":true}}
{"address":"0x101978ec8", "type":"STRING", "slot_size":40, "class":"0x1039feda0", "frozen":true, "embedded":true, "fstring":true, "bytesize":7, "value":"waitall", "encoding":"US-ASCII", "memsize":40, "flags":{"wb_protected":true}}
{"address":"0x101978ef0", "type":"IMEMO", "slot_size":40, "class":"0x103a1c300", "imemo_type":"ment", "memsize":48, "flags":{"wb_protected":true}}
{"address":"0x101978f18", "type":"IMEMO", "slot_size":40, "imemo_type":"ment", "references":["0x103a1c3a0"], "memsize":48, "flags":{"wb_protected":true}}
{"address":"0x101978f40", "type":"STRING", "slot_size":40, "class":"0x1039feda0", "frozen":true, "embedded":true, "fstring":true, "bytesize":8, "value":"waitpid2", "encoding":"US-ASCII", "memsize":40, "flags":{"wb_protected":true}}
{"address":"0x101978f68", "type":"IMEMO", "slot_size":40, "class":"0x103a1c300", "imemo_type":"ment", "memsize":48, "flags":{"wb_protected":true}}
{"address":"0x101978f90", "type":"IMEMO", "slot_size":40, "imemo_type":"ment", "references":["0x103a1c3a0"], "memsize":48, "flags":{"wb_protected":true}}
{"address":"0x101978fb8", "type":"STRING", "slot_size":40, "class":"0x1039feda0", "frozen":true, "embedded":true, "fstring":true, "bytesize":7, "value":"waitpid", "encoding":"US-ASCII", "memsize":40, "flags":{"wb_protected":true}}
{"address":"0x101978fe0", "type":"IMEMO", "slot_size":40, "class":"0x103a1c300", "imemo_type":"ment", "memsize":48, "flags":{"wb_protected":true}}
{"address":"0x101979008", "type":"IMEMO", "slot_size":40, "imemo_type":"ment", "references":["0x103a1c3a0"], "memsize":48, "flags":{"wb_protected":true}}
{"address":"0x101979030", "type":"STRING", "slot_size":40, "class":"0x1039feda0", "frozen":true, "embedded":true, "fstring":true, "bytesize":5, "value":"wait2", "encoding":"US-ASCII", "memsize":40, "flags":{"wb_protected":true}}
{"address":"0x101979058", "type":"IMEMO", "slot_size":40, "class":"0x103a1c300", "imemo_type":"ment", "memsize":48, "flags":{"wb_protected":true}}
{"address":"0x101979080", "type":"IMEMO", "slot_size":40, "imemo_type":"ment", "references":["0x103a1c3a0"], "memsize":48, "flags":{"wb_protected":true}}
{"address":"0x1019790a8", "type":"IMEMO", "slot_size":40, "class":"0x103a1c300", "imemo_type":"ment", "memsize":48, "flags":{"wb_protected":true}}
{"address":"0x1019790d0", "type":"IMEMO", "slot_size":40, "imemo_type":"ment", "references":["0x103a1c3a0"], "memsize":48, "flags":{"wb_protected":true}}
{"address":"0x1019790f8", "type":"IMEMO", "slot_size":40, "class":"0x103a1c300", "imemo_type":"ment", "memsize":48, "flags":{"wb_protected":true}}
{"address":"0x101979120", "type":"STRING", "slot_size":40, "class":"0x1039feda0", "frozen":true, "embedded":true, "fstring":true, "bytesize":5, "value":"_fork", "encoding":"US-ASCII", "memsize":40, "flags":{"wb_protected":true}}
{"address":"0x101979148", "type":"IMEMO", "slot_size":40, "class":"0x103a1c300", "imemo_type":"ment", "memsize":48, "flags":{"wb_protected":true}}
{"address":"0x101979170", "type":"STRING", "slot_size":40, "class":"0x1039feda0", "frozen":true, "embedded":true, "fstring":true, "bytesize":11, "value":"last_status", "encoding":"US-ASCII", "memsize":40, "flags":{"wb_protected":true}}
{"address":"0x101979198", "type":"IMEMO", "slot_size":40, "class":"0x103a1c300", "imemo_type":"ment", "memsize":48, "flags":{"wb_protected":true}}
{"address":"0x1019791c0", "type":"IMEMO", "slot_size":40, "class":"0x103a1c300", "imemo_type":"ment", "memsize":48, "flags":{"wb_protected":true}}
{"address":"0x1019791e8", "type":"IMEMO", "slot_size":40, "class":"0x103a1c300", "imemo_type":"ment", "memsize":48, "flags":{"wb_protected":true}}
{"address":"0x101979210", "type":"IMEMO", "slot_size":40, "class":"0x103a1c300", "imemo_type":"ment", "memsize":48, "flags":{"wb_protected":true}}
{"address":"0x101979238", "type":"IMEMO", "slot_size":40, "class":"0x103a1c300", "imemo_type":"ment", "memsize":48, "flags":{"wb_protected":true}}
{"address":"0x101979260", "type":"IMEMO", "slot_size":40, "class":"0x103a1c300", "imemo_type":"ment", "memsize":48, "flags":{"wb_protected":true}}
{"address":"0x101979288", "type":"STRING", "slot_size":40, "class":"0x1039feda0", "frozen":true, "embedded":true, "fstring":true, "bytesize":9, "value":"WUNTRACED", "encoding":"US-ASCII", "memsize":40, "flags":{"wb_protected":true}}
{"address":"0x1019792b0", "type":"STRING", "slot_size":40, "class":"0x1039feda0", "frozen":true, "embedded":true, "fstring":true, "bytesize":7, "value":"WNOHANG", "encoding":"US-ASCII", "memsize":40, "flags":{"wb_protected":true}}
{"address":"0x1019792d8", "type":"STRING", "slot_size":40, "class":"0x1039feda0", "frozen":true, "embedded":true, "fstring":true, "bytesize":7, "value":"Process", "encoding":"US-ASCII", "memsize":40, "flags":{"wb_protected":true}}
{"address":"0x101979300", "type":"IMEMO", "slot_size":40, "class":"0x1039ff7a0", "imemo_type":"ment", "memsize":48, "flags":{"wb_protected":true}}
{"address":"0x101979328", "type":"IMEMO", "slot_size":40, "imemo_type":"ment", "references":["0x1039ff8e0"], "memsize":48, "flags":{"wb_protected":true}}
{"address":"0x101979350", "type":"STRING", "slot_size":40, "class":"0x1039feda0", "frozen":true, "embedded":true, "fstring":true, "bytesize":5, "value":"abort", "encoding":"US-ASCII", "memsize":40, "flags":{"wb_protected":true}}
{"address":"0x101979378", "type":"IMEMO", "slot_size":40, "class":"0x1039ff7a0", "imemo_type":"ment", "memsize":48, "flags":{"wb_protected":true}}
{"address":"0x1019793a0", "type":"IMEMO", "slot_size":40, "imemo_type":"ment", "references":["0x1039ff8e0"], "memsize":48, "flags":{"wb_protected":true}}
{"address":"0x1019793c8", "type":"IMEMO", "slot_size":40, "class":"0x1039ff7a0", "imemo_type":"ment", "memsize":48, "flags":{"wb_protected":true}}
{"address":"0x1019793f0", "type":"IMEMO", "slot_size":40, "imemo_type":"ment", "references":["0x1039ff8e0"], "memsize":48, "flags":{"wb_protected":true}}
{"address":"0x101979418", "type":"IMEMO", "slot_size":40, "class":"0x1039ff7a0", "imemo_type":"ment", "memsize":48, "flags":{"wb_protected":true}}
{"address":"0x101979440", "type":"IMEMO", "slot_size":40, "imemo_type":"ment", "references":["0x1039ff8e0"], "memsize":48, "flags":{"wb_protected":true}}
{"address":"0x101979468", "type":"STRING", "slot_size":40, "class":"0x1039feda0", "frozen":true, "embedded":true, "fstring":true, "bytesize":5, "value":"spawn", "encoding":"US-ASCII", "memsize":40, "flags":{"wb_protected":true}}
{"address":"0x101979490", "type":"IMEMO", "slot_size":40, "class":"0x1039ff7a0", "imemo_type":"ment", "memsize":48, "flags":{"wb_protected":true}}
{"address":"0x1019794b8", "type":"IMEMO", "slot_size":40, "imemo_type":"ment", "references":["0x1039ff8e0"], "memsize":48, "flags":{"wb_protected":true}}
{"address":"0x1019794e0", "type":"STRING", "slot_size":40, "class":"0x1039feda0", "frozen":true, "embedded":true, "fstring":true, "bytesize":6, "value":"system", "encoding":"US-ASCII", "memsize":40, "flags":{"wb_protected":true}}
{"address":"0x101979508", "type":"IMEMO", "slot_size":40, "class":"0x1039ff7a0", "imemo_type":"ment", "memsize":48, "flags":{"wb_protected":true}}
{"address":"0x101979530", "type":"IMEMO", "slot_size":40, "imemo_type":"ment", "references":["0x1039ff8e0"], "memsize":48, "flags":{"wb_protected":true}}
{"address":"0x101979558", "type":"STRING", "slot_size":40, "class":"0x1039feda0", "frozen":true, "embedded":true, "fstring":true, "bytesize":5, "value":"exit!", "encoding":"US-ASCII", "memsize":40, "flags":{"wb_protected":true}}
{"address":"0x101979580", "type":"IMEMO", "slot_size":40, "class":"0x1039ff7a0", "imemo_type":"ment", "memsize":48, "flags":{"wb_protected":true}}
{"address":"0x1019795a8", "type":"IMEMO", "slot_size":40, "imemo_type":"ment", "references":["0x1039ff8e0"], "memsize":48, "flags":{"wb_protected":true}}
{"address":"0x1019795d0", "type":"IMEMO", "slot_size":40, "class":"0x1039ff7a0", "imemo_type":"ment", "memsize":48, "flags":{"wb_protected":true}}
{"address":"0x1019795f8", "type":"IMEMO", "slot_size":40, "imemo_type":"ment", "references":["0x1039ff8e0"], "memsize":48, "flags":{"wb_protected":true}}
{"address":"0x101979620", "type":"STRING", "slot_size":40, "class":"0x1039feda0", "frozen":true, "embedded":true, "fstring":true, "bytesize":4, "value":"exec", "encoding":"US-ASCII", "memsize":40, "flags":{"wb_protected":true}}
{"address":"0x101979648", "type":"STRING", "slot_size":40, "class":"0x1039feda0", "frozen":true, "embedded":true, "fstring":true, "bytesize":2, "value":"$$", "encoding":"US-ASCII", "memsize":40, "flags":{"wb_protected":true}}
{"address":"0x101979670", "type":"STRING", "slot_size":40, "class":"0x1039feda0", "frozen":true, "embedded":true, "fstring":true, "bytesize":2, "value":"$?", "encoding":"US-ASCII", "memsize":40, "flags":{"wb_protected":true}}
{"address":"0x101979698", "type":"STRING", "slot_size":40, "class":"0x1039feda0", "frozen":true, "embedded":true, "fstring":true, "bytesize":5, "value":"hertz", "encoding":"US-ASCII", "memsize":40, "flags":{"wb_protected":true}}
{"address":"0x1019796c0", "type":"STRING", "slot_size":40, "class":"0x1039feda0", "frozen":true, "embedded":true, "fstring":true, "bytesize":12, "value":"float_second", "encoding":"US-ASCII", "memsize":40, "flags":{"wb_protected":true}}
{"address":"0x1019796e8", "type":"STRING", "slot_size":40, "class":"0x1039feda0", "frozen":true, "embedded":true, "fstring":true, "bytesize":6, "value":"second", "encoding":"US-ASCII", "memsize":40, "flags":{"wb_protected":true}}
{"address":"0x101979710", "type":"STRING", "slot_size":40, "class":"0x1039feda0", "frozen":true, "embedded":true, "fstring":true, "bytesize":12, "value":"close_others", "encoding":"US-ASCII", "memsize":40, "flags":{"wb_protected":true}}
{"address":"0x101979738", "type":"STRING", "slot_size":40, "class":"0x1039feda0", "frozen":true, "embedded":true, "fstring":true, "bytesize":15, "value":"unsetenv_others", "encoding":"US-ASCII", "memsize":40, "flags":{"wb_protected":true}}
{"address":"0x101979760", "type":"STRING", "slot_size":40, "class":"0x1039feda0", "frozen":true, "embedded":true, "fstring":true, "bytesize":6, "value":"pgroup", "encoding":"US-ASCII", "memsize":40, "flags":{"wb_protected":true}}
{"address":"0x101979788", "type":"STRING", "slot_size":40, "class":"0x1039feda0", "frozen":true, "embedded":true, "fstring":true, "bytesize":5, "value":"child", "encoding":"US-ASCII", "memsize":40, "flags":{"wb_protected":true}}
{"address":"0x1019797b0", "type":"STRING", "slot_size":40, "class":"0x1039feda0", "frozen":true, "embedded":true, "fstring":true, "bytesize":3, "value":"err", "encoding":"US-ASCII", "memsize":40, "flags":{"wb_protected":true}}
{"address":"0x1019797d8", "type":"STRING", "slot_size":40, "class":"0x1039feda0", "frozen":true, "embedded":true, "fstring":true, "bytesize":3, "value":"out", "encoding":"US-ASCII", "memsize":40, "flags":{"wb_protected":true}}
{"address":"0x101979800", "type":"STRING", "slot_size":40, "class":"0x1039feda0", "frozen":true, "embedded":true, "fstring":true, "bytesize":2, "value":"in", "encoding":"US-ASCII", "memsize":40, "flags":{"wb_protected":true}}
{"address":"0x101979828", "type":"STRING", "slot_size":40, "class":"0x1039feda0", "frozen":true, "embedded":true, "fstring":true, "bytesize":15, "value":"address_resolve", "encoding":"US-ASCII", "memsize":40, "flags":{"wb_protected":true}}
{"address":"0x101979850", "type":"STRING", "slot_size":40, "class":"0x1039feda0", "frozen":true, "embedded":true, "fstring":true, "bytesize":8, "value":"io_close", "encoding":"US-ASCII", "memsize":40, "flags":{"wb_protected":true}}
{"address":"0x101979878", "type":"STRING", "slot_size":40, "class":"0x1039feda0", "frozen":true, "embedded":true, "fstring":true, "bytesize":7, "value":"io_wait", "encoding":"US-ASCII", "memsize":40, "flags":{"wb_protected":true}}
{"address":"0x1019798a0", "type":"STRING", "slot_size":40, "class":"0x1039feda0", "frozen":true, "embedded":true, "fstring":true, "bytesize":9, "value":"io_pwrite", "encoding":"US-ASCII", "memsize":40, "flags":{"wb_protected":true}}
{"address":"0x1019798c8", "type":"STRING", "slot_size":40, "class":"0x1039feda0", "frozen":true, "embedded":true, "fstring":true, "bytesize":8, "value":"io_write", "encoding":"US-ASCII", "memsize":40, "flags":{"wb_protected":true}}
{"address":"0x1019798f0", "type":"STRING", "slot_size":40, "class":"0x1039feda0", "frozen":true, "embedded":true, "fstring":true, "bytesize":8, "value":"io_pread", "encoding":"US-ASCII", "memsize":40, "flags":{"wb_protected":true}}
{"address":"0x101979918", "type":"STRING", "slot_size":40, "class":"0x1039feda0", "frozen":true, "embedded":true, "fstring":true, "bytesize":7, "value":"io_read", "encoding":"US-ASCII", "memsize":40, "flags":{"wb_protected":true}}
{"address":"0x101979940", "type":"STRING", "slot_size":40, "class":"0x1039feda0", "frozen":true, "embedded":true, "fstring":true, "bytesize":12, "value":"process_wait", "encoding":"US-ASCII", "memsize":40, "flags":{"wb_protected":true}}
{"address":"0x101979968", "type":"STRING", "slot_size":40, "class":"0x1039feda0", "frozen":true, "embedded":true, "fstring":true, "bytesize":12, "value":"kernel_sleep", "encoding":"US-ASCII", "memsize":40, "flags":{"wb_protected":true}}
{"address":"0x101979990", "type":"STRING", "slot_size":40, "class":"0x1039feda0", "frozen":true, "embedded":true, "fstring":true, "bytesize":13, "value":"timeout_after", "encoding":"US-ASCII", "memsize":40, "flags":{"wb_protected":true}}
{"address":"0x1019799b8", "type":"STRING", "slot_size":40, "class":"0x1039feda0", "frozen":true, "embedded":true, "fstring":true, "bytesize":7, "value":"unblock", "encoding":"US-ASCII", "memsize":40, "flags":{"wb_protected":true}}
{"address":"0x1019799e0", "type":"STRING", "slot_size":40, "class":"0x1039feda0", "frozen":true, "embedded":true, "fstring":true, "bytesize":5, "value":"block", "encoding":"US-ASCII", "memsize":40, "flags":{"wb_protected":true}}
{"address":"0x101979a08", "type":"STRING", "slot_size":40, "class":"0x1039feda0", "frozen":true, "embedded":true, "fstring":true, "bytesize":15, "value":"scheduler_close", "encoding":"US-ASCII", "memsize":40, "flags":{"wb_protected":true}}
{"address":"0x101979a30", "type":"STRING", "slot_size":40, "class":"0x1039feda0", "shared":true, "encoding":"UTF-8", "references":["0x10197e800"], "memsize":40, "flags":{"wb_protected":true}}
{"address":"0x101979a58", "type":"IMEMO", "slot_size":40, "class":"0x8", "imemo_type":"ment", "memsize":48, "flags":{"wb_protected":true}}
{"address":"0x101979a80", "type":"ARRAY", "slot_size":40, "class":"0x1039f3540", "length":1, "embedded":true, "references":["0x10197e800"], "memsize":40, "flags":{"wb_protected":true}}
{"address":"0x101979aa8", "type":"STRING", "slot_size":40, "class":"0x1039feda0", "frozen":true, "fstring":true, "bytesize":9, "value":"thread.rb", "encoding":"US-ASCII", "memsize":40, "flags":{"wb_protected":true}}
{"address":"0x101979ad0", "type":"IMEMO", "slot_size":40, "class":"0x103a1c4e0", "imemo_type":"ment", "memsize":48, "flags":{"wb_protected":true}}
{"address":"0x101979af8", "type":"STRING", "slot_size":40, "class":"0x1039feda0", "frozen":true, "embedded":true, "fstring":true, "bytesize":9, "value":"broadcast", "encoding":"US-ASCII", "memsize":40, "flags":{"wb_protected":true}}
{"address":"0x101979b20", "type":"IMEMO", "slot_size":40, "class":"0x103a1c4e0", "imemo_type":"ment", "memsize":48, "flags":{"wb_protected":true}}
{"address":"0x101979b48", "type":"STRING", "slot_size":40, "class":"0x1039feda0", "frozen":true, "embedded":true, "fstring":true, "bytesize":6, "value":"signal", "encoding":"US-ASCII", "memsize":40, "flags":{"wb_protected":true}}
{"address":"0x101979b70", "type":"IMEMO", "slot_size":40, "class":"0x103a1c4e0", "imemo_type":"ment", "memsize":48, "flags":{"wb_protected":true}}
{"address":"0x101979b98", "type":"STRING", "slot_size":40, "class":"0x1039feda0", "frozen":true, "embedded":true, "fstring":true, "bytesize":4, "value":"wait", "encoding":"US-ASCII", "memsize":40, "flags":{"wb_protected":true}}
{"address":"0x101979bc0", "type":"IMEMO", "slot_size":40, "class":"0x103a1c4e0", "imemo_type":"ment", "memsize":48, "flags":{"wb_protected":true}}
{"address":"0x101979be8", "type":"IMEMO", "slot_size":40, "class":"0x103a1c4e0", "imemo_type":"ment", "memsize":48, "flags":{"wb_protected":true}}
{"address":"0x101979c10", "type":"IMEMO", "slot_size":40, "class":"0x103a1c4e0", "imemo_type":"ment", "memsize":48, "flags":{"wb_protected":true}}
{"address":"0x101979c38", "type":"STRING", "slot_size":40, "class":"0x1039feda0", "bytesize":25, "capacity":31, "value":"Thread::ConditionVariable", "encoding":"US-ASCII", "memsize":72, "flags":{"wb_protected":true}}
{"address":"0x101979c60", "type":"IMEMO", "slot_size":40, "class":"0x103a1c620", "imemo_type":"ment", "memsize":48, "flags":{"wb_protected":true}}
{"address":"0x101979c88", "type":"IMEMO", "slot_size":40, "class":"0x103a1c620", "imemo_type":"ment", "memsize":48, "flags":{"wb_protected":true}}
{"address":"0x101979cb0", "type":"IMEMO", "slot_size":40, "class":"0x103a1c620", "imemo_type":"ment", "memsize":48, "flags":{"wb_protected":true}}
{"address":"0x101979cd8", "type":"IMEMO", "slot_size":40, "class":"0x103a1c620", "imemo_type":"ment", "memsize":48, "flags":{"wb_protected":true}}
{"address":"0x101979d00", "type":"IMEMO", "slot_size":40, "class":"0x103a1c620", "imemo_type":"ment", "memsize":48, "flags":{"wb_protected":true}}
{"address":"0x101979d28", "type":"IMEMO", "slot_size":40, "class":"0x103a1c620", "imemo_type":"ment", "memsize":48, "flags":{"wb_protected":true}}
{"address":"0x101979d50", "type":"IMEMO", "slot_size":40, "class":"0x103a1c620", "imemo_type":"ment", "memsize":48, "flags":{"wb_protected":true}}
{"address":"0x101979d78", "type":"IMEMO", "slot_size":40, "class":"0x103a1c620", "imemo_type":"ment", "memsize":48, "flags":{"wb_protected":true}}
{"address":"0x101979da0", "type":"IMEMO", "slot_size":40, "class":"0x103a1c620", "imemo_type":"ment", "memsize":48, "flags":{"wb_protected":true}}
{"address":"0x101979dc8", "type":"IMEMO", "slot_size":40, "class":"0x103a1c620", "imemo_type":"ment", "memsize":48, "flags":{"wb_protected":true}}
{"address":"0x101979df0", "type":"IMEMO", "slot_size":40, "class":"0x103a1c620", "imemo_type":"ment", "memsize":48, "flags":{"wb_protected":true}}
{"address":"0x101979e18", "type":"IMEMO", "slot_size":40, "class":"0x103a1c620", "imemo_type":"ment", "memsize":48, "flags":{"wb_protected":true}}
{"address":"0x101979e40", "type":"STRING", "slot_size":40, "class":"0x1039feda0", "frozen":true, "embedded":true, "fstring":true, "bytesize":4, "value":"max=", "encoding":"US-ASCII", "memsize":40, "flags":{"wb_protected":true}}
{"address":"0x101979e68", "type":"IMEMO", "slot_size":40, "class":"0x103a1c620", "imemo_type":"ment", "memsize":48, "flags":{"wb_protected":true}}
{"address":"0x101979e90", "type":"IMEMO", "slot_size":40, "class":"0x103a1c620", "imemo_type":"ment", "memsize":48, "flags":{"wb_protected":true}}
{"address":"0x101979eb8", "type":"IMEMO", "slot_size":40, "class":"0x103a1c620", "imemo_type":"ment", "memsize":48, "flags":{"wb_protected":true}}
{"address":"0x101979ee0", "type":"IMEMO", "slot_size":40, "class":"0x103a1c800", "imemo_type":"callcache", "references":["0x1019be888"], "memsize":40, "flags":{"wb_protected":true}}
{"address":"0x101979f08", "type":"STRING", "slot_size":40, "class":"0x1039feda0", "bytesize":18, "capacity":31, "value":"Thread::SizedQueue", "encoding":"US-ASCII", "memsize":72, "flags":{"wb_protected":true}}
{"address":"0x101979f30", "type":"STRING", "slot_size":40, "class":"0x1039feda0", "frozen":true, "embedded":true, "fstring":true, "bytesize":10, "value":"SizedQueue", "encoding":"US-ASCII", "memsize":40, "flags":{"wb_protected":true}}
{"address":"0x101979f58", "type":"IMEMO", "slot_size":40, "class":"0x103a1c8a0", "imemo_type":"ment", "memsize":48, "flags":{"wb_protected":true}}
{"address":"0x101979f80", "type":"IMEMO", "slot_size":40, "class":"0x103a1c8a0", "imemo_type":"ment", "memsize":48, "flags":{"wb_protected":true}}
{"address":"0x101979fa8", "type":"IMEMO", "slot_size":40, "class":"0x103a1c8a0", "imemo_type":"ment", "memsize":48, "flags":{"wb_protected":true}}
{"address":"0x101979fd0", "type":"STRING", "slot_size":40, "class":"0x1039feda0", "frozen":true, "embedded":true, "fstring":true, "bytesize":3, "value":"deq", "encoding":"US-ASCII", "memsize":40, "flags":{"wb_protected":true}}
{"address":"0x101979ff8", "type":"IMEMO", "slot_size":40, "class":"0x103a1c8a0", "imemo_type":"ment", "memsize":48, "flags":{"wb_protected":true}}
{"address":"0x10197a020", "type":"IMEMO", "slot_size":40, "class":"0x103a1c8a0", "imemo_type":"ment", "memsize":48, "flags":{"wb_protected":true}}
{"address":"0x10197a048", "type":"STRING", "slot_size":40, "class":"0x1039feda0", "frozen":true, "embedded":true, "fstring":true, "bytesize":3, "value":"enq", "encoding":"US-ASCII", "memsize":40, "flags":{"wb_protected":true}}
{"address":"0x10197a070", "type":"IMEMO", "slot_size":40, "class":"0x103a1c8a0", "imemo_type":"ment", "memsize":48, "flags":{"wb_protected":true}}
{"address":"0x10197a098", "type":"STRING", "slot_size":40, "class":"0x1039feda0", "frozen":true, "embedded":true, "fstring":true, "bytesize":11, "value":"num_waiting", "encoding":"US-ASCII", "memsize":40, "flags":{"wb_protected":true}}
{"address":"0x10197a0c0", "type":"IMEMO", "slot_size":40, "class":"0x103a1c8a0", "imemo_type":"ment", "memsize":48, "flags":{"wb_protected":true}}
{"address":"0x10197a0e8", "type":"IMEMO", "slot_size":40, "class":"0x103a1c8a0", "imemo_type":"ment", "memsize":48, "flags":{"wb_protected":true}}
{"address":"0x10197a110", "type":"IMEMO", "slot_size":40, "class":"0x103a1c8a0", "imemo_type":"ment", "memsize":48, "flags":{"wb_protected":true}}
{"address":"0x10197a138", "type":"IMEMO", "slot_size":40, "class":"0x103a1c8a0", "imemo_type":"ment", "memsize":48, "flags":{"wb_protected":true}}
{"address":"0x10197a160", "type":"IMEMO", "slot_size":40, "class":"0x103a1c8a0", "imemo_type":"ment", "memsize":48, "flags":{"wb_protected":true}}
{"address":"0x10197a188", "type":"IMEMO", "slot_size":40, "class":"0x103a1c8a0", "imemo_type":"ment", "memsize":48, "flags":{"wb_protected":true}}
{"address":"0x10197a1b0", "type":"IMEMO", "slot_size":40, "class":"0x103a1c8a0", "imemo_type":"ment", "memsize":48, "flags":{"wb_protected":true}}
{"address":"0x10197a1d8", "type":"IMEMO", "slot_size":40, "class":"0x103a1c8a0", "imemo_type":"ment", "memsize":48, "flags":{"wb_protected":true}}
{"address":"0x10197a200", "type":"IMEMO", "slot_size":40, "class":"0x103a1c8a0", "imemo_type":"ment", "memsize":48, "flags":{"wb_protected":true}}
{"address":"0x10197a228", "type":"IMEMO", "slot_size":40, "class":"0x103a1c8a0", "imemo_type":"ment", "memsize":48, "flags":{"wb_protected":true}}
{"address":"0x10197a250", "type":"STRING", "slot_size":40, "class":"0x1039feda0", "frozen":true, "embedded":true, "fstring":true, "bytesize":13, "value":"Thread::Queue", "encoding":"US-ASCII", "memsize":40, "flags":{"wb_protected":true}}
{"address":"0x10197a278", "type":"STRING", "slot_size":40, "class":"0x1039feda0", "embedded":true, "bytesize":13, "value":"Thread::Queue", "encoding":"US-ASCII", "memsize":40, "flags":{"wb_protected":true}}
{"address":"0x10197a2a0", "type":"STRING", "slot_size":40, "class":"0x1039feda0", "frozen":true, "embedded":true, "fstring":true, "bytesize":5, "value":"Queue", "encoding":"US-ASCII", "memsize":40, "flags":{"wb_protected":true}}
{"address":"0x10197a2c8", "type":"IMEMO", "slot_size":40, "class":"0x103a1c9e0", "imemo_type":"ment", "memsize":48, "flags":{"wb_protected":true}}
{"address":"0x10197a2f0", "type":"IMEMO", "slot_size":40, "class":"0x103a1c9e0", "imemo_type":"ment", "memsize":48, "flags":{"wb_protected":true}}
{"address":"0x10197a318", "type":"STRING", "slot_size":40, "class":"0x1039feda0", "frozen":true, "embedded":true, "fstring":true, "bytesize":11, "value":"synchronize", "encoding":"US-ASCII", "memsize":40, "flags":{"wb_protected":true}}
{"address":"0x10197a340", "type":"IMEMO", "slot_size":40, "class":"0x103a1c9e0", "imemo_type":"ment", "memsize":48, "flags":{"wb_protected":true}}
{"address":"0x10197a368", "type":"STRING", "slot_size":40, "class":"0x1039feda0", "frozen":true, "embedded":true, "fstring":true, "bytesize":5, "value":"sleep", "encoding":"US-ASCII", "memsize":40, "flags":{"wb_protected":true}}
{"address":"0x10197a390", "type":"IMEMO", "slot_size":40, "class":"0x103a1c9e0", "imemo_type":"ment", "memsize":48, "flags":{"wb_protected":true}}
{"address":"0x10197a3b8", "type":"STRING", "slot_size":40, "class":"0x1039feda0", "frozen":true, "embedded":true, "fstring":true, "bytesize":6, "value":"unlock", "encoding":"US-ASCII", "memsize":40, "flags":{"wb_protected":true}}
{"address":"0x10197a3e0", "type":"IMEMO", "slot_size":40, "class":"0x103a1c9e0", "imemo_type":"ment", "memsize":48, "flags":{"wb_protected":true}}
{"address":"0x10197a408", "type":"STRING", "slot_size":40, "class":"0x1039feda0", "frozen":true, "embedded":true, "fstring":true, "bytesize":4, "value":"lock", "encoding":"US-ASCII", "memsize":40, "flags":{"wb_protected":true}}
{"address":"0x10197a430", "type":"IMEMO", "slot_size":40, "class":"0x103a1c9e0", "imemo_type":"ment", "memsize":48, "flags":{"wb_protected":true}}
{"address":"0x10197a458", "type":"STRING", "slot_size":40, "class":"0x1039feda0", "frozen":true, "embedded":true, "fstring":true, "bytesize":8, "value":"try_lock", "encoding":"US-ASCII", "memsize":40, "flags":{"wb_protected":true}}
{"address":"0x10197a480", "type":"IMEMO", "slot_size":40, "class":"0x103a1c9e0", "imemo_type":"ment", "memsize":48, "flags":{"wb_protected":true}}
{"address":"0x10197a4a8", "type":"IMEMO", "slot_size":40, "class":"0x103a1c9e0", "imemo_type":"ment", "memsize":48, "flags":{"wb_protected":true}}
{"address":"0x10197a4d0", "type":"STRING", "slot_size":40, "class":"0x1039feda0", "frozen":true, "embedded":true, "fstring":true, "bytesize":13, "value":"Thread::Mutex", "encoding":"US-ASCII", "memsize":40, "flags":{"wb_protected":true}}
{"address":"0x10197a4f8", "type":"STRING", "slot_size":40, "class":"0x1039feda0", "embedded":true, "bytesize":13, "value":"Thread::Mutex", "encoding":"US-ASCII", "memsize":40, "flags":{"wb_protected":true}}
{"address":"0x10197a520", "type":"STRING", "slot_size":40, "class":"0x1039feda0", "frozen":true, "embedded":true, "fstring":true, "bytesize":5, "value":"Mutex", "encoding":"US-ASCII", "memsize":40, "flags":{"wb_protected":true}}
{"address":"0x10197a548", "type":"ARRAY", "slot_size":40, "length":0, "memsize":40, "flags":{"wb_protected":true}}
{"address":"0x10197a570", "type":"ARRAY", "slot_size":40, "length":0, "memsize":40, "flags":{"wb_protected":true}}
{"address":"0x10197a598", "type":"STRING", "slot_size":40, "class":"0x1039feda0", "frozen":true, "embedded":true, "fstring":true, "bytesize":11, "value":"ThreadError", "encoding":"US-ASCII", "memsize":40, "flags":{"wb_protected":true}}
{"address":"0x10197a5c0", "type":"STRING", "slot_size":40, "class":"0x1039feda0", "frozen":true, "embedded":true, "fstring":true, "bytesize":7, "value":"Default", "encoding":"US-ASCII", "memsize":40, "flags":{"wb_protected":true}}
{"address":"0x10197a5e8", "type":"DATA", "slot_size":40, "class":"0x103a1cc60", "struct":"thgroup", "memsize":56}
{"address":"0x10197a610", "type":"IMEMO", "slot_size":40, "class":"0x103a1cc60", "imemo_type":"ment", "memsize":48, "flags":{"wb_protected":true}}
{"address":"0x10197a638", "type":"STRING", "slot_size":40, "class":"0x1039feda0", "frozen":true, "embedded":true, "fstring":true, "bytesize":3, "value":"add", "encoding":"US-ASCII", "memsize":40, "flags":{"wb_protected":true}}
{"address":"0x10197a660", "type":"IMEMO", "slot_size":40, "class":"0x103a1cc60", "imemo_type":"ment", "memsize":48, "flags":{"wb_protected":true}}
{"address":"0x10197a688", "type":"STRING", "slot_size":40, "class":"0x1039feda0", "frozen":true, "embedded":true, "fstring":true, "bytesize":9, "value":"enclosed?", "encoding":"US-ASCII", "memsize":40, "flags":{"wb_protected":true}}
{"address":"0x10197a6b0", "type":"IMEMO", "slot_size":40, "class":"0x103a1cc60", "imemo_type":"ment", "memsize":48, "flags":{"wb_protected":true}}
{"address":"0x10197a6d8", "type":"STRING", "slot_size":40, "class":"0x1039feda0", "frozen":true, "embedded":true, "fstring":true, "bytesize":7, "value":"enclose", "encoding":"US-ASCII", "memsize":40, "flags":{"wb_protected":true}}
{"address":"0x10197a700", "type":"IMEMO", "slot_size":40, "class":"0x103a1cc60", "imemo_type":"ment", "memsize":48, "flags":{"wb_protected":true}}
{"address":"0x10197a728", "type":"STRING", "slot_size":40, "class":"0x1039feda0", "frozen":true, "embedded":true, "fstring":true, "bytesize":11, "value":"ThreadGroup", "encoding":"US-ASCII", "memsize":40, "flags":{"wb_protected":true}}
{"address":"0x10197a750", "type":"IMEMO", "slot_size":40, "class":"0x1039f2280", "imemo_type":"callcache", "references":["0x101993200"], "memsize":40, "flags":{"wb_protected":true}}
{"address":"0x10197a778", "type":"OBJECT", "slot_size":40, "class":"0x1039f2280", "frozen":true, "ivars":3, "references":["0x10197a7a0"], "memsize":40, "flags":{"wb_protected":true}}
{"address":"0x10197a7a0", "type":"STRING", "slot_size":40, "class":"0x1039feda0", "frozen":true, "bytesize":31, "value":"stream closed in another thread", "encoding":"US-ASCII", "memsize":40, "flags":{"wb_protected":true}}
{"address":"0x10197a7c8", "type":"IMEMO", "slot_size":40, "class":"0x103a1d200", "imemo_type":"ment", "memsize":48, "flags":{"wb_protected":true}}
{"address":"0x10197a7f0", "type":"IMEMO", "slot_size":40, "class":"0x103a1d200", "imemo_type":"ment", "memsize":48, "flags":{"wb_protected":true}}
{"address":"0x10197a818", "type":"IMEMO", "slot_size":40, "class":"0x103a1d200", "imemo_type":"ment", "memsize":48, "flags":{"wb_protected":true}}
{"address":"0x10197a840", "type":"IMEMO", "slot_size":40, "class":"0x103a1d200", "imemo_type":"ment", "memsize":48, "flags":{"wb_protected":true}}
{"address":"0x10197a868", "type":"STRING", "slot_size":40, "class":"0x1039feda0", "frozen":true, "embedded":true, "fstring":true, "bytesize":5, "value":"name=", "encoding":"US-ASCII", "memsize":40, "flags":{"wb_protected":true}}
{"address":"0x10197a890", "type":"IMEMO", "slot_size":40, "class":"0x103a1d200", "imemo_type":"ment", "memsize":48, "flags":{"wb_protected":true}}
{"address":"0x10197a8b8", "type":"IMEMO", "slot_size":40, "class":"0x103a1d200", "imemo_type":"ment", "memsize":48, "flags":{"wb_protected":true}}
{"address":"0x10197a8e0", "type":"IMEMO", "slot_size":40, "class":"0x103a1d200", "imemo_type":"ment", "memsize":48, "flags":{"wb_protected":true}}
{"address":"0x10197a908", "type":"IMEMO", "slot_size":40, "class":"0x103a1d200", "imemo_type":"ment", "memsize":48, "flags":{"wb_protected":true}}
{"address":"0x10197a930", "type":"STRING", "slot_size":40, "class":"0x1039feda0", "frozen":true, "embedded":true, "fstring":true, "bytesize":5, "value":"group", "encoding":"US-ASCII", "memsize":40, "flags":{"wb_protected":true}}
{"address":"0x10197a958", "type":"IMEMO", "slot_size":40, "class":"0x103a1d200", "imemo_type":"ment", "memsize":48, "flags":{"wb_protected":true}}
{"address":"0x10197a980", "type":"IMEMO", "slot_size":40, "class":"0x103a1d200", "imemo_type":"ment", "memsize":48, "flags":{"wb_protected":true}}
{"address":"0x10197a9a8", "type":"IMEMO", "slot_size":40, "class":"0x103a1d200", "imemo_type":"ment", "memsize":48, "flags":{"wb_protected":true}}
{"address":"0x10197a9d0", "type":"IMEMO", "slot_size":40, "class":"0x103a1d200", "imemo_type":"ment", "memsize":48, "flags":{"wb_protected":true}}
{"address":"0x10197a9f8", "type":"IMEMO", "slot_size":40, "class":"0x103a1d200", "imemo_type":"ment", "memsize":48, "flags":{"wb_protected":true}}
{"address":"0x10197aa20", "type":"STRING", "slot_size":40, "class":"0x1039feda0", "frozen":true, "embedded":true, "fstring":true, "bytesize":5, "value":"stop?", "encoding":"US-ASCII", "memsize":40, "flags":{"wb_protected":true}}
{"address":"0x10197aa48", "type":"IMEMO", "slot_size":40, "class":"0x103a1d200", "imemo_type":"ment", "memsize":48, "flags":{"wb_protected":true}}
{"address":"0x10197aa70", "type":"STRING", "slot_size":40, "class":"0x1039feda0", "frozen":true, "embedded":true, "fstring":true, "bytesize":6, "value":"alive?", "encoding":"US-ASCII", "memsize":40, "flags":{"wb_protected":true}}
{"address":"0x10197aa98", "type":"IMEMO", "slot_size":40, "class":"0x103a1d200", "imemo_type":"ment", "memsize":48, "flags":{"wb_protected":true}}
{"address":"0x10197aac0", "type":"IMEMO", "slot_size":40, "class":"0x103a1d200", "imemo_type":"ment", "memsize":48, "flags":{"wb_protected":true}}
{"address":"0x10197aae8", "type":"IMEMO", "slot_size":40, "class":"0x103a1d200", "imemo_type":"ment", "memsize":48, "flags":{"wb_protected":true}}
{"address":"0x10197ab10", "type":"IMEMO", "slot_size":40, "class":"0x103a1d200", "imemo_type":"ment", "memsize":48, "flags":{"wb_protected":true}}
{"address":"0x10197ab38", "type":"IMEMO", "slot_size":40, "class":"0x103a1d200", "imemo_type":"ment", "memsize":48, "flags":{"wb_protected":true}}
{"address":"0x10197ab60", "type":"IMEMO", "slot_size":40, "class":"0x103a1d200", "imemo_type":"ment", "memsize":48, "flags":{"wb_protected":true}}
{"address":"0x10197ab88", "type":"STRING", "slot_size":40, "class":"0x1039feda0", "frozen":true, "embedded":true, "fstring":true, "bytesize":9, "value":"priority=", "encoding":"US-ASCII", "memsize":40, "flags":{"wb_protected":true}}
{"address":"0x10197abb0", "type":"IMEMO", "slot_size":40, "class":"0x103a1d200", "imemo_type":"ment", "memsize":48, "flags":{"wb_protected":true}}
{"address":"0x10197abd8", "type":"STRING", "slot_size":40, "class":"0x1039feda0", "frozen":true, "embedded":true, "fstring":true, "bytesize":8, "value":"priority", "encoding":"US-ASCII", "memsize":40, "flags":{"wb_protected":true}}
{"address":"0x10197ac00", "type":"IMEMO", "slot_size":40, "class":"0x103a1d200", "imemo_type":"ment", "memsize":48, "flags":{"wb_protected":true}}
{"address":"0x10197ac28", "type":"IMEMO", "slot_size":40, "class":"0x103a1d200", "imemo_type":"ment", "memsize":48, "flags":{"wb_protected":true}}
{"address":"0x10197ac50", "type":"IMEMO", "slot_size":40, "class":"0x103a1d200", "imemo_type":"ment", "memsize":48, "flags":{"wb_protected":true}}
{"address":"0x10197ac78", "type":"IMEMO", "slot_size":40, "class":"0x103a1d200", "imemo_type":"ment", "memsize":48, "flags":{"wb_protected":true}}
{"address":"0x10197aca0", "type":"IMEMO", "slot_size":40, "class":"0x103a1d200", "imemo_type":"ment", "memsize":48, "flags":{"wb_protected":true}}
{"address":"0x10197acc8", "type":"IMEMO", "slot_size":40, "class":"0x103a1d200", "imemo_type":"ment", "memsize":48, "flags":{"wb_protected":true}}
{"address":"0x10197acf0", "type":"STRING", "slot_size":40, "class":"0x1039feda0", "frozen":true, "embedded":true, "fstring":true, "bytesize":6, "value":"wakeup", "encoding":"US-ASCII", "memsize":40, "flags":{"wb_protected":true}}
{"address":"0x10197ad18", "type":"IMEMO", "slot_size":40, "class":"0x103a1d200", "imemo_type":"ment", "memsize":48, "flags":{"wb_protected":true}}
{"address":"0x10197ad40", "type":"STRING", "slot_size":40, "class":"0x1039feda0", "frozen":true, "embedded":true, "fstring":true, "bytesize":3, "value":"run", "encoding":"US-ASCII", "memsize":40, "flags":{"wb_protected":true}}
{"address":"0x10197ad68", "type":"IMEMO", "slot_size":40, "class":"0x103a1d200", "imemo_type":"ment", "memsize":48, "flags":{"wb_protected":true}}
{"address":"0x10197ad90", "type":"IMEMO", "slot_size":40, "class":"0x103a1d200", "imemo_type":"ment", "memsize":48, "flags":{"wb_protected":true}}
{"address":"0x10197adb8", "type":"STRING", "slot_size":40, "class":"0x1039feda0", "frozen":true, "embedded":true, "fstring":true, "bytesize":9, "value":"terminate", "encoding":"US-ASCII", "memsize":40, "flags":{"wb_protected":true}}
{"address":"0x10197ade0", "type":"IMEMO", "slot_size":40, "class":"0x103a1d200", "imemo_type":"ment", "memsize":48, "flags":{"wb_protected":true}}
{"address":"0x10197ae08", "type":"IMEMO", "slot_size":40, "class":"0x103a1d200", "imemo_type":"ment", "memsize":48, "flags":{"wb_protected":true}}
{"address":"0x10197ae30", "type":"IMEMO", "slot_size":40, "class":"0x103a1d200", "imemo_type":"ment", "memsize":48, "flags":{"wb_protected":true}}
{"address":"0x10197ae58", "type":"IMEMO", "slot_size":40, "class":"0x103a1d200", "imemo_type":"ment", "memsize":48, "flags":{"wb_protected":true}}
{"address":"0x10197ae80", "type":"IMEMO", "slot_size":40, "class":"0x103a1d200", "imemo_type":"ment", "memsize":48, "flags":{"wb_protected":true}}
{"address":"0x10197aea8", "type":"IMEMO", "slot_size":40, "class":"0x103a1d200", "imemo_type":"ment", "memsize":48, "flags":{"wb_protected":true}}
{"address":"0x10197aed0", "type":"IMEMO", "slot_size":40, "class":"0x103a1d160", "imemo_type":"ment", "memsize":48, "flags":{"wb_protected":true}}
{"address":"0x10197aef8", "type":"IMEMO", "slot_size":40, "class":"0x103a1d160", "imemo_type":"ment", "memsize":48, "flags":{"wb_protected":true}}
{"address":"0x10197af20", "type":"IMEMO", "slot_size":40, "class":"0x103a1d160", "imemo_type":"ment", "memsize":48, "flags":{"wb_protected":true}}
{"address":"0x10197af48", "type":"IMEMO", "slot_size":40, "class":"0x103a1d160", "imemo_type":"ment", "memsize":48, "flags":{"wb_protected":true}}
{"address":"0x10197af70", "type":"STRING", "slot_size":40, "class":"0x1039feda0", "frozen":true, "embedded":true, "fstring":true, "bytesize":15, "value":"ignore_deadlock", "encoding":"US-ASCII", "memsize":40, "flags":{"wb_protected":true}}
{"address":"0x10197af98", "type":"IMEMO", "slot_size":40, "class":"0x103a1d160", "imemo_type":"ment", "memsize":48, "flags":{"wb_protected":true}}
{"address":"0x10197afc0", "type":"IMEMO", "slot_size":40, "class":"0x103a1d160", "imemo_type":"ment", "memsize":48, "flags":{"wb_protected":true}}
{"address":"0x10197afe8", "type":"IMEMO", "slot_size":40, "class":"0x103a1d160", "imemo_type":"ment", "memsize":48, "flags":{"wb_protected":true}}
{"address":"0x10197b010", "type":"IMEMO", "slot_size":40, "class":"0x103a1d160", "imemo_type":"ment", "memsize":48, "flags":{"wb_protected":true}}
{"address":"0x10197b038", "type":"IMEMO", "slot_size":40, "class":"0x103a1d160", "imemo_type":"ment", "memsize":48, "flags":{"wb_protected":true}}
{"address":"0x10197b060", "type":"IMEMO", "slot_size":40, "class":"0x103a1d160", "imemo_type":"ment", "memsize":48, "flags":{"wb_protected":true}}
{"address":"0x10197b088", "type":"STRING", "slot_size":40, "class":"0x1039feda0", "frozen":true, "embedded":true, "fstring":true, "bytesize":4, "value":"pass", "encoding":"US-ASCII", "memsize":40, "flags":{"wb_protected":true}}
{"address":"0x10197b0b0", "type":"IMEMO", "slot_size":40, "class":"0x103a1d160", "imemo_type":"ment", "memsize":48, "flags":{"wb_protected":true}}
{"address":"0x10197b0d8", "type":"STRING", "slot_size":40, "class":"0x1039feda0", "frozen":true, "embedded":true, "fstring":true, "bytesize":4, "value":"exit", "encoding":"US-ASCII", "memsize":40, "flags":{"wb_protected":true}}
{"address":"0x10197b100", "type":"IMEMO", "slot_size":40, "class":"0x103a1d160", "imemo_type":"ment", "memsize":48, "flags":{"wb_protected":true}}
{"address":"0x10197b128", "type":"STRING", "slot_size":40, "class":"0x1039feda0", "frozen":true, "embedded":true, "fstring":true, "bytesize":4, "value":"kill", "encoding":"US-ASCII", "memsize":40, "flags":{"wb_protected":true}}
{"address":"0x10197b150", "type":"IMEMO", "slot_size":40, "class":"0x103a1d160", "imemo_type":"ment", "memsize":48, "flags":{"wb_protected":true}}
{"address":"0x10197b178", "type":"STRING", "slot_size":40, "class":"0x1039feda0", "frozen":true, "embedded":true, "fstring":true, "bytesize":4, "value":"stop", "encoding":"US-ASCII", "memsize":40, "flags":{"wb_protected":true}}
{"address":"0x10197b1a0", "type":"IMEMO", "slot_size":40, "class":"0x103a1d160", "imemo_type":"ment", "memsize":48, "flags":{"wb_protected":true}}
{"address":"0x10197b1c8", "type":"STRING", "slot_size":40, "class":"0x1039feda0", "frozen":true, "embedded":true, "fstring":true, "bytesize":7, "value":"current", "encoding":"US-ASCII", "memsize":40, "flags":{"wb_protected":true}}
{"address":"0x10197b1f0", "type":"IMEMO", "slot_size":40, "class":"0x103a1d160", "imemo_type":"ment", "memsize":48, "flags":{"wb_protected":true}}
{"address":"0x10197b218", "type":"STRING", "slot_size":40, "class":"0x1039feda0", "frozen":true, "embedded":true, "fstring":true, "bytesize":4, "value":"main", "encoding":"US-ASCII", "memsize":40, "flags":{"wb_protected":true}}
{"address":"0x10197b240", "type":"IMEMO", "slot_size":40, "class":"0x103a1d160", "imemo_type":"ment", "memsize":48, "flags":{"wb_protected":true}}
{"address":"0x10197b268", "type":"STRING", "slot_size":40, "class":"0x1039feda0", "frozen":true, "embedded":true, "fstring":true, "bytesize":4, "value":"fork", "encoding":"US-ASCII", "memsize":40, "flags":{"wb_protected":true}}
{"address":"0x10197b290", "type":"IMEMO", "slot_size":40, "class":"0x103a1d160", "imemo_type":"ment", "memsize":48, "flags":{"wb_protected":true}}
{"address":"0x10197b2b8", "type":"STRING", "slot_size":40, "class":"0x1039feda0", "frozen":true, "embedded":true, "fstring":true, "bytesize":5, "value":"start", "encoding":"US-ASCII", "memsize":40, "flags":{"wb_protected":true}}
{"address":"0x10197b2e0", "type":"IMEMO", "slot_size":40, "class":"0x103a1d160", "imemo_type":"ment", "memsize":48, "flags":{"wb_protected":true}}
{"address":"0x10197b308", "type":"STRING", "slot_size":40, "class":"0x1039feda0", "frozen":true, "embedded":true, "fstring":true, "bytesize":11, "value":"on_blocking", "encoding":"US-ASCII", "memsize":40, "flags":{"wb_protected":true}}
{"address":"0x10197b330", "type":"STRING", "slot_size":40, "class":"0x1039feda0", "frozen":true, "embedded":true, "fstring":true, "bytesize":9, "value":"immediate", "encoding":"US-ASCII", "memsize":40, "flags":{"wb_protected":true}}
{"address":"0x10197b358", "type":"STRING", "slot_size":40, "class":"0x1039feda0", "frozen":true, "embedded":true, "fstring":true, "bytesize":5, "value":"never", "encoding":"US-ASCII", "memsize":40, "flags":{"wb_protected":true}}
{"address":"0x10197b380", "type":"IMEMO", "slot_size":40, "class":"0x103a1cd00", "imemo_type":"ment", "memsize":48, "flags":{"wb_protected":true}}
{"address":"0x10197b3a8", "type":"STRING", "slot_size":40, "class":"0x1039feda0", "frozen":true, "embedded":true, "fstring":true, "bytesize":9, "value":"load_iseq", "encoding":"US-ASCII", "memsize":40, "flags":{"wb_protected":true}}
{"address":"0x10197b3d0", "type":"IMEMO", "slot_size":40, "class":"0x103a1cd00", "imemo_type":"ment", "memsize":48, "flags":{"wb_protected":true}}
{"address":"0x10197b3f8", "type":"IMEMO", "slot_size":40, "class":"0x103a1cda0", "imemo_type":"ment", "memsize":48, "flags":{"wb_protected":true}}
{"address":"0x10197b420", "type":"STRING", "slot_size":40, "class":"0x1039feda0", "frozen":true, "embedded":true, "fstring":true, "bytesize":12, "value":"script_lines", "encoding":"US-ASCII", "memsize":40, "flags":{"wb_protected":true}}
{"address":"0x10197b448", "type":"IMEMO", "slot_size":40, "class":"0x103a1cd00", "imemo_type":"ment", "memsize":48, "flags":{"wb_protected":true}}
{"address":"0x10197b470", "type":"STRING", "slot_size":40, "class":"0x1039feda0", "frozen":true, "embedded":true, "fstring":true, "bytesize":2, "value":"of", "encoding":"US-ASCII", "memsize":40, "flags":{"wb_protected":true}}
{"address":"0x10197b498", "type":"IMEMO", "slot_size":40, "class":"0x103a1cd00", "imemo_type":"ment", "memsize":48, "flags":{"wb_protected":true}}
{"address":"0x10197b4c0", "type":"IMEMO", "slot_size":40, "class":"0x103a1cd00", "imemo_type":"ment", "memsize":48, "flags":{"wb_protected":true}}
{"address":"0x10197b4e8", "type":"IMEMO", "slot_size":40, "class":"0x103a1cd00", "imemo_type":"ment", "memsize":48, "flags":{"wb_protected":true}}
{"address":"0x10197b510", "type":"STRING", "slot_size":40, "class":"0x1039feda0", "frozen":true, "embedded":true, "fstring":true, "bytesize":15, "value":"compile_option=", "encoding":"US-ASCII", "memsize":40, "flags":{"wb_protected":true}}
{"address":"0x10197b538", "type":"IMEMO", "slot_size":40, "class":"0x103a1cd00", "imemo_type":"ment", "memsize":48, "flags":{"wb_protected":true}}
{"address":"0x10197b560", "type":"STRING", "slot_size":40, "class":"0x1039feda0", "frozen":true, "embedded":true, "fstring":true, "bytesize":14, "value":"compile_option", "encoding":"US-ASCII", "memsize":40, "flags":{"wb_protected":true}}
{"address":"0x10197b588", "type":"IMEMO", "slot_size":40, "class":"0x103a1cd00", "imemo_type":"ment", "memsize":48, "flags":{"wb_protected":true}}
{"address":"0x10197b5b0", "type":"STRING", "slot_size":40, "class":"0x1039feda0", "frozen":true, "embedded":true, "fstring":true, "bytesize":12, "value":"compile_file", "encoding":"US-ASCII", "memsize":40, "flags":{"wb_protected":true}}
{"address":"0x10197b5d8", "type":"IMEMO", "slot_size":40, "class":"0x103a1cd00", "imemo_type":"ment", "memsize":48, "flags":{"wb_protected":true}}
{"address":"0x10197b600", "type":"IMEMO", "slot_size":40, "class":"0x103a1cd00", "imemo_type":"ment", "memsize":48, "flags":{"wb_protected":true}}
{"address":"0x10197b628", "type":"IMEMO", "slot_size":40, "class":"0x103a1cda0", "imemo_type":"ment", "memsize":48, "flags":{"wb_protected":true}}
{"address":"0x10197b650", "type":"IMEMO", "slot_size":40, "class":"0x103a1cda0", "imemo_type":"ment", "memsize":48, "flags":{"wb_protected":true}}
{"address":"0x10197b678", "type":"STRING", "slot_size":40, "class":"0x1039feda0", "frozen":true, "embedded":true, "fstring":true, "bytesize":12, "value":"trace_points", "encoding":"US-ASCII", "memsize":40, "flags":{"wb_protected":true}}
{"address":"0x10197b6a0", "type":"IMEMO", "slot_size":40, "class":"0x103a1cda0", "imemo_type":"ment", "memsize":48, "flags":{"wb_protected":true}}
{"address":"0x10197b6c8", "type":"STRING", "slot_size":40, "class":"0x1039feda0", "frozen":true, "embedded":true, "fstring":true, "bytesize":12, "value":"first_lineno", "encoding":"US-ASCII", "memsize":40, "flags":{"wb_protected":true}}
{"address":"0x10197b6f0", "type":"IMEMO", "slot_size":40, "class":"0x103a1cda0", "imemo_type":"ment", "memsize":48, "flags":{"wb_protected":true}}
{"address":"0x10197b718", "type":"IMEMO", "slot_size":40, "class":"0x103a1cda0", "imemo_type":"ment", "memsize":48, "flags":{"wb_protected":true}}
{"address":"0x10197b740", "type":"IMEMO", "slot_size":40, "class":"0x103a1cda0", "imemo_type":"ment", "memsize":48, "flags":{"wb_protected":true}}
{"address":"0x10197b768", "type":"IMEMO", "slot_size":40, "class":"0x103a1cda0", "imemo_type":"ment", "memsize":48, "flags":{"wb_protected":true}}
{"address":"0x10197b790", "type":"IMEMO", "slot_size":40, "class":"0x103a1cd00", "imemo_type":"ment", "memsize":48, "flags":{"wb_protected":true}}
{"address":"0x10197b7b8", "type":"IMEMO", "slot_size":40, "class":"0x103a1cd00", "imemo_type":"ment", "memsize":48, "flags":{"wb_protected":true}}
{"address":"0x10197b7e0", "type":"IMEMO", "slot_size":40, "class":"0x103a1cda0", "imemo_type":"ment", "memsize":48, "flags":{"wb_protected":true}}
{"address":"0x10197b808", "type":"STRING", "slot_size":40, "class":"0x1039feda0", "frozen":true, "embedded":true, "fstring":true, "bytesize":9, "value":"to_binary", "encoding":"US-ASCII", "memsize":40, "flags":{"wb_protected":true}}
{"address":"0x10197b830", "type":"IMEMO", "slot_size":40, "class":"0x103a1cda0", "imemo_type":"ment", "memsize":48, "flags":{"wb_protected":true}}
{"address":"0x10197b858", "type":"IMEMO", "slot_size":40, "class":"0x103a1cda0", "imemo_type":"ment", "memsize":48, "flags":{"wb_protected":true}}
{"address":"0x10197b880", "type":"IMEMO", "slot_size":40, "class":"0x103a1cda0", "imemo_type":"ment", "memsize":48, "flags":{"wb_protected":true}}
{"address":"0x10197b8a8", "type":"STRING", "slot_size":40, "class":"0x1039feda0", "frozen":true, "embedded":true, "fstring":true, "bytesize":11, "value":"disassemble", "encoding":"US-ASCII", "memsize":40, "flags":{"wb_protected":true}}
{"address":"0x10197b8d0", "type":"IMEMO", "slot_size":40, "class":"0x103a1cda0", "imemo_type":"ment", "memsize":48, "flags":{"wb_protected":true}}
{"address":"0x10197b8f8", "type":"STRING", "slot_size":40, "class":"0x1039feda0", "frozen":true, "embedded":true, "fstring":true, "bytesize":6, "value":"disasm", "encoding":"US-ASCII", "memsize":40, "flags":{"wb_protected":true}}
{"address":"0x10197b920", "type":"IMEMO", "slot_size":40, "class":"0x103a1cda0", "imemo_type":"ment", "memsize":48, "flags":{"wb_protected":true}}
{"address":"0x10197b948", "type":"STRING", "slot_size":40, "class":"0x1039feda0", "bytesize":27, "capacity":31, "value":"RubyVM::InstructionSequence", "encoding":"US-ASCII", "memsize":72, "flags":{"wb_protected":true}}
{"address":"0x10197b970", "type":"IMEMO", "slot_size":40, "class":"0x1039ff7a0", "imemo_type":"ment", "memsize":48, "flags":{"wb_protected":true}}
{"address":"0x10197b998", "type":"IMEMO", "slot_size":40, "imemo_type":"ment", "references":["0x1039ff8e0"], "memsize":48, "flags":{"wb_protected":true}}
{"address":"0x10197b9c0", "type":"IMEMO", "slot_size":40, "class":"0x1039ff7a0", "imemo_type":"ment", "memsize":48, "flags":{"wb_protected":true}}
{"address":"0x10197b9e8", "type":"IMEMO", "slot_size":40, "imemo_type":"ment", "references":["0x1039ff8e0"], "memsize":48, "flags":{"wb_protected":true}}
{"address":"0x10197ba10", "type":"STRING", "slot_size":40, "class":"0x1039feda0", "frozen":true, "embedded":true, "fstring":true, "bytesize":6, "value":"caller", "encoding":"US-ASCII", "memsize":40, "flags":{"wb_protected":true}}
{"address":"0x10197ba38", "type":"IMEMO", "slot_size":40, "class":"0x103a1cee0", "imemo_type":"ment", "memsize":48, "flags":{"wb_protected":true}}
{"address":"0x10197ba60", "type":"IMEMO", "slot_size":40, "class":"0x103a1cee0", "imemo_type":"ment", "memsize":48, "flags":{"wb_protected":true}}
{"address":"0x10197ba88", "type":"IMEMO", "slot_size":40, "class":"0x103a1cee0", "imemo_type":"ment", "memsize":48, "flags":{"wb_protected":true}}
{"address":"0x10197bab0", "type":"IMEMO", "slot_size":40, "class":"0x103a1cee0", "imemo_type":"ment", "memsize":48, "flags":{"wb_protected":true}}
{"address":"0x10197bad8", "type":"IMEMO", "slot_size":40, "class":"0x103a1cee0", "imemo_type":"ment", "memsize":48, "flags":{"wb_protected":true}}
{"address":"0x10197bb00", "type":"STRING", "slot_size":40, "class":"0x1039feda0", "frozen":true, "embedded":true, "fstring":true, "bytesize":10, "value":"base_label", "encoding":"US-ASCII", "memsize":40, "flags":{"wb_protected":true}}
{"address":"0x10197bb28", "type":"IMEMO", "slot_size":40, "class":"0x103a1cee0", "imemo_type":"ment", "memsize":48, "flags":{"wb_protected":true}}
{"address":"0x10197bb50", "type":"STRING", "slot_size":40, "class":"0x1039feda0", "frozen":true, "embedded":true, "fstring":true, "bytesize":5, "value":"label", "encoding":"US-ASCII", "memsize":40, "flags":{"wb_protected":true}}
{"address":"0x10197bb78", "type":"IMEMO", "slot_size":40, "class":"0x103a1cee0", "imemo_type":"ment", "memsize":48, "flags":{"wb_protected":true}}
{"address":"0x10197bba0", "type":"IMEMO", "slot_size":40, "class":"0x103a1ce40", "imemo_type":"ment", "memsize":48, "flags":{"wb_protected":true}}
{"address":"0x10197bbc8", "type":"STRING", "slot_size":40, "class":"0x1039feda0", "frozen":true, "embedded":true, "fstring":true, "bytesize":8, "value":"Location", "encoding":"US-ASCII", "memsize":40, "flags":{"wb_protected":true}}
{"address":"0x10197bbf0", "type":"IMEMO", "slot_size":40, "class":"0x103a1cf80", "imemo_type":"ment", "memsize":48, "flags":{"wb_protected":true}}
{"address":"0x10197bc18", "type":"STRING", "slot_size":40, "class":"0x1039feda0", "frozen":true, "embedded":true, "fstring":true, "bytesize":5, "value":"limit", "encoding":"US-ASCII", "memsize":40, "flags":{"wb_protected":true}}
{"address":"0x10197bc40", "type":"IMEMO", "slot_size":40, "class":"0x103a1cf80", "imemo_type":"ment", "memsize":48, "flags":{"wb_protected":true}}
{"address":"0x10197bc68", "type":"STRING", "slot_size":40, "class":"0x1039feda0", "bytesize":17, "capacity":31, "value":"Thread::Backtrace", "encoding":"US-ASCII", "memsize":72, "flags":{"wb_protected":true}}
{"address":"0x10197bc90", "type":"STRING", "slot_size":40, "class":"0x1039feda0", "frozen":true, "embedded":true, "fstring":true, "bytesize":9, "value":"Backtrace", "encoding":"US-ASCII", "memsize":40, "flags":{"wb_protected":true}}
{"address":"0x10197bcb8", "type":"IMEMO", "slot_size":40, "class":"0x103a1d0c0", "imemo_type":"ment", "memsize":48, "flags":{"wb_protected":true}}
{"address":"0x10197bce0", "type":"OBJECT", "slot_size":40, "class":"0x103a1d0c0", "frozen":true, "ivars":3, "memsize":40, "flags":{"wb_protected":true}}
{"address":"0x10197bd08", "type":"DATA", "slot_size":40, "class":"0x103a1f460", "struct":"binding", "references":["0x1019bce20", "0x10197be70", "0x10197bd30", "0x10197be48"], "memsize":88, "flags":{"wb_protected":true}}
{"address":"0x10197bd30", "type":"IMEMO", "slot_size":40, "class":"0x10197be70", "imemo_type":"env", "references":["0x10197bd58", "0x10197bd30"], "memsize":72, "flags":{"wb_protected":true}}
{"address":"0x10197bd58", "type":"IMEMO", "slot_size":40, "class":"0x8", "imemo_type":"cref", "references":["0x1039ffe80"], "memsize":40, "flags":{"wb_protected":true}}
{"address":"0x10197bd80", "type":"DATA", "slot_size":40, "class":"0x103a1d200", "struct":"VM/thread", "references":["0x10197bd58", "0x10197bd30", "0x1039f1380", "0x101955860", "0x101955838", "0x10199b798", "0x1019557e8", "0x103a1eec0", "0x1019557e8", "0x1019557e8", "0x1019558d8", "0x103a1eec0", "0x1019557e8", "0x101955b30", "0x103a1eec0", "0x103a1eec0", "0x1019565f8", "0x1019bce20", "0x1019576d8", "0x1039f1380", "0x1019bce20", "0x1019577c8", "0x1019576d8", "0x10197bd30", "0x1019bce20", "0x10197be70", "0x10197bdd0", "0x10197a5e8", "0x10197a570", "0x10197a548", "0x1019bce20", "0x10197bd58", "0x10197bd30", "0x1039f1380", "0x101955860", "0x101955838", "0x10199b798", "0x1019557e8", "0x103a1eec0", "0x1019557e8", "0x1019557e8", "0x1019558d8", "0x103a1eec0", "0x1019557e8", "0x101955b30", "0x103a1eec0", "0x103a1eec0", "0x1019565f8", "0x1019bce20", "0x1019576d8", "0x1039f1380", "0x1019bce20", "0x1019577c8", "0x1019576d8", "0x10197bd30", "0x1019bce20", "0x10197be70"], "memsize":1049056}
{"address":"0x10197bda8", "type":"DATA", "slot_size":40, "class":"0x103a1d5c0", "struct":"VM", "memsize":497760}
{"address":"0x10197bdd0", "type":"DATA", "slot_size":40, "class":"0x103a1dfc0", "struct":"ractor", "references":["0x10197bd80"], "memsize":848}
{"address":"0x10197bdf8", "type":"IMEMO", "slot_size":40, "class":"0x8", "imemo_type":"ment", "memsize":48, "flags":{"wb_protected":true}}
{"address":"0x10197be20", "type":"STRING", "slot_size":40, "class":"0x1039feda0", "frozen":true, "embedded":true, "fstring":true, "bytesize":9, "value":"translate", "encoding":"US-ASCII", "memsize":40, "flags":{"wb_protected":true}}
{"address":"0x10197be48", "type":"ARRAY", "slot_size":40, "class":"0x1039f3540", "frozen":true, "length":2, "embedded":true, "references":["0x10197be98"], "memsize":40, "flags":{"wb_protected":true}}
{"address":"0x10197be70", "type":"IMEMO", "slot_size":40, "imemo_type":"iseq", "references":["0x10197be98", "0x10197be98", "0x1019577f0"], "memsize":368, "flags":{"wb_protected":true}}
{"address":"0x10197be98", "type":"STRING", "slot_size":40, "class":"0x1039feda0", "frozen":true, "fstring":true, "bytesize":6, "value":"<main>", "encoding":"US-ASCII", "memsize":40, "flags":{"wb_protected":true}}
{"address":"0x10197bec0", "type":"STRING", "slot_size":40, "class":"0x1039feda0", "frozen":true, "embedded":true, "fstring":true, "bytesize":14, "value":"DEFAULT_PARAMS", "encoding":"US-ASCII", "memsize":40, "flags":{"wb_protected":true}}
{"address":"0x10197bee8", "type":"ARRAY", "slot_size":40, "length":1024, "references":["0x1039db918", "0x1039db8c8", "0x1039db878", "0x1039db828", "0x10197bec0", "0x10197be20", "0x1039db7d8", "0x10197bc90", "0x10197bc18", "0x10197bbc8", "0x10197bb50", "0x10197bb00", "0x10197ba10", "0x1039db698", "0x1039db648", "0x10197b8f8", "0x10197b8a8", "0x10197b808", "0x1039db5a8", "0x1039db558", "0x10197b6c8", "0x10197b678", "0x10197b5b0", "0x10197b560", "0x10197b510", "0x10197b470", "0x10197b420", "0x10197b3a8", "0x10197b358", "0x10197b330", "0x10197b308", "0x10197b2b8", "0x10197b268", "0x10197b218", "0x10197b1c8", "0x10197b178", "0x10197b128", "0x10197b0d8", "0x10197b088", "0x1039db508", "0x1039db4b8", "0x1039db468", "0x1039db418", "0x10197af70", "0x1039db3c8", "0x1039db378", "0x1039db328", "0x10197adb8", "0x10197ad40", "0x10197acf0", "0x10197abd8", "0x10197ab88", "0x1039db2d8", "0x1039db288", "0x1039db238", "0x1039db1e8", "0x10197aa70", "0x10197aa20", "0x10197a930", "0x10197a868", "0x1039db198", "0x10197a728", "0x10197a6d8", "0x10197a688", "0x10197a638", "0x10197a5c0", "0x10197a598", "0x10197a520", "0x10197a458", "0x10197a408", "0x10197a3b8", "0x10197a368", "0x10197a318", "0x10197a2a0", "0x1039db148", "0x10197a098", "0x10197a048", "0x101979fd0", "0x101979f30", "0x101979e40", "0x1039db0a8", "0x101979b98", "0x101979b48", "0x101979af8", "0x101979a08", "0x1019799e0", "0x1019799b8", "0x101979990", "0x101979968", "0x101979940", "0x101979918", "0x1019798f0", "0x1019798c8", "0x1019798a0", "0x101979878", "0x101979850", "0x101979828", "0x101979800", "0x1019797d8", "0x1019797b0", "0x101979788", "0x101979760", "0x101979738", "0x101979710", "0x1019796e8", "0x1039db008", "0x1039dafb8", "0x1019796c0", "0x1039daf68", "0x1039daf18", "0x1039daec8", "0x1039dae78", "0x1039dae28", "0x1039dadd8", "0x1039dad88", "0x101979698", "0x101979670", "0x101979648", "0x101979620", "0x101979558", "0x1019794e0", "0x101979468", "0x101979350", "0x1019792d8", "0x1019792b0", "0x101979288", "0x101979170", "0x101979120", "0x101979030", "0x101978fb8", "0x101978f40", "0x101978ec8", "0x101978e50", "0x101978dd8", "0x101978ce8", "0x101978b08", "0x101978ab8", "0x101978a68", "0x101978a18", "0x1019789c8", "0x101978978", "0x101978900", "0x101978860", "0x1019787e8", "0x101978770", "0x1019786f8", "0x101978680", "0x101978608", "0x101978590", "0x101978518", "0x1019784a0", "0x101978428", "0x101978400", "0x1019783d8", "0x1019783b0", "0x101978338", "0x101978298", "0x101978270", "0x101978248", "0x101978220", "0x1019781f8", "0x1019781d0", "0x1019781a8", "0x101978180", "0x101978158", "0x101978130", "0x101978108", "0x1019780e0", "0x1019780b8", "0x101978040", "0x101977f78", "0x101977f00", "0x101977e88", "0x101977e10", "0x101977d98", "0x101977d20", "0x101977ca8", "0x101977c30", "0x101977bb8", "0x101977b40", "0x101977ac8", "0x101977a00", "0x1019779d8", "0x1039dad38", "0x1039dace8", "0x1039dac98", "0x1039dac48", "0x1039dabf8", "0x1039daba8", "0x1019779b0", "0x101977938", "0x101977708", "0x1019775c8", "0x101977550", "0x101977898", "0x101977848", "0x1019774d8", "0x101977820", "0x1019777d0", "0x101977460", "0x1019777a8", "0x101977758", "0x1019773e8", "0x101977398", "0x1019772f8", "0x101977258", "0x101977190", "0x1039dab58", "0x101977028", "0x101976f60", "0x101976ee8", "0x1039dab08", "0x101976d80", "0x101976cb8", "0x101976bf0", "0x101976b28", "0x101976a88", "0x101976a10", "0x101976998", "0x101976920", "0x1019768a8", "0x101976830", "0x1019767b8", "0x101976740", "0x1019766c8", "0x101976650", "0x1019765d8", "0x101976560", "0x1019764e8", "0x101976470", "0x1019763f8", "0x101976380", "0x101976358", "0x101976330", "0x101976308", "0x101976268", "0x1019760b0", "0x101976060", "0x1039daab8", "0x101975fe8", "0x101975ef8", "0x101975ed0", "0x101975ea8", "0x101975e80", "0x101975db8", "0x101975d68", "0x1019759a8", "0x1019758b8", "0x101975840", "0x1019757f0", "0x1019757a0", "0x101975408", "0x1019753e0", "0x1019753b8", "0x101975390", "0x101975368", "0x1019752f0", "0x1019752a0", "0x101975250", "0x101974ee0", "0x101974e90", "0x101974e40", "0x101974be8", "0x101974b70", "0x101974b20", "0x101974a58", "0x101974a08", "0x1019746e8", "0x101974378", "0x1019742d8", "0x101974288", "0x1039da9c8", "0x101974210", "0x1019741e8", "0x101974198", "0x101974148", "0x1019740f8", "0x1039da978", "0x101973fe0", "0x101973f40", "0x101973ef0", "0x1039da928", "0x101973e78", "0x101973e50", "0x101973e28", "0x101973e00", "0x101973dd8", "0x101973db0", "0x101973d88", "0x101973d60", "0x101973d38", "0x101973d10", "0x101973c98", "0x101973c20", "0x1039da6a8", "0x101973ba8", "0x1039da608", "0x1019739a0", "0x101973950", "0x101973928", "0x1019738d8", "0x1019738b0", "0x101973860", "0x101973838", "0x1019737e8", "0x1019737c0", "0x101973770", "0x101973720", "0x1019736d0", "0x1019736a8", "0x101973680", "0x101973630", "0x1019735e0", "0x101973590", "0x101973540", "0x1019734f0", "0x1019734a0", "0x101973450", "0x101973400", "0x1019733b0", "0x101973360", "0x101973310", "0x1019732c0", "0x101973270", "0x101973220", "0x1019731d0", "0x101973180", "0x101973130", "0x1019730e0", "0x101973090", "0x101973040", "0x101972ff0", "0x101972fa0", "0x101972f78", "0x101972f50", "0x101972f28", "0x101972f00", "0x101972ed8", "0x101972eb0", "0x101972e88", "0x101972e38", "0x101972e10", "0x101972dc0", "0x101972d98", "0x101972d48", "0x101972d20", "0x101972cd0", "0x101972ca8", "0x101972c58", "0x101972c30", "0x101972be0", "0x101972bb8", "0x101972b68", "0x101972b40", "0x101972af0", "0x101972ac8", "0x101972a78", "0x101972a50", "0x101972a00", "0x1019729d8", "0x101972988", "0x101972960", "0x101972910", "0x1019728c0", "0x101972870", "0x101972820", "0x1019727d0", "0x1019727a8", "0x101972758", "0x101972730", "0x1019726e0", "0x1019726b8", "0x101972668", "0x101972640", "0x1019725f0", "0x1019725c8", "0x101972578", "0x101972550", "0x101972500", "0x1019724d8", "0x101972488", "0x101972460", "0x101972410", "0x1019723e8", "0x101972398", "0x101972370", "0x101972348", "0x1019722f8", "0x1019722a8", "0x101972280", "0x101972230", "0x101972208", "0x1019721b8", "0x101972190", "0x101972140", "0x101972118", "0x1019720c8", "0x1019720a0", "0x101972050", "0x101972028", "0x101971fd8", "0x101971fb0", "0x101971f60", "0x101971f38", "0x101971ee8", "0x101971ec0", "0x101971e70", "0x101971e48", "0x101971df8", "0x101971dd0", "0x101971da8", "0x101971d58", "0x101971d08", "0x101971ce0", "0x1039da388", "0x1039da338", "0x101971c90", "0x101971c68", "0x101971c18", "0x101971bf0", "0x101971bc8", "0x101971b78", "0x101971b28", "0x101971b00", "0x101971ad8", "0x101971ab0", "0x101971a88", "0x101971a60", "0x101971a10", "0x1019719e8", "0x1019719c0", "0x101971998", "0x101971948", "0x101971920", "0x1019718d0", "0x1019718a8", "0x101971858", "0x101971830", "0x1019717e0", "0x101971790", "0x101971768", "0x101971740", "0x101971718", "0x1019716f0", "0x1019716c8", "0x1019716a0", "0x101971650", "0x101971628", "0x101971600", "0x1019715d8", "0x1019715b0", "0x101971560", "0x101971538", "0x101971510", "0x1019714e8", "0x1019714c0", "0x101971498", "0x101971448", "0x1019713f8", "0x1019713d0", "0x1019713a8", "0x101971380", "0x101971358", "0x101971330", "0x101971308", "0x1019712e0", "0x101971290", "0x101971268", "0x101971240", "0x101971218", "0x1019711f0", "0x1019711c8", "0x101971178", "0x101971150", "0x101971128", "0x101971100", "0x1019710d8", "0x1019710b0", "0x101971088", "0x101971060", "0x101971038", "0x101971010", "0x101970fe8", "0x101970fc0", "0x101970f98", "0x101970f70", "0x101970f48", "0x101970f20", "0x101970ef8", "0x101970ed0", "0x101970ea8", "0x101970e80", "0x101970e58", "0x101970e30", "0x101970de0", "0x101970db8", "0x101970d68", "0x101970d40", "0x101970cf0", "0x101970ca0", "0x1039da2e8", "0x1039da298", "0x1039da248", "0x101970c00", "0x101970bd8", "0x101970b88", "0x101970b60", "0x1019707c8", "0x1019707a0", "0x101970778", "0x1019706d8", "0x101970638", "0x101970598", "0x101970548", "0x1019703e0"], "memsize":8232, "flags":{"wb_protected":true}}
{"address":"0x10197bf10", "type":"HASH", "slot_size":40, "class":"0x1039f3360", "frozen":true, "size":4, "memsize":168, "flags":{"wb_protected":true}}
{"address":"0x10197bf38", "type":"STRING", "slot_size":40, "class":"0x1039feda0", "frozen":true, "fstring":true, "bytesize":26, "value":"trace_putobject_INT2FIX_1_", "encoding":"US-ASCII", "memsize":40, "flags":{"wb_protected":true}}
{"address":"0x10197bf60", "type":"STRING", "slot_size":40, "class":"0x1039feda0", "frozen":true, "fstring":true, "bytesize":26, "value":"trace_putobject_INT2FIX_0_", "encoding":"US-ASCII", "memsize":40, "flags":{"wb_protected":true}}
{"address":"0x10197bf88", "type":"STRING", "slot_size":40, "class":"0x1039feda0", "frozen":true, "fstring":true, "bytesize":19, "value":"trace_setlocal_WC_1", "encoding":"US-ASCII", "memsize":40, "flags":{"wb_protected":true}}
{"address":"0x10197bfb0", "type":"STRING", "slot_size":40, "class":"0x1039feda0", "frozen":true, "fstring":true, "bytesize":19, "value":"trace_setlocal_WC_0", "encoding":"US-ASCII", "memsize":40, "flags":{"wb_protected":true}}
{"address":"0x10197bfd8", "type":"STRING", "slot_size":40, "class":"0x1039feda0", "frozen":true, "fstring":true, "bytesize":19, "value":"trace_getlocal_WC_1", "encoding":"US-ASCII", "memsize":40, "flags":{"wb_protected":true}}
{"address":"0x10197c000", "type":"STRING", "slot_size":40, "class":"0x1039feda0", "frozen":true, "fstring":true, "bytesize":19, "value":"trace_getlocal_WC_0", "encoding":"US-ASCII", "memsize":40, "flags":{"wb_protected":true}}
{"address":"0x10197c028", "type":"STRING", "slot_size":40, "class":"0x1039feda0", "frozen":true, "fstring":true, "bytesize":38, "value":"trace_opt_invokebuiltin_delegate_leave", "encoding":"US-ASCII", "memsize":40, "flags":{"wb_protected":true}}
{"address":"0x10197c050", "type":"STRING", "slot_size":40, "class":"0x1039feda0", "frozen":true, "fstring":true, "bytesize":32, "value":"trace_opt_invokebuiltin_delegate", "encoding":"US-ASCII", "memsize":40, "flags":{"wb_protected":true}}
{"address":"0x10197c078", "type":"STRING", "slot_size":40, "class":"0x1039feda0", "frozen":true, "fstring":true, "bytesize":19, "value":"trace_invokebuiltin", "encoding":"US-ASCII", "memsize":40, "flags":{"wb_protected":true}}
{"address":"0x10197c0a0", "type":"STRING", "slot_size":40, "class":"0x1039feda0", "frozen":true, "fstring":true, "bytesize":22, "value":"trace_opt_regexpmatch2", "encoding":"US-ASCII", "memsize":40, "flags":{"wb_protected":true}}
{"address":"0x10197c0c8", "type":"STRING", "slot_size":40, "class":"0x1039feda0", "frozen":true, "fstring":true, "bytesize":13, "value":"trace_opt_not", "encoding":"US-ASCII", "memsize":40, "flags":{"wb_protected":true}}
{"address":"0x10197c0f0", "type":"STRING", "slot_size":40, "class":"0x1039feda0", "frozen":true, "fstring":true, "bytesize":14, "value":"trace_opt_succ", "encoding":"US-ASCII", "memsize":40, "flags":{"wb_protected":true}}
{"address":"0x10197c118", "type":"STRING", "slot_size":40, "class":"0x1039feda0", "frozen":true, "fstring":true, "bytesize":17, "value":"trace_opt_empty_p", "encoding":"US-ASCII", "memsize":40, "flags":{"wb_protected":true}}
{"address":"0x10197c140", "type":"STRING", "slot_size":40, "class":"0x1039feda0", "frozen":true, "fstring":true, "bytesize":14, "value":"trace_opt_size", "encoding":"US-ASCII", "memsize":40, "flags":{"wb_protected":true}}
{"address":"0x10197c168", "type":"STRING", "slot_size":40, "class":"0x1039feda0", "frozen":true, "fstring":true, "bytesize":16, "value":"trace_opt_length", "encoding":"US-ASCII", "memsize":40, "flags":{"wb_protected":true}}
{"address":"0x10197c190", "type":"STRING", "slot_size":40, "class":"0x1039feda0", "frozen":true, "fstring":true, "bytesize":19, "value":"trace_opt_aref_with", "encoding":"US-ASCII", "memsize":40, "flags":{"wb_protected":true}}
{"address":"0x10197c1b8", "type":"STRING", "slot_size":40, "class":"0x1039feda0", "frozen":true, "fstring":true, "bytesize":19, "value":"trace_opt_aset_with", "encoding":"US-ASCII", "memsize":40, "flags":{"wb_protected":true}}
{"address":"0x10197c1e0", "type":"STRING", "slot_size":40, "class":"0x1039feda0", "frozen":true, "fstring":true, "bytesize":14, "value":"trace_opt_aset", "encoding":"US-ASCII", "memsize":40, "flags":{"wb_protected":true}}
{"address":"0x10197c208", "type":"STRING", "slot_size":40, "class":"0x1039feda0", "frozen":true, "fstring":true, "bytesize":14, "value":"trace_opt_aref", "encoding":"US-ASCII", "memsize":40, "flags":{"wb_protected":true}}
{"address":"0x10197c230", "type":"STRING", "slot_size":40, "class":"0x1039feda0", "frozen":true, "fstring":true, "bytesize":12, "value":"trace_opt_or", "encoding":"US-ASCII", "memsize":40, "flags":{"wb_protected":true}}
{"address":"0x10197c258", "type":"STRING", "slot_size":40, "class":"0x1039feda0", "frozen":true, "fstring":true, "bytesize":13, "value":"trace_opt_and", "encoding":"US-ASCII", "memsize":40, "flags":{"wb_protected":true}}
{"address":"0x10197c280", "type":"STRING", "slot_size":40, "class":"0x1039feda0", "frozen":true, "fstring":true, "bytesize":14, "value":"trace_opt_ltlt", "encoding":"US-ASCII", "memsize":40, "flags":{"wb_protected":true}}
{"address":"0x10197c2a8", "type":"STRING", "slot_size":40, "class":"0x1039feda0", "frozen":true, "fstring":true, "bytesize":12, "value":"trace_opt_ge", "encoding":"US-ASCII", "memsize":40, "flags":{"wb_protected":true}}
{"address":"0x10197c2d0", "type":"STRING", "slot_size":40, "class":"0x1039feda0", "frozen":true, "fstring":true, "bytesize":12, "value":"trace_opt_gt", "encoding":"US-ASCII", "memsize":40, "flags":{"wb_protected":true}}
{"address":"0x10197c2f8", "type":"STRING", "slot_size":40, "class":"0x1039feda0", "frozen":true, "fstring":true, "bytesize":12, "value":"trace_opt_le", "encoding":"US-ASCII", "memsize":40, "flags":{"wb_protected":true}}
{"address":"0x10197c320", "type":"STRING", "slot_size":40, "class":"0x1039feda0", "frozen":true, "fstring":true, "bytesize":12, "value":"trace_opt_lt", "encoding":"US-ASCII", "memsize":40, "flags":{"wb_protected":true}}
{"address":"0x10197c348", "type":"STRING", "slot_size":40, "class":"0x1039feda0", "frozen":true, "fstring":true, "bytesize":13, "value":"trace_opt_neq", "encoding":"US-ASCII", "memsize":40, "flags":{"wb_protected":true}}
{"address":"0x10197c370", "type":"STRING", "slot_size":40, "class":"0x1039feda0", "frozen":true, "fstring":true, "bytesize":12, "value":"trace_opt_eq", "encoding":"US-ASCII", "memsize":40, "flags":{"wb_protected":true}}
{"address":"0x10197c398", "type":"STRING", "slot_size":40, "class":"0x1039feda0", "frozen":true, "fstring":true, "bytesize":13, "value":"trace_opt_mod", "encoding":"US-ASCII", "memsize":40, "flags":{"wb_protected":true}}
{"address":"0x10197c3c0", "type":"STRING", "slot_size":40, "class":"0x1039feda0", "frozen":true, "fstring":true, "bytesize":13, "value":"trace_opt_div", "encoding":"US-ASCII", "memsize":40, "flags":{"wb_protected":true}}
{"address":"0x10197c3e8", "type":"STRING", "slot_size":40, "class":"0x1039feda0", "frozen":true, "fstring":true, "bytesize":14, "value":"trace_opt_mult", "encoding":"US-ASCII", "memsize":40, "flags":{"wb_protected":true}}
{"address":"0x10197c410", "type":"STRING", "slot_size":40, "class":"0x1039feda0", "frozen":true, "fstring":true, "bytesize":15, "value":"trace_opt_minus", "encoding":"US-ASCII", "memsize":40, "flags":{"wb_protected":true}}
{"address":"0x10197c438", "type":"STRING", "slot_size":40, "class":"0x1039feda0", "frozen":true, "fstring":true, "bytesize":14, "value":"trace_opt_plus", "encoding":"US-ASCII", "memsize":40, "flags":{"wb_protected":true}}
{"address":"0x10197c460", "type":"STRING", "slot_size":40, "class":"0x1039feda0", "frozen":true, "fstring":true, "bytesize":23, "value":"trace_opt_case_dispatch", "encoding":"US-ASCII", "memsize":40, "flags":{"wb_protected":true}}
{"address":"0x10197c488", "type":"STRING", "slot_size":40, "class":"0x1039feda0", "frozen":true, "fstring":true, "bytesize":10, "value":"trace_once", "encoding":"US-ASCII", "memsize":40, "flags":{"wb_protected":true}}
{"address":"0x10197c4b0", "type":"STRING", "slot_size":40, "class":"0x1039feda0", "frozen":true, "fstring":true, "bytesize":24, "value":"trace_opt_setinlinecache", "encoding":"US-ASCII", "memsize":40, "flags":{"wb_protected":true}}
{"address":"0x10197c4d8", "type":"STRING", "slot_size":40, "class":"0x1039feda0", "frozen":true, "fstring":true, "bytesize":24, "value":"trace_opt_getinlinecache", "encoding":"US-ASCII", "memsize":40, "flags":{"wb_protected":true}}
{"address":"0x10197c500", "type":"STRING", "slot_size":40, "class":"0x1039feda0", "frozen":true, "fstring":true, "bytesize":15, "value":"trace_branchnil", "encoding":"US-ASCII", "memsize":40, "flags":{"wb_protected":true}}
{"address":"0x10197c528", "type":"STRING", "slot_size":40, "class":"0x1039feda0", "frozen":true, "fstring":true, "bytesize":18, "value":"trace_branchunless", "encoding":"US-ASCII", "memsize":40, "flags":{"wb_protected":true}}
{"address":"0x10197c550", "type":"STRING", "slot_size":40, "class":"0x1039feda0", "frozen":true, "fstring":true, "bytesize":14, "value":"trace_branchif", "encoding":"US-ASCII", "memsize":40, "flags":{"wb_protected":true}}
{"address":"0x10197c578", "type":"STRING", "slot_size":40, "class":"0x1039feda0", "frozen":true, "fstring":true, "bytesize":10, "value":"trace_jump", "encoding":"US-ASCII", "memsize":40, "flags":{"wb_protected":true}}
{"address":"0x10197c5a0", "type":"STRING", "slot_size":40, "class":"0x1039feda0", "frozen":true, "fstring":true, "bytesize":11, "value":"trace_throw", "encoding":"US-ASCII", "memsize":40, "flags":{"wb_protected":true}}
{"address":"0x10197c5c8", "type":"STRING", "slot_size":40, "class":"0x1039feda0", "frozen":true, "fstring":true, "bytesize":11, "value":"trace_leave", "encoding":"US-ASCII", "memsize":40, "flags":{"wb_protected":true}}
{"address":"0x10197c5f0", "type":"STRING", "slot_size":40, "class":"0x1039feda0", "frozen":true, "fstring":true, "bytesize":17, "value":"trace_invokeblock", "encoding":"US-ASCII", "memsize":40, "flags":{"wb_protected":true}}
{"address":"0x10197c618", "type":"STRING", "slot_size":40, "class":"0x1039feda0", "frozen":true, "fstring":true, "bytesize":17, "value":"trace_invokesuper", "encoding":"US-ASCII", "memsize":40, "flags":{"wb_protected":true}}
{"address":"0x10197c640", "type":"STRING", "slot_size":40, "class":"0x1039feda0", "frozen":true, "fstring":true, "bytesize":22, "value":"trace_opt_newarray_min", "encoding":"US-ASCII", "memsize":40, "flags":{"wb_protected":true}}
{"address":"0x10197c668", "type":"STRING", "slot_size":40, "class":"0x1039feda0", "frozen":true, "fstring":true, "bytesize":22, "value":"trace_opt_newarray_max", "encoding":"US-ASCII", "memsize":40, "flags":{"wb_protected":true}}
{"address":"0x10197c690", "type":"STRING", "slot_size":40, "class":"0x1039feda0", "frozen":true, "fstring":true, "bytesize":20, "value":"trace_opt_str_uminus", "encoding":"US-ASCII", "memsize":40, "flags":{"wb_protected":true}}
{"address":"0x10197c6b8", "type":"STRING", "slot_size":40, "class":"0x1039feda0", "frozen":true, "fstring":true, "bytesize":15, "value":"trace_opt_nil_p", "encoding":"US-ASCII", "memsize":40, "flags":{"wb_protected":true}}
{"address":"0x10197c6e0", "type":"STRING", "slot_size":40, "class":"0x1039feda0", "frozen":true, "fstring":true, "bytesize":20, "value":"trace_opt_str_freeze", "encoding":"US-ASCII", "memsize":40, "flags":{"wb_protected":true}}
{"address":"0x10197c708", "type":"STRING", "slot_size":40, "class":"0x1039feda0", "frozen":true, "fstring":true, "bytesize":17, "value":"trace_objtostring", "encoding":"US-ASCII", "memsize":40, "flags":{"wb_protected":true}}
{"address":"0x10197c730", "type":"STRING", "slot_size":40, "class":"0x1039feda0", "frozen":true, "fstring":true, "bytesize":28, "value":"trace_opt_send_without_block", "encoding":"US-ASCII", "memsize":40, "flags":{"wb_protected":true}}
{"address":"0x10197c758", "type":"STRING", "slot_size":40, "class":"0x1039feda0", "frozen":true, "fstring":true, "bytesize":10, "value":"trace_send", "encoding":"US-ASCII", "memsize":40, "flags":{"wb_protected":true}}
{"address":"0x10197c780", "type":"STRING", "slot_size":40, "class":"0x1039feda0", "frozen":true, "fstring":true, "bytesize":19, "value":"trace_definesmethod", "encoding":"US-ASCII", "memsize":40, "flags":{"wb_protected":true}}
{"address":"0x10197c7a8", "type":"STRING", "slot_size":40, "class":"0x1039feda0", "frozen":true, "fstring":true, "bytesize":18, "value":"trace_definemethod", "encoding":"US-ASCII", "memsize":40, "flags":{"wb_protected":true}}
{"address":"0x10197c7d0", "type":"STRING", "slot_size":40, "class":"0x1039feda0", "frozen":true, "fstring":true, "bytesize":17, "value":"trace_defineclass", "encoding":"US-ASCII", "memsize":40, "flags":{"wb_protected":true}}
{"address":"0x10197c7f8", "type":"STRING", "slot_size":40, "class":"0x1039feda0", "frozen":true, "fstring":true, "bytesize":15, "value":"trace_checktype", "encoding":"US-ASCII", "memsize":40, "flags":{"wb_protected":true}}
{"address":"0x10197c820", "type":"STRING", "slot_size":40, "class":"0x1039feda0", "frozen":true, "fstring":true, "bytesize":18, "value":"trace_checkkeyword", "encoding":"US-ASCII", "memsize":40, "flags":{"wb_protected":true}}
{"address":"0x10197c848", "type":"STRING", "slot_size":40, "class":"0x1039feda0", "frozen":true, "fstring":true, "bytesize":16, "value":"trace_checkmatch", "encoding":"US-ASCII", "memsize":40, "flags":{"wb_protected":true}}
{"address":"0x10197c870", "type":"STRING", "slot_size":40, "class":"0x1039feda0", "frozen":true, "fstring":true, "bytesize":13, "value":"trace_defined", "encoding":"US-ASCII", "memsize":40, "flags":{"wb_protected":true}}
{"address":"0x10197c898", "type":"STRING", "slot_size":40, "class":"0x1039feda0", "frozen":true, "fstring":true, "bytesize":17, "value":"trace_adjuststack", "encoding":"US-ASCII", "memsize":40, "flags":{"wb_protected":true}}
{"address":"0x10197c8c0", "type":"STRING", "slot_size":40, "class":"0x1039feda0", "frozen":true, "fstring":true, "bytesize":10, "value":"trace_setn", "encoding":"US-ASCII", "memsize":40, "flags":{"wb_protected":true}}
{"address":"0x10197c8e8", "type":"STRING", "slot_size":40, "class":"0x1039feda0", "frozen":true, "fstring":true, "bytesize":10, "value":"trace_topn", "encoding":"US-ASCII", "memsize":40, "flags":{"wb_protected":true}}
{"address":"0x10197c910", "type":"STRING", "slot_size":40, "class":"0x1039feda0", "frozen":true, "fstring":true, "bytesize":10, "value":"trace_swap", "encoding":"US-ASCII", "memsize":40, "flags":{"wb_protected":true}}
{"address":"0x10197c938", "type":"STRING", "slot_size":40, "class":"0x1039feda0", "frozen":true, "fstring":true, "bytesize":10, "value":"trace_dupn", "encoding":"US-ASCII", "memsize":40, "flags":{"wb_protected":true}}
{"address":"0x10197c960", "type":"STRING", "slot_size":40, "class":"0x1039feda0", "frozen":true, "fstring":true, "bytesize":9, "value":"trace_dup", "encoding":"US-ASCII", "memsize":40, "flags":{"wb_protected":true}}
{"address":"0x10197c988", "type":"STRING", "slot_size":40, "class":"0x1039feda0", "frozen":true, "fstring":true, "bytesize":9, "value":"trace_pop", "encoding":"US-ASCII", "memsize":40, "flags":{"wb_protected":true}}
{"address":"0x10197c9b0", "type":"STRING", "slot_size":40, "class":"0x1039feda0", "frozen":true, "fstring":true, "bytesize":14, "value":"trace_newrange", "encoding":"US-ASCII", "memsize":40, "flags":{"wb_protected":true}}
{"address":"0x10197c9d8", "type":"STRING", "slot_size":40, "class":"0x1039feda0", "frozen":true, "fstring":true, "bytesize":13, "value":"trace_newhash", "encoding":"US-ASCII", "memsize":40, "flags":{"wb_protected":true}}
{"address":"0x10197ca00", "type":"STRING", "slot_size":40, "class":"0x1039feda0", "frozen":true, "fstring":true, "bytesize":16, "value":"trace_splatarray", "encoding":"US-ASCII", "memsize":40, "flags":{"wb_protected":true}}
{"address":"0x10197ca28", "type":"STRING", "slot_size":40, "class":"0x1039feda0", "frozen":true, "fstring":true, "bytesize":17, "value":"trace_concatarray", "encoding":"US-ASCII", "memsize":40, "flags":{"wb_protected":true}}
{"address":"0x10197ca50", "type":"STRING", "slot_size":40, "class":"0x1039feda0", "frozen":true, "fstring":true, "bytesize":17, "value":"trace_expandarray", "encoding":"US-ASCII", "memsize":40, "flags":{"wb_protected":true}}
{"address":"0x10197ca78", "type":"STRING", "slot_size":40, "class":"0x1039feda0", "frozen":true, "fstring":true, "bytesize":13, "value":"trace_duphash", "encoding":"US-ASCII", "memsize":40, "flags":{"wb_protected":true}}
{"address":"0x10197caa0", "type":"STRING", "slot_size":40, "class":"0x1039feda0", "frozen":true, "fstring":true, "bytesize":14, "value":"trace_duparray", "encoding":"US-ASCII", "memsize":40, "flags":{"wb_protected":true}}
{"address":"0x10197cac8", "type":"STRING", "slot_size":40, "class":"0x1039feda0", "frozen":true, "fstring":true, "bytesize":21, "value":"trace_newarraykwsplat", "encoding":"US-ASCII", "memsize":40, "flags":{"wb_protected":true}}
{"address":"0x10197caf0", "type":"STRING", "slot_size":40, "class":"0x1039feda0", "frozen":true, "fstring":true, "bytesize":14, "value":"trace_newarray", "encoding":"US-ASCII", "memsize":40, "flags":{"wb_protected":true}}
{"address":"0x10197cb18", "type":"STRING", "slot_size":40, "class":"0x1039feda0", "frozen":true, "fstring":true, "bytesize":12, "value":"trace_intern", "encoding":"US-ASCII", "memsize":40, "flags":{"wb_protected":true}}
{"address":"0x10197cb40", "type":"STRING", "slot_size":40, "class":"0x1039feda0", "frozen":true, "fstring":true, "bytesize":14, "value":"trace_toregexp", "encoding":"US-ASCII", "memsize":40, "flags":{"wb_protected":true}}
{"address":"0x10197cb68", "type":"STRING", "slot_size":40, "class":"0x1039feda0", "frozen":true, "fstring":true, "bytesize":17, "value":"trace_anytostring", "encoding":"US-ASCII", "memsize":40, "flags":{"wb_protected":true}}
{"address":"0x10197cb90", "type":"STRING", "slot_size":40, "class":"0x1039feda0", "frozen":true, "fstring":true, "bytesize":19, "value":"trace_concatstrings", "encoding":"US-ASCII", "memsize":40, "flags":{"wb_protected":true}}
{"address":"0x10197cbb8", "type":"STRING", "slot_size":40, "class":"0x1039feda0", "frozen":true, "fstring":true, "bytesize":15, "value":"trace_putstring", "encoding":"US-ASCII", "memsize":40, "flags":{"wb_protected":true}}
{"address":"0x10197cbe0", "type":"STRING", "slot_size":40, "class":"0x1039feda0", "frozen":true, "fstring":true, "bytesize":22, "value":"trace_putspecialobject", "encoding":"US-ASCII", "memsize":40, "flags":{"wb_protected":true}}
{"address":"0x10197cc08", "type":"STRING", "slot_size":40, "class":"0x1039feda0", "frozen":true, "fstring":true, "bytesize":15, "value":"trace_putobject", "encoding":"US-ASCII", "memsize":40, "flags":{"wb_protected":true}}
{"address":"0x10197cc30", "type":"STRING", "slot_size":40, "class":"0x1039feda0", "frozen":true, "fstring":true, "bytesize":13, "value":"trace_putself", "encoding":"US-ASCII", "memsize":40, "flags":{"wb_protected":true}}
{"address":"0x10197cc58", "type":"STRING", "slot_size":40, "class":"0x1039feda0", "frozen":true, "fstring":true, "bytesize":12, "value":"trace_putnil", "encoding":"US-ASCII", "memsize":40, "flags":{"wb_protected":true}}
{"address":"0x10197cc80", "type":"STRING", "slot_size":40, "class":"0x1039feda0", "frozen":true, "fstring":true, "bytesize":15, "value":"trace_setglobal", "encoding":"US-ASCII", "memsize":40, "flags":{"wb_protected":true}}
{"address":"0x10197cca8", "type":"STRING", "slot_size":40, "class":"0x1039feda0", "frozen":true, "fstring":true, "bytesize":15, "value":"trace_getglobal", "encoding":"US-ASCII", "memsize":40, "flags":{"wb_protected":true}}
{"address":"0x10197ccd0", "type":"STRING", "slot_size":40, "class":"0x1039feda0", "frozen":true, "fstring":true, "bytesize":17, "value":"trace_setconstant", "encoding":"US-ASCII", "memsize":40, "flags":{"wb_protected":true}}
{"address":"0x10197ccf8", "type":"STRING", "slot_size":40, "class":"0x1039feda0", "frozen":true, "fstring":true, "bytesize":17, "value":"trace_getconstant", "encoding":"US-ASCII", "memsize":40, "flags":{"wb_protected":true}}
{"address":"0x10197cd20", "type":"STRING", "slot_size":40, "class":"0x1039feda0", "frozen":true, "fstring":true, "bytesize":22, "value":"trace_setclassvariable", "encoding":"US-ASCII", "memsize":40, "flags":{"wb_protected":true}}
{"address":"0x10197cd48", "type":"STRING", "slot_size":40, "class":"0x1039feda0", "frozen":true, "fstring":true, "bytesize":22, "value":"trace_getclassvariable", "encoding":"US-ASCII", "memsize":40, "flags":{"wb_protected":true}}
{"address":"0x10197cd70", "type":"STRING", "slot_size":40, "class":"0x1039feda0", "frozen":true, "fstring":true, "bytesize":25, "value":"trace_setinstancevariable", "encoding":"US-ASCII", "memsize":40, "flags":{"wb_protected":true}}
{"address":"0x10197cd98", "type":"STRING", "slot_size":40, "class":"0x1039feda0", "frozen":true, "fstring":true, "bytesize":25, "value":"trace_getinstancevariable", "encoding":"US-ASCII", "memsize":40, "flags":{"wb_protected":true}}
{"address":"0x10197cdc0", "type":"STRING", "slot_size":40, "class":"0x1039feda0", "frozen":true, "fstring":true, "bytesize":16, "value":"trace_setspecial", "encoding":"US-ASCII", "memsize":40, "flags":{"wb_protected":true}}
{"address":"0x10197cde8", "type":"STRING", "slot_size":40, "class":"0x1039feda0", "frozen":true, "fstring":true, "bytesize":16, "value":"trace_getspecial", "encoding":"US-ASCII", "memsize":40, "flags":{"wb_protected":true}}
{"address":"0x10197ce10", "type":"STRING", "slot_size":40, "class":"0x1039feda0", "frozen":true, "fstring":true, "bytesize":24, "value":"trace_getblockparamproxy", "encoding":"US-ASCII", "memsize":40, "flags":{"wb_protected":true}}
{"address":"0x10197ce38", "type":"STRING", "slot_size":40, "class":"0x1039feda0", "frozen":true, "fstring":true, "bytesize":19, "value":"trace_setblockparam", "encoding":"US-ASCII", "memsize":40, "flags":{"wb_protected":true}}
{"address":"0x10197ce60", "type":"STRING", "slot_size":40, "class":"0x1039feda0", "frozen":true, "fstring":true, "bytesize":19, "value":"trace_getblockparam", "encoding":"US-ASCII", "memsize":40, "flags":{"wb_protected":true}}
{"address":"0x10197ce88", "type":"STRING", "slot_size":40, "class":"0x1039feda0", "frozen":true, "fstring":true, "bytesize":14, "value":"trace_setlocal", "encoding":"US-ASCII", "memsize":40, "flags":{"wb_protected":true}}
{"address":"0x10197ceb0", "type":"STRING", "slot_size":40, "class":"0x1039feda0", "frozen":true, "fstring":true, "bytesize":14, "value":"trace_getlocal", "encoding":"US-ASCII", "memsize":40, "flags":{"wb_protected":true}}
{"address":"0x10197ced8", "type":"STRING", "slot_size":40, "class":"0x1039feda0", "frozen":true, "fstring":true, "bytesize":9, "value":"trace_nop", "encoding":"US-ASCII", "memsize":40, "flags":{"wb_protected":true}}
{"address":"0x10197cf00", "type":"STRING", "slot_size":40, "class":"0x1039feda0", "frozen":true, "fstring":true, "bytesize":20, "value":"putobject_INT2FIX_1_", "encoding":"US-ASCII", "memsize":40, "flags":{"wb_protected":true}}
{"address":"0x10197cf28", "type":"STRING", "slot_size":40, "class":"0x1039feda0", "frozen":true, "fstring":true, "bytesize":20, "value":"putobject_INT2FIX_0_", "encoding":"US-ASCII", "memsize":40, "flags":{"wb_protected":true}}
{"address":"0x10197cf50", "type":"STRING", "slot_size":40, "class":"0x1039feda0", "frozen":true, "fstring":true, "bytesize":13, "value":"setlocal_WC_1", "encoding":"US-ASCII", "memsize":40, "flags":{"wb_protected":true}}
{"address":"0x10197cf78", "type":"STRING", "slot_size":40, "class":"0x1039feda0", "frozen":true, "fstring":true, "bytesize":13, "value":"setlocal_WC_0", "encoding":"US-ASCII", "memsize":40, "flags":{"wb_protected":true}}
{"address":"0x10197cfa0", "type":"STRING", "slot_size":40, "class":"0x1039feda0", "frozen":true, "fstring":true, "bytesize":13, "value":"getlocal_WC_1", "encoding":"US-ASCII", "memsize":40, "flags":{"wb_protected":true}}
{"address":"0x10197cfc8", "type":"STRING", "slot_size":40, "class":"0x1039feda0", "frozen":true, "fstring":true, "bytesize":13, "value":"getlocal_WC_0", "encoding":"US-ASCII", "memsize":40, "flags":{"wb_protected":true}}
{"address":"0x10197cff0", "type":"STRING", "slot_size":40, "class":"0x1039feda0", "frozen":true, "fstring":true, "bytesize":32, "value":"opt_invokebuiltin_delegate_leave", "encoding":"US-ASCII", "memsize":40, "flags":{"wb_protected":true}}
{"address":"0x10197d018", "type":"STRING", "slot_size":40, "class":"0x1039feda0", "frozen":true, "fstring":true, "bytesize":26, "value":"opt_invokebuiltin_delegate", "encoding":"US-ASCII", "memsize":40, "flags":{"wb_protected":true}}
{"address":"0x10197d040", "type":"STRING", "slot_size":40, "class":"0x1039feda0", "frozen":true, "fstring":true, "bytesize":13, "value":"invokebuiltin", "encoding":"US-ASCII", "memsize":40, "flags":{"wb_protected":true}}
{"address":"0x10197d068", "type":"STRING", "slot_size":40, "class":"0x1039feda0", "frozen":true, "fstring":true, "bytesize":16, "value":"opt_regexpmatch2", "encoding":"US-ASCII", "memsize":40, "flags":{"wb_protected":true}}
{"address":"0x10197d090", "type":"STRING", "slot_size":40, "class":"0x1039feda0", "frozen":true, "fstring":true, "bytesize":7, "value":"opt_not", "encoding":"US-ASCII", "memsize":40, "flags":{"wb_protected":true}}
{"address":"0x10197d0b8", "type":"STRING", "slot_size":40, "class":"0x1039feda0", "frozen":true, "fstring":true, "bytesize":8, "value":"opt_succ", "encoding":"US-ASCII", "memsize":40, "flags":{"wb_protected":true}}
{"address":"0x10197d0e0", "type":"STRING", "slot_size":40, "class":"0x1039feda0", "frozen":true, "fstring":true, "bytesize":11, "value":"opt_empty_p", "encoding":"US-ASCII", "memsize":40, "flags":{"wb_protected":true}}
{"address":"0x10197d108", "type":"STRING", "slot_size":40, "class":"0x1039feda0", "frozen":true, "fstring":true, "bytesize":8, "value":"opt_size", "encoding":"US-ASCII", "memsize":40, "flags":{"wb_protected":true}}
{"address":"0x10197d130", "type":"STRING", "slot_size":40, "class":"0x1039feda0", "frozen":true, "fstring":true, "bytesize":10, "value":"opt_length", "encoding":"US-ASCII", "memsize":40, "flags":{"wb_protected":true}}
{"address":"0x10197d158", "type":"STRING", "slot_size":40, "class":"0x1039feda0", "frozen":true, "fstring":true, "bytesize":13, "value":"opt_aref_with", "encoding":"US-ASCII", "memsize":40, "flags":{"wb_protected":true}}
{"address":"0x10197d180", "type":"STRING", "slot_size":40, "class":"0x1039feda0", "frozen":true, "fstring":true, "bytesize":13, "value":"opt_aset_with", "encoding":"US-ASCII", "memsize":40, "flags":{"wb_protected":true}}
{"address":"0x10197d1a8", "type":"STRING", "slot_size":40, "class":"0x1039feda0", "frozen":true, "fstring":true, "bytesize":8, "value":"opt_aset", "encoding":"US-ASCII", "memsize":40, "flags":{"wb_protected":true}}
{"address":"0x10197d1d0", "type":"STRING", "slot_size":40, "class":"0x1039feda0", "frozen":true, "fstring":true, "bytesize":8, "value":"opt_aref", "encoding":"US-ASCII", "memsize":40, "flags":{"wb_protected":true}}
{"address":"0x10197d1f8", "type":"STRING", "slot_size":40, "class":"0x1039feda0", "frozen":true, "fstring":true, "bytesize":6, "value":"opt_or", "encoding":"US-ASCII", "memsize":40, "flags":{"wb_protected":true}}
{"address":"0x10197d220", "type":"STRING", "slot_size":40, "class":"0x1039feda0", "frozen":true, "fstring":true, "bytesize":7, "value":"opt_and", "encoding":"US-ASCII", "memsize":40, "flags":{"wb_protected":true}}
{"address":"0x10197d248", "type":"STRING", "slot_size":40, "class":"0x1039feda0", "frozen":true, "fstring":true, "bytesize":8, "value":"opt_ltlt", "encoding":"US-ASCII", "memsize":40, "flags":{"wb_protected":true}}
{"address":"0x10197d270", "type":"STRING", "slot_size":40, "class":"0x1039feda0", "frozen":true, "fstring":true, "bytesize":6, "value":"opt_ge", "encoding":"US-ASCII", "memsize":40, "flags":{"wb_protected":true}}
{"address":"0x10197d298", "type":"STRING", "slot_size":40, "class":"0x1039feda0", "frozen":true, "fstring":true, "bytesize":6, "value":"opt_gt", "encoding":"US-ASCII", "memsize":40, "flags":{"wb_protected":true}}
{"address":"0x10197d2c0", "type":"STRING", "slot_size":40, "class":"0x1039feda0", "frozen":true, "fstring":true, "bytesize":6, "value":"opt_le", "encoding":"US-ASCII", "memsize":40, "flags":{"wb_protected":true}}
{"address":"0x10197d2e8", "type":"STRING", "slot_size":40, "class":"0x1039feda0", "frozen":true, "fstring":true, "bytesize":6, "value":"opt_lt", "encoding":"US-ASCII", "memsize":40, "flags":{"wb_protected":true}}
{"address":"0x10197d310", "type":"STRING", "slot_size":40, "class":"0x1039feda0", "frozen":true, "fstring":true, "bytesize":7, "value":"opt_neq", "encoding":"US-ASCII", "memsize":40, "flags":{"wb_protected":true}}
{"address":"0x10197d338", "type":"STRING", "slot_size":40, "class":"0x1039feda0", "frozen":true, "fstring":true, "bytesize":6, "value":"opt_eq", "encoding":"US-ASCII", "memsize":40, "flags":{"wb_protected":true}}
{"address":"0x10197d360", "type":"STRING", "slot_size":40, "class":"0x1039feda0", "frozen":true, "fstring":true, "bytesize":7, "value":"opt_mod", "encoding":"US-ASCII", "memsize":40, "flags":{"wb_protected":true}}
{"address":"0x10197d388", "type":"STRING", "slot_size":40, "class":"0x1039feda0", "frozen":true, "fstring":true, "bytesize":7, "value":"opt_div", "encoding":"US-ASCII", "memsize":40, "flags":{"wb_protected":true}}
{"address":"0x10197d3b0", "type":"STRING", "slot_size":40, "class":"0x1039feda0", "frozen":true, "fstring":true, "bytesize":8, "value":"opt_mult", "encoding":"US-ASCII", "memsize":40, "flags":{"wb_protected":true}}
{"address":"0x10197d3d8", "type":"STRING", "slot_size":40, "class":"0x1039feda0", "frozen":true, "fstring":true, "bytesize":9, "value":"opt_minus", "encoding":"US-ASCII", "memsize":40, "flags":{"wb_protected":true}}
{"address":"0x10197d400", "type":"STRING", "slot_size":40, "class":"0x1039feda0", "frozen":true, "fstring":true, "bytesize":8, "value":"opt_plus", "encoding":"US-ASCII", "memsize":40, "flags":{"wb_protected":true}}
{"address":"0x10197d428", "type":"STRING", "slot_size":40, "class":"0x1039feda0", "frozen":true, "fstring":true, "bytesize":17, "value":"opt_case_dispatch", "encoding":"US-ASCII", "memsize":40, "flags":{"wb_protected":true}}
{"address":"0x10197d450", "type":"STRING", "slot_size":40, "class":"0x1039feda0", "frozen":true, "fstring":true, "bytesize":4, "value":"once", "encoding":"US-ASCII", "memsize":40, "flags":{"wb_protected":true}}
{"address":"0x10197d478", "type":"STRING", "slot_size":40, "class":"0x1039feda0", "frozen":true, "fstring":true, "bytesize":18, "value":"opt_setinlinecache", "encoding":"US-ASCII", "memsize":40, "flags":{"wb_protected":true}}
{"address":"0x10197d4a0", "type":"STRING", "slot_size":40, "class":"0x1039feda0", "frozen":true, "fstring":true, "bytesize":18, "value":"opt_getinlinecache", "encoding":"US-ASCII", "memsize":40, "flags":{"wb_protected":true}}
{"address":"0x10197d4c8", "type":"STRING", "slot_size":40, "class":"0x1039feda0", "frozen":true, "fstring":true, "bytesize":9, "value":"branchnil", "encoding":"US-ASCII", "memsize":40, "flags":{"wb_protected":true}}
{"address":"0x10197d4f0", "type":"STRING", "slot_size":40, "class":"0x1039feda0", "frozen":true, "fstring":true, "bytesize":12, "value":"branchunless", "encoding":"US-ASCII", "memsize":40, "flags":{"wb_protected":true}}
{"address":"0x10197d518", "type":"STRING", "slot_size":40, "class":"0x1039feda0", "frozen":true, "fstring":true, "bytesize":8, "value":"branchif", "encoding":"US-ASCII", "memsize":40, "flags":{"wb_protected":true}}
{"address":"0x10197d540", "type":"STRING", "slot_size":40, "class":"0x1039feda0", "frozen":true, "fstring":true, "bytesize":4, "value":"jump", "encoding":"US-ASCII", "memsize":40, "flags":{"wb_protected":true}}
{"address":"0x10197d568", "type":"STRING", "slot_size":40, "class":"0x1039feda0", "frozen":true, "fstring":true, "bytesize":5, "value":"leave", "encoding":"US-ASCII", "memsize":40, "flags":{"wb_protected":true}}
{"address":"0x10197d590", "type":"STRING", "slot_size":40, "class":"0x1039feda0", "frozen":true, "fstring":true, "bytesize":11, "value":"invokeblock", "encoding":"US-ASCII", "memsize":40, "flags":{"wb_protected":true}}
{"address":"0x10197d5b8", "type":"STRING", "slot_size":40, "class":"0x1039feda0", "frozen":true, "fstring":true, "bytesize":11, "value":"invokesuper", "encoding":"US-ASCII", "memsize":40, "flags":{"wb_protected":true}}
{"address":"0x10197d5e0", "type":"STRING", "slot_size":40, "class":"0x1039feda0", "frozen":true, "fstring":true, "bytesize":16, "value":"opt_newarray_min", "encoding":"US-ASCII", "memsize":40, "flags":{"wb_protected":true}}
{"address":"0x10197d608", "type":"STRING", "slot_size":40, "class":"0x1039feda0", "frozen":true, "fstring":true, "bytesize":16, "value":"opt_newarray_max", "encoding":"US-ASCII", "memsize":40, "flags":{"wb_protected":true}}
{"address":"0x10197d630", "type":"STRING", "slot_size":40, "class":"0x1039feda0", "frozen":true, "fstring":true, "bytesize":14, "value":"opt_str_uminus", "encoding":"US-ASCII", "memsize":40, "flags":{"wb_protected":true}}
{"address":"0x10197d658", "type":"STRING", "slot_size":40, "class":"0x1039feda0", "frozen":true, "fstring":true, "bytesize":9, "value":"opt_nil_p", "encoding":"US-ASCII", "memsize":40, "flags":{"wb_protected":true}}
{"address":"0x10197d680", "type":"STRING", "slot_size":40, "class":"0x1039feda0", "frozen":true, "fstring":true, "bytesize":14, "value":"opt_str_freeze", "encoding":"US-ASCII", "memsize":40, "flags":{"wb_protected":true}}
{"address":"0x10197d6a8", "type":"STRING", "slot_size":40, "class":"0x1039feda0", "frozen":true, "fstring":true, "bytesize":11, "value":"objtostring", "encoding":"US-ASCII", "memsize":40, "flags":{"wb_protected":true}}
{"address":"0x10197d6d0", "type":"STRING", "slot_size":40, "class":"0x1039feda0", "frozen":true, "fstring":true, "bytesize":22, "value":"opt_send_without_block", "encoding":"US-ASCII", "memsize":40, "flags":{"wb_protected":true}}
{"address":"0x10197d6f8", "type":"STRING", "slot_size":40, "class":"0x1039feda0", "frozen":true, "fstring":true, "bytesize":13, "value":"definesmethod", "encoding":"US-ASCII", "memsize":40, "flags":{"wb_protected":true}}
{"address":"0x10197d720", "type":"STRING", "slot_size":40, "class":"0x1039feda0", "frozen":true, "fstring":true, "bytesize":12, "value":"definemethod", "encoding":"US-ASCII", "memsize":40, "flags":{"wb_protected":true}}
{"address":"0x10197d748", "type":"STRING", "slot_size":40, "class":"0x1039feda0", "frozen":true, "fstring":true, "bytesize":11, "value":"defineclass", "encoding":"US-ASCII", "memsize":40, "flags":{"wb_protected":true}}
{"address":"0x10197d770", "type":"STRING", "slot_size":40, "class":"0x1039feda0", "frozen":true, "fstring":true, "bytesize":9, "value":"checktype", "encoding":"US-ASCII", "memsize":40, "flags":{"wb_protected":true}}
{"address":"0x10197d798", "type":"STRING", "slot_size":40, "class":"0x1039feda0", "frozen":true, "fstring":true, "bytesize":12, "value":"checkkeyword", "encoding":"US-ASCII", "memsize":40, "flags":{"wb_protected":true}}
{"address":"0x10197d7c0", "type":"STRING", "slot_size":40, "class":"0x1039feda0", "frozen":true, "fstring":true, "bytesize":10, "value":"checkmatch", "encoding":"US-ASCII", "memsize":40, "flags":{"wb_protected":true}}
{"address":"0x10197d7e8", "type":"STRING", "slot_size":40, "class":"0x1039feda0", "frozen":true, "fstring":true, "bytesize":7, "value":"defined", "encoding":"US-ASCII", "memsize":40, "flags":{"wb_protected":true}}
{"address":"0x10197d810", "type":"STRING", "slot_size":40, "class":"0x1039feda0", "frozen":true, "fstring":true, "bytesize":11, "value":"adjuststack", "encoding":"US-ASCII", "memsize":40, "flags":{"wb_protected":true}}
{"address":"0x10197d838", "type":"STRING", "slot_size":40, "class":"0x1039feda0", "frozen":true, "fstring":true, "bytesize":4, "value":"setn", "encoding":"US-ASCII", "memsize":40, "flags":{"wb_protected":true}}
{"address":"0x10197d860", "type":"STRING", "slot_size":40, "class":"0x1039feda0", "frozen":true, "fstring":true, "bytesize":4, "value":"topn", "encoding":"US-ASCII", "memsize":40, "flags":{"wb_protected":true}}
{"address":"0x10197d888", "type":"STRING", "slot_size":40, "class":"0x1039feda0", "frozen":true, "fstring":true, "bytesize":4, "value":"swap", "encoding":"US-ASCII", "memsize":40, "flags":{"wb_protected":true}}
{"address":"0x10197d8b0", "type":"STRING", "slot_size":40, "class":"0x1039feda0", "frozen":true, "fstring":true, "bytesize":4, "value":"dupn", "encoding":"US-ASCII", "memsize":40, "flags":{"wb_protected":true}}
{"address":"0x10197d8d8", "type":"STRING", "slot_size":40, "class":"0x1039feda0", "frozen":true, "fstring":true, "bytesize":8, "value":"newrange", "encoding":"US-ASCII", "memsize":40, "flags":{"wb_protected":true}}
{"address":"0x10197d900", "type":"STRING", "slot_size":40, "class":"0x1039feda0", "frozen":true, "fstring":true, "bytesize":7, "value":"newhash", "encoding":"US-ASCII", "memsize":40, "flags":{"wb_protected":true}}
{"address":"0x10197d928", "type":"STRING", "slot_size":40, "class":"0x1039feda0", "frozen":true, "fstring":true, "bytesize":10, "value":"splatarray", "encoding":"US-ASCII", "memsize":40, "flags":{"wb_protected":true}}
{"address":"0x10197d950", "type":"STRING", "slot_size":40, "class":"0x1039feda0", "frozen":true, "fstring":true, "bytesize":11, "value":"concatarray", "encoding":"US-ASCII", "memsize":40, "flags":{"wb_protected":true}}
{"address":"0x10197d978", "type":"STRING", "slot_size":40, "class":"0x1039feda0", "frozen":true, "fstring":true, "bytesize":11, "value":"expandarray", "encoding":"US-ASCII", "memsize":40, "flags":{"wb_protected":true}}
{"address":"0x10197d9a0", "type":"STRING", "slot_size":40, "class":"0x1039feda0", "frozen":true, "fstring":true, "bytesize":7, "value":"duphash", "encoding":"US-ASCII", "memsize":40, "flags":{"wb_protected":true}}
{"address":"0x10197d9c8", "type":"STRING", "slot_size":40, "class":"0x1039feda0", "frozen":true, "fstring":true, "bytesize":8, "value":"duparray", "encoding":"US-ASCII", "memsize":40, "flags":{"wb_protected":true}}
{"address":"0x10197d9f0", "type":"STRING", "slot_size":40, "class":"0x1039feda0", "frozen":true, "fstring":true, "bytesize":15, "value":"newarraykwsplat", "encoding":"US-ASCII", "memsize":40, "flags":{"wb_protected":true}}
{"address":"0x10197da18", "type":"STRING", "slot_size":40, "class":"0x1039feda0", "frozen":true, "fstring":true, "bytesize":8, "value":"newarray", "encoding":"US-ASCII", "memsize":40, "flags":{"wb_protected":true}}
{"address":"0x10197da40", "type":"STRING", "slot_size":40, "class":"0x1039feda0", "frozen":true, "fstring":true, "bytesize":8, "value":"toregexp", "encoding":"US-ASCII", "memsize":40, "flags":{"wb_protected":true}}
{"address":"0x10197da68", "type":"STRING", "slot_size":40, "class":"0x1039feda0", "frozen":true, "fstring":true, "bytesize":11, "value":"anytostring", "encoding":"US-ASCII", "memsize":40, "flags":{"wb_protected":true}}
{"address":"0x10197da90", "type":"STRING", "slot_size":40, "class":"0x1039feda0", "frozen":true, "fstring":true, "bytesize":13, "value":"concatstrings", "encoding":"US-ASCII", "memsize":40, "flags":{"wb_protected":true}}
{"address":"0x10197dab8", "type":"STRING", "slot_size":40, "class":"0x1039feda0", "frozen":true, "fstring":true, "bytesize":9, "value":"putstring", "encoding":"US-ASCII", "memsize":40, "flags":{"wb_protected":true}}
{"address":"0x10197dae0", "type":"STRING", "slot_size":40, "class":"0x1039feda0", "frozen":true, "fstring":true, "bytesize":16, "value":"putspecialobject", "encoding":"US-ASCII", "memsize":40, "flags":{"wb_protected":true}}
{"address":"0x10197db08", "type":"STRING", "slot_size":40, "class":"0x1039feda0", "frozen":true, "fstring":true, "bytesize":9, "value":"putobject", "encoding":"US-ASCII", "memsize":40, "flags":{"wb_protected":true}}
{"address":"0x10197db30", "type":"STRING", "slot_size":40, "class":"0x1039feda0", "frozen":true, "fstring":true, "bytesize":7, "value":"putself", "encoding":"US-ASCII", "memsize":40, "flags":{"wb_protected":true}}
{"address":"0x10197db58", "type":"STRING", "slot_size":40, "class":"0x1039feda0", "frozen":true, "fstring":true, "bytesize":6, "value":"putnil", "encoding":"US-ASCII", "memsize":40, "flags":{"wb_protected":true}}
{"address":"0x10197db80", "type":"STRING", "slot_size":40, "class":"0x1039feda0", "frozen":true, "fstring":true, "bytesize":9, "value":"setglobal", "encoding":"US-ASCII", "memsize":40, "flags":{"wb_protected":true}}
{"address":"0x10197dba8", "type":"STRING", "slot_size":40, "class":"0x1039feda0", "frozen":true, "fstring":true, "bytesize":9, "value":"getglobal", "encoding":"US-ASCII", "memsize":40, "flags":{"wb_protected":true}}
{"address":"0x10197dbd0", "type":"STRING", "slot_size":40, "class":"0x1039feda0", "frozen":true, "fstring":true, "bytesize":11, "value":"setconstant", "encoding":"US-ASCII", "memsize":40, "flags":{"wb_protected":true}}
{"address":"0x10197dbf8", "type":"STRING", "slot_size":40, "class":"0x1039feda0", "frozen":true, "fstring":true, "bytesize":11, "value":"getconstant", "encoding":"US-ASCII", "memsize":40, "flags":{"wb_protected":true}}
{"address":"0x10197dc20", "type":"STRING", "slot_size":40, "class":"0x1039feda0", "frozen":true, "fstring":true, "bytesize":16, "value":"setclassvariable", "encoding":"US-ASCII", "memsize":40, "flags":{"wb_protected":true}}
{"address":"0x10197dc48", "type":"STRING", "slot_size":40, "class":"0x1039feda0", "frozen":true, "fstring":true, "bytesize":16, "value":"getclassvariable", "encoding":"US-ASCII", "memsize":40, "flags":{"wb_protected":true}}
{"address":"0x10197dc70", "type":"STRING", "slot_size":40, "class":"0x1039feda0", "frozen":true, "fstring":true, "bytesize":19, "value":"setinstancevariable", "encoding":"US-ASCII", "memsize":40, "flags":{"wb_protected":true}}
{"address":"0x10197dc98", "type":"STRING", "slot_size":40, "class":"0x1039feda0", "frozen":true, "fstring":true, "bytesize":19, "value":"getinstancevariable", "encoding":"US-ASCII", "memsize":40, "flags":{"wb_protected":true}}
{"address":"0x10197dcc0", "type":"STRING", "slot_size":40, "class":"0x1039feda0", "frozen":true, "fstring":true, "bytesize":10, "value":"setspecial", "encoding":"US-ASCII", "memsize":40, "flags":{"wb_protected":true}}
{"address":"0x10197dce8", "type":"STRING", "slot_size":40, "class":"0x1039feda0", "frozen":true, "fstring":true, "bytesize":10, "value":"getspecial", "encoding":"US-ASCII", "memsize":40, "flags":{"wb_protected":true}}
{"address":"0x10197dd10", "type":"STRING", "slot_size":40, "class":"0x1039feda0", "frozen":true, "fstring":true, "bytesize":18, "value":"getblockparamproxy", "encoding":"US-ASCII", "memsize":40, "flags":{"wb_protected":true}}
{"address":"0x10197dd38", "type":"STRING", "slot_size":40, "class":"0x1039feda0", "frozen":true, "fstring":true, "bytesize":13, "value":"setblockparam", "encoding":"US-ASCII", "memsize":40, "flags":{"wb_protected":true}}
{"address":"0x10197dd60", "type":"STRING", "slot_size":40, "class":"0x1039feda0", "frozen":true, "fstring":true, "bytesize":13, "value":"getblockparam", "encoding":"US-ASCII", "memsize":40, "flags":{"wb_protected":true}}
{"address":"0x10197dd88", "type":"STRING", "slot_size":40, "class":"0x1039feda0", "frozen":true, "fstring":true, "bytesize":8, "value":"setlocal", "encoding":"US-ASCII", "memsize":40, "flags":{"wb_protected":true}}
{"address":"0x10197ddb0", "type":"STRING", "slot_size":40, "class":"0x1039feda0", "frozen":true, "fstring":true, "bytesize":3, "value":"nop", "encoding":"US-ASCII", "memsize":40, "flags":{"wb_protected":true}}
{"address":"0x10197ddd8", "type":"ARRAY", "slot_size":40, "class":"0x1039f3540", "frozen":true, "length":202, "references":["0x10197ddb0", "0x101994ba0", "0x10197dd88", "0x10197dd60", "0x10197dd38", "0x10197dd10", "0x10197dce8", "0x10197dcc0", "0x10197dc98", "0x10197dc70", "0x10197dc48", "0x10197dc20", "0x10197dbf8", "0x10197dbd0", "0x10197dba8", "0x10197db80", "0x10197db58", "0x10197db30", "0x10197db08", "0x10197dae0", "0x10197dab8", "0x10197da90", "0x10197da68", "0x10197da40", "0x1019bf620", "0x10197da18", "0x10197d9f0", "0x10197d9c8", "0x10197d9a0", "0x10197d978", "0x10197d950", "0x10197d928", "0x10197d900", "0x10197d8d8", "0x1019b0ee0", "0x1019be568", "0x10197d8b0", "0x10197d888", "0x10197d860", "0x10197d838", "0x10197d810", "0x10197d7e8", "0x10197d7c0", "0x10197d798", "0x10197d770", "0x10197d748", "0x10197d720", "0x10197d6f8", "0x1019bf3f0", "0x10197d6d0", "0x10197d6a8", "0x10197d680", "0x10197d658", "0x10197d630", "0x10197d608", "0x10197d5e0", "0x10197d5b8", "0x10197d590", "0x10197d568", "0x1019b70b0", "0x10197d540", "0x10197d518", "0x10197d4f0", "0x10197d4c8", "0x10197d4a0", "0x10197d478", "0x10197d450", "0x10197d428", "0x10197d400", "0x10197d3d8", "0x10197d3b0", "0x10197d388", "0x10197d360", "0x10197d338", "0x10197d310", "0x10197d2e8", "0x10197d2c0", "0x10197d298", "0x10197d270", "0x10197d248", "0x10197d220", "0x10197d1f8", "0x10197d1d0", "0x10197d1a8", "0x10197d180", "0x10197d158", "0x10197d130", "0x10197d108", "0x10197d0e0", "0x10197d0b8", "0x10197d090", "0x10197d068", "0x10197d040", "0x10197d018", "0x10197cff0", "0x10197cfc8", "0x10197cfa0", "0x10197cf78", "0x10197cf50", "0x10197cf28", "0x10197cf00", "0x10197ced8", "0x10197ceb0", "0x10197ce88", "0x10197ce60", "0x10197ce38", "0x10197ce10", "0x10197cde8", "0x10197cdc0", "0x10197cd98", "0x10197cd70", "0x10197cd48", "0x10197cd20", "0x10197ccf8", "0x10197ccd0", "0x10197cca8", "0x10197cc80", "0x10197cc58", "0x10197cc30", "0x10197cc08", "0x10197cbe0", "0x10197cbb8", "0x10197cb90", "0x10197cb68", "0x10197cb40", "0x10197cb18", "0x10197caf0", "0x10197cac8", "0x10197caa0", "0x10197ca78", "0x10197ca50", "0x10197ca28", "0x10197ca00", "0x10197c9d8", "0x10197c9b0", "0x10197c988", "0x10197c960", "0x10197c938", "0x10197c910", "0x10197c8e8", "0x10197c8c0", "0x10197c898", "0x10197c870", "0x10197c848", "0x10197c820", "0x10197c7f8", "0x10197c7d0", "0x10197c7a8", "0x10197c780", "0x10197c758", "0x10197c730", "0x10197c708", "0x10197c6e0", "0x10197c6b8", "0x10197c690", "0x10197c668", "0x10197c640", "0x10197c618", "0x10197c5f0", "0x10197c5c8", "0x10197c5a0", "0x10197c578", "0x10197c550", "0x10197c528", "0x10197c500", "0x10197c4d8", "0x10197c4b0", "0x10197c488", "0x10197c460", "0x10197c438", "0x10197c410", "0x10197c3e8", "0x10197c3c0", "0x10197c398", "0x10197c370", "0x10197c348", "0x10197c320", "0x10197c2f8", "0x10197c2d0", "0x10197c2a8", "0x10197c280", "0x10197c258", "0x10197c230", "0x10197c208", "0x10197c1e0", "0x10197c1b8", "0x10197c190", "0x10197c168", "0x10197c140", "0x10197c118", "0x10197c0f0", "0x10197c0c8", "0x10197c0a0", "0x10197c078", "0x10197c050", "0x10197c028", "0x10197c000", "0x10197bfd8", "0x10197bfb0", "0x10197bf88", "0x10197bf60", "0x10197bf38"], "memsize":1656, "flags":{"wb_protected":true}}
{"address":"0x10197de00", "type":"STRING", "slot_size":40, "class":"0x1039feda0", "bytesize":19, "value":"inline method cache", "memsize":40, "flags":{"wb_protected":true}}
{"address":"0x10197de28", "type":"STRING", "slot_size":40, "class":"0x1039feda0", "bytesize":20, "value":"operands unification", "memsize":40, "flags":{"wb_protected":true}}
{"address":"0x10197de50", "type":"STRING", "slot_size":40, "class":"0x1039feda0", "bytesize":20, "value":"direct threaded code", "memsize":40, "flags":{"wb_protected":true}}
{"address":"0x10197de78", "type":"ARRAY", "slot_size":40, "class":"0x1039f3540", "length":3, "embedded":true, "references":["0x10197de50", "0x10197de28", "0x10197de00"], "memsize":40, "flags":{"wb_protected":true}}
{"address":"0x10197dea0", "type":"STRING", "slot_size":40, "class":"0x1039feda0", "frozen":true, "embedded":true, "fstring":true, "bytesize":6, "value":"Thread", "encoding":"US-ASCII", "memsize":40, "flags":{"wb_protected":true}}
{"address":"0x10197dec8", "type":"IMEMO", "slot_size":40, "class":"0x103a1d2a0", "imemo_type":"ment", "memsize":48, "flags":{"wb_protected":true}}
{"address":"0x10197def0", "type":"STRING", "slot_size":40, "class":"0x1039feda0", "frozen":true, "embedded":true, "fstring":true, "bytesize":6, "value":"resume", "encoding":"US-ASCII", "memsize":40, "flags":{"wb_protected":true}}
{"address":"0x10197df18", "type":"IMEMO", "slot_size":40, "class":"0x103a1d2a0", "imemo_type":"ment", "memsize":48, "flags":{"wb_protected":true}}
{"address":"0x10197df40", "type":"STRING", "slot_size":40, "class":"0x1039feda0", "frozen":true, "embedded":true, "fstring":true, "bytesize":5, "value":"pause", "encoding":"US-ASCII", "memsize":40, "flags":{"wb_protected":true}}
{"address":"0x10197df68", "type":"IMEMO", "slot_size":40, "class":"0x103a1d2a0", "imemo_type":"ment", "memsize":48, "flags":{"wb_protected":true}}
{"address":"0x10197df90", "type":"STRING", "slot_size":40, "class":"0x1039feda0", "embedded":true, "bytesize":12, "value":"RubyVM::MJIT", "encoding":"US-ASCII", "memsize":40, "flags":{"wb_protected":true}}
{"address":"0x10197dfb8", "type":"STRING", "slot_size":40, "class":"0x1039feda0", "frozen":true, "embedded":true, "fstring":true, "bytesize":12, "value":"RubyVM::MJIT", "encoding":"US-ASCII", "memsize":40, "flags":{"wb_protected":true}}
{"address":"0x10197dfe0", "type":"STRING", "slot_size":40, "class":"0x1039feda0", "embedded":true, "bytesize":12, "value":"RubyVM::MJIT", "encoding":"US-ASCII", "memsize":40, "flags":{"wb_protected":true}}
{"address":"0x10197e008", "type":"STRING", "slot_size":40, "class":"0x1039feda0", "frozen":true, "embedded":true, "fstring":true, "bytesize":4, "value":"MJIT", "encoding":"US-ASCII", "memsize":40, "flags":{"wb_protected":true}}
{"address":"0x10197e030", "type":"IMEMO", "slot_size":40, "class":"0x103a1d3e0", "imemo_type":"ment", "memsize":48, "flags":{"wb_protected":true}}
{"address":"0x10197e058", "type":"IMEMO", "slot_size":40, "class":"0x103a1d3e0", "imemo_type":"ment", "memsize":48, "flags":{"wb_protected":true}}
{"address":"0x10197e080", "type":"IMEMO", "slot_size":40, "class":"0x103a1d3e0", "imemo_type":"ment", "memsize":48, "flags":{"wb_protected":true}}
{"address":"0x10197e0a8", "type":"STRING", "slot_size":40, "class":"0x1039feda0", "frozen":true, "embedded":true, "fstring":true, "bytesize":14, "value":"make_shareable", "encoding":"US-ASCII", "memsize":40, "flags":{"wb_protected":true}}
{"address":"0x10197e0d0", "type":"IMEMO", "slot_size":40, "class":"0x103a1d3e0", "imemo_type":"ment", "memsize":48, "flags":{"wb_protected":true}}
{"address":"0x10197e0f8", "type":"IMEMO", "slot_size":40, "class":"0x103a1d3e0", "imemo_type":"ment", "memsize":48, "flags":{"wb_protected":true}}
{"address":"0x10197e120", "type":"IMEMO", "slot_size":40, "class":"0x103a1d3e0", "imemo_type":"ment", "memsize":48, "flags":{"wb_protected":true}}
{"address":"0x10197e148", "type":"IMEMO", "slot_size":40, "class":"0x103a1d3e0", "imemo_type":"ment", "memsize":48, "flags":{"wb_protected":true}}
{"address":"0x10197e170", "type":"IMEMO", "slot_size":40, "class":"0x103a1d3e0", "imemo_type":"ment", "memsize":48, "flags":{"wb_protected":true}}
{"address":"0x10197e198", "type":"IMEMO", "slot_size":40, "class":"0x103a1d3e0", "imemo_type":"ment", "memsize":48, "flags":{"wb_protected":true}}
{"address":"0x10197e1c0", "type":"IMEMO", "slot_size":40, "class":"0x103a1d3e0", "imemo_type":"ment", "memsize":48, "flags":{"wb_protected":true}}
{"address":"0x10197e1e8", "type":"IMEMO", "slot_size":40, "class":"0x103a1d3e0", "imemo_type":"ment", "memsize":48, "flags":{"wb_protected":true}}
{"address":"0x10197e210", "type":"IMEMO", "slot_size":40, "class":"0x103a1d3e0", "imemo_type":"ment", "memsize":48, "flags":{"wb_protected":true}}
{"address":"0x10197e238", "type":"IMEMO", "slot_size":40, "class":"0x103a1d3e0", "imemo_type":"ment", "memsize":48, "flags":{"wb_protected":true}}
{"address":"0x10197e260", "type":"STRING", "slot_size":40, "class":"0x1039feda0", "bytesize":18, "capacity":31, "value":"RubyVM::FrozenCore", "encoding":"US-ASCII", "memsize":72, "flags":{"wb_protected":true}}
{"address":"0x10197e288", "type":"STRING", "slot_size":40, "class":"0x1039feda0", "frozen":true, "embedded":true, "bytesize":10, "value":"FrozenCore", "memsize":40, "flags":{"wb_protected":true}}
{"address":"0x10197e2b0", "type":"IMEMO", "slot_size":40, "class":"0x103a1d520", "imemo_type":"ment", "memsize":48, "flags":{"wb_protected":true}}
{"address":"0x10197e2d8", "type":"IMEMO", "slot_size":40, "class":"0x103a1d520", "imemo_type":"ment", "memsize":48, "flags":{"wb_protected":true}}
{"address":"0x10197e300", "type":"IMEMO", "slot_size":40, "class":"0x103a1d520", "imemo_type":"ment", "memsize":48, "flags":{"wb_protected":true}}
{"address":"0x10197e328", "type":"IMEMO", "slot_size":40, "class":"0x103a1d520", "imemo_type":"ment", "memsize":48, "flags":{"wb_protected":true}}
{"address":"0x10197e350", "type":"STRING", "slot_size":40, "class":"0x1039feda0", "frozen":true, "embedded":true, "fstring":true, "bytesize":6, "value":"RubyVM", "encoding":"US-ASCII", "memsize":40, "flags":{"wb_protected":true}}
{"address":"0x10197e378", "type":"IMEMO", "slot_size":40, "class":"0x103a1d700", "imemo_type":"ment", "memsize":48, "flags":{"wb_protected":true}}
{"address":"0x10197e3a0", "type":"IMEMO", "slot_size":40, "class":"0x103a1d700", "imemo_type":"ment", "memsize":48, "flags":{"wb_protected":true}}
{"address":"0x10197e3c8", "type":"IMEMO", "slot_size":40, "class":"0x103a1d700", "imemo_type":"ment", "memsize":48, "flags":{"wb_protected":true}}
{"address":"0x10197e3f0", "type":"IMEMO", "slot_size":40, "class":"0x103a1d700", "imemo_type":"ment", "memsize":48, "flags":{"wb_protected":true}}
{"address":"0x10197e418", "type":"IMEMO", "slot_size":40, "class":"0x103a1d700", "imemo_type":"ment", "memsize":48, "flags":{"wb_protected":true}}
{"address":"0x10197e440", "type":"IMEMO", "slot_size":40, "class":"0x103a1d700", "imemo_type":"ment", "memsize":48, "flags":{"wb_protected":true}}
{"address":"0x10197e468", "type":"IMEMO", "slot_size":40, "class":"0x103a1d700", "imemo_type":"ment", "memsize":48, "flags":{"wb_protected":true}}
{"address":"0x10197e490", "type":"IMEMO", "slot_size":40, "class":"0x103a1d700", "imemo_type":"ment", "memsize":48, "flags":{"wb_protected":true}}
{"address":"0x10197e4b8", "type":"IMEMO", "slot_size":40, "class":"0x103a1d700", "imemo_type":"ment", "memsize":48, "flags":{"wb_protected":true}}
{"address":"0x10197e4e0", "type":"IMEMO", "slot_size":40, "class":"0x1039ff980", "imemo_type":"callcache", "references":["0x1019be888"], "memsize":40, "flags":{"wb_protected":true}}
{"address":"0x10197e508", "type":"STRING", "slot_size":40, "class":"0x1039feda0", "bytesize":19, "capacity":31, "value":"Ractor::MovedObject", "encoding":"US-ASCII", "memsize":72, "flags":{"wb_protected":true}}
{"address":"0x10197e530", "type":"STRING", "slot_size":40, "class":"0x1039feda0", "frozen":true, "embedded":true, "fstring":true, "bytesize":11, "value":"MovedObject", "encoding":"US-ASCII", "memsize":40, "flags":{"wb_protected":true}}
{"address":"0x10197e558", "type":"STRING", "slot_size":40, "class":"0x1039feda0", "bytesize":19, "capacity":31, "value":"Ractor::UnsafeError", "encoding":"US-ASCII", "memsize":72, "flags":{"wb_protected":true}}
{"address":"0x10197e580", "type":"STRING", "slot_size":40, "class":"0x1039feda0", "frozen":true, "embedded":true, "fstring":true, "bytesize":11, "value":"UnsafeError", "encoding":"US-ASCII", "memsize":40, "flags":{"wb_protected":true}}
{"address":"0x10197e5a8", "type":"IMEMO", "slot_size":40, "class":"0x103a1e740", "imemo_type":"callcache", "references":["0x1019be888"], "memsize":40, "flags":{"wb_protected":true}}
{"address":"0x10197e5d0", "type":"STRING", "slot_size":40, "class":"0x1039feda0", "bytesize":19, "capacity":31, "value":"Ractor::ClosedError", "encoding":"US-ASCII", "memsize":72, "flags":{"wb_protected":true}}
{"address":"0x10197e5f8", "type":"STRING", "slot_size":40, "class":"0x1039feda0", "frozen":true, "embedded":true, "fstring":true, "bytesize":11, "value":"ClosedError", "encoding":"US-ASCII", "memsize":40, "flags":{"wb_protected":true}}
{"address":"0x10197e620", "type":"STRING", "slot_size":40, "class":"0x1039feda0", "bytesize":18, "capacity":31, "value":"Ractor::MovedError", "encoding":"US-ASCII", "memsize":72, "flags":{"wb_protected":true}}
{"address":"0x10197e648", "type":"STRING", "slot_size":40, "class":"0x1039feda0", "frozen":true, "embedded":true, "fstring":true, "bytesize":10, "value":"MovedError", "encoding":"US-ASCII", "memsize":40, "flags":{"wb_protected":true}}
{"address":"0x10197e670", "type":"STRING", "slot_size":40, "class":"0x1039feda0", "bytesize":19, "capacity":31, "value":"Ractor::RemoteError", "encoding":"US-ASCII", "memsize":72, "flags":{"wb_protected":true}}
{"address":"0x10197e698", "type":"STRING", "slot_size":40, "class":"0x1039feda0", "frozen":true, "embedded":true, "fstring":true, "bytesize":11, "value":"RemoteError", "encoding":"US-ASCII", "memsize":40, "flags":{"wb_protected":true}}
{"address":"0x10197e6c0", "type":"IMEMO", "slot_size":40, "class":"0x103a1dde0", "imemo_type":"callcache", "references":["0x1019be888"], "memsize":40, "flags":{"wb_protected":true}}
{"address":"0x10197e6e8", "type":"STRING", "slot_size":40, "class":"0x1039feda0", "bytesize":22, "capacity":31, "value":"Ractor::IsolationError", "encoding":"US-ASCII", "memsize":72, "flags":{"wb_protected":true}}
{"address":"0x10197e710", "type":"STRING", "slot_size":40, "class":"0x1039feda0", "frozen":true, "embedded":true, "fstring":true, "bytesize":14, "value":"IsolationError", "encoding":"US-ASCII", "memsize":40, "flags":{"wb_protected":true}}
{"address":"0x10197e738", "type":"STRING", "slot_size":40, "class":"0x1039feda0", "frozen":true, "embedded":true, "fstring":true, "bytesize":13, "value":"Ractor::Error", "encoding":"US-ASCII", "memsize":40, "flags":{"wb_protected":true}}
{"address":"0x10197e760", "type":"STRING", "slot_size":40, "class":"0x1039feda0", "embedded":true, "bytesize":13, "value":"Ractor::Error", "encoding":"US-ASCII", "memsize":40, "flags":{"wb_protected":true}}
{"address":"0x10197e788", "type":"STRING", "slot_size":40, "class":"0x1039feda0", "frozen":true, "embedded":true, "fstring":true, "bytesize":5, "value":"Error", "encoding":"US-ASCII", "memsize":40, "flags":{"wb_protected":true}}
{"address":"0x10197e7b0", "type":"STRING", "slot_size":40, "class":"0x1039feda0", "frozen":true, "embedded":true, "fstring":true, "bytesize":6, "value":"Ractor", "encoding":"US-ASCII", "memsize":40, "flags":{"wb_protected":true}}
{"address":"0x10197e7d8", "type":"ARRAY", "slot_size":40, "class":"0x1039f3540", "length":0, "memsize":40, "flags":{"wb_protected":true}}
{"address":"0x10197e800", "type":"STRING", "slot_size":40, "class":"0x1039feda0", "frozen":true, "fstring":true, "bytesize":13, "value":"enumerator.so", "encoding":"US-ASCII", "memsize":40, "flags":{"wb_protected":true}}
{"address":"0x10197e828", "type":"IMEMO", "slot_size":40, "class":"0x103a1e100", "imemo_type":"ment", "memsize":48, "flags":{"wb_protected":true}}
{"address":"0x10197e850", "type":"IMEMO", "slot_size":40, "class":"0x103a1e100", "imemo_type":"ment", "memsize":48, "flags":{"wb_protected":true}}
{"address":"0x10197e878", "type":"IMEMO", "slot_size":40, "class":"0x103a1e100", "imemo_type":"ment", "memsize":48, "flags":{"wb_protected":true}}
{"address":"0x10197e8a0", "type":"IMEMO", "slot_size":40, "class":"0x103a1e100", "imemo_type":"ment", "memsize":48, "flags":{"wb_protected":true}}
{"address":"0x10197e8c8", "type":"IMEMO", "slot_size":40, "class":"0x103a1e100", "imemo_type":"ment", "memsize":48, "flags":{"wb_protected":true}}
{"address":"0x10197e8f0", "type":"IMEMO", "slot_size":40, "class":"0x103a1e100", "imemo_type":"ment", "memsize":48, "flags":{"wb_protected":true}}
{"address":"0x10197e918", "type":"IMEMO", "slot_size":40, "class":"0x103a1e100", "imemo_type":"ment", "memsize":48, "flags":{"wb_protected":true}}
{"address":"0x10197e940", "type":"IMEMO", "slot_size":40, "class":"0x103a1e100", "imemo_type":"ment", "memsize":48, "flags":{"wb_protected":true}}
{"address":"0x10197e968", "type":"IMEMO", "slot_size":40, "class":"0x103a1e100", "imemo_type":"ment", "memsize":48, "flags":{"wb_protected":true}}
{"address":"0x10197e990", "type":"IMEMO", "slot_size":40, "class":"0x103a1e100", "imemo_type":"ment", "memsize":48, "flags":{"wb_protected":true}}
{"address":"0x10197e9b8", "type":"IMEMO", "slot_size":40, "class":"0x103a1e100", "imemo_type":"ment", "memsize":48, "flags":{"wb_protected":true}}
{"address":"0x10197e9e0", "type":"IMEMO", "slot_size":40, "class":"0x103a1e100", "imemo_type":"ment", "memsize":48, "flags":{"wb_protected":true}}
{"address":"0x10197ea08", "type":"IMEMO", "slot_size":40, "class":"0x103a1e100", "imemo_type":"ment", "memsize":48, "flags":{"wb_protected":true}}
{"address":"0x10197ea30", "type":"IMEMO", "slot_size":40, "class":"0x103a1e060", "imemo_type":"ment", "memsize":48, "flags":{"wb_protected":true}}
{"address":"0x10197ea58", "type":"STRING", "slot_size":40, "class":"0x1039feda0", "bytesize":30, "capacity":31, "value":"Enumerator::ArithmeticSequence", "encoding":"US-ASCII", "memsize":72, "flags":{"wb_protected":true}}
{"address":"0x10197ea80", "type":"IMEMO", "slot_size":40, "class":"0x103a1e240", "imemo_type":"ment", "memsize":48, "flags":{"wb_protected":true}}
{"address":"0x10197eaa8", "type":"IMEMO", "slot_size":40, "class":"0x103a1e240", "imemo_type":"ment", "memsize":48, "flags":{"wb_protected":true}}
{"address":"0x10197ead0", "type":"IMEMO", "slot_size":40, "class":"0x103a1e240", "imemo_type":"ment", "memsize":48, "flags":{"wb_protected":true}}
{"address":"0x10197eaf8", "type":"IMEMO", "slot_size":40, "class":"0x103a1e240", "imemo_type":"ment", "memsize":48, "flags":{"wb_protected":true}}
{"address":"0x10197eb20", "type":"IMEMO", "slot_size":40, "class":"0x103a1e240", "imemo_type":"ment", "memsize":48, "flags":{"wb_protected":true}}
{"address":"0x10197eb48", "type":"IMEMO", "slot_size":40, "class":"0x103a1e240", "imemo_type":"ment", "memsize":48, "flags":{"wb_protected":true}}
{"address":"0x10197eb70", "type":"IMEMO", "slot_size":40, "class":"0x103a1e240", "imemo_type":"ment", "memsize":48, "flags":{"wb_protected":true}}
{"address":"0x10197eb98", "type":"IMEMO", "slot_size":40, "class":"0x103a1e240", "imemo_type":"ment", "memsize":48, "flags":{"wb_protected":true}}
{"address":"0x10197ebc0", "type":"IMEMO", "slot_size":40, "class":"0x103a1e240", "imemo_type":"ment", "memsize":48, "flags":{"wb_protected":true}}
{"address":"0x10197ebe8", "type":"IMEMO", "slot_size":40, "class":"0x103a1e240", "imemo_type":"ment", "memsize":48, "flags":{"wb_protected":true}}
{"address":"0x10197ec10", "type":"IMEMO", "slot_size":40, "class":"0x103a1e240", "imemo_type":"ment", "memsize":48, "flags":{"wb_protected":true}}
{"address":"0x10197ec38", "type":"STRING", "slot_size":40, "class":"0x1039feda0", "bytesize":17, "capacity":31, "value":"Enumerator::Chain", "encoding":"US-ASCII", "memsize":72, "flags":{"wb_protected":true}}
{"address":"0x10197ec60", "type":"STRING", "slot_size":40, "class":"0x1039feda0", "frozen":true, "embedded":true, "fstring":true, "bytesize":5, "value":"Chain", "encoding":"US-ASCII", "memsize":40, "flags":{"wb_protected":true}}
{"address":"0x10197ec88", "type":"IMEMO", "slot_size":40, "class":"0x103a1ea60", "imemo_type":"ment", "memsize":48, "flags":{"wb_protected":true}}
{"address":"0x10197ecb0", "type":"STRING", "slot_size":40, "class":"0x1039feda0", "frozen":true, "embedded":true, "fstring":true, "bytesize":7, "value":"produce", "encoding":"US-ASCII", "memsize":40, "flags":{"wb_protected":true}}
{"address":"0x10197ecd8", "type":"IMEMO", "slot_size":40, "class":"0x103a1e380", "imemo_type":"ment", "memsize":48, "flags":{"wb_protected":true}}
{"address":"0x10197ed00", "type":"STRING", "slot_size":40, "class":"0x1039feda0", "bytesize":20, "capacity":31, "value":"Enumerator::Producer", "encoding":"US-ASCII", "memsize":72, "flags":{"wb_protected":true}}
{"address":"0x10197ed28", "type":"STRING", "slot_size":40, "class":"0x1039feda0", "frozen":true, "embedded":true, "fstring":true, "bytesize":8, "value":"Producer", "encoding":"US-ASCII", "memsize":40, "flags":{"wb_protected":true}}
{"address":"0x10197ed50", "type":"IMEMO", "slot_size":40, "class":"0x103a1e4c0", "imemo_type":"ment", "memsize":48, "flags":{"wb_protected":true}}
{"address":"0x10197ed78", "type":"IMEMO", "slot_size":40, "class":"0x103a1e4c0", "imemo_type":"ment", "memsize":48, "flags":{"wb_protected":true}}
{"address":"0x10197eda0", "type":"IMEMO", "slot_size":40, "class":"0x103a1e4c0", "imemo_type":"ment", "memsize":48, "flags":{"wb_protected":true}}
{"address":"0x10197edc8", "type":"IMEMO", "slot_size":40, "class":"0x103a1e4c0", "imemo_type":"ment", "memsize":48, "flags":{"wb_protected":true}}
{"address":"0x10197edf0", "type":"STRING", "slot_size":40, "class":"0x1039feda0", "bytesize":19, "capacity":31, "value":"Enumerator::Yielder", "encoding":"US-ASCII", "memsize":72, "flags":{"wb_protected":true}}
{"address":"0x10197ee18", "type":"STRING", "slot_size":40, "class":"0x1039feda0", "frozen":true, "embedded":true, "fstring":true, "bytesize":7, "value":"Yielder", "encoding":"US-ASCII", "memsize":40, "flags":{"wb_protected":true}}
{"address":"0x10197ee40", "type":"IMEMO", "slot_size":40, "class":"0x103a1e6a0", "imemo_type":"ment", "memsize":48, "flags":{"wb_protected":true}}
{"address":"0x10197ee68", "type":"IMEMO", "slot_size":40, "class":"0x103a1e6a0", "imemo_type":"ment", "memsize":48, "flags":{"wb_protected":true}}
{"address":"0x10197ee90", "type":"IMEMO", "slot_size":40, "class":"0x103a1e6a0", "imemo_type":"ment", "memsize":48, "flags":{"wb_protected":true}}
{"address":"0x10197eeb8", "type":"STRING", "slot_size":40, "class":"0x1039feda0", "bytesize":21, "capacity":31, "value":"Enumerator::Generator", "encoding":"US-ASCII", "memsize":72, "flags":{"wb_protected":true}}
{"address":"0x10197eee0", "type":"STRING", "slot_size":40, "class":"0x1039feda0", "frozen":true, "embedded":true, "fstring":true, "bytesize":9, "value":"Generator", "encoding":"US-ASCII", "memsize":40, "flags":{"wb_protected":true}}
{"address":"0x10197ef08", "type":"IMEMO", "slot_size":40, "class":"0x103a1e7e0", "imemo_type":"ment", "memsize":48, "flags":{"wb_protected":true}}
{"address":"0x10197ef30", "type":"STRING", "slot_size":40, "class":"0x1039feda0", "frozen":true, "embedded":true, "fstring":true, "bytesize":13, "value":"StopIteration", "encoding":"US-ASCII", "memsize":40, "flags":{"wb_protected":true}}
{"address":"0x10197ef58", "type":"IMEMO", "slot_size":40, "class":"0x103a1e920", "imemo_type":"ment", "references":["0x10197ef80"], "memsize":48, "flags":{"wb_protected":true}}
{"address":"0x10197ef80", "type":"IMEMO", "slot_size":40, "imemo_type":"ment", "references":["0x1039fee40"], "memsize":48, "flags":{"wb_protected":true}}
{"address":"0x10197efa8", "type":"HASH", "slot_size":40, "class":"0x1039f3360", "frozen":true, "size":18, "memsize":928, "flags":{"wb_protected":true}}
{"address":"0x10197efd0", "type":"IMEMO", "slot_size":40, "class":"0x103a1e920", "imemo_type":"ment", "memsize":48, "flags":{"wb_protected":true}}
{"address":"0x10197eff8", "type":"IMEMO", "slot_size":40, "class":"0x103a1e920", "imemo_type":"ment", "memsize":48, "flags":{"wb_protected":true}}
{"address":"0x10197f020", "type":"IMEMO", "slot_size":40, "class":"0x103a1e920", "imemo_type":"ment", "memsize":48, "flags":{"wb_protected":true}}
{"address":"0x10197f048", "type":"IMEMO", "slot_size":40, "class":"0x103a1e920", "imemo_type":"ment", "memsize":48, "flags":{"wb_protected":true}}
{"address":"0x10197f070", "type":"IMEMO", "slot_size":40, "class":"0x103a1e920", "imemo_type":"ment", "memsize":48, "flags":{"wb_protected":true}}
{"address":"0x10197f098", "type":"IMEMO", "slot_size":40, "class":"0x103a1e920", "imemo_type":"ment", "memsize":48, "flags":{"wb_protected":true}}
{"address":"0x10197f0c0", "type":"IMEMO", "slot_size":40, "class":"0x103a1e920", "imemo_type":"ment", "memsize":48, "flags":{"wb_protected":true}}
{"address":"0x10197f0e8", "type":"IMEMO", "slot_size":40, "class":"0x103a1e920", "imemo_type":"ment", "memsize":48, "flags":{"wb_protected":true}}
{"address":"0x10197f110", "type":"IMEMO", "slot_size":40, "class":"0x103a1e920", "imemo_type":"ment", "memsize":48, "flags":{"wb_protected":true}}
{"address":"0x10197f138", "type":"IMEMO", "slot_size":40, "class":"0x103a1e920", "imemo_type":"ment", "memsize":48, "flags":{"wb_protected":true}}
{"address":"0x10197f160", "type":"IMEMO", "slot_size":40, "class":"0x103a1e920", "imemo_type":"ment", "memsize":48, "flags":{"wb_protected":true}}
{"address":"0x10197f188", "type":"IMEMO", "slot_size":40, "class":"0x103a1e920", "imemo_type":"ment", "memsize":48, "flags":{"wb_protected":true}}
{"address":"0x10197f1b0", "type":"IMEMO", "slot_size":40, "class":"0x103a1e920", "imemo_type":"ment", "memsize":48, "flags":{"wb_protected":true}}
{"address":"0x10197f1d8", "type":"IMEMO", "slot_size":40, "class":"0x103a1e920", "imemo_type":"ment", "memsize":48, "flags":{"wb_protected":true}}
{"address":"0x10197f200", "type":"IMEMO", "slot_size":40, "class":"0x103a1e920", "imemo_type":"ment", "memsize":48, "flags":{"wb_protected":true}}
{"address":"0x10197f228", "type":"IMEMO", "slot_size":40, "class":"0x103a1e920", "imemo_type":"ment", "memsize":48, "flags":{"wb_protected":true}}
{"address":"0x10197f250", "type":"IMEMO", "slot_size":40, "class":"0x103a1e920", "imemo_type":"ment", "memsize":48, "flags":{"wb_protected":true}}
{"address":"0x10197f278", "type":"IMEMO", "slot_size":40, "class":"0x103a1e920", "imemo_type":"ment", "memsize":48, "flags":{"wb_protected":true}}
{"address":"0x10197f2a0", "type":"IMEMO", "slot_size":40, "class":"0x103a1e920", "imemo_type":"ment", "memsize":48, "flags":{"wb_protected":true}}
{"address":"0x10197f2c8", "type":"IMEMO", "slot_size":40, "class":"0x103a1e920", "imemo_type":"ment", "memsize":48, "flags":{"wb_protected":true}}
{"address":"0x10197f2f0", "type":"IMEMO", "slot_size":40, "class":"0x103a1e920", "imemo_type":"ment", "memsize":48, "flags":{"wb_protected":true}}
{"address":"0x10197f318", "type":"IMEMO", "slot_size":40, "class":"0x103a1e920", "imemo_type":"ment", "memsize":48, "flags":{"wb_protected":true}}
{"address":"0x10197f340", "type":"IMEMO", "slot_size":40, "class":"0x103a1e920", "imemo_type":"ment", "memsize":48, "flags":{"wb_protected":true}}
{"address":"0x10197f368", "type":"IMEMO", "slot_size":40, "class":"0x103a1e920", "imemo_type":"ment", "memsize":48, "flags":{"wb_protected":true}}
{"address":"0x10197f390", "type":"IMEMO", "slot_size":40, "class":"0x103a1e920", "imemo_type":"ment", "memsize":48, "flags":{"wb_protected":true}}
{"address":"0x10197f3b8", "type":"IMEMO", "slot_size":40, "class":"0x103a1e920", "imemo_type":"ment", "memsize":48, "flags":{"wb_protected":true}}
{"address":"0x10197f3e0", "type":"STRING", "slot_size":40, "class":"0x1039feda0", "frozen":true, "embedded":true, "fstring":true, "bytesize":5, "value":"eager", "encoding":"US-ASCII", "memsize":40, "flags":{"wb_protected":true}}
{"address":"0x10197f408", "type":"IMEMO", "slot_size":40, "class":"0x103a1e920", "imemo_type":"ment", "memsize":48, "flags":{"wb_protected":true}}
{"address":"0x10197f430", "type":"IMEMO", "slot_size":40, "class":"0x103a1e920", "imemo_type":"ment", "memsize":48, "flags":{"wb_protected":true}}
{"address":"0x10197f458", "type":"IMEMO", "slot_size":40, "class":"0x103a1e920", "imemo_type":"ment", "memsize":48, "flags":{"wb_protected":true}}
{"address":"0x10197f480", "type":"IMEMO", "slot_size":40, "class":"0x1039ff840", "imemo_type":"ment", "references":["0x1039ff8e0"], "memsize":48, "flags":{"wb_protected":true}}
{"address":"0x10197f4a8", "type":"IMEMO", "slot_size":40, "class":"0x8", "imemo_type":"ment", "memsize":48, "flags":{"wb_protected":true}}
{"address":"0x10197f4d0", "type":"IMEMO", "slot_size":40, "class":"0x1039ff840", "imemo_type":"ment", "references":["0x1039ff8e0"], "memsize":48, "flags":{"wb_protected":true}}
{"address":"0x10197f4f8", "type":"IMEMO", "slot_size":40, "class":"0x103a1e880", "imemo_type":"callcache", "references":["0x1019b69d0"], "memsize":40, "flags":{"wb_protected":true}}
{"address":"0x10197f520", "type":"IMEMO", "slot_size":40, "class":"0x103a1e920", "imemo_type":"ment", "memsize":48, "flags":{"wb_protected":true}}
{"address":"0x10197f548", "type":"IMEMO", "slot_size":40, "class":"0x103a1e920", "imemo_type":"ment", "references":["0x10197f570"], "memsize":48, "flags":{"wb_protected":true}}
{"address":"0x10197f570", "type":"IMEMO", "slot_size":40, "imemo_type":"ment", "references":["0x1039fee40"], "memsize":48, "flags":{"wb_protected":true}}
{"address":"0x10197f598", "type":"IMEMO", "slot_size":40, "class":"0x103a1e920", "imemo_type":"ment", "references":["0x10197f5c0"], "memsize":48, "flags":{"wb_protected":true}}
{"address":"0x10197f5c0", "type":"IMEMO", "slot_size":40, "imemo_type":"ment", "references":["0x1039fee40"], "memsize":48, "flags":{"wb_protected":true}}
{"address":"0x10197f5e8", "type":"IMEMO", "slot_size":40, "class":"0x103a1e920", "imemo_type":"ment", "references":["0x10197f610"], "memsize":48, "flags":{"wb_protected":true}}
{"address":"0x10197f610", "type":"IMEMO", "slot_size":40, "imemo_type":"ment", "references":["0x1039fee40"], "memsize":48, "flags":{"wb_protected":true}}
{"address":"0x10197f638", "type":"IMEMO", "slot_size":40, "class":"0x103a1e920", "imemo_type":"ment", "references":["0x10197f660"], "memsize":48, "flags":{"wb_protected":true}}
{"address":"0x10197f660", "type":"IMEMO", "slot_size":40, "imemo_type":"ment", "references":["0x1039fee40"], "memsize":48, "flags":{"wb_protected":true}}
{"address":"0x10197f688", "type":"IMEMO", "slot_size":40, "class":"0x103a1e920", "imemo_type":"ment", "references":["0x10197f6b0"], "memsize":48, "flags":{"wb_protected":true}}
{"address":"0x10197f6b0", "type":"IMEMO", "slot_size":40, "imemo_type":"ment", "references":["0x1039fee40"], "memsize":48, "flags":{"wb_protected":true}}
{"address":"0x10197f6d8", "type":"IMEMO", "slot_size":40, "class":"0x103a1e920", "imemo_type":"ment", "references":["0x10197f700"], "memsize":48, "flags":{"wb_protected":true}}
{"address":"0x10197f700", "type":"IMEMO", "slot_size":40, "imemo_type":"ment", "references":["0x1039fee40"], "memsize":48, "flags":{"wb_protected":true}}
{"address":"0x10197f728", "type":"STRING", "slot_size":40, "class":"0x1039feda0", "frozen":true, "embedded":true, "fstring":true, "bytesize":15, "value":"_enumerable_zip", "encoding":"US-ASCII", "memsize":40, "flags":{"wb_protected":true}}
{"address":"0x10197f750", "type":"IMEMO", "slot_size":40, "class":"0x103a1e920", "imemo_type":"ment", "references":["0x10197f778"], "memsize":48, "flags":{"wb_protected":true}}
{"address":"0x10197f778", "type":"IMEMO", "slot_size":40, "imemo_type":"ment", "references":["0x1039fee40"], "memsize":48, "flags":{"wb_protected":true}}
{"address":"0x10197f7a0", "type":"IMEMO", "slot_size":40, "class":"0x103a1e920", "imemo_type":"ment", "references":["0x10197f7c8"], "memsize":48, "flags":{"wb_protected":true}}
{"address":"0x10197f7c8", "type":"IMEMO", "slot_size":40, "imemo_type":"ment", "references":["0x1039fee40"], "memsize":48, "flags":{"wb_protected":true}}
{"address":"0x10197f7f0", "type":"IMEMO", "slot_size":40, "class":"0x103a1e920", "imemo_type":"ment", "references":["0x10197f818"], "memsize":48, "flags":{"wb_protected":true}}
{"address":"0x10197f818", "type":"IMEMO", "slot_size":40, "imemo_type":"ment", "references":["0x1039fee40"], "memsize":48, "flags":{"wb_protected":true}}
{"address":"0x10197f840", "type":"IMEMO", "slot_size":40, "class":"0x103a1e920", "imemo_type":"ment", "references":["0x10197f868"], "memsize":48, "flags":{"wb_protected":true}}
{"address":"0x10197f868", "type":"IMEMO", "slot_size":40, "imemo_type":"ment", "references":["0x1039fee40"], "memsize":48, "flags":{"wb_protected":true}}
{"address":"0x10197f890", "type":"IMEMO", "slot_size":40, "class":"0x103a1e920", "imemo_type":"ment", "references":["0x10197f8b8"], "memsize":48, "flags":{"wb_protected":true}}
{"address":"0x10197f8b8", "type":"IMEMO", "slot_size":40, "imemo_type":"ment", "references":["0x1039fee40"], "memsize":48, "flags":{"wb_protected":true}}
{"address":"0x10197f8e0", "type":"IMEMO", "slot_size":40, "class":"0x103a1e920", "imemo_type":"ment", "references":["0x10197f908"], "memsize":48, "flags":{"wb_protected":true}}
{"address":"0x10197f908", "type":"IMEMO", "slot_size":40, "imemo_type":"ment", "references":["0x1039fee40"], "memsize":48, "flags":{"wb_protected":true}}
{"address":"0x10197f930", "type":"IMEMO", "slot_size":40, "class":"0x103a1e920", "imemo_type":"ment", "references":["0x10197f958"], "memsize":48, "flags":{"wb_protected":true}}
{"address":"0x10197f958", "type":"IMEMO", "slot_size":40, "imemo_type":"ment", "references":["0x1039fee40"], "memsize":48, "flags":{"wb_protected":true}}
{"address":"0x10197f980", "type":"IMEMO", "slot_size":40, "class":"0x103a1e920", "imemo_type":"ment", "references":["0x10197f9a8"], "memsize":48, "flags":{"wb_protected":true}}
{"address":"0x10197f9a8", "type":"IMEMO", "slot_size":40, "imemo_type":"ment", "references":["0x1039fee40"], "memsize":48, "flags":{"wb_protected":true}}
{"address":"0x10197f9d0", "type":"IMEMO", "slot_size":40, "class":"0x103a1e920", "imemo_type":"ment", "references":["0x10197f9f8"], "memsize":48, "flags":{"wb_protected":true}}
{"address":"0x10197f9f8", "type":"IMEMO", "slot_size":40, "imemo_type":"ment", "references":["0x1039fee40"], "memsize":48, "flags":{"wb_protected":true}}
{"address":"0x10197fa20", "type":"IMEMO", "slot_size":40, "class":"0x103a1e920", "imemo_type":"ment", "references":["0x10197fa48"], "memsize":48, "flags":{"wb_protected":true}}
{"address":"0x10197fa48", "type":"IMEMO", "slot_size":40, "imemo_type":"ment", "references":["0x1039fee40"], "memsize":48, "flags":{"wb_protected":true}}
{"address":"0x10197fa70", "type":"IMEMO", "slot_size":40, "class":"0x103a1e920", "imemo_type":"ment", "references":["0x10197fa98"], "memsize":48, "flags":{"wb_protected":true}}
{"address":"0x10197fa98", "type":"IMEMO", "slot_size":40, "imemo_type":"ment", "references":["0x1039fee40"], "memsize":48, "flags":{"wb_protected":true}}
{"address":"0x10197fac0", "type":"STRING", "slot_size":40, "class":"0x1039feda0", "frozen":true, "embedded":true, "fstring":true, "bytesize":15, "value":"_enumerable_map", "encoding":"US-ASCII", "memsize":40, "flags":{"wb_protected":true}}
{"address":"0x10197fae8", "type":"IMEMO", "slot_size":40, "imemo_type":"ment", "references":["0x1039fee40"], "memsize":48, "flags":{"wb_protected":true}}
{"address":"0x10197fb10", "type":"STRING", "slot_size":40, "class":"0x1039feda0", "frozen":true, "embedded":true, "fstring":true, "bytesize":4, "value":"lazy", "encoding":"US-ASCII", "memsize":40, "flags":{"wb_protected":true}}
{"address":"0x10197fb38", "type":"IMEMO", "slot_size":40, "class":"0x103a1ea60", "imemo_type":"callcache", "references":["0x1019be888"], "memsize":40, "flags":{"wb_protected":true}}
{"address":"0x10197fb60", "type":"STRING", "slot_size":40, "class":"0x1039feda0", "bytesize":16, "capacity":31, "value":"Enumerator::Lazy", "encoding":"US-ASCII", "memsize":72, "flags":{"wb_protected":true}}
{"address":"0x10197fb88", "type":"STRING", "slot_size":40, "class":"0x1039feda0", "frozen":true, "embedded":true, "fstring":true, "bytesize":4, "value":"Lazy", "encoding":"US-ASCII", "memsize":40, "flags":{"wb_protected":true}}
{"address":"0x10197fbb0", "type":"IMEMO", "slot_size":40, "imemo_type":"ment", "references":["0x1039fee40"], "memsize":48, "flags":{"wb_protected":true}}
{"address":"0x10197fbd8", "type":"STRING", "slot_size":40, "class":"0x1039feda0", "frozen":true, "embedded":true, "fstring":true, "bytesize":5, "value":"chain", "encoding":"US-ASCII", "memsize":40, "flags":{"wb_protected":true}}
{"address":"0x10197fc00", "type":"IMEMO", "slot_size":40, "class":"0x103a1eb00", "imemo_type":"ment", "memsize":48, "flags":{"wb_protected":true}}
{"address":"0x10197fc28", "type":"IMEMO", "slot_size":40, "class":"0x103a1eb00", "imemo_type":"ment", "memsize":48, "flags":{"wb_protected":true}}
{"address":"0x10197fc50", "type":"IMEMO", "slot_size":40, "class":"0x103a1eb00", "imemo_type":"ment", "memsize":48, "flags":{"wb_protected":true}}
{"address":"0x10197fc78", "type":"IMEMO", "slot_size":40, "class":"0x103a1eb00", "imemo_type":"ment", "memsize":48, "flags":{"wb_protected":true}}
{"address":"0x10197fca0", "type":"IMEMO", "slot_size":40, "class":"0x103a1eb00", "imemo_type":"ment", "memsize":48, "flags":{"wb_protected":true}}
{"address":"0x10197fcc8", "type":"STRING", "slot_size":40, "class":"0x1039feda0", "frozen":true, "embedded":true, "fstring":true, "bytesize":4, "value":"feed", "encoding":"US-ASCII", "memsize":40, "flags":{"wb_protected":true}}
{"address":"0x10197fcf0", "type":"IMEMO", "slot_size":40, "class":"0x103a1eb00", "imemo_type":"ment", "memsize":48, "flags":{"wb_protected":true}}
{"address":"0x10197fd18", "type":"STRING", "slot_size":40, "class":"0x1039feda0", "frozen":true, "embedded":true, "fstring":true, "bytesize":4, "value":"peek", "encoding":"US-ASCII", "memsize":40, "flags":{"wb_protected":true}}
{"address":"0x10197fd40", "type":"IMEMO", "slot_size":40, "class":"0x103a1eb00", "imemo_type":"ment", "memsize":48, "flags":{"wb_protected":true}}
{"address":"0x10197fd68", "type":"IMEMO", "slot_size":40, "class":"0x103a1eb00", "imemo_type":"ment", "memsize":48, "flags":{"wb_protected":true}}
{"address":"0x10197fd90", "type":"STRING", "slot_size":40, "class":"0x1039feda0", "frozen":true, "embedded":true, "fstring":true, "bytesize":11, "value":"peek_values", "encoding":"US-ASCII", "memsize":40, "flags":{"wb_protected":true}}
{"address":"0x10197fdb8", "type":"IMEMO", "slot_size":40, "class":"0x103a1eb00", "imemo_type":"ment", "memsize":48, "flags":{"wb_protected":true}}
{"address":"0x10197fde0", "type":"STRING", "slot_size":40, "class":"0x1039feda0", "frozen":true, "embedded":true, "fstring":true, "bytesize":11, "value":"next_values", "encoding":"US-ASCII", "memsize":40, "flags":{"wb_protected":true}}
{"address":"0x10197fe08", "type":"IMEMO", "slot_size":40, "class":"0x103a1eb00", "imemo_type":"ment", "memsize":48, "flags":{"wb_protected":true}}
{"address":"0x10197fe30", "type":"STRING", "slot_size":40, "class":"0x1039feda0", "frozen":true, "embedded":true, "fstring":true, "bytesize":11, "value":"with_object", "encoding":"US-ASCII", "memsize":40, "flags":{"wb_protected":true}}
{"address":"0x10197fe58", "type":"IMEMO", "slot_size":40, "class":"0x103a1eb00", "imemo_type":"ment", "memsize":48, "flags":{"wb_protected":true}}
{"address":"0x10197fe80", "type":"STRING", "slot_size":40, "class":"0x1039feda0", "frozen":true, "embedded":true, "fstring":true, "bytesize":10, "value":"with_index", "encoding":"US-ASCII", "memsize":40, "flags":{"wb_protected":true}}
{"address":"0x10197fea8", "type":"IMEMO", "slot_size":40, "class":"0x103a1eb00", "imemo_type":"ment", "memsize":48, "flags":{"wb_protected":true}}
{"address":"0x10197fed0", "type":"IMEMO", "slot_size":40, "class":"0x103a1eb00", "imemo_type":"ment", "memsize":48, "flags":{"wb_protected":true}}
{"address":"0x10197fef8", "type":"IMEMO", "slot_size":40, "class":"0x103a1eb00", "imemo_type":"ment", "memsize":48, "flags":{"wb_protected":true}}
{"address":"0x10197ff20", "type":"IMEMO", "slot_size":40, "class":"0x103a1eb00", "imemo_type":"ment", "memsize":48, "flags":{"wb_protected":true}}
{"address":"0x10197ff48", "type":"IMEMO", "slot_size":40, "class":"0x103a1eb00", "imemo_type":"ment", "memsize":48, "flags":{"wb_protected":true}}
{"address":"0x10197ff70", "type":"STRING", "slot_size":40, "class":"0x1039feda0", "frozen":true, "embedded":true, "fstring":true, "bytesize":10, "value":"Enumerator", "encoding":"US-ASCII", "memsize":40, "flags":{"wb_protected":true}}
{"address":"0x10197ff98", "type":"IMEMO", "slot_size":40, "imemo_type":"ment", "references":["0x1039ff8e0"], "memsize":48, "flags":{"wb_protected":true}}
{"address":"0x10197ffc0", "type":"STRING", "slot_size":40, "class":"0x1039feda0", "frozen":true, "embedded":true, "fstring":true, "bytesize":8, "value":"enum_for", "encoding":"US-ASCII", "memsize":40, "flags":{"wb_protected":true}}
{"address":"0x101990028", "type":"IMEMO", "slot_size":40, "imemo_type":"ment", "references":["0x1039ff8e0"], "memsize":48, "flags":{"wb_protected":true}}
{"address":"0x101990050", "type":"STRING", "slot_size":40, "class":"0x1039feda0", "frozen":true, "embedded":true, "fstring":true, "bytesize":11, "value":"exclude_end", "encoding":"US-ASCII", "memsize":40, "flags":{"wb_protected":true}}
{"address":"0x101990078", "type":"STRING", "slot_size":40, "class":"0x1039feda0", "frozen":true, "embedded":true, "fstring":true, "bytesize":7, "value":"to_enum", "encoding":"US-ASCII", "memsize":40, "flags":{"wb_protected":true}}
{"address":"0x1019900a0", "type":"STRING", "slot_size":40, "class":"0x1039feda0", "frozen":true, "embedded":true, "fstring":true, "bytesize":5, "value":"force", "encoding":"US-ASCII", "memsize":40, "flags":{"wb_protected":true}}
{"address":"0x1019900c8", "type":"STRING", "slot_size":40, "class":"0x1039feda0", "frozen":true, "embedded":true, "fstring":true, "bytesize":4, "value":"memo", "encoding":"US-ASCII", "memsize":40, "flags":{"wb_protected":true}}
{"address":"0x1019900f0", "type":"STRING", "slot_size":40, "class":"0x1039feda0", "frozen":true, "embedded":true, "fstring":true, "bytesize":9, "value":"arguments", "encoding":"US-ASCII", "memsize":40, "flags":{"wb_protected":true}}
{"address":"0x101990118", "type":"STRING", "slot_size":40, "class":"0x1039feda0", "frozen":true, "fstring":true, "bytesize":20, "value":"GC_ENABLE_LAZY_SWEEP", "encoding":"US-ASCII", "memsize":40, "flags":{"wb_protected":true}}
{"address":"0x101990140", "type":"STRING", "slot_size":40, "class":"0x1039feda0", "frozen":true, "fstring":true, "bytesize":25, "value":"RGENGC_ESTIMATE_OLDMALLOC", "encoding":"US-ASCII", "memsize":40, "flags":{"wb_protected":true}}
{"address":"0x101990168", "type":"STRING", "slot_size":40, "class":"0x1039feda0", "frozen":true, "fstring":true, "bytesize":12, "value":"RGENGC_DEBUG", "encoding":"US-ASCII", "memsize":40, "flags":{"wb_protected":true}}
{"address":"0x101990190", "type":"STRING", "slot_size":40, "class":"0x1039feda0", "frozen":true, "fstring":true, "bytesize":10, "value":"USE_RGENGC", "encoding":"US-ASCII", "memsize":40, "flags":{"wb_protected":true}}
{"address":"0x1019901b8", "type":"STRING", "slot_size":40, "class":"0x1039feda0", "frozen":true, "embedded":true, "fstring":true, "bytesize":4, "value":"OPTS", "encoding":"US-ASCII", "memsize":40, "flags":{"wb_protected":true}}
{"address":"0x1019901e0", "type":"ARRAY", "slot_size":40, "class":"0x1039f3540", "frozen":true, "length":4, "references":["0x101990190", "0x101990168", "0x101990140", "0x101990118"], "memsize":200, "flags":{"wb_protected":true}}
{"address":"0x101990208", "type":"IMEMO", "slot_size":40, "class":"0x103a1eba0", "imemo_type":"ment", "memsize":48, "flags":{"wb_protected":true}}
{"address":"0x101990230", "type":"IMEMO", "slot_size":40, "class":"0x103a1eba0", "imemo_type":"ment", "memsize":48, "flags":{"wb_protected":true}}
{"address":"0x101990258", "type":"IMEMO", "slot_size":40, "class":"0x103a1ed80", "imemo_type":"ment", "memsize":48, "flags":{"wb_protected":true}}
{"address":"0x101990280", "type":"IMEMO", "slot_size":40, "class":"0x103a1ed80", "imemo_type":"ment", "memsize":48, "flags":{"wb_protected":true}}
{"address":"0x1019902a8", "type":"IMEMO", "slot_size":40, "class":"0x103a1ed80", "imemo_type":"ment", "memsize":48, "flags":{"wb_protected":true}}
{"address":"0x1019902d0", "type":"IMEMO", "slot_size":40, "class":"0x103a1ed80", "imemo_type":"ment", "memsize":48, "flags":{"wb_protected":true}}
{"address":"0x1019902f8", "type":"IMEMO", "slot_size":40, "class":"0x103a1ed80", "imemo_type":"ment", "memsize":48, "flags":{"wb_protected":true}}
{"address":"0x101990320", "type":"IMEMO", "slot_size":40, "class":"0x103a1ed80", "imemo_type":"ment", "memsize":48, "flags":{"wb_protected":true}}
{"address":"0x101990348", "type":"IMEMO", "slot_size":40, "class":"0x103a1ed80", "imemo_type":"ment", "memsize":48, "flags":{"wb_protected":true}}
{"address":"0x101990370", "type":"IMEMO", "slot_size":40, "class":"0x103a1ed80", "imemo_type":"ment", "memsize":48, "flags":{"wb_protected":true}}
{"address":"0x101990398", "type":"IMEMO", "slot_size":40, "class":"0x103a1ed80", "imemo_type":"ment", "memsize":48, "flags":{"wb_protected":true}}
{"address":"0x1019903c0", "type":"IMEMO", "slot_size":40, "class":"0x103a1ed80", "imemo_type":"ment", "memsize":48, "flags":{"wb_protected":true}}
{"address":"0x1019903e8", "type":"IMEMO", "slot_size":40, "class":"0x103a1ed80", "imemo_type":"ment", "memsize":48, "flags":{"wb_protected":true}}
{"address":"0x101990410", "type":"IMEMO", "slot_size":40, "class":"0x103a1ed80", "imemo_type":"ment", "memsize":48, "flags":{"wb_protected":true}}
{"address":"0x101990438", "type":"IMEMO", "slot_size":40, "class":"0x103a1ed80", "imemo_type":"ment", "memsize":48, "flags":{"wb_protected":true}}
{"address":"0x101990460", "type":"IMEMO", "slot_size":40, "class":"0x103a1ed80", "imemo_type":"ment", "memsize":48, "flags":{"wb_protected":true}}
{"address":"0x101990488", "type":"STRING", "slot_size":40, "class":"0x1039feda0", "bytesize":20, "capacity":31, "value":"ObjectSpace::WeakMap", "encoding":"US-ASCII", "memsize":72, "flags":{"wb_protected":true}}
{"address":"0x1019904b0", "type":"STRING", "slot_size":40, "class":"0x1039feda0", "frozen":true, "embedded":true, "fstring":true, "bytesize":7, "value":"WeakMap", "encoding":"US-ASCII", "memsize":40, "flags":{"wb_protected":true}}
{"address":"0x1019904d8", "type":"IMEMO", "slot_size":40, "class":"0x103a1ee20", "imemo_type":"ment", "memsize":48, "flags":{"wb_protected":true}}
{"address":"0x101990500", "type":"IMEMO", "slot_size":40, "imemo_type":"ment", "references":["0x103a1eec0"], "memsize":48, "flags":{"wb_protected":true}}
{"address":"0x101990528", "type":"STRING", "slot_size":40, "class":"0x1039feda0", "frozen":true, "embedded":true, "fstring":true, "bytesize":11, "value":"shape_count", "encoding":"US-ASCII", "memsize":40, "flags":{"wb_protected":true}}
{"address":"0x101990550", "type":"IMEMO", "slot_size":40, "class":"0x103a1ee20", "imemo_type":"ment", "memsize":48, "flags":{"wb_protected":true}}
{"address":"0x101990578", "type":"IMEMO", "slot_size":40, "imemo_type":"ment", "references":["0x103a1eec0"], "memsize":48, "flags":{"wb_protected":true}}
{"address":"0x1019905a0", "type":"IMEMO", "slot_size":40, "class":"0x103a1ee20", "imemo_type":"ment", "memsize":48, "flags":{"wb_protected":true}}
{"address":"0x1019905c8", "type":"IMEMO", "slot_size":40, "imemo_type":"ment", "references":["0x103a1eec0"], "memsize":48, "flags":{"wb_protected":true}}
{"address":"0x1019905f0", "type":"STRING", "slot_size":40, "class":"0x1039feda0", "frozen":true, "embedded":true, "fstring":true, "bytesize":8, "value":"shape_id", "encoding":"US-ASCII", "memsize":40, "flags":{"wb_protected":true}}
{"address":"0x101990618", "type":"IMEMO", "slot_size":40, "class":"0x103a1ee20", "imemo_type":"ment", "memsize":48, "flags":{"wb_protected":true}}
{"address":"0x101990640", "type":"IMEMO", "slot_size":40, "imemo_type":"ment", "references":["0x103a1eec0"], "memsize":48, "flags":{"wb_protected":true}}
{"address":"0x101990668", "type":"STRING", "slot_size":40, "class":"0x1039feda0", "frozen":true, "embedded":true, "fstring":true, "bytesize":13, "value":"count_objects", "encoding":"US-ASCII", "memsize":40, "flags":{"wb_protected":true}}
{"address":"0x101990690", "type":"IMEMO", "slot_size":40, "imemo_type":"ment", "references":["0x1039ff8e0"], "memsize":48, "flags":{"wb_protected":true}}
{"address":"0x1019906b8", "type":"IMEMO", "slot_size":40, "class":"0x1039fff20", "imemo_type":"ment", "memsize":48, "flags":{"wb_protected":true}}
{"address":"0x1019906e0", "type":"STRING", "slot_size":40, "class":"0x1039feda0", "frozen":true, "embedded":true, "fstring":true, "bytesize":6, "value":"__id__", "encoding":"US-ASCII", "memsize":40, "flags":{"wb_protected":true}}
{"address":"0x101990708", "type":"IMEMO", "slot_size":40, "class":"0x1039fce60", "imemo_type":"callcache", "references":["0x101993200"], "memsize":40, "flags":{"wb_protected":true}}
{"address":"0x101990730", "type":"OBJECT", "slot_size":40, "class":"0x1039fce60", "frozen":true, "ivars":3, "references":["0x101990758"], "memsize":40, "flags":{"wb_protected":true}}
{"address":"0x101990758", "type":"STRING", "slot_size":40, "class":"0x1039feda0", "frozen":true, "bytesize":25, "value":"failed to allocate memory", "encoding":"US-ASCII", "memsize":40, "flags":{"wb_protected":true}}
{"address":"0x101990780", "type":"IMEMO", "slot_size":40, "class":"0x103a1ee20", "imemo_type":"ment", "memsize":48, "flags":{"wb_protected":true}}
{"address":"0x1019907a8", "type":"IMEMO", "slot_size":40, "imemo_type":"ment", "references":["0x103a1eec0"], "memsize":48, "flags":{"wb_protected":true}}
{"address":"0x1019907d0", "type":"STRING", "slot_size":40, "class":"0x1039feda0", "frozen":true, "embedded":true, "fstring":true, "bytesize":7, "value":"_id2ref", "encoding":"US-ASCII", "memsize":40, "flags":{"wb_protected":true}}
{"address":"0x1019907f8", "type":"IMEMO", "slot_size":40, "class":"0x103a1ee20", "imemo_type":"ment", "memsize":48, "flags":{"wb_protected":true}}
{"address":"0x101990820", "type":"IMEMO", "slot_size":40, "imemo_type":"ment", "references":["0x103a1eec0"], "memsize":48, "flags":{"wb_protected":true}}
{"address":"0x101990848", "type":"IMEMO", "slot_size":40, "class":"0x103a1ee20", "imemo_type":"ment", "memsize":48, "flags":{"wb_protected":true}}
{"address":"0x101990870", "type":"IMEMO", "slot_size":40, "imemo_type":"ment", "references":["0x103a1eec0"], "memsize":48, "flags":{"wb_protected":true}}
{"address":"0x101990898", "type":"IMEMO", "slot_size":40, "class":"0x103a1ee20", "imemo_type":"ment", "memsize":48, "flags":{"wb_protected":true}}
{"address":"0x1019908c0", "type":"IMEMO", "slot_size":40, "imemo_type":"ment", "references":["0x103a1eec0"], "memsize":48, "flags":{"wb_protected":true}}
{"address":"0x1019908e8", "type":"STRING", "slot_size":40, "class":"0x1039feda0", "frozen":true, "embedded":true, "fstring":true, "bytesize":11, "value":"each_object", "encoding":"US-ASCII", "memsize":40, "flags":{"wb_protected":true}}
{"address":"0x101990910", "type":"STRING", "slot_size":40, "class":"0x1039feda0", "frozen":true, "embedded":true, "fstring":true, "bytesize":11, "value":"ObjectSpace", "encoding":"US-ASCII", "memsize":40, "flags":{"wb_protected":true}}
{"address":"0x101990938", "type":"IMEMO", "slot_size":40, "class":"0x103a1ef60", "imemo_type":"ment", "memsize":48, "flags":{"wb_protected":true}}
{"address":"0x101990960", "type":"STRING", "slot_size":40, "class":"0x1039feda0", "frozen":true, "embedded":true, "fstring":true, "bytesize":10, "value":"total_time", "encoding":"US-ASCII", "memsize":40, "flags":{"wb_protected":true}}
{"address":"0x101990988", "type":"IMEMO", "slot_size":40, "class":"0x103a1ef60", "imemo_type":"ment", "memsize":48, "flags":{"wb_protected":true}}
{"address":"0x1019909b0", "type":"STRING", "slot_size":40, "class":"0x1039feda0", "frozen":true, "embedded":true, "fstring":true, "bytesize":6, "value":"report", "encoding":"US-ASCII", "memsize":40, "flags":{"wb_protected":true}}
{"address":"0x1019909d8", "type":"IMEMO", "slot_size":40, "class":"0x103a1ef60", "imemo_type":"ment", "memsize":48, "flags":{"wb_protected":true}}
{"address":"0x101990a00", "type":"IMEMO", "slot_size":40, "class":"0x103a1ef60", "imemo_type":"ment", "memsize":48, "flags":{"wb_protected":true}}
{"address":"0x101990a28", "type":"IMEMO", "slot_size":40, "class":"0x103a1ef60", "imemo_type":"ment", "memsize":48, "flags":{"wb_protected":true}}
{"address":"0x101990a50", "type":"STRING", "slot_size":40, "class":"0x1039feda0", "frozen":true, "embedded":true, "fstring":true, "bytesize":7, "value":"disable", "encoding":"US-ASCII", "memsize":40, "flags":{"wb_protected":true}}
{"address":"0x101990a78", "type":"IMEMO", "slot_size":40, "class":"0x103a1ef60", "imemo_type":"ment", "memsize":48, "flags":{"wb_protected":true}}
{"address":"0x101990aa0", "type":"STRING", "slot_size":40, "class":"0x1039feda0", "frozen":true, "embedded":true, "fstring":true, "bytesize":8, "value":"raw_data", "encoding":"US-ASCII", "memsize":40, "flags":{"wb_protected":true}}
{"address":"0x101990ac8", "type":"IMEMO", "slot_size":40, "class":"0x103a1ef60", "imemo_type":"ment", "memsize":48, "flags":{"wb_protected":true}}
{"address":"0x101990af0", "type":"STRING", "slot_size":40, "class":"0x1039feda0", "frozen":true, "embedded":true, "fstring":true, "bytesize":6, "value":"enable", "encoding":"US-ASCII", "memsize":40, "flags":{"wb_protected":true}}
{"address":"0x101990b18", "type":"IMEMO", "slot_size":40, "class":"0x103a1ef60", "imemo_type":"ment", "memsize":48, "flags":{"wb_protected":true}}
{"address":"0x101990b40", "type":"STRING", "slot_size":40, "class":"0x1039feda0", "frozen":true, "embedded":true, "fstring":true, "bytesize":8, "value":"enabled?", "encoding":"US-ASCII", "memsize":40, "flags":{"wb_protected":true}}
{"address":"0x101990b68", "type":"STRING", "slot_size":40, "class":"0x1039feda0", "embedded":true, "bytesize":12, "value":"GC::Profiler", "encoding":"US-ASCII", "memsize":40, "flags":{"wb_protected":true}}
{"address":"0x101990b90", "type":"STRING", "slot_size":40, "class":"0x1039feda0", "frozen":true, "embedded":true, "fstring":true, "bytesize":12, "value":"GC::Profiler", "encoding":"US-ASCII", "memsize":40, "flags":{"wb_protected":true}}
{"address":"0x101990bb8", "type":"STRING", "slot_size":40, "class":"0x1039feda0", "embedded":true, "bytesize":12, "value":"GC::Profiler", "encoding":"US-ASCII", "memsize":40, "flags":{"wb_protected":true}}
{"address":"0x101990be0", "type":"STRING", "slot_size":40, "class":"0x1039feda0", "frozen":true, "embedded":true, "fstring":true, "bytesize":8, "value":"Profiler", "encoding":"US-ASCII", "memsize":40, "flags":{"wb_protected":true}}
{"address":"0x101990c08", "type":"STRING", "slot_size":40, "class":"0x1039feda0", "frozen":true, "embedded":true, "fstring":true, "bytesize":15, "value":"SIZE_POOL_COUNT", "encoding":"US-ASCII", "memsize":40, "flags":{"wb_protected":true}}
{"address":"0x101990c30", "type":"STRING", "slot_size":40, "class":"0x1039feda0", "frozen":true, "embedded":true, "fstring":true, "bytesize":14, "value":"HEAP_PAGE_SIZE", "encoding":"US-ASCII", "memsize":40, "flags":{"wb_protected":true}}
{"address":"0x101990c58", "type":"STRING", "slot_size":40, "class":"0x1039feda0", "frozen":true, "embedded":true, "fstring":true, "bytesize":11, "value":"RVALUE_SIZE", "encoding":"US-ASCII", "memsize":40, "flags":{"wb_protected":true}}
{"address":"0x101990c80", "type":"STRING", "slot_size":40, "class":"0x1039feda0", "frozen":true, "embedded":true, "fstring":true, "bytesize":14, "value":"BASE_SLOT_SIZE", "encoding":"US-ASCII", "memsize":40, "flags":{"wb_protected":true}}
{"address":"0x101990ca8", "type":"STRING", "slot_size":40, "class":"0x1039feda0", "frozen":true, "embedded":true, "fstring":true, "bytesize":5, "value":"DEBUG", "encoding":"US-ASCII", "memsize":40, "flags":{"wb_protected":true}}
{"address":"0x101990cd0", "type":"HASH", "slot_size":40, "class":"0x1039f3360", "frozen":true, "size":8, "memsize":168, "flags":{"wb_protected":true}}
{"address":"0x101990cf8", "type":"STRING", "slot_size":40, "class":"0x1039feda0", "frozen":true, "embedded":true, "fstring":true, "bytesize":2, "value":"GC", "encoding":"US-ASCII", "memsize":40, "flags":{"wb_protected":true}}
{"address":"0x101990d20", "type":"IMEMO", "slot_size":40, "class":"0x103a1f140", "imemo_type":"ment", "memsize":48, "flags":{"wb_protected":true}}
{"address":"0x101990d48", "type":"IMEMO", "slot_size":40, "imemo_type":"ment", "references":["0x103a1f320"], "memsize":48, "flags":{"wb_protected":true}}
{"address":"0x101990d70", "type":"STRING", "slot_size":40, "class":"0x1039feda0", "frozen":true, "embedded":true, "fstring":true, "bytesize":6, "value":"lgamma", "encoding":"US-ASCII", "memsize":40, "flags":{"wb_protected":true}}
{"address":"0x101990d98", "type":"IMEMO", "slot_size":40, "class":"0x103a1f140", "imemo_type":"ment", "memsize":48, "flags":{"wb_protected":true}}
{"address":"0x101990dc0", "type":"IMEMO", "slot_size":40, "imemo_type":"ment", "references":["0x103a1f320"], "memsize":48, "flags":{"wb_protected":true}}
{"address":"0x101990de8", "type":"STRING", "slot_size":40, "class":"0x1039feda0", "frozen":true, "embedded":true, "fstring":true, "bytesize":5, "value":"gamma", "encoding":"US-ASCII", "memsize":40, "flags":{"wb_protected":true}}
{"address":"0x101990e10", "type":"IMEMO", "slot_size":40, "class":"0x103a1f140", "imemo_type":"ment", "memsize":48, "flags":{"wb_protected":true}}
{"address":"0x101990e38", "type":"IMEMO", "slot_size":40, "imemo_type":"ment", "references":["0x103a1f320"], "memsize":48, "flags":{"wb_protected":true}}
{"address":"0x101990e60", "type":"STRING", "slot_size":40, "class":"0x1039feda0", "frozen":true, "embedded":true, "fstring":true, "bytesize":4, "value":"erfc", "encoding":"US-ASCII", "memsize":40, "flags":{"wb_protected":true}}
{"address":"0x101990e88", "type":"IMEMO", "slot_size":40, "class":"0x103a1f140", "imemo_type":"ment", "memsize":48, "flags":{"wb_protected":true}}
{"address":"0x101990eb0", "type":"IMEMO", "slot_size":40, "imemo_type":"ment", "references":["0x103a1f320"], "memsize":48, "flags":{"wb_protected":true}}
{"address":"0x101990ed8", "type":"STRING", "slot_size":40, "class":"0x1039feda0", "frozen":true, "embedded":true, "fstring":true, "bytesize":3, "value":"erf", "encoding":"US-ASCII", "memsize":40, "flags":{"wb_protected":true}}
{"address":"0x101990f00", "type":"IMEMO", "slot_size":40, "class":"0x103a1f140", "imemo_type":"ment", "memsize":48, "flags":{"wb_protected":true}}
{"address":"0x101990f28", "type":"IMEMO", "slot_size":40, "imemo_type":"ment", "references":["0x103a1f320"], "memsize":48, "flags":{"wb_protected":true}}
{"address":"0x101990f50", "type":"STRING", "slot_size":40, "class":"0x1039feda0", "frozen":true, "embedded":true, "fstring":true, "bytesize":5, "value":"hypot", "encoding":"US-ASCII", "memsize":40, "flags":{"wb_protected":true}}
{"address":"0x101990f78", "type":"IMEMO", "slot_size":40, "class":"0x103a1f140", "imemo_type":"ment", "memsize":48, "flags":{"wb_protected":true}}
{"address":"0x101990fa0", "type":"IMEMO", "slot_size":40, "imemo_type":"ment", "references":["0x103a1f320"], "memsize":48, "flags":{"wb_protected":true}}
{"address":"0x101990fc8", "type":"STRING", "slot_size":40, "class":"0x1039feda0", "frozen":true, "embedded":true, "fstring":true, "bytesize":5, "value":"ldexp", "encoding":"US-ASCII", "memsize":40, "flags":{"wb_protected":true}}
{"address":"0x101990ff0", "type":"IMEMO", "slot_size":40, "class":"0x103a1f140", "imemo_type":"ment", "memsize":48, "flags":{"wb_protected":true}}
{"address":"0x101991018", "type":"IMEMO", "slot_size":40, "imemo_type":"ment", "references":["0x103a1f320"], "memsize":48, "flags":{"wb_protected":true}}
{"address":"0x101991040", "type":"STRING", "slot_size":40, "class":"0x1039feda0", "frozen":true, "embedded":true, "fstring":true, "bytesize":5, "value":"frexp", "encoding":"US-ASCII", "memsize":40, "flags":{"wb_protected":true}}
{"address":"0x101991068", "type":"IMEMO", "slot_size":40, "class":"0x103a1f140", "imemo_type":"ment", "memsize":48, "flags":{"wb_protected":true}}
{"address":"0x101991090", "type":"IMEMO", "slot_size":40, "imemo_type":"ment", "references":["0x103a1f320"], "memsize":48, "flags":{"wb_protected":true}}
{"address":"0x1019910b8", "type":"STRING", "slot_size":40, "class":"0x1039feda0", "frozen":true, "embedded":true, "fstring":true, "bytesize":4, "value":"cbrt", "encoding":"US-ASCII", "memsize":40, "flags":{"wb_protected":true}}
{"address":"0x1019910e0", "type":"IMEMO", "slot_size":40, "class":"0x103a1f140", "imemo_type":"ment", "memsize":48, "flags":{"wb_protected":true}}
{"address":"0x101991108", "type":"IMEMO", "slot_size":40, "imemo_type":"ment", "references":["0x103a1f320"], "memsize":48, "flags":{"wb_protected":true}}
{"address":"0x101991130", "type":"IMEMO", "slot_size":40, "class":"0x103a1f140", "imemo_type":"ment", "memsize":48, "flags":{"wb_protected":true}}
{"address":"0x101991158", "type":"IMEMO", "slot_size":40, "imemo_type":"ment", "references":["0x103a1f320"], "memsize":48, "flags":{"wb_protected":true}}
{"address":"0x101991180", "type":"STRING", "slot_size":40, "class":"0x1039feda0", "frozen":true, "embedded":true, "fstring":true, "bytesize":5, "value":"log10", "encoding":"US-ASCII", "memsize":40, "flags":{"wb_protected":true}}
{"address":"0x1019911a8", "type":"IMEMO", "slot_size":40, "class":"0x103a1f140", "imemo_type":"ment", "memsize":48, "flags":{"wb_protected":true}}
{"address":"0x1019911d0", "type":"IMEMO", "slot_size":40, "imemo_type":"ment", "references":["0x103a1f320"], "memsize":48, "flags":{"wb_protected":true}}
{"address":"0x1019911f8", "type":"STRING", "slot_size":40, "class":"0x1039feda0", "frozen":true, "embedded":true, "fstring":true, "bytesize":4, "value":"log2", "encoding":"US-ASCII", "memsize":40, "flags":{"wb_protected":true}}
{"address":"0x101991220", "type":"IMEMO", "slot_size":40, "class":"0x103a1f140", "imemo_type":"ment", "memsize":48, "flags":{"wb_protected":true}}
{"address":"0x101991248", "type":"IMEMO", "slot_size":40, "imemo_type":"ment", "references":["0x103a1f320"], "memsize":48, "flags":{"wb_protected":true}}
{"address":"0x101991270", "type":"STRING", "slot_size":40, "class":"0x1039feda0", "frozen":true, "embedded":true, "fstring":true, "bytesize":3, "value":"log", "encoding":"US-ASCII", "memsize":40, "flags":{"wb_protected":true}}
{"address":"0x101991298", "type":"IMEMO", "slot_size":40, "class":"0x103a1f140", "imemo_type":"ment", "memsize":48, "flags":{"wb_protected":true}}
{"address":"0x1019912c0", "type":"IMEMO", "slot_size":40, "imemo_type":"ment", "references":["0x103a1f320"], "memsize":48, "flags":{"wb_protected":true}}
{"address":"0x1019912e8", "type":"STRING", "slot_size":40, "class":"0x1039feda0", "frozen":true, "embedded":true, "fstring":true, "bytesize":3, "value":"exp", "encoding":"US-ASCII", "memsize":40, "flags":{"wb_protected":true}}
{"address":"0x101991310", "type":"IMEMO", "slot_size":40, "class":"0x103a1f140", "imemo_type":"ment", "memsize":48, "flags":{"wb_protected":true}}
{"address":"0x101991338", "type":"IMEMO", "slot_size":40, "imemo_type":"ment", "references":["0x103a1f320"], "memsize":48, "flags":{"wb_protected":true}}
{"address":"0x101991360", "type":"STRING", "slot_size":40, "class":"0x1039feda0", "frozen":true, "embedded":true, "fstring":true, "bytesize":5, "value":"atanh", "encoding":"US-ASCII", "memsize":40, "flags":{"wb_protected":true}}
{"address":"0x101991388", "type":"IMEMO", "slot_size":40, "class":"0x103a1f140", "imemo_type":"ment", "memsize":48, "flags":{"wb_protected":true}}
{"address":"0x1019913b0", "type":"IMEMO", "slot_size":40, "imemo_type":"ment", "references":["0x103a1f320"], "memsize":48, "flags":{"wb_protected":true}}
{"address":"0x1019913d8", "type":"STRING", "slot_size":40, "class":"0x1039feda0", "frozen":true, "embedded":true, "fstring":true, "bytesize":5, "value":"asinh", "encoding":"US-ASCII", "memsize":40, "flags":{"wb_protected":true}}
{"address":"0x101991400", "type":"IMEMO", "slot_size":40, "class":"0x103a1f140", "imemo_type":"ment", "memsize":48, "flags":{"wb_protected":true}}
{"address":"0x101991428", "type":"IMEMO", "slot_size":40, "imemo_type":"ment", "references":["0x103a1f320"], "memsize":48, "flags":{"wb_protected":true}}
{"address":"0x101991450", "type":"STRING", "slot_size":40, "class":"0x1039feda0", "frozen":true, "embedded":true, "fstring":true, "bytesize":5, "value":"acosh", "encoding":"US-ASCII", "memsize":40, "flags":{"wb_protected":true}}
{"address":"0x101991478", "type":"IMEMO", "slot_size":40, "class":"0x103a1f140", "imemo_type":"ment", "memsize":48, "flags":{"wb_protected":true}}
{"address":"0x1019914a0", "type":"IMEMO", "slot_size":40, "imemo_type":"ment", "references":["0x103a1f320"], "memsize":48, "flags":{"wb_protected":true}}
{"address":"0x1019914c8", "type":"STRING", "slot_size":40, "class":"0x1039feda0", "frozen":true, "embedded":true, "fstring":true, "bytesize":4, "value":"tanh", "encoding":"US-ASCII", "memsize":40, "flags":{"wb_protected":true}}
{"address":"0x1019914f0", "type":"IMEMO", "slot_size":40, "class":"0x103a1f140", "imemo_type":"ment", "memsize":48, "flags":{"wb_protected":true}}
{"address":"0x101991518", "type":"IMEMO", "slot_size":40, "imemo_type":"ment", "references":["0x103a1f320"], "memsize":48, "flags":{"wb_protected":true}}
{"address":"0x101991540", "type":"STRING", "slot_size":40, "class":"0x1039feda0", "frozen":true, "embedded":true, "fstring":true, "bytesize":4, "value":"sinh", "encoding":"US-ASCII", "memsize":40, "flags":{"wb_protected":true}}
{"address":"0x101991568", "type":"IMEMO", "slot_size":40, "class":"0x103a1f140", "imemo_type":"ment", "memsize":48, "flags":{"wb_protected":true}}
{"address":"0x101991590", "type":"IMEMO", "slot_size":40, "imemo_type":"ment", "references":["0x103a1f320"], "memsize":48, "flags":{"wb_protected":true}}
{"address":"0x1019915b8", "type":"STRING", "slot_size":40, "class":"0x1039feda0", "frozen":true, "embedded":true, "fstring":true, "bytesize":4, "value":"cosh", "encoding":"US-ASCII", "memsize":40, "flags":{"wb_protected":true}}
{"address":"0x1019915e0", "type":"IMEMO", "slot_size":40, "class":"0x103a1f140", "imemo_type":"ment", "memsize":48, "flags":{"wb_protected":true}}
{"address":"0x101991608", "type":"IMEMO", "slot_size":40, "imemo_type":"ment", "references":["0x103a1f320"], "memsize":48, "flags":{"wb_protected":true}}
{"address":"0x101991630", "type":"STRING", "slot_size":40, "class":"0x1039feda0", "frozen":true, "embedded":true, "fstring":true, "bytesize":4, "value":"atan", "encoding":"US-ASCII", "memsize":40, "flags":{"wb_protected":true}}
{"address":"0x101991658", "type":"IMEMO", "slot_size":40, "class":"0x103a1f140", "imemo_type":"ment", "memsize":48, "flags":{"wb_protected":true}}
{"address":"0x101991680", "type":"IMEMO", "slot_size":40, "imemo_type":"ment", "references":["0x103a1f320"], "memsize":48, "flags":{"wb_protected":true}}
{"address":"0x1019916a8", "type":"STRING", "slot_size":40, "class":"0x1039feda0", "frozen":true, "embedded":true, "fstring":true, "bytesize":4, "value":"asin", "encoding":"US-ASCII", "memsize":40, "flags":{"wb_protected":true}}
{"address":"0x1019916d0", "type":"IMEMO", "slot_size":40, "class":"0x103a1f140", "imemo_type":"ment", "memsize":48, "flags":{"wb_protected":true}}
{"address":"0x1019916f8", "type":"IMEMO", "slot_size":40, "imemo_type":"ment", "references":["0x103a1f320"], "memsize":48, "flags":{"wb_protected":true}}
{"address":"0x101991720", "type":"STRING", "slot_size":40, "class":"0x1039feda0", "frozen":true, "embedded":true, "fstring":true, "bytesize":4, "value":"acos", "encoding":"US-ASCII", "memsize":40, "flags":{"wb_protected":true}}
{"address":"0x101991748", "type":"IMEMO", "slot_size":40, "class":"0x103a1f140", "imemo_type":"ment", "memsize":48, "flags":{"wb_protected":true}}
{"address":"0x101991770", "type":"IMEMO", "slot_size":40, "imemo_type":"ment", "references":["0x103a1f320"], "memsize":48, "flags":{"wb_protected":true}}
{"address":"0x101991798", "type":"STRING", "slot_size":40, "class":"0x1039feda0", "frozen":true, "embedded":true, "fstring":true, "bytesize":3, "value":"tan", "encoding":"US-ASCII", "memsize":40, "flags":{"wb_protected":true}}
{"address":"0x1019917c0", "type":"IMEMO", "slot_size":40, "class":"0x103a1f140", "imemo_type":"ment", "memsize":48, "flags":{"wb_protected":true}}
{"address":"0x1019917e8", "type":"IMEMO", "slot_size":40, "imemo_type":"ment", "references":["0x103a1f320"], "memsize":48, "flags":{"wb_protected":true}}
{"address":"0x101991810", "type":"STRING", "slot_size":40, "class":"0x1039feda0", "frozen":true, "embedded":true, "fstring":true, "bytesize":3, "value":"sin", "encoding":"US-ASCII", "memsize":40, "flags":{"wb_protected":true}}
{"address":"0x101991838", "type":"IMEMO", "slot_size":40, "class":"0x103a1f140", "imemo_type":"ment", "memsize":48, "flags":{"wb_protected":true}}
{"address":"0x101991860", "type":"IMEMO", "slot_size":40, "imemo_type":"ment", "references":["0x103a1f320"], "memsize":48, "flags":{"wb_protected":true}}
{"address":"0x101991888", "type":"STRING", "slot_size":40, "class":"0x1039feda0", "frozen":true, "embedded":true, "fstring":true, "bytesize":3, "value":"cos", "encoding":"US-ASCII", "memsize":40, "flags":{"wb_protected":true}}
{"address":"0x1019918b0", "type":"IMEMO", "slot_size":40, "class":"0x103a1f140", "imemo_type":"ment", "memsize":48, "flags":{"wb_protected":true}}
{"address":"0x1019918d8", "type":"IMEMO", "slot_size":40, "imemo_type":"ment", "references":["0x103a1f320"], "memsize":48, "flags":{"wb_protected":true}}
{"address":"0x101991900", "type":"STRING", "slot_size":40, "class":"0x1039feda0", "frozen":true, "embedded":true, "fstring":true, "bytesize":5, "value":"atan2", "encoding":"US-ASCII", "memsize":40, "flags":{"wb_protected":true}}
{"address":"0x101991928", "type":"STRING", "slot_size":40, "class":"0x1039feda0", "frozen":true, "embedded":true, "fstring":true, "bytesize":2, "value":"PI", "encoding":"US-ASCII", "memsize":40, "flags":{"wb_protected":true}}
{"address":"0x101991950", "type":"STRING", "slot_size":40, "class":"0x1039feda0", "bytesize":17, "capacity":31, "value":"Math::DomainError", "encoding":"US-ASCII", "memsize":72, "flags":{"wb_protected":true}}
{"address":"0x101991978", "type":"STRING", "slot_size":40, "class":"0x1039feda0", "frozen":true, "embedded":true, "fstring":true, "bytesize":11, "value":"DomainError", "encoding":"US-ASCII", "memsize":40, "flags":{"wb_protected":true}}
{"address":"0x1019919a0", "type":"STRING", "slot_size":40, "class":"0x1039feda0", "frozen":true, "embedded":true, "fstring":true, "bytesize":4, "value":"Math", "encoding":"US-ASCII", "memsize":40, "flags":{"wb_protected":true}}
{"address":"0x1019919c8", "type":"IMEMO", "slot_size":40, "class":"0x1039ff7a0", "imemo_type":"ment", "memsize":48, "flags":{"wb_protected":true}}
{"address":"0x1019919f0", "type":"IMEMO", "slot_size":40, "imemo_type":"ment", "references":["0x1039ff8e0"], "memsize":48, "flags":{"wb_protected":true}}
{"address":"0x101991a18", "type":"IMEMO", "slot_size":40, "class":"0x103a1f460", "imemo_type":"ment", "memsize":48, "flags":{"wb_protected":true}}
{"address":"0x101991a40", "type":"IMEMO", "slot_size":40, "class":"0x103a1f460", "imemo_type":"ment", "memsize":48, "flags":{"wb_protected":true}}
{"address":"0x101991a68", "type":"IMEMO", "slot_size":40, "class":"0x103a1f460", "imemo_type":"ment", "memsize":48, "flags":{"wb_protected":true}}
{"address":"0x101991a90", "type":"IMEMO", "slot_size":40, "class":"0x103a1f460", "imemo_type":"ment", "memsize":48, "flags":{"wb_protected":true}}
{"address":"0x101991ab8", "type":"IMEMO", "slot_size":40, "class":"0x103a1f460", "imemo_type":"ment", "memsize":48, "flags":{"wb_protected":true}}
{"address":"0x101991ae0", "type":"IMEMO", "slot_size":40, "class":"0x103a1f460", "imemo_type":"ment", "memsize":48, "flags":{"wb_protected":true}}
{"address":"0x101991b08", "type":"IMEMO", "slot_size":40, "class":"0x103a1f460", "imemo_type":"ment", "memsize":48, "flags":{"wb_protected":true}}
{"address":"0x101991b30", "type":"IMEMO", "slot_size":40, "class":"0x103a1f460", "imemo_type":"ment", "memsize":48, "flags":{"wb_protected":true}}
{"address":"0x101991b58", "type":"IMEMO", "slot_size":40, "class":"0x103a1f460", "imemo_type":"ment", "memsize":48, "flags":{"wb_protected":true}}
{"address":"0x101991b80", "type":"IMEMO", "slot_size":40, "class":"0x103a1f3c0", "imemo_type":"ment", "memsize":48, "flags":{"wb_protected":true}}
{"address":"0x101991ba8", "type":"STRING", "slot_size":40, "class":"0x1039feda0", "frozen":true, "embedded":true, "fstring":true, "bytesize":7, "value":"Binding", "encoding":"US-ASCII", "memsize":40, "flags":{"wb_protected":true}}
{"address":"0x101991bd0", "type":"IMEMO", "slot_size":40, "class":"0x1039ff0c0", "imemo_type":"ment", "memsize":48, "flags":{"wb_protected":true}}
{"address":"0x101991bf8", "type":"IMEMO", "slot_size":40, "imemo_type":"ment", "references":["0x1039ff8e0"], "memsize":48, "flags":{"wb_protected":true}}
{"address":"0x101991c20", "type":"IMEMO", "slot_size":40, "class":"0x1039ffde0", "imemo_type":"ment", "memsize":48, "flags":{"wb_protected":true}}
{"address":"0x101991c48", "type":"STRING", "slot_size":40, "class":"0x1039feda0", "frozen":true, "embedded":true, "fstring":true, "bytesize":13, "value":"define_method", "encoding":"US-ASCII", "memsize":40, "flags":{"wb_protected":true}}
{"address":"0x101991c70", "type":"IMEMO", "slot_size":40, "class":"0x1039ffde0", "imemo_type":"ment", "memsize":48, "flags":{"wb_protected":true}}
{"address":"0x101991c98", "type":"IMEMO", "slot_size":40, "class":"0x1039ffde0", "imemo_type":"ment", "memsize":48, "flags":{"wb_protected":true}}
{"address":"0x101991cc0", "type":"STRING", "slot_size":40, "class":"0x1039feda0", "frozen":true, "embedded":true, "fstring":true, "bytesize":15, "value":"instance_method", "encoding":"US-ASCII", "memsize":40, "flags":{"wb_protected":true}}
{"address":"0x101991ce8", "type":"IMEMO", "slot_size":40, "class":"0x103a1f5a0", "imemo_type":"ment", "memsize":48, "flags":{"wb_protected":true}}
{"address":"0x101991d10", "type":"IMEMO", "slot_size":40, "class":"0x103a1f5a0", "imemo_type":"ment", "memsize":48, "flags":{"wb_protected":true}}
{"address":"0x101991d38", "type":"IMEMO", "slot_size":40, "class":"0x103a1f5a0", "imemo_type":"ment", "memsize":48, "flags":{"wb_protected":true}}
{"address":"0x101991d60", "type":"IMEMO", "slot_size":40, "class":"0x103a1f5a0", "imemo_type":"ment", "memsize":48, "flags":{"wb_protected":true}}
{"address":"0x101991d88", "type":"IMEMO", "slot_size":40, "class":"0x103a1f5a0", "imemo_type":"ment", "memsize":48, "flags":{"wb_protected":true}}
{"address":"0x101991db0", "type":"IMEMO", "slot_size":40, "class":"0x103a1f5a0", "imemo_type":"ment", "memsize":48, "flags":{"wb_protected":true}}
{"address":"0x101991dd8", "type":"IMEMO", "slot_size":40, "class":"0x103a1f5a0", "imemo_type":"ment", "memsize":48, "flags":{"wb_protected":true}}
{"address":"0x101991e00", "type":"STRING", "slot_size":40, "class":"0x1039feda0", "frozen":true, "embedded":true, "fstring":true, "bytesize":9, "value":"bind_call", "encoding":"US-ASCII", "memsize":40, "flags":{"wb_protected":true}}
{"address":"0x101991e28", "type":"IMEMO", "slot_size":40, "class":"0x103a1f5a0", "imemo_type":"ment", "memsize":48, "flags":{"wb_protected":true}}
{"address":"0x101991e50", "type":"STRING", "slot_size":40, "class":"0x1039feda0", "frozen":true, "embedded":true, "fstring":true, "bytesize":4, "value":"bind", "encoding":"US-ASCII", "memsize":40, "flags":{"wb_protected":true}}
{"address":"0x101991e78", "type":"IMEMO", "slot_size":40, "class":"0x103a1f5a0", "imemo_type":"ment", "memsize":48, "flags":{"wb_protected":true}}
{"address":"0x101991ea0", "type":"IMEMO", "slot_size":40, "class":"0x103a1f5a0", "imemo_type":"ment", "memsize":48, "flags":{"wb_protected":true}}
{"address":"0x101991ec8", "type":"IMEMO", "slot_size":40, "class":"0x103a1f5a0", "imemo_type":"ment", "memsize":48, "flags":{"wb_protected":true}}
{"address":"0x101991ef0", "type":"IMEMO", "slot_size":40, "class":"0x103a1f5a0", "imemo_type":"ment", "memsize":48, "flags":{"wb_protected":true}}
{"address":"0x101991f18", "type":"IMEMO", "slot_size":40, "class":"0x103a1f5a0", "imemo_type":"ment", "memsize":48, "flags":{"wb_protected":true}}
{"address":"0x101991f40", "type":"IMEMO", "slot_size":40, "class":"0x103a1f5a0", "imemo_type":"ment", "memsize":48, "flags":{"wb_protected":true}}
{"address":"0x101991f68", "type":"IMEMO", "slot_size":40, "class":"0x103a1f5a0", "imemo_type":"ment", "memsize":48, "flags":{"wb_protected":true}}
{"address":"0x101991f90", "type":"IMEMO", "slot_size":40, "class":"0x103a1f5a0", "imemo_type":"ment", "memsize":48, "flags":{"wb_protected":true}}
{"address":"0x101991fb8", "type":"IMEMO", "slot_size":40, "class":"0x103a1f5a0", "imemo_type":"ment", "memsize":48, "flags":{"wb_protected":true}}
{"address":"0x101991fe0", "type":"IMEMO", "slot_size":40, "class":"0x103a1f5a0", "imemo_type":"ment", "memsize":48, "flags":{"wb_protected":true}}
{"address":"0x101992008", "type":"IMEMO", "slot_size":40, "class":"0x103a1f500", "imemo_type":"ment", "memsize":48, "flags":{"wb_protected":true}}
{"address":"0x101992030", "type":"STRING", "slot_size":40, "class":"0x1039feda0", "frozen":true, "embedded":true, "fstring":true, "bytesize":13, "value":"UnboundMethod", "encoding":"US-ASCII", "memsize":40, "flags":{"wb_protected":true}}
{"address":"0x101992058", "type":"IMEMO", "slot_size":40, "imemo_type":"ment", "references":["0x1039ff8e0"], "memsize":48, "flags":{"wb_protected":true}}
{"address":"0x101992080", "type":"IMEMO", "slot_size":40, "imemo_type":"ment", "references":["0x1039ff8e0"], "memsize":48, "flags":{"wb_protected":true}}
{"address":"0x1019920a8", "type":"STRING", "slot_size":40, "class":"0x1039feda0", "frozen":true, "embedded":true, "fstring":true, "bytesize":13, "value":"public_method", "encoding":"US-ASCII", "memsize":40, "flags":{"wb_protected":true}}
{"address":"0x1019920d0", "type":"IMEMO", "slot_size":40, "imemo_type":"ment", "references":["0x1039ff8e0"], "memsize":48, "flags":{"wb_protected":true}}
{"address":"0x1019920f8", "type":"STRING", "slot_size":40, "class":"0x1039feda0", "frozen":true, "embedded":true, "fstring":true, "bytesize":6, "value":"method", "encoding":"US-ASCII", "memsize":40, "flags":{"wb_protected":true}}
{"address":"0x101992120", "type":"IMEMO", "slot_size":40, "class":"0x103a1f6e0", "imemo_type":"ment", "memsize":48, "flags":{"wb_protected":true}}
{"address":"0x101992148", "type":"STRING", "slot_size":40, "class":"0x1039feda0", "frozen":true, "embedded":true, "fstring":true, "bytesize":8, "value":"private?", "encoding":"US-ASCII", "memsize":40, "flags":{"wb_protected":true}}
{"address":"0x101992170", "type":"IMEMO", "slot_size":40, "class":"0x103a1f6e0", "imemo_type":"ment", "memsize":48, "flags":{"wb_protected":true}}
{"address":"0x101992198", "type":"STRING", "slot_size":40, "class":"0x1039feda0", "frozen":true, "embedded":true, "fstring":true, "bytesize":10, "value":"protected?", "encoding":"US-ASCII", "memsize":40, "flags":{"wb_protected":true}}
{"address":"0x1019921c0", "type":"IMEMO", "slot_size":40, "class":"0x103a1f6e0", "imemo_type":"ment", "memsize":48, "flags":{"wb_protected":true}}
{"address":"0x1019921e8", "type":"STRING", "slot_size":40, "class":"0x1039feda0", "frozen":true, "embedded":true, "fstring":true, "bytesize":7, "value":"public?", "encoding":"US-ASCII", "memsize":40, "flags":{"wb_protected":true}}
{"address":"0x101992210", "type":"IMEMO", "slot_size":40, "class":"0x103a1f6e0", "imemo_type":"ment", "memsize":48, "flags":{"wb_protected":true}}
{"address":"0x101992238", "type":"STRING", "slot_size":40, "class":"0x1039feda0", "frozen":true, "embedded":true, "fstring":true, "bytesize":12, "value":"super_method", "encoding":"US-ASCII", "memsize":40, "flags":{"wb_protected":true}}
{"address":"0x101992260", "type":"IMEMO", "slot_size":40, "class":"0x103a1f6e0", "imemo_type":"ment", "memsize":48, "flags":{"wb_protected":true}}
{"address":"0x101992288", "type":"IMEMO", "slot_size":40, "class":"0x103a1f6e0", "imemo_type":"ment", "memsize":48, "flags":{"wb_protected":true}}
{"address":"0x1019922b0", "type":"IMEMO", "slot_size":40, "class":"0x103a1f6e0", "imemo_type":"ment", "memsize":48, "flags":{"wb_protected":true}}
{"address":"0x1019922d8", "type":"STRING", "slot_size":40, "class":"0x1039feda0", "frozen":true, "embedded":true, "fstring":true, "bytesize":6, "value":"unbind", "encoding":"US-ASCII", "memsize":40, "flags":{"wb_protected":true}}
{"address":"0x101992300", "type":"IMEMO", "slot_size":40, "class":"0x103a1f6e0", "imemo_type":"ment", "memsize":48, "flags":{"wb_protected":true}}
{"address":"0x101992328", "type":"STRING", "slot_size":40, "class":"0x1039feda0", "frozen":true, "embedded":true, "fstring":true, "bytesize":5, "value":"owner", "encoding":"US-ASCII", "memsize":40, "flags":{"wb_protected":true}}
{"address":"0x101992350", "type":"IMEMO", "slot_size":40, "class":"0x103a1f6e0", "imemo_type":"ment", "memsize":48, "flags":{"wb_protected":true}}
{"address":"0x101992378", "type":"STRING", "slot_size":40, "class":"0x1039feda0", "frozen":true, "embedded":true, "fstring":true, "bytesize":13, "value":"original_name", "encoding":"US-ASCII", "memsize":40, "flags":{"wb_protected":true}}
{"address":"0x1019923a0", "type":"IMEMO", "slot_size":40, "class":"0x103a1f6e0", "imemo_type":"ment", "memsize":48, "flags":{"wb_protected":true}}
{"address":"0x1019923c8", "type":"IMEMO", "slot_size":40, "class":"0x103a1f6e0", "imemo_type":"ment", "memsize":48, "flags":{"wb_protected":true}}
{"address":"0x1019923f0", "type":"IMEMO", "slot_size":40, "class":"0x103a1f6e0", "imemo_type":"ment", "memsize":48, "flags":{"wb_protected":true}}
{"address":"0x101992418", "type":"IMEMO", "slot_size":40, "class":"0x103a1f6e0", "imemo_type":"ment", "memsize":48, "flags":{"wb_protected":true}}
{"address":"0x101992440", "type":"IMEMO", "slot_size":40, "class":"0x103a1f6e0", "imemo_type":"ment", "memsize":48, "flags":{"wb_protected":true}}
{"address":"0x101992468", "type":"IMEMO", "slot_size":40, "class":"0x103a1f6e0", "imemo_type":"ment", "memsize":48, "flags":{"wb_protected":true}}
{"address":"0x101992490", "type":"IMEMO", "slot_size":40, "class":"0x103a1f6e0", "imemo_type":"ment", "memsize":48, "flags":{"wb_protected":true}}
{"address":"0x1019924b8", "type":"IMEMO", "slot_size":40, "class":"0x103a1f6e0", "imemo_type":"ment", "memsize":48, "flags":{"wb_protected":true}}
{"address":"0x1019924e0", "type":"IMEMO", "slot_size":40, "class":"0x103a1f6e0", "imemo_type":"ment", "memsize":48, "flags":{"wb_protected":true}}
{"address":"0x101992508", "type":"IMEMO", "slot_size":40, "class":"0x103a1f6e0", "imemo_type":"ment", "memsize":48, "flags":{"wb_protected":true}}
{"address":"0x101992530", "type":"IMEMO", "slot_size":40, "class":"0x103a1f6e0", "imemo_type":"ment", "memsize":48, "flags":{"wb_protected":true}}
{"address":"0x101992558", "type":"IMEMO", "slot_size":40, "class":"0x103a1f6e0", "imemo_type":"ment", "memsize":48, "flags":{"wb_protected":true}}
{"address":"0x101992580", "type":"IMEMO", "slot_size":40, "class":"0x103a1f6e0", "imemo_type":"ment", "memsize":48, "flags":{"wb_protected":true}}
{"address":"0x1019925a8", "type":"IMEMO", "slot_size":40, "class":"0x103a1f6e0", "imemo_type":"ment", "memsize":48, "flags":{"wb_protected":true}}
{"address":"0x1019925d0", "type":"IMEMO", "slot_size":40, "class":"0x103a1f6e0", "imemo_type":"ment", "memsize":48, "flags":{"wb_protected":true}}
{"address":"0x1019925f8", "type":"IMEMO", "slot_size":40, "class":"0x103a1f6e0", "imemo_type":"ment", "memsize":48, "flags":{"wb_protected":true}}
{"address":"0x101992620", "type":"IMEMO", "slot_size":40, "class":"0x103a1f640", "imemo_type":"ment", "memsize":48, "flags":{"wb_protected":true}}
{"address":"0x101992648", "type":"STRING", "slot_size":40, "class":"0x1039feda0", "frozen":true, "embedded":true, "fstring":true, "bytesize":6, "value":"Method", "encoding":"US-ASCII", "memsize":40, "flags":{"wb_protected":true}}
{"address":"0x101992670", "type":"IMEMO", "slot_size":40, "class":"0x1039ff7a0", "imemo_type":"ment", "memsize":48, "flags":{"wb_protected":true}}
{"address":"0x101992698", "type":"IMEMO", "slot_size":40, "imemo_type":"ment", "references":["0x1039ff8e0"], "memsize":48, "flags":{"wb_protected":true}}
{"address":"0x1019926c0", "type":"IMEMO", "slot_size":40, "class":"0x1039ff7a0", "imemo_type":"ment", "memsize":48, "flags":{"wb_protected":true}}
{"address":"0x1019926e8", "type":"IMEMO", "slot_size":40, "imemo_type":"ment", "references":["0x1039ff8e0"], "memsize":48, "flags":{"wb_protected":true}}
{"address":"0x101992710", "type":"IMEMO", "slot_size":40, "class":"0x103a1f820", "imemo_type":"callcache", "references":["0x101993200"], "memsize":40, "flags":{"wb_protected":true}}
{"address":"0x101992738", "type":"OBJECT", "slot_size":40, "class":"0x103a1f820", "frozen":true, "ivars":3, "references":["0x101992760"], "memsize":40, "flags":{"wb_protected":true}}
{"address":"0x101992760", "type":"STRING", "slot_size":40, "class":"0x1039feda0", "frozen":true, "bytesize":20, "value":"stack level too deep", "encoding":"US-ASCII", "memsize":40, "flags":{"wb_protected":true}}
{"address":"0x101992788", "type":"IMEMO", "slot_size":40, "class":"0x103a1f960", "imemo_type":"ment", "memsize":48, "flags":{"wb_protected":true}}
{"address":"0x1019927b0", "type":"STRING", "slot_size":40, "class":"0x1039feda0", "frozen":true, "embedded":true, "fstring":true, "bytesize":6, "value":"reason", "encoding":"US-ASCII", "memsize":40, "flags":{"wb_protected":true}}
{"address":"0x1019927d8", "type":"IMEMO", "slot_size":40, "class":"0x103a1f960", "imemo_type":"ment", "memsize":48, "flags":{"wb_protected":true}}
{"address":"0x101992800", "type":"STRING", "slot_size":40, "class":"0x1039feda0", "frozen":true, "embedded":true, "fstring":true, "bytesize":10, "value":"exit_value", "encoding":"US-ASCII", "memsize":40, "flags":{"wb_protected":true}}
{"address":"0x101992828", "type":"STRING", "slot_size":40, "class":"0x1039feda0", "frozen":true, "embedded":true, "fstring":true, "bytesize":14, "value":"LocalJumpError", "encoding":"US-ASCII", "memsize":40, "flags":{"wb_protected":true}}
{"address":"0x101992850", "type":"IMEMO", "slot_size":40, "class":"0x103a1faa0", "imemo_type":"ment", "memsize":48, "flags":{"wb_protected":true}}
{"address":"0x101992878", "type":"IMEMO", "slot_size":40, "class":"0x103a1faa0", "imemo_type":"ment", "memsize":48, "flags":{"wb_protected":true}}
{"address":"0x1019928a0", "type":"STRING", "slot_size":40, "class":"0x1039feda0", "frozen":true, "embedded":true, "fstring":true, "bytesize":10, "value":"parameters", "encoding":"US-ASCII", "memsize":40, "flags":{"wb_protected":true}}
{"address":"0x1019928c8", "type":"IMEMO", "slot_size":40, "class":"0x103a1faa0", "imemo_type":"ment", "memsize":48, "flags":{"wb_protected":true}}
{"address":"0x1019928f0", "type":"STRING", "slot_size":40, "class":"0x1039feda0", "frozen":true, "embedded":true, "fstring":true, "bytesize":15, "value":"source_location", "encoding":"US-ASCII", "memsize":40, "flags":{"wb_protected":true}}
{"address":"0x101992918", "type":"IMEMO", "slot_size":40, "class":"0x103a1faa0", "imemo_type":"ment", "memsize":48, "flags":{"wb_protected":true}}
{"address":"0x101992940", "type":"IMEMO", "slot_size":40, "class":"0x103a1faa0", "imemo_type":"ment", "memsize":48, "flags":{"wb_protected":true}}
{"address":"0x101992968", "type":"IMEMO", "slot_size":40, "class":"0x103a1faa0", "imemo_type":"ment", "memsize":48, "flags":{"wb_protected":true}}
{"address":"0x101992990", "type":"IMEMO", "slot_size":40, "class":"0x103a1faa0", "imemo_type":"ment", "memsize":48, "flags":{"wb_protected":true}}
{"address":"0x1019929b8", "type":"IMEMO", "slot_size":40, "class":"0x103a1faa0", "imemo_type":"ment", "memsize":48, "flags":{"wb_protected":true}}
{"address":"0x1019929e0", "type":"STRING", "slot_size":40, "class":"0x1039feda0", "frozen":true, "embedded":true, "fstring":true, "bytesize":5, "value":"curry", "encoding":"US-ASCII", "memsize":40, "flags":{"wb_protected":true}}
{"address":"0x101992a08", "type":"IMEMO", "slot_size":40, "class":"0x103a1faa0", "imemo_type":"ment", "memsize":48, "flags":{"wb_protected":true}}
{"address":"0x101992a30", "type":"STRING", "slot_size":40, "class":"0x1039feda0", "frozen":true, "embedded":true, "fstring":true, "bytesize":7, "value":"binding", "encoding":"US-ASCII", "memsize":40, "flags":{"wb_protected":true}}
{"address":"0x101992a58", "type":"IMEMO", "slot_size":40, "class":"0x103a1faa0", "imemo_type":"ment", "memsize":48, "flags":{"wb_protected":true}}
{"address":"0x101992a80", "type":"STRING", "slot_size":40, "class":"0x1039feda0", "frozen":true, "embedded":true, "fstring":true, "bytesize":7, "value":"lambda?", "encoding":"US-ASCII", "memsize":40, "flags":{"wb_protected":true}}
{"address":"0x101992aa8", "type":"IMEMO", "slot_size":40, "class":"0x103a1faa0", "imemo_type":"ment", "memsize":48, "flags":{"wb_protected":true}}
{"address":"0x101992ad0", "type":"IMEMO", "slot_size":40, "class":"0x103a1faa0", "imemo_type":"ment", "memsize":48, "flags":{"wb_protected":true}}
{"address":"0x101992af8", "type":"IMEMO", "slot_size":40, "class":"0x103a1faa0", "imemo_type":"ment", "memsize":48, "flags":{"wb_protected":true}}
{"address":"0x101992b20", "type":"IMEMO", "slot_size":40, "class":"0x103a1faa0", "imemo_type":"ment", "memsize":48, "flags":{"wb_protected":true}}
{"address":"0x101992b48", "type":"IMEMO", "slot_size":40, "class":"0x103a1faa0", "imemo_type":"ment", "memsize":48, "flags":{"wb_protected":true}}
{"address":"0x101992b70", "type":"IMEMO", "slot_size":40, "class":"0x103a1faa0", "imemo_type":"ment", "memsize":48, "flags":{"wb_protected":true}}
{"address":"0x101992b98", "type":"STRING", "slot_size":40, "class":"0x1039feda0", "frozen":true, "embedded":true, "fstring":true, "bytesize":5, "value":"arity", "encoding":"US-ASCII", "memsize":40, "flags":{"wb_protected":true}}
{"address":"0x101992bc0", "type":"IMEMO", "slot_size":40, "class":"0x103a1faa0", "imemo_type":"ment", "memsize":48, "flags":{"wb_protected":true}}
{"address":"0x101992be8", "type":"IMEMO", "slot_size":40, "class":"0x103a1faa0", "imemo_type":"ment", "memsize":48, "flags":{"wb_protected":true}}
{"address":"0x101992c10", "type":"STRING", "slot_size":40, "class":"0x1039feda0", "frozen":true, "embedded":true, "fstring":true, "bytesize":5, "value":"yield", "encoding":"US-ASCII", "memsize":40, "flags":{"wb_protected":true}}
{"address":"0x101992c38", "type":"IMEMO", "slot_size":40, "class":"0x103a1faa0", "imemo_type":"ment", "memsize":48, "flags":{"wb_protected":true}}
{"address":"0x101992c60", "type":"IMEMO", "slot_size":40, "class":"0x103a1faa0", "imemo_type":"ment", "memsize":48, "flags":{"wb_protected":true}}
{"address":"0x101992c88", "type":"IMEMO", "slot_size":40, "class":"0x103a1faa0", "imemo_type":"ment", "memsize":48, "flags":{"wb_protected":true}}
{"address":"0x101992cb0", "type":"IMEMO", "slot_size":40, "class":"0x103a1fa00", "imemo_type":"ment", "memsize":48, "flags":{"wb_protected":true}}
{"address":"0x101992cd8", "type":"STRING", "slot_size":40, "class":"0x1039feda0", "frozen":true, "embedded":true, "fstring":true, "bytesize":4, "value":"Proc", "encoding":"US-ASCII", "memsize":40, "flags":{"wb_protected":true}}
{"address":"0x101992d00", "type":"ARRAY", "slot_size":40, "length":3, "embedded":true, "memsize":40, "flags":{"wb_protected":true}}
{"address":"0x101992d28", "type":"IMEMO", "slot_size":40, "class":"0x1039ff7a0", "imemo_type":"ment", "memsize":48, "flags":{"wb_protected":true}}
{"address":"0x101992d50", "type":"IMEMO", "slot_size":40, "imemo_type":"ment", "references":["0x1039ff8e0"], "memsize":48, "flags":{"wb_protected":true}}
{"address":"0x101992d78", "type":"IMEMO", "slot_size":40, "class":"0x1039ff7a0", "imemo_type":"ment", "memsize":48, "flags":{"wb_protected":true}}
{"address":"0x101992da0", "type":"IMEMO", "slot_size":40, "imemo_type":"ment", "references":["0x1039ff8e0"], "memsize":48, "flags":{"wb_protected":true}}
{"address":"0x101992dc8", "type":"IMEMO", "slot_size":40, "class":"0x1039ffde0", "imemo_type":"ment", "memsize":48, "flags":{"wb_protected":true}}
{"address":"0x101992df0", "type":"STRING", "slot_size":40, "class":"0x1039feda0", "frozen":true, "embedded":true, "fstring":true, "bytesize":9, "value":"autoload?", "encoding":"US-ASCII", "memsize":40, "flags":{"wb_protected":true}}
{"address":"0x101992e18", "type":"IMEMO", "slot_size":40, "class":"0x1039ffde0", "imemo_type":"ment", "memsize":48, "flags":{"wb_protected":true}}
{"address":"0x101992e40", "type":"STRING", "slot_size":40, "class":"0x1039feda0", "frozen":true, "embedded":true, "fstring":true, "bytesize":8, "value":"autoload", "encoding":"US-ASCII", "memsize":40, "flags":{"wb_protected":true}}
{"address":"0x101992e68", "type":"IMEMO", "slot_size":40, "class":"0x1039ff7a0", "imemo_type":"ment", "memsize":48, "flags":{"wb_protected":true}}
{"address":"0x101992e90", "type":"IMEMO", "slot_size":40, "imemo_type":"ment", "references":["0x1039ff8e0"], "memsize":48, "flags":{"wb_protected":true}}
{"address":"0x101992eb8", "type":"IMEMO", "slot_size":40, "class":"0x1039ff7a0", "imemo_type":"ment", "memsize":48, "flags":{"wb_protected":true}}
{"address":"0x101992ee0", "type":"IMEMO", "slot_size":40, "imemo_type":"ment", "references":["0x1039ff8e0"], "memsize":48, "flags":{"wb_protected":true}}
{"address":"0x101992f08", "type":"STRING", "slot_size":40, "class":"0x1039feda0", "frozen":true, "embedded":true, "fstring":true, "bytesize":7, "value":"require", "encoding":"US-ASCII", "memsize":40, "flags":{"wb_protected":true}}
{"address":"0x101992f30", "type":"IMEMO", "slot_size":40, "class":"0x1039ff7a0", "imemo_type":"ment", "memsize":48, "flags":{"wb_protected":true}}
{"address":"0x101992f58", "type":"IMEMO", "slot_size":40, "imemo_type":"ment", "references":["0x1039ff8e0"], "memsize":48, "flags":{"wb_protected":true}}
{"address":"0x101992f80", "type":"STRING", "slot_size":40, "class":"0x1039feda0", "frozen":true, "embedded":true, "fstring":true, "bytesize":4, "value":"load", "encoding":"US-ASCII", "memsize":40, "flags":{"wb_protected":true}}
{"address":"0x101992fa8", "type":"HASH", "slot_size":40, "size":7, "references":["0x10197e800", "0x101979aa8", "0x101975f98", "0x101973a90", "0x101970b10", "0x1019564b8", "0x1019573e0"], "memsize":168, "flags":{"wb_protected":true}}
{"address":"0x101992fd0", "type":"ARRAY", "slot_size":40, "length":10, "shared":true, "references":["0x1019558b0"], "memsize":40, "flags":{"wb_protected":true}}
{"address":"0x101992ff8", "type":"ARRAY", "slot_size":40, "class":"0x1039f3540", "length":10, "shared":true, "references":["0x1019558b0"], "memsize":40, "flags":{"wb_protected":true}}
{"address":"0x101993020", "type":"STRING", "slot_size":40, "class":"0x1039feda0", "frozen":true, "embedded":true, "fstring":true, "bytesize":2, "value":"$\"", "encoding":"US-ASCII", "memsize":40, "flags":{"wb_protected":true}}
{"address":"0x101993048", "type":"IMEMO", "slot_size":40, "class":"0x103a1fb40", "imemo_type":"ment", "memsize":48, "flags":{"wb_protected":true}}
{"address":"0x101993070", "type":"ARRAY", "slot_size":40, "length":15, "shared":true, "references":["0x1019709d0"], "memsize":40, "flags":{"wb_protected":true}}
{"address":"0x101993098", "type":"ARRAY", "slot_size":40, "length":0, "memsize":40, "flags":{"wb_protected":true}}
{"address":"0x1019930c0", "type":"ARRAY", "slot_size":40, "class":"0x103a1fb40", "length":15, "shared":true, "references":["0x1019709d0"], "memsize":40, "flags":{"wb_protected":true}}
{"address":"0x1019930e8", "type":"STRING", "slot_size":40, "class":"0x1039feda0", "frozen":true, "embedded":true, "fstring":true, "bytesize":10, "value":"$LOAD_PATH", "encoding":"US-ASCII", "memsize":40, "flags":{"wb_protected":true}}
{"address":"0x101993110", "type":"STRING", "slot_size":40, "class":"0x1039feda0", "frozen":true, "embedded":true, "fstring":true, "bytesize":3, "value":"$-I", "encoding":"US-ASCII", "memsize":40, "flags":{"wb_protected":true}}
{"address":"0x101993138", "type":"STRING", "slot_size":40, "class":"0x1039feda0", "frozen":true, "embedded":true, "fstring":true, "bytesize":2, "value":"$:", "encoding":"US-ASCII", "memsize":40, "flags":{"wb_protected":true}}
{"address":"0x101993160", "type":"IMEMO", "slot_size":40, "class":"0x1039fe440", "imemo_type":"ment", "memsize":48, "flags":{"wb_protected":true}}
{"address":"0x101993188", "type":"IMEMO", "slot_size":40, "class":"0x1039fe940", "imemo_type":"ment", "references":["0x1039fe580"], "memsize":48, "flags":{"wb_protected":true}}
{"address":"0x1019931b0", "type":"STRING", "slot_size":40, "class":"0x1039feda0", "frozen":true, "embedded":true, "fstring":true, "bytesize":5, "value":"signm", "encoding":"US-ASCII", "memsize":40, "flags":{"wb_protected":true}}
{"address":"0x1019931d8", "type":"IMEMO", "slot_size":40, "class":"0x1039fe580", "imemo_type":"ment", "memsize":48, "flags":{"wb_protected":true}}
{"address":"0x101993200", "type":"IMEMO", "slot_size":40, "class":"0x1039fe940", "imemo_type":"ment", "memsize":48, "flags":{"wb_protected":true}}
{"address":"0x101993228", "type":"IMEMO", "slot_size":40, "class":"0x1039fe580", "imemo_type":"ment", "memsize":48, "flags":{"wb_protected":true}}
{"address":"0x101993250", "type":"IMEMO", "slot_size":40, "class":"0x103a1fbe0", "imemo_type":"ment", "memsize":48, "flags":{"wb_protected":true}}
{"address":"0x101993278", "type":"IMEMO", "slot_size":40, "imemo_type":"ment", "references":["0x103a1fc80"], "memsize":48, "flags":{"wb_protected":true}}
{"address":"0x1019932a0", "type":"STRING", "slot_size":40, "class":"0x1039feda0", "frozen":true, "embedded":true, "fstring":true, "bytesize":7, "value":"signame", "encoding":"US-ASCII", "memsize":40, "flags":{"wb_protected":true}}
{"address":"0x1019932c8", "type":"IMEMO", "slot_size":40, "class":"0x103a1fbe0", "imemo_type":"ment", "memsize":48, "flags":{"wb_protected":true}}
{"address":"0x1019932f0", "type":"IMEMO", "slot_size":40, "imemo_type":"ment", "references":["0x103a1fc80"], "memsize":48, "flags":{"wb_protected":true}}
{"address":"0x101993318", "type":"IMEMO", "slot_size":40, "class":"0x103a1fbe0", "imemo_type":"ment", "memsize":48, "flags":{"wb_protected":true}}
{"address":"0x101993340", "type":"IMEMO", "slot_size":40, "imemo_type":"ment", "references":["0x103a1fc80"], "memsize":48, "flags":{"wb_protected":true}}
{"address":"0x101993368", "type":"IMEMO", "slot_size":40, "class":"0x1039ff7a0", "imemo_type":"ment", "memsize":48, "flags":{"wb_protected":true}}
{"address":"0x101993390", "type":"IMEMO", "slot_size":40, "imemo_type":"ment", "references":["0x1039ff8e0"], "memsize":48, "flags":{"wb_protected":true}}
{"address":"0x1019933b8", "type":"STRING", "slot_size":40, "class":"0x1039feda0", "frozen":true, "embedded":true, "fstring":true, "bytesize":4, "value":"trap", "encoding":"US-ASCII", "memsize":40, "flags":{"wb_protected":true}}
{"address":"0x1019933e0", "type":"STRING", "slot_size":40, "class":"0x1039feda0", "frozen":true, "embedded":true, "fstring":true, "bytesize":6, "value":"Signal", "encoding":"US-ASCII", "memsize":40, "flags":{"wb_protected":true}}
{"address":"0x101993408", "type":"IMEMO", "slot_size":40, "imemo_type":"ment", "references":["0x103a1ff00"], "memsize":48, "flags":{"wb_protected":true}}
{"address":"0x101993430", "type":"IMEMO", "slot_size":40, "imemo_type":"ment", "references":["0x103a1ff00"], "memsize":48, "flags":{"wb_protected":true}}
{"address":"0x101993458", "type":"STRING", "slot_size":40, "class":"0x1039feda0", "frozen":true, "embedded":true, "fstring":true, "bytesize":13, "value":"random_number", "encoding":"US-ASCII", "memsize":40, "flags":{"wb_protected":true}}
{"address":"0x101993480", "type":"STRING", "slot_size":40, "class":"0x1039feda0", "bytesize":17, "capacity":31, "value":"Random::Formatter", "encoding":"US-ASCII", "memsize":72, "flags":{"wb_protected":true}}
{"address":"0x1019934a8", "type":"STRING", "slot_size":40, "class":"0x1039feda0", "bytesize":17, "capacity":31, "value":"Random::Formatter", "encoding":"US-ASCII", "memsize":72, "flags":{"wb_protected":true}}
{"address":"0x1019934d0", "type":"STRING", "slot_size":40, "class":"0x1039feda0", "frozen":true, "embedded":true, "fstring":true, "bytesize":9, "value":"Formatter", "encoding":"US-ASCII", "memsize":40, "flags":{"wb_protected":true}}
{"address":"0x1019934f8", "type":"IMEMO", "slot_size":40, "class":"0x1039f0020", "imemo_type":"ment", "memsize":48, "flags":{"wb_protected":true}}
{"address":"0x101993520", "type":"IMEMO", "slot_size":40, "class":"0x1039f0020", "imemo_type":"ment", "memsize":48, "flags":{"wb_protected":true}}
{"address":"0x101993548", "type":"IMEMO", "slot_size":40, "class":"0x1039f0020", "imemo_type":"ment", "memsize":48, "flags":{"wb_protected":true}}
{"address":"0x101993570", "type":"STRING", "slot_size":40, "class":"0x1039feda0", "frozen":true, "embedded":true, "fstring":true, "bytesize":7, "value":"urandom", "encoding":"US-ASCII", "memsize":40, "flags":{"wb_protected":true}}
{"address":"0x101993598", "type":"IMEMO", "slot_size":40, "class":"0x1039f0020", "imemo_type":"ment", "memsize":48, "flags":{"wb_protected":true}}
{"address":"0x1019935c0", "type":"STRING", "slot_size":40, "class":"0x1039feda0", "frozen":true, "embedded":true, "fstring":true, "bytesize":8, "value":"new_seed", "encoding":"US-ASCII", "memsize":40, "flags":{"wb_protected":true}}
{"address":"0x1019935e8", "type":"IMEMO", "slot_size":40, "class":"0x1039f0020", "imemo_type":"ment", "memsize":48, "flags":{"wb_protected":true}}
{"address":"0x101993610", "type":"IMEMO", "slot_size":40, "class":"0x1039f0020", "imemo_type":"ment", "memsize":48, "flags":{"wb_protected":true}}
{"address":"0x101993638", "type":"IMEMO", "slot_size":40, "class":"0x1039f0020", "imemo_type":"ment", "memsize":48, "flags":{"wb_protected":true}}
{"address":"0x101993660", "type":"IMEMO", "slot_size":40, "class":"0x1039f0020", "imemo_type":"ment", "memsize":48, "flags":{"wb_protected":true}}
{"address":"0x101993688", "type":"IMEMO", "slot_size":40, "class":"0x1039f00c0", "imemo_type":"ment", "memsize":48, "flags":{"wb_protected":true}}
{"address":"0x1019936b0", "type":"IMEMO", "slot_size":40, "class":"0x1039f00c0", "imemo_type":"ment", "memsize":48, "flags":{"wb_protected":true}}
{"address":"0x1019936d8", "type":"STRING", "slot_size":40, "class":"0x1039feda0", "frozen":true, "embedded":true, "fstring":true, "bytesize":4, "value":"left", "encoding":"US-ASCII", "memsize":40, "flags":{"wb_protected":true}}
{"address":"0x101993700", "type":"IMEMO", "slot_size":40, "class":"0x1039f00c0", "imemo_type":"ment", "memsize":48, "flags":{"wb_protected":true}}
{"address":"0x101993728", "type":"STRING", "slot_size":40, "class":"0x1039feda0", "frozen":true, "embedded":true, "fstring":true, "bytesize":5, "value":"state", "encoding":"US-ASCII", "memsize":40, "flags":{"wb_protected":true}}
{"address":"0x101993750", "type":"IMEMO", "slot_size":40, "class":"0x1039f00c0", "imemo_type":"ment", "memsize":48, "flags":{"wb_protected":true}}
{"address":"0x101993778", "type":"IMEMO", "slot_size":40, "class":"0x1039f00c0", "imemo_type":"ment", "memsize":48, "flags":{"wb_protected":true}}
{"address":"0x1019937a0", "type":"IMEMO", "slot_size":40, "class":"0x1039f00c0", "imemo_type":"ment", "memsize":48, "flags":{"wb_protected":true}}
{"address":"0x1019937c8", "type":"IMEMO", "slot_size":40, "class":"0x1039f0200", "imemo_type":"ment", "memsize":48, "flags":{"wb_protected":true}}
{"address":"0x1019937f0", "type":"STRING", "slot_size":40, "class":"0x1039feda0", "frozen":true, "embedded":true, "fstring":true, "bytesize":4, "value":"seed", "encoding":"US-ASCII", "memsize":40, "flags":{"wb_protected":true}}
{"address":"0x101993818", "type":"IMEMO", "slot_size":40, "class":"0x1039f0200", "imemo_type":"ment", "memsize":48, "flags":{"wb_protected":true}}
{"address":"0x101993840", "type":"IMEMO", "slot_size":40, "class":"0x1039f0200", "imemo_type":"ment", "memsize":48, "flags":{"wb_protected":true}}
{"address":"0x101993868", "type":"IMEMO", "slot_size":40, "class":"0x1039f0200", "imemo_type":"ment", "memsize":48, "flags":{"wb_protected":true}}
{"address":"0x101993890", "type":"STRING", "slot_size":40, "class":"0x1039feda0", "frozen":true, "embedded":true, "fstring":true, "bytesize":12, "value":"Random::Base", "encoding":"US-ASCII", "memsize":40, "flags":{"wb_protected":true}}
{"address":"0x1019938b8", "type":"STRING", "slot_size":40, "class":"0x1039feda0", "embedded":true, "bytesize":12, "value":"Random::Base", "encoding":"US-ASCII", "memsize":40, "flags":{"wb_protected":true}}
{"address":"0x1019938e0", "type":"IMEMO", "slot_size":40, "class":"0x1039f0160", "imemo_type":"callcache", "references":["0x1019be888"], "memsize":40, "flags":{"wb_protected":true}}
{"address":"0x101993908", "type":"STRING", "slot_size":40, "class":"0x1039feda0", "frozen":true, "embedded":true, "fstring":true, "bytesize":6, "value":"Random", "encoding":"US-ASCII", "memsize":40, "flags":{"wb_protected":true}}
{"address":"0x101993930", "type":"IMEMO", "slot_size":40, "class":"0x1039ff7a0", "imemo_type":"ment", "memsize":48, "flags":{"wb_protected":true}}
{"address":"0x101993958", "type":"IMEMO", "slot_size":40, "imemo_type":"ment", "references":["0x1039ff8e0"], "memsize":48, "flags":{"wb_protected":true}}
{"address":"0x101993980", "type":"IMEMO", "slot_size":40, "class":"0x1039ff7a0", "imemo_type":"ment", "memsize":48, "flags":{"wb_protected":true}}
{"address":"0x1019939a8", "type":"IMEMO", "slot_size":40, "imemo_type":"ment", "references":["0x1039ff8e0"], "memsize":48, "flags":{"wb_protected":true}}
{"address":"0x1019939d0", "type":"STRING", "slot_size":40, "class":"0x1039feda0", "frozen":true, "embedded":true, "fstring":true, "bytesize":5, "value":"srand", "encoding":"US-ASCII", "memsize":40, "flags":{"wb_protected":true}}
{"address":"0x1019939f8", "type":"STRING", "slot_size":40, "class":"0x1039feda0", "frozen":true, "embedded":true, "fstring":true, "bytesize":4, "value":"Base", "encoding":"US-ASCII", "memsize":40, "flags":{"wb_protected":true}}
{"address":"0x101993a20", "type":"STRING", "slot_size":40, "class":"0x1039feda0", "frozen":true, "embedded":true, "fstring":true, "bytesize":4, "value":"rand", "encoding":"US-ASCII", "memsize":40, "flags":{"wb_protected":true}}
{"address":"0x101993a48", "type":"IMEMO", "slot_size":40, "class":"0x1039f02a0", "imemo_type":"ment", "memsize":48, "flags":{"wb_protected":true}}
{"address":"0x101993a70", "type":"STRING", "slot_size":40, "class":"0x1039feda0", "frozen":true, "embedded":true, "fstring":true, "bytesize":9, "value":"from_time", "encoding":"US-ASCII", "memsize":40, "flags":{"wb_protected":true}}
{"address":"0x101993a98", "type":"IMEMO", "slot_size":40, "class":"0x1039f0340", "imemo_type":"ment", "memsize":48, "flags":{"wb_protected":true}}
{"address":"0x101993ac0", "type":"STRING", "slot_size":40, "class":"0x1039feda0", "frozen":true, "embedded":true, "fstring":true, "bytesize":7, "value":"to_time", "encoding":"US-ASCII", "memsize":40, "flags":{"wb_protected":true}}
{"address":"0x101993ae8", "type":"IMEMO", "slot_size":40, "class":"0x1039f0340", "imemo_type":"ment", "memsize":48, "flags":{"wb_protected":true}}
{"address":"0x101993b10", "type":"IMEMO", "slot_size":40, "class":"0x1039f0340", "imemo_type":"ment", "memsize":48, "flags":{"wb_protected":true}}
{"address":"0x101993b38", "type":"IMEMO", "slot_size":40, "class":"0x1039f0340", "imemo_type":"ment", "memsize":48, "flags":{"wb_protected":true}}
{"address":"0x101993b60", "type":"IMEMO", "slot_size":40, "class":"0x1039f0340", "imemo_type":"ment", "memsize":48, "flags":{"wb_protected":true}}
{"address":"0x101993b88", "type":"IMEMO", "slot_size":40, "class":"0x1039f0340", "imemo_type":"ment", "memsize":48, "flags":{"wb_protected":true}}
{"address":"0x101993bb0", "type":"IMEMO", "slot_size":40, "class":"0x1039f0340", "imemo_type":"ment", "memsize":48, "flags":{"wb_protected":true}}
{"address":"0x101993bd8", "type":"IMEMO", "slot_size":40, "class":"0x1039f0340", "imemo_type":"ment", "memsize":48, "flags":{"wb_protected":true}}
{"address":"0x101993c00", "type":"IMEMO", "slot_size":40, "class":"0x1039f0340", "imemo_type":"ment", "memsize":48, "flags":{"wb_protected":true}}
{"address":"0x101993c28", "type":"IMEMO", "slot_size":40, "class":"0x1039f0340", "imemo_type":"ment", "memsize":48, "flags":{"wb_protected":true}}
{"address":"0x101993c50", "type":"IMEMO", "slot_size":40, "class":"0x1039f0340", "imemo_type":"ment", "memsize":48, "flags":{"wb_protected":true}}
{"address":"0x101993c78", "type":"IMEMO", "slot_size":40, "class":"0x1039f0340", "imemo_type":"ment", "memsize":48, "flags":{"wb_protected":true}}
{"address":"0x101993ca0", "type":"IMEMO", "slot_size":40, "class":"0x1039f0340", "imemo_type":"ment", "memsize":48, "flags":{"wb_protected":true}}
{"address":"0x101993cc8", "type":"IMEMO", "slot_size":40, "class":"0x1039f0340", "imemo_type":"ment", "memsize":48, "flags":{"wb_protected":true}}
{"address":"0x101993cf0", "type":"IMEMO", "slot_size":40, "class":"0x1039f0340", "imemo_type":"ment", "memsize":48, "flags":{"wb_protected":true}}
{"address":"0x101993d18", "type":"IMEMO", "slot_size":40, "class":"0x1039f0340", "imemo_type":"ment", "memsize":48, "flags":{"wb_protected":true}}
{"address":"0x101993d40", "type":"IMEMO", "slot_size":40, "class":"0x1039f0340", "imemo_type":"ment", "memsize":48, "flags":{"wb_protected":true}}
{"address":"0x101993d68", "type":"IMEMO", "slot_size":40, "class":"0x1039f0340", "imemo_type":"ment", "memsize":48, "flags":{"wb_protected":true}}
{"address":"0x101993d90", "type":"IMEMO", "slot_size":40, "class":"0x1039f0340", "imemo_type":"ment", "memsize":48, "flags":{"wb_protected":true}}
{"address":"0x101993db8", "type":"IMEMO", "slot_size":40, "class":"0x1039f0340", "imemo_type":"ment", "memsize":48, "flags":{"wb_protected":true}}
{"address":"0x101993de0", "type":"IMEMO", "slot_size":40, "class":"0x1039f0340", "imemo_type":"ment", "memsize":48, "flags":{"wb_protected":true}}
{"address":"0x101993e08", "type":"IMEMO", "slot_size":40, "class":"0x1039f0340", "imemo_type":"ment", "memsize":48, "flags":{"wb_protected":true}}
{"address":"0x101993e30", "type":"IMEMO", "slot_size":40, "class":"0x1039f0340", "imemo_type":"ment", "memsize":48, "flags":{"wb_protected":true}}
{"address":"0x101993e58", "type":"IMEMO", "slot_size":40, "class":"0x1039f0340", "imemo_type":"ment", "memsize":48, "flags":{"wb_protected":true}}
{"address":"0x101993e80", "type":"IMEMO", "slot_size":40, "class":"0x1039f0340", "imemo_type":"ment", "memsize":48, "flags":{"wb_protected":true}}
{"address":"0x101993ea8", "type":"IMEMO", "slot_size":40, "class":"0x1039f0340", "imemo_type":"ment", "memsize":48, "flags":{"wb_protected":true}}
{"address":"0x101993ed0", "type":"IMEMO", "slot_size":40, "class":"0x1039f0340", "imemo_type":"ment", "memsize":48, "flags":{"wb_protected":true}}
{"address":"0x101993ef8", "type":"IMEMO", "slot_size":40, "class":"0x1039f0340", "imemo_type":"ment", "memsize":48, "flags":{"wb_protected":true}}
{"address":"0x101993f20", "type":"IMEMO", "slot_size":40, "class":"0x1039f0340", "imemo_type":"ment", "memsize":48, "flags":{"wb_protected":true}}
{"address":"0x101993f48", "type":"IMEMO", "slot_size":40, "class":"0x1039f0340", "imemo_type":"ment", "memsize":48, "flags":{"wb_protected":true}}
{"address":"0x101993f70", "type":"IMEMO", "slot_size":40, "class":"0x1039f0340", "imemo_type":"ment", "memsize":48, "flags":{"wb_protected":true}}
{"address":"0x101993f98", "type":"IMEMO", "slot_size":40, "class":"0x1039f0340", "imemo_type":"ment", "memsize":48, "flags":{"wb_protected":true}}
{"address":"0x101993fc0", "type":"IMEMO", "slot_size":40, "class":"0x1039f0340", "imemo_type":"ment", "memsize":48, "flags":{"wb_protected":true}}
{"address":"0x101993fe8", "type":"STRING", "slot_size":40, "class":"0x1039feda0", "frozen":true, "embedded":true, "fstring":true, "bytesize":8, "value":"Time::tm", "encoding":"US-ASCII", "memsize":40, "flags":{"wb_protected":true}}
{"address":"0x101994010", "type":"STRING", "slot_size":40, "class":"0x1039feda0", "embedded":true, "bytesize":8, "value":"Time::tm", "encoding":"US-ASCII", "memsize":40, "flags":{"wb_protected":true}}
{"address":"0x101994038", "type":"STRING", "slot_size":40, "class":"0x1039feda0", "frozen":true, "embedded":true, "fstring":true, "bytesize":2, "value":"tm", "encoding":"US-ASCII", "memsize":40, "flags":{"wb_protected":true}}
{"address":"0x101994060", "type":"IMEMO", "slot_size":40, "class":"0x1039f0520", "imemo_type":"ment", "memsize":48, "flags":{"wb_protected":true}}
{"address":"0x101994088", "type":"IMEMO", "slot_size":40, "class":"0x1039f05c0", "imemo_type":"ment", "memsize":48, "flags":{"wb_protected":true}}
{"address":"0x1019940b0", "type":"IMEMO", "slot_size":40, "class":"0x1039f05c0", "imemo_type":"ment", "memsize":48, "flags":{"wb_protected":true}}
{"address":"0x1019940d8", "type":"STRING", "slot_size":40, "class":"0x1039feda0", "frozen":true, "embedded":true, "fstring":true, "bytesize":8, "value":"strftime", "encoding":"US-ASCII", "memsize":40, "flags":{"wb_protected":true}}
{"address":"0x101994100", "type":"IMEMO", "slot_size":40, "class":"0x1039f05c0", "imemo_type":"ment", "memsize":48, "flags":{"wb_protected":true}}
{"address":"0x101994128", "type":"STRING", "slot_size":40, "class":"0x1039feda0", "frozen":true, "embedded":true, "fstring":true, "bytesize":6, "value":"subsec", "encoding":"US-ASCII", "memsize":40, "flags":{"wb_protected":true}}
{"address":"0x101994150", "type":"IMEMO", "slot_size":40, "class":"0x1039f05c0", "imemo_type":"ment", "memsize":48, "flags":{"wb_protected":true}}
{"address":"0x101994178", "type":"IMEMO", "slot_size":40, "class":"0x1039f05c0", "imemo_type":"ment", "memsize":48, "flags":{"wb_protected":true}}
{"address":"0x1019941a0", "type":"STRING", "slot_size":40, "class":"0x1039feda0", "frozen":true, "embedded":true, "fstring":true, "bytesize":7, "value":"tv_nsec", "encoding":"US-ASCII", "memsize":40, "flags":{"wb_protected":true}}
{"address":"0x1019941c8", "type":"IMEMO", "slot_size":40, "class":"0x1039f05c0", "imemo_type":"ment", "memsize":48, "flags":{"wb_protected":true}}
{"address":"0x1019941f0", "type":"IMEMO", "slot_size":40, "class":"0x1039f05c0", "imemo_type":"ment", "memsize":48, "flags":{"wb_protected":true}}
{"address":"0x101994218", "type":"STRING", "slot_size":40, "class":"0x1039feda0", "frozen":true, "embedded":true, "fstring":true, "bytesize":7, "value":"tv_usec", "encoding":"US-ASCII", "memsize":40, "flags":{"wb_protected":true}}
{"address":"0x101994240", "type":"IMEMO", "slot_size":40, "class":"0x1039f05c0", "imemo_type":"ment", "memsize":48, "flags":{"wb_protected":true}}
{"address":"0x101994268", "type":"STRING", "slot_size":40, "class":"0x1039feda0", "frozen":true, "embedded":true, "fstring":true, "bytesize":6, "value":"tv_sec", "encoding":"US-ASCII", "memsize":40, "flags":{"wb_protected":true}}
{"address":"0x101994290", "type":"IMEMO", "slot_size":40, "class":"0x1039f05c0", "imemo_type":"ment", "memsize":48, "flags":{"wb_protected":true}}
{"address":"0x1019942b8", "type":"STRING", "slot_size":40, "class":"0x1039feda0", "frozen":true, "embedded":true, "fstring":true, "bytesize":9, "value":"saturday?", "encoding":"US-ASCII", "memsize":40, "flags":{"wb_protected":true}}
{"address":"0x1019942e0", "type":"IMEMO", "slot_size":40, "class":"0x1039f05c0", "imemo_type":"ment", "memsize":48, "flags":{"wb_protected":true}}
{"address":"0x101994308", "type":"STRING", "slot_size":40, "class":"0x1039feda0", "frozen":true, "embedded":true, "fstring":true, "bytesize":7, "value":"friday?", "encoding":"US-ASCII", "memsize":40, "flags":{"wb_protected":true}}
{"address":"0x101994330", "type":"IMEMO", "slot_size":40, "class":"0x1039f05c0", "imemo_type":"ment", "memsize":48, "flags":{"wb_protected":true}}
{"address":"0x101994358", "type":"STRING", "slot_size":40, "class":"0x1039feda0", "frozen":true, "embedded":true, "fstring":true, "bytesize":9, "value":"thursday?", "encoding":"US-ASCII", "memsize":40, "flags":{"wb_protected":true}}
{"address":"0x101994380", "type":"IMEMO", "slot_size":40, "class":"0x1039f05c0", "imemo_type":"ment", "memsize":48, "flags":{"wb_protected":true}}
{"address":"0x1019943a8", "type":"STRING", "slot_size":40, "class":"0x1039feda0", "frozen":true, "embedded":true, "fstring":true, "bytesize":10, "value":"wednesday?", "encoding":"US-ASCII", "memsize":40, "flags":{"wb_protected":true}}
{"address":"0x1019943d0", "type":"IMEMO", "slot_size":40, "class":"0x1039f05c0", "imemo_type":"ment", "memsize":48, "flags":{"wb_protected":true}}
{"address":"0x1019943f8", "type":"STRING", "slot_size":40, "class":"0x1039feda0", "frozen":true, "embedded":true, "fstring":true, "bytesize":8, "value":"tuesday?", "encoding":"US-ASCII", "memsize":40, "flags":{"wb_protected":true}}
{"address":"0x101994420", "type":"IMEMO", "slot_size":40, "class":"0x1039f05c0", "imemo_type":"ment", "memsize":48, "flags":{"wb_protected":true}}
{"address":"0x101994448", "type":"STRING", "slot_size":40, "class":"0x1039feda0", "frozen":true, "embedded":true, "fstring":true, "bytesize":7, "value":"monday?", "encoding":"US-ASCII", "memsize":40, "flags":{"wb_protected":true}}
{"address":"0x101994470", "type":"IMEMO", "slot_size":40, "class":"0x1039f05c0", "imemo_type":"ment", "memsize":48, "flags":{"wb_protected":true}}
{"address":"0x101994498", "type":"STRING", "slot_size":40, "class":"0x1039feda0", "frozen":true, "embedded":true, "fstring":true, "bytesize":7, "value":"sunday?", "encoding":"US-ASCII", "memsize":40, "flags":{"wb_protected":true}}
{"address":"0x1019944c0", "type":"IMEMO", "slot_size":40, "class":"0x1039f05c0", "imemo_type":"ment", "memsize":48, "flags":{"wb_protected":true}}
{"address":"0x1019944e8", "type":"STRING", "slot_size":40, "class":"0x1039feda0", "frozen":true, "embedded":true, "fstring":true, "bytesize":4, "value":"gmt?", "encoding":"US-ASCII", "memsize":40, "flags":{"wb_protected":true}}
{"address":"0x101994510", "type":"IMEMO", "slot_size":40, "class":"0x1039f05c0", "imemo_type":"ment", "memsize":48, "flags":{"wb_protected":true}}
{"address":"0x101994538", "type":"STRING", "slot_size":40, "class":"0x1039feda0", "frozen":true, "embedded":true, "fstring":true, "bytesize":4, "value":"utc?", "encoding":"US-ASCII", "memsize":40, "flags":{"wb_protected":true}}
{"address":"0x101994560", "type":"IMEMO", "slot_size":40, "class":"0x1039f05c0", "imemo_type":"ment", "memsize":48, "flags":{"wb_protected":true}}
{"address":"0x101994588", "type":"STRING", "slot_size":40, "class":"0x1039feda0", "frozen":true, "embedded":true, "fstring":true, "bytesize":10, "value":"utc_offset", "encoding":"US-ASCII", "memsize":40, "flags":{"wb_protected":true}}
{"address":"0x1019945b0", "type":"IMEMO", "slot_size":40, "class":"0x1039f05c0", "imemo_type":"ment", "memsize":48, "flags":{"wb_protected":true}}
{"address":"0x1019945d8", "type":"STRING", "slot_size":40, "class":"0x1039feda0", "frozen":true, "embedded":true, "fstring":true, "bytesize":10, "value":"gmt_offset", "encoding":"US-ASCII", "memsize":40, "flags":{"wb_protected":true}}
{"address":"0x101994600", "type":"IMEMO", "slot_size":40, "class":"0x1039f05c0", "imemo_type":"ment", "memsize":48, "flags":{"wb_protected":true}}
{"address":"0x101994628", "type":"STRING", "slot_size":40, "class":"0x1039feda0", "frozen":true, "embedded":true, "fstring":true, "bytesize":6, "value":"gmtoff", "encoding":"US-ASCII", "memsize":40, "flags":{"wb_protected":true}}
{"address":"0x101994650", "type":"IMEMO", "slot_size":40, "class":"0x1039f05c0", "imemo_type":"ment", "memsize":48, "flags":{"wb_protected":true}}
{"address":"0x101994678", "type":"IMEMO", "slot_size":40, "class":"0x1039f05c0", "imemo_type":"ment", "memsize":48, "flags":{"wb_protected":true}}
{"address":"0x1019946a0", "type":"STRING", "slot_size":40, "class":"0x1039feda0", "frozen":true, "embedded":true, "fstring":true, "bytesize":4, "value":"dst?", "encoding":"US-ASCII", "memsize":40, "flags":{"wb_protected":true}}
{"address":"0x1019946c8", "type":"IMEMO", "slot_size":40, "class":"0x1039f05c0", "imemo_type":"ment", "memsize":48, "flags":{"wb_protected":true}}
{"address":"0x1019946f0", "type":"IMEMO", "slot_size":40, "class":"0x1039f05c0", "imemo_type":"ment", "memsize":48, "flags":{"wb_protected":true}}
{"address":"0x101994718", "type":"STRING", "slot_size":40, "class":"0x1039feda0", "frozen":true, "embedded":true, "fstring":true, "bytesize":4, "value":"yday", "encoding":"US-ASCII", "memsize":40, "flags":{"wb_protected":true}}
{"address":"0x101994740", "type":"IMEMO", "slot_size":40, "class":"0x1039f05c0", "imemo_type":"ment", "memsize":48, "flags":{"wb_protected":true}}
{"address":"0x101994768", "type":"STRING", "slot_size":40, "class":"0x1039feda0", "frozen":true, "embedded":true, "fstring":true, "bytesize":4, "value":"wday", "encoding":"US-ASCII", "memsize":40, "flags":{"wb_protected":true}}
{"address":"0x101994790", "type":"IMEMO", "slot_size":40, "class":"0x1039f05c0", "imemo_type":"ment", "memsize":48, "flags":{"wb_protected":true}}
{"address":"0x1019947b8", "type":"IMEMO", "slot_size":40, "class":"0x1039f05c0", "imemo_type":"ment", "memsize":48, "flags":{"wb_protected":true}}
{"address":"0x1019947e0", "type":"STRING", "slot_size":40, "class":"0x1039feda0", "frozen":true, "embedded":true, "fstring":true, "bytesize":5, "value":"month", "encoding":"US-ASCII", "memsize":40, "flags":{"wb_protected":true}}
{"address":"0x101994808", "type":"IMEMO", "slot_size":40, "class":"0x1039f05c0", "imemo_type":"ment", "memsize":48, "flags":{"wb_protected":true}}
{"address":"0x101994830", "type":"IMEMO", "slot_size":40, "class":"0x1039f05c0", "imemo_type":"ment", "memsize":48, "flags":{"wb_protected":true}}
{"address":"0x101994858", "type":"STRING", "slot_size":40, "class":"0x1039feda0", "frozen":true, "embedded":true, "fstring":true, "bytesize":3, "value":"day", "encoding":"US-ASCII", "memsize":40, "flags":{"wb_protected":true}}
{"address":"0x101994880", "type":"IMEMO", "slot_size":40, "class":"0x1039f05c0", "imemo_type":"ment", "memsize":48, "flags":{"wb_protected":true}}
{"address":"0x1019948a8", "type":"IMEMO", "slot_size":40, "class":"0x1039f05c0", "imemo_type":"ment", "memsize":48, "flags":{"wb_protected":true}}
{"address":"0x1019948d0", "type":"IMEMO", "slot_size":40, "class":"0x1039f05c0", "imemo_type":"ment", "memsize":48, "flags":{"wb_protected":true}}
{"address":"0x1019948f8", "type":"IMEMO", "slot_size":40, "class":"0x1039f05c0", "imemo_type":"ment", "memsize":48, "flags":{"wb_protected":true}}
{"address":"0x101994920", "type":"IMEMO", "slot_size":40, "class":"0x1039f05c0", "imemo_type":"ment", "memsize":48, "flags":{"wb_protected":true}}
{"address":"0x101994948", "type":"IMEMO", "slot_size":40, "class":"0x1039f05c0", "imemo_type":"ment", "memsize":48, "flags":{"wb_protected":true}}
{"address":"0x101994970", "type":"IMEMO", "slot_size":40, "class":"0x1039f05c0", "imemo_type":"ment", "memsize":48, "flags":{"wb_protected":true}}
{"address":"0x101994998", "type":"IMEMO", "slot_size":40, "class":"0x1039f05c0", "imemo_type":"ment", "memsize":48, "flags":{"wb_protected":true}}
{"address":"0x1019949c0", "type":"IMEMO", "slot_size":40, "class":"0x1039f05c0", "imemo_type":"ment", "memsize":48, "flags":{"wb_protected":true}}
{"address":"0x1019949e8", "type":"IMEMO", "slot_size":40, "class":"0x1039f05c0", "imemo_type":"ment", "memsize":48, "flags":{"wb_protected":true}}
{"address":"0x101994a10", "type":"IMEMO", "slot_size":40, "class":"0x1039f05c0", "imemo_type":"ment", "memsize":48, "flags":{"wb_protected":true}}
{"address":"0x101994a38", "type":"IMEMO", "slot_size":40, "class":"0x1039f05c0", "imemo_type":"ment", "memsize":48, "flags":{"wb_protected":true}}
{"address":"0x101994a60", "type":"IMEMO", "slot_size":40, "class":"0x1039f05c0", "imemo_type":"ment", "memsize":48, "flags":{"wb_protected":true}}
{"address":"0x101994a88", "type":"STRING", "slot_size":40, "class":"0x1039feda0", "frozen":true, "embedded":true, "fstring":true, "bytesize":7, "value":"asctime", "encoding":"US-ASCII", "memsize":40, "flags":{"wb_protected":true}}
{"address":"0x101994ab0", "type":"IMEMO", "slot_size":40, "class":"0x1039f05c0", "imemo_type":"ment", "memsize":48, "flags":{"wb_protected":true}}
{"address":"0x101994ad8", "type":"IMEMO", "slot_size":40, "class":"0x1039f05c0", "imemo_type":"ment", "memsize":48, "flags":{"wb_protected":true}}
{"address":"0x101994b00", "type":"STRING", "slot_size":40, "class":"0x1039feda0", "frozen":true, "embedded":true, "fstring":true, "bytesize":6, "value":"getutc", "encoding":"US-ASCII", "memsize":40, "flags":{"wb_protected":true}}
{"address":"0x101994b28", "type":"IMEMO", "slot_size":40, "class":"0x1039f05c0", "imemo_type":"ment", "memsize":48, "flags":{"wb_protected":true}}
{"address":"0x101994b50", "type":"STRING", "slot_size":40, "class":"0x1039feda0", "frozen":true, "embedded":true, "fstring":true, "bytesize":5, "value":"getgm", "encoding":"US-ASCII", "memsize":40, "flags":{"wb_protected":true}}
{"address":"0x101994b78", "type":"IMEMO", "slot_size":40, "class":"0x1039f05c0", "imemo_type":"ment", "memsize":48, "flags":{"wb_protected":true}}
{"address":"0x101994ba0", "type":"STRING", "slot_size":40, "class":"0x1039feda0", "frozen":true, "embedded":true, "fstring":true, "bytesize":8, "value":"getlocal", "encoding":"US-ASCII", "memsize":40, "flags":{"wb_protected":true}}
{"address":"0x101994bc8", "type":"IMEMO", "slot_size":40, "class":"0x1039f05c0", "imemo_type":"ment", "memsize":48, "flags":{"wb_protected":true}}
{"address":"0x101994bf0", "type":"IMEMO", "slot_size":40, "class":"0x1039f05c0", "imemo_type":"ment", "memsize":48, "flags":{"wb_protected":true}}
{"address":"0x101994c18", "type":"STRING", "slot_size":40, "class":"0x1039feda0", "frozen":true, "embedded":true, "fstring":true, "bytesize":6, "value":"gmtime", "encoding":"US-ASCII", "memsize":40, "flags":{"wb_protected":true}}
{"address":"0x101994c40", "type":"IMEMO", "slot_size":40, "class":"0x1039f05c0", "imemo_type":"ment", "memsize":48, "flags":{"wb_protected":true}}
{"address":"0x101994c68", "type":"STRING", "slot_size":40, "class":"0x1039feda0", "frozen":true, "embedded":true, "fstring":true, "bytesize":9, "value":"localtime", "encoding":"US-ASCII", "memsize":40, "flags":{"wb_protected":true}}
{"address":"0x101994c90", "type":"IMEMO", "slot_size":40, "class":"0x1039f05c0", "imemo_type":"ment", "memsize":48, "flags":{"wb_protected":true}}
{"address":"0x101994cb8", "type":"IMEMO", "slot_size":40, "class":"0x1039f05c0", "imemo_type":"ment", "memsize":48, "flags":{"wb_protected":true}}
{"address":"0x101994ce0", "type":"IMEMO", "slot_size":40, "class":"0x1039f05c0", "imemo_type":"ment", "memsize":48, "flags":{"wb_protected":true}}
{"address":"0x101994d08", "type":"IMEMO", "slot_size":40, "class":"0x1039f05c0", "imemo_type":"ment", "memsize":48, "flags":{"wb_protected":true}}
{"address":"0x101994d30", "type":"IMEMO", "slot_size":40, "class":"0x1039f05c0", "imemo_type":"ment", "memsize":48, "flags":{"wb_protected":true}}
{"address":"0x101994d58", "type":"IMEMO", "slot_size":40, "class":"0x1039f05c0", "imemo_type":"ment", "memsize":48, "flags":{"wb_protected":true}}
{"address":"0x101994d80", "type":"IMEMO", "slot_size":40, "class":"0x1039f05c0", "imemo_type":"ment", "memsize":48, "flags":{"wb_protected":true}}
{"address":"0x101994da8", "type":"IMEMO", "slot_size":40, "class":"0x1039f0520", "imemo_type":"ment", "memsize":48, "flags":{"wb_protected":true}}
{"address":"0x101994dd0", "type":"STRING", "slot_size":40, "class":"0x1039feda0", "frozen":true, "embedded":true, "fstring":true, "bytesize":6, "value":"mktime", "encoding":"US-ASCII", "memsize":40, "flags":{"wb_protected":true}}
{"address":"0x101994df8", "type":"IMEMO", "slot_size":40, "class":"0x1039f0520", "imemo_type":"ment", "memsize":48, "flags":{"wb_protected":true}}
{"address":"0x101994e20", "type":"STRING", "slot_size":40, "class":"0x1039feda0", "frozen":true, "embedded":true, "fstring":true, "bytesize":2, "value":"gm", "encoding":"US-ASCII", "memsize":40, "flags":{"wb_protected":true}}
{"address":"0x101994e48", "type":"IMEMO", "slot_size":40, "class":"0x1039f0520", "imemo_type":"ment", "memsize":48, "flags":{"wb_protected":true}}
{"address":"0x101994e70", "type":"STRING", "slot_size":40, "class":"0x1039feda0", "frozen":true, "embedded":true, "fstring":true, "bytesize":5, "value":"local", "encoding":"US-ASCII", "memsize":40, "flags":{"wb_protected":true}}
{"address":"0x101994e98", "type":"IMEMO", "slot_size":40, "class":"0x1039f0520", "imemo_type":"ment", "memsize":48, "flags":{"wb_protected":true}}
{"address":"0x101994ec0", "type":"STRING", "slot_size":40, "class":"0x1039feda0", "frozen":true, "embedded":true, "fstring":true, "bytesize":3, "value":"utc", "encoding":"US-ASCII", "memsize":40, "flags":{"wb_protected":true}}
{"address":"0x101994ee8", "type":"STRING", "slot_size":40, "class":"0x1039feda0", "frozen":true, "embedded":true, "fstring":true, "bytesize":4, "value":"Time", "encoding":"US-ASCII", "memsize":40, "flags":{"wb_protected":true}}
{"address":"0x101994f10", "type":"STRING", "slot_size":40, "class":"0x1039feda0", "frozen":true, "fstring":true, "bytesize":3, "value":"UTC", "encoding":"US-ASCII", "memsize":40, "flags":{"wb_protected":true}}
{"address":"0x101994f38", "type":"STRING", "slot_size":40, "class":"0x1039feda0", "frozen":true, "embedded":true, "fstring":true, "bytesize":13, "value":"find_timezone", "encoding":"US-ASCII", "memsize":40, "flags":{"wb_protected":true}}
{"address":"0x101994f60", "type":"STRING", "slot_size":40, "class":"0x1039feda0", "frozen":true, "embedded":true, "fstring":true, "bytesize":5, "value":"isdst", "encoding":"US-ASCII", "memsize":40, "flags":{"wb_protected":true}}
{"address":"0x101994f88", "type":"STRING", "slot_size":40, "class":"0x1039feda0", "frozen":true, "embedded":true, "fstring":true, "bytesize":3, "value":"sec", "encoding":"US-ASCII", "memsize":40, "flags":{"wb_protected":true}}
{"address":"0x101994fb0", "type":"STRING", "slot_size":40, "class":"0x1039feda0", "frozen":true, "embedded":true, "fstring":true, "bytesize":4, "value":"hour", "encoding":"US-ASCII", "memsize":40, "flags":{"wb_protected":true}}
{"address":"0x101994fd8", "type":"STRING", "slot_size":40, "class":"0x1039feda0", "frozen":true, "embedded":true, "fstring":true, "bytesize":4, "value":"mday", "encoding":"US-ASCII", "memsize":40, "flags":{"wb_protected":true}}
{"address":"0x101995000", "type":"STRING", "slot_size":40, "class":"0x1039feda0", "frozen":true, "embedded":true, "fstring":true, "bytesize":3, "value":"mon", "encoding":"US-ASCII", "memsize":40, "flags":{"wb_protected":true}}
{"address":"0x101995028", "type":"STRING", "slot_size":40, "class":"0x1039feda0", "frozen":true, "embedded":true, "fstring":true, "bytesize":4, "value":"year", "encoding":"US-ASCII", "memsize":40, "flags":{"wb_protected":true}}
{"address":"0x101995050", "type":"STRING", "slot_size":40, "class":"0x1039feda0", "frozen":true, "embedded":true, "fstring":true, "bytesize":12, "value":"utc_to_local", "encoding":"US-ASCII", "memsize":40, "flags":{"wb_protected":true}}
{"address":"0x101995078", "type":"STRING", "slot_size":40, "class":"0x1039feda0", "frozen":true, "embedded":true, "fstring":true, "bytesize":12, "value":"local_to_utc", "encoding":"US-ASCII", "memsize":40, "flags":{"wb_protected":true}}
{"address":"0x1019950a0", "type":"STRING", "slot_size":40, "class":"0x1039feda0", "frozen":true, "embedded":true, "fstring":true, "bytesize":4, "value":"usec", "encoding":"US-ASCII", "memsize":40, "flags":{"wb_protected":true}}
{"address":"0x1019950c8", "type":"STRING", "slot_size":40, "class":"0x1039feda0", "frozen":true, "embedded":true, "fstring":true, "bytesize":4, "value":"nsec", "encoding":"US-ASCII", "memsize":40, "flags":{"wb_protected":true}}
{"address":"0x1019950f0", "type":"STRING", "slot_size":40, "class":"0x1039feda0", "frozen":true, "embedded":true, "fstring":true, "bytesize":11, "value":"millisecond", "encoding":"US-ASCII", "memsize":40, "flags":{"wb_protected":true}}
{"address":"0x101995118", "type":"STRING", "slot_size":40, "class":"0x1039feda0", "frozen":true, "embedded":true, "fstring":true, "bytesize":11, "value":"microsecond", "encoding":"US-ASCII", "memsize":40, "flags":{"wb_protected":true}}
{"address":"0x101995140", "type":"STRING", "slot_size":40, "class":"0x1039feda0", "frozen":true, "embedded":true, "fstring":true, "bytesize":10, "value":"nanosecond", "encoding":"US-ASCII", "memsize":40, "flags":{"wb_protected":true}}
{"address":"0x101995168", "type":"STRING", "slot_size":40, "class":"0x1039feda0", "frozen":true, "embedded":true, "fstring":true, "bytesize":4, "value":"zone", "encoding":"US-ASCII", "memsize":40, "flags":{"wb_protected":true}}
{"address":"0x101995190", "type":"STRING", "slot_size":40, "class":"0x1039feda0", "frozen":true, "embedded":true, "fstring":true, "bytesize":8, "value":"nano_den", "encoding":"US-ASCII", "memsize":40, "flags":{"wb_protected":true}}
{"address":"0x1019951b8", "type":"STRING", "slot_size":40, "class":"0x1039feda0", "frozen":true, "embedded":true, "fstring":true, "bytesize":8, "value":"nano_num", "encoding":"US-ASCII", "memsize":40, "flags":{"wb_protected":true}}
{"address":"0x1019951e0", "type":"STRING", "slot_size":40, "class":"0x1039feda0", "frozen":true, "embedded":true, "fstring":true, "bytesize":8, "value":"submicro", "encoding":"US-ASCII", "memsize":40, "flags":{"wb_protected":true}}
{"address":"0x101995208", "type":"STRING", "slot_size":40, "class":"0x1039feda0", "frozen":true, "embedded":true, "fstring":true, "bytesize":13, "value":"FNM_SHORTNAME", "encoding":"US-ASCII", "memsize":40, "flags":{"wb_protected":true}}
{"address":"0x101995230", "type":"STRING", "slot_size":40, "class":"0x1039feda0", "frozen":true, "embedded":true, "fstring":true, "bytesize":11, "value":"FNM_SYSCASE", "encoding":"US-ASCII", "memsize":40, "flags":{"wb_protected":true}}
{"address":"0x101995258", "type":"STRING", "slot_size":40, "class":"0x1039feda0", "frozen":true, "embedded":true, "fstring":true, "bytesize":11, "value":"FNM_EXTGLOB", "encoding":"US-ASCII", "memsize":40, "flags":{"wb_protected":true}}
{"address":"0x101995280", "type":"STRING", "slot_size":40, "class":"0x1039feda0", "frozen":true, "embedded":true, "fstring":true, "bytesize":12, "value":"FNM_CASEFOLD", "encoding":"US-ASCII", "memsize":40, "flags":{"wb_protected":true}}
{"address":"0x1019952a8", "type":"STRING", "slot_size":40, "class":"0x1039feda0", "frozen":true, "embedded":true, "fstring":true, "bytesize":12, "value":"FNM_DOTMATCH", "encoding":"US-ASCII", "memsize":40, "flags":{"wb_protected":true}}
{"address":"0x1019952d0", "type":"STRING", "slot_size":40, "class":"0x1039feda0", "frozen":true, "embedded":true, "fstring":true, "bytesize":12, "value":"FNM_PATHNAME", "encoding":"US-ASCII", "memsize":40, "flags":{"wb_protected":true}}
{"address":"0x1019952f8", "type":"STRING", "slot_size":40, "class":"0x1039feda0", "frozen":true, "embedded":true, "fstring":true, "bytesize":12, "value":"FNM_NOESCAPE", "encoding":"US-ASCII", "memsize":40, "flags":{"wb_protected":true}}
{"address":"0x101995320", "type":"IMEMO", "slot_size":40, "class":"0x1039f12e0", "imemo_type":"ment", "memsize":48, "flags":{"wb_protected":true}}
{"address":"0x101995348", "type":"STRING", "slot_size":40, "class":"0x1039feda0", "frozen":true, "embedded":true, "fstring":true, "bytesize":8, "value":"fnmatch?", "encoding":"US-ASCII", "memsize":40, "flags":{"wb_protected":true}}
{"address":"0x101995370", "type":"IMEMO", "slot_size":40, "class":"0x1039f12e0", "imemo_type":"ment", "memsize":48, "flags":{"wb_protected":true}}
{"address":"0x101995398", "type":"STRING", "slot_size":40, "class":"0x1039feda0", "frozen":true, "embedded":true, "fstring":true, "bytesize":7, "value":"fnmatch", "encoding":"US-ASCII", "memsize":40, "flags":{"wb_protected":true}}
{"address":"0x1019953c0", "type":"IMEMO", "slot_size":40, "class":"0x1039f0700", "imemo_type":"ment", "memsize":48, "flags":{"wb_protected":true}}
{"address":"0x1019953e8", "type":"IMEMO", "slot_size":40, "class":"0x1039f0700", "imemo_type":"ment", "memsize":48, "flags":{"wb_protected":true}}
{"address":"0x101995410", "type":"IMEMO", "slot_size":40, "class":"0x1039f0700", "imemo_type":"ment", "memsize":48, "flags":{"wb_protected":true}}
{"address":"0x101995438", "type":"STRING", "slot_size":40, "class":"0x1039feda0", "frozen":true, "embedded":true, "fstring":true, "bytesize":4, "value":"home", "encoding":"US-ASCII", "memsize":40, "flags":{"wb_protected":true}}
{"address":"0x101995460", "type":"IMEMO", "slot_size":40, "class":"0x1039f0700", "imemo_type":"ment", "memsize":48, "flags":{"wb_protected":true}}
{"address":"0x101995488", "type":"IMEMO", "slot_size":40, "class":"0x1039f0700", "imemo_type":"ment", "memsize":48, "flags":{"wb_protected":true}}
{"address":"0x1019954b0", "type":"IMEMO", "slot_size":40, "class":"0x1039f0700", "imemo_type":"ment", "memsize":48, "flags":{"wb_protected":true}}
{"address":"0x1019954d8", "type":"STRING", "slot_size":40, "class":"0x1039feda0", "frozen":true, "embedded":true, "fstring":true, "bytesize":5, "value":"rmdir", "encoding":"US-ASCII", "memsize":40, "flags":{"wb_protected":true}}
{"address":"0x101995500", "type":"IMEMO", "slot_size":40, "class":"0x1039f0700", "imemo_type":"ment", "memsize":48, "flags":{"wb_protected":true}}
{"address":"0x101995528", "type":"STRING", "slot_size":40, "class":"0x1039feda0", "frozen":true, "embedded":true, "fstring":true, "bytesize":5, "value":"mkdir", "encoding":"US-ASCII", "memsize":40, "flags":{"wb_protected":true}}
{"address":"0x101995550", "type":"IMEMO", "slot_size":40, "class":"0x1039f0700", "imemo_type":"ment", "memsize":48, "flags":{"wb_protected":true}}
{"address":"0x101995578", "type":"STRING", "slot_size":40, "class":"0x1039feda0", "frozen":true, "embedded":true, "fstring":true, "bytesize":6, "value":"chroot", "encoding":"US-ASCII", "memsize":40, "flags":{"wb_protected":true}}
{"address":"0x1019955a0", "type":"IMEMO", "slot_size":40, "class":"0x1039f0700", "imemo_type":"ment", "memsize":48, "flags":{"wb_protected":true}}
{"address":"0x1019955c8", "type":"STRING", "slot_size":40, "class":"0x1039feda0", "frozen":true, "embedded":true, "fstring":true, "bytesize":3, "value":"pwd", "encoding":"US-ASCII", "memsize":40, "flags":{"wb_protected":true}}
{"address":"0x1019955f0", "type":"IMEMO", "slot_size":40, "class":"0x1039f0700", "imemo_type":"ment", "memsize":48, "flags":{"wb_protected":true}}
{"address":"0x101995618", "type":"STRING", "slot_size":40, "class":"0x1039feda0", "frozen":true, "embedded":true, "fstring":true, "bytesize":5, "value":"getwd", "encoding":"US-ASCII", "memsize":40, "flags":{"wb_protected":true}}
{"address":"0x101995640", "type":"IMEMO", "slot_size":40, "class":"0x1039f0700", "imemo_type":"ment", "memsize":48, "flags":{"wb_protected":true}}
{"address":"0x101995668", "type":"STRING", "slot_size":40, "class":"0x1039feda0", "frozen":true, "embedded":true, "fstring":true, "bytesize":5, "value":"chdir", "encoding":"US-ASCII", "memsize":40, "flags":{"wb_protected":true}}
{"address":"0x101995690", "type":"IMEMO", "slot_size":40, "class":"0x1039f07a0", "imemo_type":"ment", "memsize":48, "flags":{"wb_protected":true}}
{"address":"0x1019956b8", "type":"IMEMO", "slot_size":40, "class":"0x1039f07a0", "imemo_type":"ment", "memsize":48, "flags":{"wb_protected":true}}
{"address":"0x1019956e0", "type":"IMEMO", "slot_size":40, "class":"0x1039f07a0", "imemo_type":"ment", "memsize":48, "flags":{"wb_protected":true}}
{"address":"0x101995708", "type":"IMEMO", "slot_size":40, "class":"0x1039f07a0", "imemo_type":"ment", "memsize":48, "flags":{"wb_protected":true}}
{"address":"0x101995730", "type":"IMEMO", "slot_size":40, "class":"0x1039f07a0", "imemo_type":"ment", "memsize":48, "flags":{"wb_protected":true}}
{"address":"0x101995758", "type":"IMEMO", "slot_size":40, "class":"0x1039f07a0", "imemo_type":"ment", "memsize":48, "flags":{"wb_protected":true}}
{"address":"0x101995780", "type":"IMEMO", "slot_size":40, "class":"0x1039f07a0", "imemo_type":"ment", "memsize":48, "flags":{"wb_protected":true}}
{"address":"0x1019957a8", "type":"IMEMO", "slot_size":40, "class":"0x1039f07a0", "imemo_type":"ment", "memsize":48, "flags":{"wb_protected":true}}
{"address":"0x1019957d0", "type":"IMEMO", "slot_size":40, "class":"0x1039f07a0", "imemo_type":"ment", "memsize":48, "flags":{"wb_protected":true}}
{"address":"0x1019957f8", "type":"IMEMO", "slot_size":40, "class":"0x1039f07a0", "imemo_type":"ment", "memsize":48, "flags":{"wb_protected":true}}
{"address":"0x101995820", "type":"IMEMO", "slot_size":40, "class":"0x1039f07a0", "imemo_type":"ment", "memsize":48, "flags":{"wb_protected":true}}
{"address":"0x101995848", "type":"IMEMO", "slot_size":40, "class":"0x1039f07a0", "imemo_type":"ment", "memsize":48, "flags":{"wb_protected":true}}
{"address":"0x101995870", "type":"IMEMO", "slot_size":40, "class":"0x1039f07a0", "imemo_type":"ment", "memsize":48, "flags":{"wb_protected":true}}
{"address":"0x101995898", "type":"IMEMO", "slot_size":40, "class":"0x1039f07a0", "imemo_type":"ment", "memsize":48, "flags":{"wb_protected":true}}
{"address":"0x1019958c0", "type":"IMEMO", "slot_size":40, "class":"0x1039f0700", "imemo_type":"ment", "memsize":48, "flags":{"wb_protected":true}}
{"address":"0x1019958e8", "type":"STRING", "slot_size":40, "class":"0x1039feda0", "frozen":true, "embedded":true, "fstring":true, "bytesize":8, "value":"children", "encoding":"US-ASCII", "memsize":40, "flags":{"wb_protected":true}}
{"address":"0x101995910", "type":"IMEMO", "slot_size":40, "class":"0x1039f0700", "imemo_type":"ment", "memsize":48, "flags":{"wb_protected":true}}
{"address":"0x101995938", "type":"STRING", "slot_size":40, "class":"0x1039feda0", "frozen":true, "embedded":true, "fstring":true, "bytesize":10, "value":"each_child", "encoding":"US-ASCII", "memsize":40, "flags":{"wb_protected":true}}
{"address":"0x101995960", "type":"IMEMO", "slot_size":40, "class":"0x1039f0700", "imemo_type":"ment", "memsize":48, "flags":{"wb_protected":true}}
{"address":"0x101995988", "type":"IMEMO", "slot_size":40, "class":"0x1039f0700", "imemo_type":"ment", "memsize":48, "flags":{"wb_protected":true}}
{"address":"0x1019959b0", "type":"STRING", "slot_size":40, "class":"0x1039feda0", "frozen":true, "embedded":true, "fstring":true, "bytesize":3, "value":"Dir", "encoding":"US-ASCII", "memsize":40, "flags":{"wb_protected":true}}
{"address":"0x1019959d8", "type":"IMEMO", "slot_size":40, "class":"0x1039f0e80", "imemo_type":"ment", "memsize":48, "flags":{"wb_protected":true}}
{"address":"0x101995a00", "type":"IMEMO", "slot_size":40, "class":"0x1039f0e80", "imemo_type":"ment", "memsize":48, "flags":{"wb_protected":true}}
{"address":"0x101995a28", "type":"IMEMO", "slot_size":40, "class":"0x1039f0e80", "imemo_type":"ment", "memsize":48, "flags":{"wb_protected":true}}
{"address":"0x101995a50", "type":"IMEMO", "slot_size":40, "class":"0x1039f0e80", "imemo_type":"ment", "memsize":48, "flags":{"wb_protected":true}}
{"address":"0x101995a78", "type":"IMEMO", "slot_size":40, "class":"0x1039f0e80", "imemo_type":"ment", "memsize":48, "flags":{"wb_protected":true}}
{"address":"0x101995aa0", "type":"STRING", "slot_size":40, "class":"0x1039feda0", "frozen":true, "embedded":true, "fstring":true, "bytesize":10, "value":"set_string", "encoding":"US-ASCII", "memsize":40, "flags":{"wb_protected":true}}
{"address":"0x101995ac8", "type":"IMEMO", "slot_size":40, "class":"0x1039f0e80", "imemo_type":"ment", "memsize":48, "flags":{"wb_protected":true}}
{"address":"0x101995af0", "type":"STRING", "slot_size":40, "class":"0x1039feda0", "frozen":true, "embedded":true, "fstring":true, "bytesize":10, "value":"get_string", "encoding":"US-ASCII", "memsize":40, "flags":{"wb_protected":true}}
{"address":"0x101995b18", "type":"IMEMO", "slot_size":40, "class":"0x1039f0e80", "imemo_type":"ment", "memsize":48, "flags":{"wb_protected":true}}
{"address":"0x101995b40", "type":"STRING", "slot_size":40, "class":"0x1039feda0", "frozen":true, "embedded":true, "fstring":true, "bytesize":4, "value":"copy", "encoding":"US-ASCII", "memsize":40, "flags":{"wb_protected":true}}
{"address":"0x101995b68", "type":"IMEMO", "slot_size":40, "class":"0x1039f0e80", "imemo_type":"ment", "memsize":48, "flags":{"wb_protected":true}}
{"address":"0x101995b90", "type":"STRING", "slot_size":40, "class":"0x1039feda0", "frozen":true, "embedded":true, "fstring":true, "bytesize":9, "value":"set_value", "encoding":"US-ASCII", "memsize":40, "flags":{"wb_protected":true}}
{"address":"0x101995bb8", "type":"IMEMO", "slot_size":40, "class":"0x1039f0e80", "imemo_type":"ment", "memsize":48, "flags":{"wb_protected":true}}
{"address":"0x101995be0", "type":"STRING", "slot_size":40, "class":"0x1039feda0", "frozen":true, "embedded":true, "fstring":true, "bytesize":9, "value":"get_value", "encoding":"US-ASCII", "memsize":40, "flags":{"wb_protected":true}}
{"address":"0x101995c08", "type":"STRING", "slot_size":40, "class":"0x1039feda0", "frozen":true, "embedded":true, "fstring":true, "bytesize":3, "value":"F64", "encoding":"US-ASCII", "memsize":40, "flags":{"wb_protected":true}}
{"address":"0x101995c30", "type":"STRING", "slot_size":40, "class":"0x1039feda0", "frozen":true, "embedded":true, "fstring":true, "bytesize":3, "value":"f64", "encoding":"US-ASCII", "memsize":40, "flags":{"wb_protected":true}}
{"address":"0x101995c58", "type":"STRING", "slot_size":40, "class":"0x1039feda0", "frozen":true, "embedded":true, "fstring":true, "bytesize":3, "value":"F32", "encoding":"US-ASCII", "memsize":40, "flags":{"wb_protected":true}}
{"address":"0x101995c80", "type":"STRING", "slot_size":40, "class":"0x1039feda0", "frozen":true, "embedded":true, "fstring":true, "bytesize":3, "value":"f32", "encoding":"US-ASCII", "memsize":40, "flags":{"wb_protected":true}}
{"address":"0x101995ca8", "type":"STRING", "slot_size":40, "class":"0x1039feda0", "frozen":true, "embedded":true, "fstring":true, "bytesize":3, "value":"S64", "encoding":"US-ASCII", "memsize":40, "flags":{"wb_protected":true}}
{"address":"0x101995cd0", "type":"STRING", "slot_size":40, "class":"0x1039feda0", "frozen":true, "embedded":true, "fstring":true, "bytesize":3, "value":"s64", "encoding":"US-ASCII", "memsize":40, "flags":{"wb_protected":true}}
{"address":"0x101995cf8", "type":"STRING", "slot_size":40, "class":"0x1039feda0", "frozen":true, "embedded":true, "fstring":true, "bytesize":3, "value":"U64", "encoding":"US-ASCII", "memsize":40, "flags":{"wb_protected":true}}
{"address":"0x101995d20", "type":"STRING", "slot_size":40, "class":"0x1039feda0", "frozen":true, "embedded":true, "fstring":true, "bytesize":3, "value":"u64", "encoding":"US-ASCII", "memsize":40, "flags":{"wb_protected":true}}
{"address":"0x101995d48", "type":"STRING", "slot_size":40, "class":"0x1039feda0", "frozen":true, "embedded":true, "fstring":true, "bytesize":3, "value":"S32", "encoding":"US-ASCII", "memsize":40, "flags":{"wb_protected":true}}
{"address":"0x101995d70", "type":"STRING", "slot_size":40, "class":"0x1039feda0", "frozen":true, "embedded":true, "fstring":true, "bytesize":3, "value":"s32", "encoding":"US-ASCII", "memsize":40, "flags":{"wb_protected":true}}
{"address":"0x101995d98", "type":"STRING", "slot_size":40, "class":"0x1039feda0", "frozen":true, "embedded":true, "fstring":true, "bytesize":3, "value":"U32", "encoding":"US-ASCII", "memsize":40, "flags":{"wb_protected":true}}
{"address":"0x101995dc0", "type":"STRING", "slot_size":40, "class":"0x1039feda0", "frozen":true, "embedded":true, "fstring":true, "bytesize":3, "value":"u32", "encoding":"US-ASCII", "memsize":40, "flags":{"wb_protected":true}}
{"address":"0x101995de8", "type":"STRING", "slot_size":40, "class":"0x1039feda0", "frozen":true, "embedded":true, "fstring":true, "bytesize":3, "value":"S16", "encoding":"US-ASCII", "memsize":40, "flags":{"wb_protected":true}}
{"address":"0x101995e10", "type":"STRING", "slot_size":40, "class":"0x1039feda0", "frozen":true, "embedded":true, "fstring":true, "bytesize":3, "value":"s16", "encoding":"US-ASCII", "memsize":40, "flags":{"wb_protected":true}}
{"address":"0x101995e38", "type":"STRING", "slot_size":40, "class":"0x1039feda0", "frozen":true, "embedded":true, "fstring":true, "bytesize":3, "value":"U16", "encoding":"US-ASCII", "memsize":40, "flags":{"wb_protected":true}}
{"address":"0x101995e60", "type":"STRING", "slot_size":40, "class":"0x1039feda0", "frozen":true, "embedded":true, "fstring":true, "bytesize":3, "value":"u16", "encoding":"US-ASCII", "memsize":40, "flags":{"wb_protected":true}}
{"address":"0x101995e88", "type":"STRING", "slot_size":40, "class":"0x1039feda0", "frozen":true, "embedded":true, "fstring":true, "bytesize":2, "value":"S8", "encoding":"US-ASCII", "memsize":40, "flags":{"wb_protected":true}}
{"address":"0x101995eb0", "type":"STRING", "slot_size":40, "class":"0x1039feda0", "frozen":true, "embedded":true, "fstring":true, "bytesize":2, "value":"U8", "encoding":"US-ASCII", "memsize":40, "flags":{"wb_protected":true}}
{"address":"0x101995ed8", "type":"IMEMO", "slot_size":40, "class":"0x1039f0e80", "imemo_type":"ment", "memsize":48, "flags":{"wb_protected":true}}
{"address":"0x101995f00", "type":"STRING", "slot_size":40, "class":"0x1039feda0", "frozen":true, "embedded":true, "fstring":true, "bytesize":4, "value":"free", "encoding":"US-ASCII", "memsize":40, "flags":{"wb_protected":true}}
{"address":"0x101995f28", "type":"IMEMO", "slot_size":40, "class":"0x1039f0e80", "imemo_type":"ment", "memsize":48, "flags":{"wb_protected":true}}
{"address":"0x101995f50", "type":"IMEMO", "slot_size":40, "class":"0x1039f0e80", "imemo_type":"ment", "memsize":48, "flags":{"wb_protected":true}}
{"address":"0x101995f78", "type":"STRING", "slot_size":40, "class":"0x1039feda0", "frozen":true, "embedded":true, "fstring":true, "bytesize":6, "value":"resize", "encoding":"US-ASCII", "memsize":40, "flags":{"wb_protected":true}}
{"address":"0x101995fa0", "type":"IMEMO", "slot_size":40, "class":"0x1039f0e80", "imemo_type":"ment", "memsize":48, "flags":{"wb_protected":true}}
{"address":"0x101995fc8", "type":"IMEMO", "slot_size":40, "class":"0x1039f0e80", "imemo_type":"ment", "memsize":48, "flags":{"wb_protected":true}}
{"address":"0x101995ff0", "type":"IMEMO", "slot_size":40, "class":"0x1039f0e80", "imemo_type":"ment", "memsize":48, "flags":{"wb_protected":true}}
{"address":"0x101996018", "type":"STRING", "slot_size":40, "class":"0x1039feda0", "frozen":true, "embedded":true, "fstring":true, "bytesize":6, "value":"locked", "encoding":"US-ASCII", "memsize":40, "flags":{"wb_protected":true}}
{"address":"0x101996040", "type":"IMEMO", "slot_size":40, "class":"0x1039f0e80", "imemo_type":"ment", "memsize":48, "flags":{"wb_protected":true}}
{"address":"0x101996068", "type":"STRING", "slot_size":40, "class":"0x1039feda0", "frozen":true, "embedded":true, "fstring":true, "bytesize":9, "value":"readonly?", "encoding":"US-ASCII", "memsize":40, "flags":{"wb_protected":true}}
{"address":"0x101996090", "type":"IMEMO", "slot_size":40, "class":"0x1039f0e80", "imemo_type":"ment", "memsize":48, "flags":{"wb_protected":true}}
{"address":"0x1019960b8", "type":"STRING", "slot_size":40, "class":"0x1039feda0", "frozen":true, "embedded":true, "fstring":true, "bytesize":7, "value":"locked?", "encoding":"US-ASCII", "memsize":40, "flags":{"wb_protected":true}}
{"address":"0x1019960e0", "type":"IMEMO", "slot_size":40, "class":"0x1039f0e80", "imemo_type":"ment", "memsize":48, "flags":{"wb_protected":true}}
{"address":"0x101996108", "type":"STRING", "slot_size":40, "class":"0x1039feda0", "frozen":true, "embedded":true, "fstring":true, "bytesize":7, "value":"mapped?", "encoding":"US-ASCII", "memsize":40, "flags":{"wb_protected":true}}
{"address":"0x101996130", "type":"IMEMO", "slot_size":40, "class":"0x1039f0e80", "imemo_type":"ment", "memsize":48, "flags":{"wb_protected":true}}
{"address":"0x101996158", "type":"STRING", "slot_size":40, "class":"0x1039feda0", "frozen":true, "embedded":true, "fstring":true, "bytesize":9, "value":"internal?", "encoding":"US-ASCII", "memsize":40, "flags":{"wb_protected":true}}
{"address":"0x101996180", "type":"IMEMO", "slot_size":40, "class":"0x1039f0e80", "imemo_type":"ment", "memsize":48, "flags":{"wb_protected":true}}
{"address":"0x1019961a8", "type":"STRING", "slot_size":40, "class":"0x1039feda0", "frozen":true, "embedded":true, "fstring":true, "bytesize":9, "value":"external?", "encoding":"US-ASCII", "memsize":40, "flags":{"wb_protected":true}}
{"address":"0x1019961d0", "type":"IMEMO", "slot_size":40, "class":"0x1039f0e80", "imemo_type":"ment", "memsize":48, "flags":{"wb_protected":true}}
{"address":"0x1019961f8", "type":"IMEMO", "slot_size":40, "class":"0x1039f0e80", "imemo_type":"ment", "memsize":48, "flags":{"wb_protected":true}}
{"address":"0x101996220", "type":"STRING", "slot_size":40, "class":"0x1039feda0", "frozen":true, "embedded":true, "fstring":true, "bytesize":5, "value":"null?", "encoding":"US-ASCII", "memsize":40, "flags":{"wb_protected":true}}
{"address":"0x101996248", "type":"STRING", "slot_size":40, "class":"0x1039feda0", "frozen":true, "embedded":true, "fstring":true, "bytesize":14, "value":"NETWORK_ENDIAN", "encoding":"US-ASCII", "memsize":40, "flags":{"wb_protected":true}}
{"address":"0x101996270", "type":"STRING", "slot_size":40, "class":"0x1039feda0", "frozen":true, "embedded":true, "fstring":true, "bytesize":11, "value":"HOST_ENDIAN", "encoding":"US-ASCII", "memsize":40, "flags":{"wb_protected":true}}
{"address":"0x101996298", "type":"STRING", "slot_size":40, "class":"0x1039feda0", "frozen":true, "embedded":true, "fstring":true, "bytesize":10, "value":"BIG_ENDIAN", "encoding":"US-ASCII", "memsize":40, "flags":{"wb_protected":true}}
{"address":"0x1019962c0", "type":"STRING", "slot_size":40, "class":"0x1039feda0", "frozen":true, "embedded":true, "fstring":true, "bytesize":13, "value":"LITTLE_ENDIAN", "encoding":"US-ASCII", "memsize":40, "flags":{"wb_protected":true}}
{"address":"0x1019962e8", "type":"STRING", "slot_size":40, "class":"0x1039feda0", "frozen":true, "embedded":true, "fstring":true, "bytesize":8, "value":"READONLY", "encoding":"US-ASCII", "memsize":40, "flags":{"wb_protected":true}}
{"address":"0x101996310", "type":"STRING", "slot_size":40, "class":"0x1039feda0", "frozen":true, "embedded":true, "fstring":true, "bytesize":7, "value":"PRIVATE", "encoding":"US-ASCII", "memsize":40, "flags":{"wb_protected":true}}
{"address":"0x101996338", "type":"STRING", "slot_size":40, "class":"0x1039feda0", "frozen":true, "embedded":true, "fstring":true, "bytesize":6, "value":"LOCKED", "encoding":"US-ASCII", "memsize":40, "flags":{"wb_protected":true}}
{"address":"0x101996360", "type":"STRING", "slot_size":40, "class":"0x1039feda0", "frozen":true, "embedded":true, "fstring":true, "bytesize":6, "value":"MAPPED", "encoding":"US-ASCII", "memsize":40, "flags":{"wb_protected":true}}
{"address":"0x101996388", "type":"STRING", "slot_size":40, "class":"0x1039feda0", "frozen":true, "embedded":true, "fstring":true, "bytesize":8, "value":"INTERNAL", "encoding":"US-ASCII", "memsize":40, "flags":{"wb_protected":true}}
{"address":"0x1019963b0", "type":"STRING", "slot_size":40, "class":"0x1039feda0", "frozen":true, "embedded":true, "fstring":true, "bytesize":8, "value":"EXTERNAL", "encoding":"US-ASCII", "memsize":40, "flags":{"wb_protected":true}}
{"address":"0x1019963d8", "type":"IMEMO", "slot_size":40, "class":"0x1039f0e80", "imemo_type":"ment", "memsize":48, "flags":{"wb_protected":true}}
{"address":"0x101996400", "type":"STRING", "slot_size":40, "class":"0x1039feda0", "frozen":true, "embedded":true, "fstring":true, "bytesize":8, "value":"transfer", "encoding":"US-ASCII", "memsize":40, "flags":{"wb_protected":true}}
{"address":"0x101996428", "type":"IMEMO", "slot_size":40, "class":"0x1039f0e80", "imemo_type":"ment", "memsize":48, "flags":{"wb_protected":true}}
{"address":"0x101996450", "type":"STRING", "slot_size":40, "class":"0x1039feda0", "frozen":true, "embedded":true, "fstring":true, "bytesize":6, "value":"valid?", "encoding":"US-ASCII", "memsize":40, "flags":{"wb_protected":true}}
{"address":"0x101996478", "type":"IMEMO", "slot_size":40, "class":"0x1039f0e80", "imemo_type":"ment", "memsize":48, "flags":{"wb_protected":true}}
{"address":"0x1019964a0", "type":"IMEMO", "slot_size":40, "class":"0x1039f0e80", "imemo_type":"ment", "memsize":48, "flags":{"wb_protected":true}}
{"address":"0x1019964c8", "type":"IMEMO", "slot_size":40, "class":"0x1039f0e80", "imemo_type":"ment", "memsize":48, "flags":{"wb_protected":true}}
{"address":"0x1019964f0", "type":"STRING", "slot_size":40, "class":"0x1039feda0", "frozen":true, "embedded":true, "fstring":true, "bytesize":7, "value":"hexdump", "encoding":"US-ASCII", "memsize":40, "flags":{"wb_protected":true}}
{"address":"0x101996518", "type":"IMEMO", "slot_size":40, "class":"0x1039f0e80", "imemo_type":"ment", "memsize":48, "flags":{"wb_protected":true}}
{"address":"0x101996540", "type":"IMEMO", "slot_size":40, "class":"0x1039f0e80", "imemo_type":"ment", "memsize":48, "flags":{"wb_protected":true}}
{"address":"0x101996568", "type":"IMEMO", "slot_size":40, "class":"0x1039f0de0", "imemo_type":"ment", "memsize":48, "flags":{"wb_protected":true}}
{"address":"0x101996590", "type":"STRING", "slot_size":40, "class":"0x1039feda0", "frozen":true, "embedded":true, "fstring":true, "bytesize":12, "value":"DEFAULT_SIZE", "encoding":"US-ASCII", "memsize":40, "flags":{"wb_protected":true}}
{"address":"0x1019965b8", "type":"STRING", "slot_size":40, "class":"0x1039feda0", "frozen":true, "embedded":true, "fstring":true, "bytesize":9, "value":"PAGE_SIZE", "encoding":"US-ASCII", "memsize":40, "flags":{"wb_protected":true}}
{"address":"0x1019965e0", "type":"IMEMO", "slot_size":40, "class":"0x1039f0de0", "imemo_type":"ment", "memsize":48, "flags":{"wb_protected":true}}
{"address":"0x101996608", "type":"STRING", "slot_size":40, "class":"0x1039feda0", "frozen":true, "embedded":true, "fstring":true, "bytesize":3, "value":"for", "encoding":"US-ASCII", "memsize":40, "flags":{"wb_protected":true}}
{"address":"0x101996630", "type":"STRING", "slot_size":40, "class":"0x1039feda0", "bytesize":28, "capacity":31, "value":"IO::Buffer::InvalidatedError", "encoding":"US-ASCII", "memsize":72, "flags":{"wb_protected":true}}
{"address":"0x101996658", "type":"STRING", "slot_size":40, "class":"0x1039feda0", "bytesize":23, "capacity":31, "value":"IO::Buffer::AccessError", "encoding":"US-ASCII", "memsize":72, "flags":{"wb_protected":true}}
{"address":"0x101996680", "type":"STRING", "slot_size":40, "class":"0x1039feda0", "frozen":true, "embedded":true, "fstring":true, "bytesize":11, "value":"AccessError", "encoding":"US-ASCII", "memsize":40, "flags":{"wb_protected":true}}
{"address":"0x1019966a8", "type":"STRING", "slot_size":40, "class":"0x1039feda0", "bytesize":27, "capacity":31, "value":"IO::Buffer::AllocationError", "encoding":"US-ASCII", "memsize":72, "flags":{"wb_protected":true}}
{"address":"0x1019966d0", "type":"STRING", "slot_size":40, "class":"0x1039feda0", "frozen":true, "embedded":true, "fstring":true, "bytesize":15, "value":"AllocationError", "encoding":"US-ASCII", "memsize":40, "flags":{"wb_protected":true}}
{"address":"0x1019966f8", "type":"STRING", "slot_size":40, "class":"0x1039feda0", "bytesize":23, "capacity":31, "value":"IO::Buffer::LockedError", "encoding":"US-ASCII", "memsize":72, "flags":{"wb_protected":true}}
{"address":"0x101996720", "type":"STRING", "slot_size":40, "class":"0x1039feda0", "frozen":true, "embedded":true, "fstring":true, "bytesize":11, "value":"LockedError", "encoding":"US-ASCII", "memsize":40, "flags":{"wb_protected":true}}
{"address":"0x101996748", "type":"STRING", "slot_size":40, "class":"0x1039feda0", "frozen":true, "embedded":true, "fstring":true, "bytesize":10, "value":"IO::Buffer", "encoding":"US-ASCII", "memsize":40, "flags":{"wb_protected":true}}
{"address":"0x101996770", "type":"STRING", "slot_size":40, "class":"0x1039feda0", "embedded":true, "bytesize":10, "value":"IO::Buffer", "encoding":"US-ASCII", "memsize":40, "flags":{"wb_protected":true}}
{"address":"0x101996798", "type":"STRING", "slot_size":40, "class":"0x1039feda0", "frozen":true, "embedded":true, "fstring":true, "bytesize":6, "value":"Buffer", "encoding":"US-ASCII", "memsize":40, "flags":{"wb_protected":true}}
{"address":"0x1019967c0", "type":"STRING", "slot_size":40, "class":"0x1039feda0", "frozen":true, "embedded":true, "fstring":true, "bytesize":13, "value":"wait_writable", "encoding":"US-ASCII", "memsize":40, "flags":{"wb_protected":true}}
{"address":"0x1019967e8", "type":"STRING", "slot_size":40, "class":"0x1039feda0", "frozen":true, "embedded":true, "fstring":true, "bytesize":13, "value":"wait_readable", "encoding":"US-ASCII", "memsize":40, "flags":{"wb_protected":true}}
{"address":"0x101996810", "type":"STRING", "slot_size":40, "class":"0x1039feda0", "frozen":true, "embedded":true, "fstring":true, "bytesize":4, "value":"HOLE", "encoding":"US-ASCII", "memsize":40, "flags":{"wb_protected":true}}
{"address":"0x101996838", "type":"STRING", "slot_size":40, "class":"0x1039feda0", "frozen":true, "embedded":true, "fstring":true, "bytesize":4, "value":"DATA", "encoding":"US-ASCII", "memsize":40, "flags":{"wb_protected":true}}
{"address":"0x101996860", "type":"STRING", "slot_size":40, "class":"0x1039feda0", "frozen":true, "embedded":true, "fstring":true, "bytesize":3, "value":"END", "encoding":"US-ASCII", "memsize":40, "flags":{"wb_protected":true}}
{"address":"0x101996888", "type":"STRING", "slot_size":40, "class":"0x1039feda0", "frozen":true, "embedded":true, "fstring":true, "bytesize":3, "value":"CUR", "encoding":"US-ASCII", "memsize":40, "flags":{"wb_protected":true}}
{"address":"0x1019968b0", "type":"STRING", "slot_size":40, "class":"0x1039feda0", "frozen":true, "embedded":true, "fstring":true, "bytesize":3, "value":"SET", "encoding":"US-ASCII", "memsize":40, "flags":{"wb_protected":true}}
{"address":"0x1019968d8", "type":"STRING", "slot_size":40, "class":"0x1039feda0", "frozen":true, "embedded":true, "fstring":true, "bytesize":7, "value":"noreuse", "encoding":"US-ASCII", "memsize":40, "flags":{"wb_protected":true}}
{"address":"0x101996900", "type":"STRING", "slot_size":40, "class":"0x1039feda0", "frozen":true, "embedded":true, "fstring":true, "bytesize":8, "value":"dontneed", "encoding":"US-ASCII", "memsize":40, "flags":{"wb_protected":true}}
{"address":"0x101996928", "type":"STRING", "slot_size":40, "class":"0x1039feda0", "frozen":true, "embedded":true, "fstring":true, "bytesize":8, "value":"willneed", "encoding":"US-ASCII", "memsize":40, "flags":{"wb_protected":true}}
{"address":"0x101996950", "type":"STRING", "slot_size":40, "class":"0x1039feda0", "frozen":true, "embedded":true, "fstring":true, "bytesize":6, "value":"random", "encoding":"US-ASCII", "memsize":40, "flags":{"wb_protected":true}}
{"address":"0x101996978", "type":"STRING", "slot_size":40, "class":"0x1039feda0", "frozen":true, "embedded":true, "fstring":true, "bytesize":10, "value":"sequential", "encoding":"US-ASCII", "memsize":40, "flags":{"wb_protected":true}}
{"address":"0x1019969a0", "type":"STRING", "slot_size":40, "class":"0x1039feda0", "frozen":true, "embedded":true, "fstring":true, "bytesize":6, "value":"normal", "encoding":"US-ASCII", "memsize":40, "flags":{"wb_protected":true}}
{"address":"0x1019969c8", "type":"STRING", "slot_size":40, "class":"0x1039feda0", "frozen":true, "embedded":true, "fstring":true, "bytesize":9, "value":"autoclose", "encoding":"US-ASCII", "memsize":40, "flags":{"wb_protected":true}}
{"address":"0x1019969f0", "type":"STRING", "slot_size":40, "class":"0x1039feda0", "frozen":true, "embedded":true, "fstring":true, "bytesize":8, "value":"textmode", "encoding":"US-ASCII", "memsize":40, "flags":{"wb_protected":true}}
{"address":"0x101996a18", "type":"STRING", "slot_size":40, "class":"0x1039feda0", "frozen":true, "embedded":true, "fstring":true, "bytesize":9, "value":"open_args", "encoding":"US-ASCII", "memsize":40, "flags":{"wb_protected":true}}
{"address":"0x101996a40", "type":"STRING", "slot_size":40, "class":"0x1039feda0", "frozen":true, "embedded":true, "fstring":true, "bytesize":5, "value":"flags", "encoding":"US-ASCII", "memsize":40, "flags":{"wb_protected":true}}
{"address":"0x101996a68", "type":"STRING", "slot_size":40, "class":"0x1039feda0", "frozen":true, "embedded":true, "fstring":true, "bytesize":4, "value":"perm", "encoding":"US-ASCII", "memsize":40, "flags":{"wb_protected":true}}
{"address":"0x101996a90", "type":"IMEMO", "slot_size":40, "class":"0x1039f1380", "imemo_type":"ment", "memsize":48, "flags":{"wb_protected":true}}
{"address":"0x101996ab8", "type":"IMEMO", "slot_size":40, "class":"0x1039f1060", "imemo_type":"ment", "memsize":48, "flags":{"wb_protected":true}}
{"address":"0x101996ae0", "type":"IMEMO", "slot_size":40, "class":"0x1039f1060", "imemo_type":"ment", "memsize":48, "flags":{"wb_protected":true}}
{"address":"0x101996b08", "type":"IMEMO", "slot_size":40, "class":"0x1039f1060", "imemo_type":"ment", "memsize":48, "flags":{"wb_protected":true}}
{"address":"0x101996b30", "type":"IMEMO", "slot_size":40, "class":"0x1039f1060", "imemo_type":"ment", "memsize":48, "flags":{"wb_protected":true}}
{"address":"0x101996b58", "type":"IMEMO", "slot_size":40, "class":"0x1039f1060", "imemo_type":"ment", "memsize":48, "flags":{"wb_protected":true}}
{"address":"0x101996b80", "type":"IMEMO", "slot_size":40, "class":"0x1039f1060", "imemo_type":"ment", "memsize":48, "flags":{"wb_protected":true}}
{"address":"0x101996ba8", "type":"IMEMO", "slot_size":40, "class":"0x1039f1060", "imemo_type":"ment", "memsize":48, "flags":{"wb_protected":true}}
{"address":"0x101996bd0", "type":"IMEMO", "slot_size":40, "class":"0x1039f1060", "imemo_type":"ment", "memsize":48, "flags":{"wb_protected":true}}
{"address":"0x101996bf8", "type":"IMEMO", "slot_size":40, "class":"0x1039f1060", "imemo_type":"ment", "memsize":48, "flags":{"wb_protected":true}}
{"address":"0x101996c20", "type":"IMEMO", "slot_size":40, "class":"0x1039f1060", "imemo_type":"ment", "memsize":48, "flags":{"wb_protected":true}}
{"address":"0x101996c48", "type":"IMEMO", "slot_size":40, "class":"0x1039f1060", "imemo_type":"ment", "memsize":48, "flags":{"wb_protected":true}}
{"address":"0x101996c70", "type":"IMEMO", "slot_size":40, "class":"0x1039f1060", "imemo_type":"ment", "memsize":48, "flags":{"wb_protected":true}}
{"address":"0x101996c98", "type":"IMEMO", "slot_size":40, "class":"0x1039f1060", "imemo_type":"ment", "memsize":48, "flags":{"wb_protected":true}}
{"address":"0x101996cc0", "type":"IMEMO", "slot_size":40, "class":"0x1039f1060", "imemo_type":"ment", "memsize":48, "flags":{"wb_protected":true}}
{"address":"0x101996ce8", "type":"IMEMO", "slot_size":40, "class":"0x1039f1060", "imemo_type":"ment", "memsize":48, "flags":{"wb_protected":true}}
{"address":"0x101996d10", "type":"IMEMO", "slot_size":40, "class":"0x1039f1060", "imemo_type":"ment", "memsize":48, "flags":{"wb_protected":true}}
{"address":"0x101996d38", "type":"IMEMO", "slot_size":40, "class":"0x1039f1060", "imemo_type":"ment", "memsize":48, "flags":{"wb_protected":true}}
{"address":"0x101996d60", "type":"IMEMO", "slot_size":40, "class":"0x1039f1060", "imemo_type":"ment", "memsize":48, "flags":{"wb_protected":true}}
{"address":"0x101996d88", "type":"IMEMO", "slot_size":40, "class":"0x1039f1060", "imemo_type":"ment", "memsize":48, "flags":{"wb_protected":true}}
{"address":"0x101996db0", "type":"IMEMO", "slot_size":40, "class":"0x1039f1060", "imemo_type":"ment", "memsize":48, "flags":{"wb_protected":true}}
{"address":"0x101996dd8", "type":"IMEMO", "slot_size":40, "class":"0x1039f1060", "imemo_type":"ment", "memsize":48, "flags":{"wb_protected":true}}
{"address":"0x101996e00", "type":"IMEMO", "slot_size":40, "class":"0x1039f1060", "imemo_type":"ment", "memsize":48, "flags":{"wb_protected":true}}
{"address":"0x101996e28", "type":"IMEMO", "slot_size":40, "class":"0x1039f1060", "imemo_type":"ment", "memsize":48, "flags":{"wb_protected":true}}
{"address":"0x101996e50", "type":"IMEMO", "slot_size":40, "class":"0x1039f1060", "imemo_type":"ment", "memsize":48, "flags":{"wb_protected":true}}
{"address":"0x101996e78", "type":"IMEMO", "slot_size":40, "class":"0x1039f1060", "imemo_type":"ment", "memsize":48, "flags":{"wb_protected":true}}
{"address":"0x101996ea0", "type":"IMEMO", "slot_size":40, "class":"0x1039f1060", "imemo_type":"ment", "memsize":48, "flags":{"wb_protected":true}}
{"address":"0x101996ec8", "type":"IMEMO", "slot_size":40, "class":"0x1039f1060", "imemo_type":"ment", "memsize":48, "flags":{"wb_protected":true}}
{"address":"0x101996ef0", "type":"IMEMO", "slot_size":40, "class":"0x1039f1060", "imemo_type":"ment", "memsize":48, "flags":{"wb_protected":true}}
{"address":"0x101996f18", "type":"IMEMO", "slot_size":40, "class":"0x1039f1060", "imemo_type":"ment", "memsize":48, "flags":{"wb_protected":true}}
{"address":"0x101996f40", "type":"STRING", "slot_size":40, "class":"0x1039feda0", "frozen":true, "embedded":true, "fstring":true, "bytesize":6, "value":"blocks", "encoding":"US-ASCII", "memsize":40, "flags":{"wb_protected":true}}
{"address":"0x101996f68", "type":"IMEMO", "slot_size":40, "class":"0x1039f1060", "imemo_type":"ment", "memsize":48, "flags":{"wb_protected":true}}
{"address":"0x101996f90", "type":"STRING", "slot_size":40, "class":"0x1039feda0", "frozen":true, "embedded":true, "fstring":true, "bytesize":7, "value":"blksize", "encoding":"US-ASCII", "memsize":40, "flags":{"wb_protected":true}}
{"address":"0x101996fb8", "type":"IMEMO", "slot_size":40, "class":"0x1039f1060", "imemo_type":"ment", "memsize":48, "flags":{"wb_protected":true}}
{"address":"0x101996fe0", "type":"IMEMO", "slot_size":40, "class":"0x1039f1060", "imemo_type":"ment", "memsize":48, "flags":{"wb_protected":true}}
{"address":"0x101997008", "type":"STRING", "slot_size":40, "class":"0x1039feda0", "frozen":true, "embedded":true, "fstring":true, "bytesize":10, "value":"rdev_minor", "encoding":"US-ASCII", "memsize":40, "flags":{"wb_protected":true}}
{"address":"0x101997030", "type":"IMEMO", "slot_size":40, "class":"0x1039f1060", "imemo_type":"ment", "memsize":48, "flags":{"wb_protected":true}}
{"address":"0x101997058", "type":"STRING", "slot_size":40, "class":"0x1039feda0", "frozen":true, "embedded":true, "fstring":true, "bytesize":10, "value":"rdev_major", "encoding":"US-ASCII", "memsize":40, "flags":{"wb_protected":true}}
{"address":"0x101997080", "type":"IMEMO", "slot_size":40, "class":"0x1039f1060", "imemo_type":"ment", "memsize":48, "flags":{"wb_protected":true}}
{"address":"0x1019970a8", "type":"STRING", "slot_size":40, "class":"0x1039feda0", "frozen":true, "embedded":true, "fstring":true, "bytesize":4, "value":"rdev", "encoding":"US-ASCII", "memsize":40, "flags":{"wb_protected":true}}
{"address":"0x1019970d0", "type":"IMEMO", "slot_size":40, "class":"0x1039f1060", "imemo_type":"ment", "memsize":48, "flags":{"wb_protected":true}}
{"address":"0x1019970f8", "type":"STRING", "slot_size":40, "class":"0x1039feda0", "frozen":true, "embedded":true, "fstring":true, "bytesize":3, "value":"gid", "encoding":"US-ASCII", "memsize":40, "flags":{"wb_protected":true}}
{"address":"0x101997120", "type":"IMEMO", "slot_size":40, "class":"0x1039f1060", "imemo_type":"ment", "memsize":48, "flags":{"wb_protected":true}}
{"address":"0x101997148", "type":"STRING", "slot_size":40, "class":"0x1039feda0", "frozen":true, "embedded":true, "fstring":true, "bytesize":3, "value":"uid", "encoding":"US-ASCII", "memsize":40, "flags":{"wb_protected":true}}
{"address":"0x101997170", "type":"IMEMO", "slot_size":40, "class":"0x1039f1060", "imemo_type":"ment", "memsize":48, "flags":{"wb_protected":true}}
{"address":"0x101997198", "type":"STRING", "slot_size":40, "class":"0x1039feda0", "frozen":true, "embedded":true, "fstring":true, "bytesize":5, "value":"nlink", "encoding":"US-ASCII", "memsize":40, "flags":{"wb_protected":true}}
{"address":"0x1019971c0", "type":"IMEMO", "slot_size":40, "class":"0x1039f1060", "imemo_type":"ment", "memsize":48, "flags":{"wb_protected":true}}
{"address":"0x1019971e8", "type":"STRING", "slot_size":40, "class":"0x1039feda0", "frozen":true, "embedded":true, "fstring":true, "bytesize":4, "value":"mode", "encoding":"US-ASCII", "memsize":40, "flags":{"wb_protected":true}}
{"address":"0x101997210", "type":"IMEMO", "slot_size":40, "class":"0x1039f1060", "imemo_type":"ment", "memsize":48, "flags":{"wb_protected":true}}
{"address":"0x101997238", "type":"STRING", "slot_size":40, "class":"0x1039feda0", "frozen":true, "embedded":true, "fstring":true, "bytesize":3, "value":"ino", "encoding":"US-ASCII", "memsize":40, "flags":{"wb_protected":true}}
{"address":"0x101997260", "type":"IMEMO", "slot_size":40, "class":"0x1039f1060", "imemo_type":"ment", "memsize":48, "flags":{"wb_protected":true}}
{"address":"0x101997288", "type":"STRING", "slot_size":40, "class":"0x1039feda0", "frozen":true, "embedded":true, "fstring":true, "bytesize":9, "value":"dev_minor", "encoding":"US-ASCII", "memsize":40, "flags":{"wb_protected":true}}
{"address":"0x1019972b0", "type":"IMEMO", "slot_size":40, "class":"0x1039f1060", "imemo_type":"ment", "memsize":48, "flags":{"wb_protected":true}}
{"address":"0x1019972d8", "type":"STRING", "slot_size":40, "class":"0x1039feda0", "frozen":true, "embedded":true, "fstring":true, "bytesize":9, "value":"dev_major", "encoding":"US-ASCII", "memsize":40, "flags":{"wb_protected":true}}
{"address":"0x101997300", "type":"IMEMO", "slot_size":40, "class":"0x1039f1060", "imemo_type":"ment", "memsize":48, "flags":{"wb_protected":true}}
{"address":"0x101997328", "type":"STRING", "slot_size":40, "class":"0x1039feda0", "frozen":true, "embedded":true, "fstring":true, "bytesize":3, "value":"dev", "encoding":"US-ASCII", "memsize":40, "flags":{"wb_protected":true}}
{"address":"0x101997350", "type":"IMEMO", "slot_size":40, "class":"0x1039f1060", "imemo_type":"ment", "memsize":48, "flags":{"wb_protected":true}}
{"address":"0x101997378", "type":"IMEMO", "slot_size":40, "class":"0x1039f1060", "imemo_type":"ment", "memsize":48, "flags":{"wb_protected":true}}
{"address":"0x1019973a0", "type":"IMEMO", "slot_size":40, "class":"0x1039f1060", "imemo_type":"ment", "memsize":48, "flags":{"wb_protected":true}}
{"address":"0x1019973c8", "type":"STRING", "slot_size":40, "class":"0x1039feda0", "frozen":true, "embedded":true, "fstring":true, "bytesize":10, "value":"File::Stat", "encoding":"US-ASCII", "memsize":40, "flags":{"wb_protected":true}}
{"address":"0x1019973f0", "type":"STRING", "slot_size":40, "class":"0x1039feda0", "embedded":true, "bytesize":10, "value":"File::Stat", "encoding":"US-ASCII", "memsize":40, "flags":{"wb_protected":true}}
{"address":"0x101997418", "type":"STRING", "slot_size":40, "class":"0x1039feda0", "frozen":true, "embedded":true, "fstring":true, "bytesize":4, "value":"Stat", "encoding":"US-ASCII", "memsize":40, "flags":{"wb_protected":true}}
{"address":"0x101997440", "type":"IMEMO", "slot_size":40, "class":"0x1039ff7a0", "imemo_type":"ment", "memsize":48, "flags":{"wb_protected":true}}
{"address":"0x101997468", "type":"IMEMO", "slot_size":40, "imemo_type":"ment", "references":["0x1039ff8e0"], "memsize":48, "flags":{"wb_protected":true}}
{"address":"0x101997490", "type":"STRING", "slot_size":40, "class":"0x1039feda0", "frozen":true, "embedded":true, "fstring":true, "bytesize":4, "value":"test", "encoding":"US-ASCII", "memsize":40, "flags":{"wb_protected":true}}
{"address":"0x1019974b8", "type":"IMEMO", "slot_size":40, "class":"0x1039f1380", "imemo_type":"ment", "memsize":48, "flags":{"wb_protected":true}}
{"address":"0x1019974e0", "type":"STRING", "slot_size":40, "class":"0x1039feda0", "frozen":true, "embedded":true, "fstring":true, "bytesize":7, "value":"to_path", "encoding":"US-ASCII", "memsize":40, "flags":{"wb_protected":true}}
{"address":"0x101997508", "type":"IMEMO", "slot_size":40, "class":"0x1039f1380", "imemo_type":"ment", "memsize":48, "flags":{"wb_protected":true}}
{"address":"0x101997530", "type":"STRING", "slot_size":40, "class":"0x1039feda0", "frozen":true, "embedded":true, "fstring":true, "bytesize":4, "value":"NULL", "encoding":"US-ASCII", "memsize":40, "flags":{"wb_protected":true}}
{"address":"0x101997558", "type":"STRING", "slot_size":40, "class":"0x1039feda0", "frozen":true, "fstring":true, "bytesize":9, "value":"/dev/null", "encoding":"US-ASCII", "memsize":40, "flags":{"wb_protected":true}}
{"address":"0x101997580", "type":"STRING", "slot_size":40, "class":"0x1039feda0", "frozen":true, "embedded":true, "fstring":true, "bytesize":7, "value":"LOCK_NB", "encoding":"US-ASCII", "memsize":40, "flags":{"wb_protected":true}}
{"address":"0x1019975a8", "type":"STRING", "slot_size":40, "class":"0x1039feda0", "frozen":true, "embedded":true, "fstring":true, "bytesize":7, "value":"LOCK_UN", "encoding":"US-ASCII", "memsize":40, "flags":{"wb_protected":true}}
{"address":"0x1019975d0", "type":"STRING", "slot_size":40, "class":"0x1039feda0", "frozen":true, "embedded":true, "fstring":true, "bytesize":7, "value":"LOCK_EX", "encoding":"US-ASCII", "memsize":40, "flags":{"wb_protected":true}}
{"address":"0x1019975f8", "type":"STRING", "slot_size":40, "class":"0x1039feda0", "frozen":true, "embedded":true, "fstring":true, "bytesize":7, "value":"LOCK_SH", "encoding":"US-ASCII", "memsize":40, "flags":{"wb_protected":true}}
{"address":"0x101997620", "type":"STRING", "slot_size":40, "class":"0x1039feda0", "frozen":true, "embedded":true, "fstring":true, "bytesize":8, "value":"NOFOLLOW", "encoding":"US-ASCII", "memsize":40, "flags":{"wb_protected":true}}
{"address":"0x101997648", "type":"STRING", "slot_size":40, "class":"0x1039feda0", "frozen":true, "embedded":true, "fstring":true, "bytesize":5, "value":"DSYNC", "encoding":"US-ASCII", "memsize":40, "flags":{"wb_protected":true}}
{"address":"0x101997670", "type":"STRING", "slot_size":40, "class":"0x1039feda0", "frozen":true, "embedded":true, "fstring":true, "bytesize":4, "value":"SYNC", "encoding":"US-ASCII", "memsize":40, "flags":{"wb_protected":true}}
{"address":"0x101997698", "type":"STRING", "slot_size":40, "class":"0x1039feda0", "frozen":true, "embedded":true, "fstring":true, "bytesize":12, "value":"SHARE_DELETE", "encoding":"US-ASCII", "memsize":40, "flags":{"wb_protected":true}}
{"address":"0x1019976c0", "type":"STRING", "slot_size":40, "class":"0x1039feda0", "frozen":true, "embedded":true, "fstring":true, "bytesize":6, "value":"BINARY", "encoding":"US-ASCII", "memsize":40, "flags":{"wb_protected":true}}
{"address":"0x1019976e8", "type":"STRING", "slot_size":40, "class":"0x1039feda0", "frozen":true, "embedded":true, "fstring":true, "bytesize":6, "value":"NOCTTY", "encoding":"US-ASCII", "memsize":40, "flags":{"wb_protected":true}}
{"address":"0x101997710", "type":"STRING", "slot_size":40, "class":"0x1039feda0", "frozen":true, "embedded":true, "fstring":true, "bytesize":5, "value":"TRUNC", "encoding":"US-ASCII", "memsize":40, "flags":{"wb_protected":true}}
{"address":"0x101997738", "type":"STRING", "slot_size":40, "class":"0x1039feda0", "frozen":true, "embedded":true, "fstring":true, "bytesize":8, "value":"NONBLOCK", "encoding":"US-ASCII", "memsize":40, "flags":{"wb_protected":true}}
{"address":"0x101997760", "type":"STRING", "slot_size":40, "class":"0x1039feda0", "frozen":true, "embedded":true, "fstring":true, "bytesize":4, "value":"EXCL", "encoding":"US-ASCII", "memsize":40, "flags":{"wb_protected":true}}
{"address":"0x101997788", "type":"STRING", "slot_size":40, "class":"0x1039feda0", "frozen":true, "embedded":true, "fstring":true, "bytesize":5, "value":"CREAT", "encoding":"US-ASCII", "memsize":40, "flags":{"wb_protected":true}}
{"address":"0x1019977b0", "type":"STRING", "slot_size":40, "class":"0x1039feda0", "frozen":true, "embedded":true, "fstring":true, "bytesize":6, "value":"APPEND", "encoding":"US-ASCII", "memsize":40, "flags":{"wb_protected":true}}
{"address":"0x1019977d8", "type":"STRING", "slot_size":40, "class":"0x1039feda0", "frozen":true, "embedded":true, "fstring":true, "bytesize":4, "value":"RDWR", "encoding":"US-ASCII", "memsize":40, "flags":{"wb_protected":true}}
{"address":"0x101997800", "type":"STRING", "slot_size":40, "class":"0x1039feda0", "frozen":true, "embedded":true, "fstring":true, "bytesize":6, "value":"WRONLY", "encoding":"US-ASCII", "memsize":40, "flags":{"wb_protected":true}}
{"address":"0x101997828", "type":"STRING", "slot_size":40, "class":"0x1039feda0", "frozen":true, "embedded":true, "fstring":true, "bytesize":6, "value":"RDONLY", "encoding":"US-ASCII", "memsize":40, "flags":{"wb_protected":true}}
{"address":"0x101997850", "type":"STRING", "slot_size":40, "class":"0x1039feda0", "embedded":true, "bytesize":15, "value":"File::Constants", "encoding":"US-ASCII", "memsize":40, "flags":{"wb_protected":true}}
{"address":"0x101997878", "type":"STRING", "slot_size":40, "class":"0x1039feda0", "frozen":true, "embedded":true, "fstring":true, "bytesize":15, "value":"File::Constants", "encoding":"US-ASCII", "memsize":40, "flags":{"wb_protected":true}}
{"address":"0x1019978a0", "type":"STRING", "slot_size":40, "class":"0x1039feda0", "embedded":true, "bytesize":15, "value":"File::Constants", "encoding":"US-ASCII", "memsize":40, "flags":{"wb_protected":true}}
{"address":"0x1019978c8", "type":"STRING", "slot_size":40, "class":"0x1039feda0", "frozen":true, "embedded":true, "fstring":true, "bytesize":9, "value":"Constants", "encoding":"US-ASCII", "memsize":40, "flags":{"wb_protected":true}}
{"address":"0x1019978f0", "type":"IMEMO", "slot_size":40, "class":"0x1039f1380", "imemo_type":"ment", "memsize":48, "flags":{"wb_protected":true}}
{"address":"0x101997918", "type":"STRING", "slot_size":40, "class":"0x1039feda0", "frozen":true, "embedded":true, "fstring":true, "bytesize":5, "value":"flock", "encoding":"US-ASCII", "memsize":40, "flags":{"wb_protected":true}}
{"address":"0x101997940", "type":"IMEMO", "slot_size":40, "class":"0x1039f1380", "imemo_type":"ment", "memsize":48, "flags":{"wb_protected":true}}
{"address":"0x101997968", "type":"IMEMO", "slot_size":40, "class":"0x1039f1380", "imemo_type":"ment", "memsize":48, "flags":{"wb_protected":true}}
{"address":"0x101997990", "type":"IMEMO", "slot_size":40, "class":"0x1039f1380", "imemo_type":"ment", "memsize":48, "flags":{"wb_protected":true}}
{"address":"0x1019979b8", "type":"IMEMO", "slot_size":40, "class":"0x1039f1380", "imemo_type":"ment", "memsize":48, "flags":{"wb_protected":true}}
{"address":"0x1019979e0", "type":"IMEMO", "slot_size":40, "class":"0x1039f1380", "imemo_type":"ment", "memsize":48, "flags":{"wb_protected":true}}
{"address":"0x101997a08", "type":"IMEMO", "slot_size":40, "class":"0x1039f1380", "imemo_type":"ment", "memsize":48, "flags":{"wb_protected":true}}
{"address":"0x101997a30", "type":"IMEMO", "slot_size":40, "class":"0x1039f1380", "imemo_type":"ment", "memsize":48, "flags":{"wb_protected":true}}
{"address":"0x101997a58", "type":"IMEMO", "slot_size":40, "class":"0x1039f1380", "imemo_type":"ment", "memsize":48, "flags":{"wb_protected":true}}
{"address":"0x101997a80", "type":"IMEMO", "slot_size":40, "class":"0x1039f1380", "imemo_type":"ment", "memsize":48, "flags":{"wb_protected":true}}
{"address":"0x101997aa8", "type":"IMEMO", "slot_size":40, "class":"0x1039f2000", "imemo_type":"ment", "memsize":48, "flags":{"wb_protected":true}}
{"address":"0x101997ad0", "type":"STRING", "slot_size":40, "class":"0x1039feda0", "frozen":true, "embedded":true, "fstring":true, "bytesize":14, "value":"PATH_SEPARATOR", "encoding":"US-ASCII", "memsize":40, "flags":{"wb_protected":true}}
{"address":"0x101997af8", "type":"STRING", "slot_size":40, "class":"0x1039feda0", "frozen":true, "embedded":true, "fstring":true, "bytesize":13, "value":"ALT_SEPARATOR", "encoding":"US-ASCII", "memsize":40, "flags":{"wb_protected":true}}
{"address":"0x101997b20", "type":"IMEMO", "slot_size":40, "class":"0x1039f12e0", "imemo_type":"ment", "memsize":48, "flags":{"wb_protected":true}}
{"address":"0x101997b48", "type":"IMEMO", "slot_size":40, "class":"0x1039f12e0", "imemo_type":"ment", "memsize":48, "flags":{"wb_protected":true}}
{"address":"0x101997b70", "type":"STRING", "slot_size":40, "class":"0x1039feda0", "frozen":true, "embedded":true, "fstring":true, "bytesize":9, "value":"SEPARATOR", "encoding":"US-ASCII", "memsize":40, "flags":{"wb_protected":true}}
{"address":"0x101997b98", "type":"STRING", "slot_size":40, "class":"0x1039feda0", "frozen":true, "embedded":true, "fstring":true, "bytesize":9, "value":"Separator", "encoding":"US-ASCII", "memsize":40, "flags":{"wb_protected":true}}
{"address":"0x101997bc0", "type":"IMEMO", "slot_size":40, "class":"0x1039f12e0", "imemo_type":"ment", "memsize":48, "flags":{"wb_protected":true}}
{"address":"0x101997be8", "type":"IMEMO", "slot_size":40, "class":"0x1039f12e0", "imemo_type":"ment", "memsize":48, "flags":{"wb_protected":true}}
{"address":"0x101997c10", "type":"STRING", "slot_size":40, "class":"0x1039feda0", "frozen":true, "embedded":true, "fstring":true, "bytesize":7, "value":"extname", "encoding":"US-ASCII", "memsize":40, "flags":{"wb_protected":true}}
{"address":"0x101997c38", "type":"IMEMO", "slot_size":40, "class":"0x1039f12e0", "imemo_type":"ment", "memsize":48, "flags":{"wb_protected":true}}
{"address":"0x101997c60", "type":"STRING", "slot_size":40, "class":"0x1039feda0", "frozen":true, "embedded":true, "fstring":true, "bytesize":7, "value":"dirname", "encoding":"US-ASCII", "memsize":40, "flags":{"wb_protected":true}}
{"address":"0x101997c88", "type":"IMEMO", "slot_size":40, "class":"0x1039f12e0", "imemo_type":"ment", "memsize":48, "flags":{"wb_protected":true}}
{"address":"0x101997cb0", "type":"STRING", "slot_size":40, "class":"0x1039feda0", "frozen":true, "embedded":true, "fstring":true, "bytesize":8, "value":"basename", "encoding":"US-ASCII", "memsize":40, "flags":{"wb_protected":true}}
{"address":"0x101997cd8", "type":"IMEMO", "slot_size":40, "class":"0x1039f12e0", "imemo_type":"ment", "memsize":48, "flags":{"wb_protected":true}}
{"address":"0x101997d00", "type":"STRING", "slot_size":40, "class":"0x1039feda0", "frozen":true, "embedded":true, "fstring":true, "bytesize":11, "value":"realdirpath", "encoding":"US-ASCII", "memsize":40, "flags":{"wb_protected":true}}
{"address":"0x101997d28", "type":"IMEMO", "slot_size":40, "class":"0x1039f12e0", "imemo_type":"ment", "memsize":48, "flags":{"wb_protected":true}}
{"address":"0x101997d50", "type":"STRING", "slot_size":40, "class":"0x1039feda0", "frozen":true, "embedded":true, "fstring":true, "bytesize":8, "value":"realpath", "encoding":"US-ASCII", "memsize":40, "flags":{"wb_protected":true}}
{"address":"0x101997d78", "type":"IMEMO", "slot_size":40, "class":"0x1039f12e0", "imemo_type":"ment", "memsize":48, "flags":{"wb_protected":true}}
{"address":"0x101997da0", "type":"STRING", "slot_size":40, "class":"0x1039feda0", "frozen":true, "embedded":true, "fstring":true, "bytesize":14, "value":"absolute_path?", "encoding":"US-ASCII", "memsize":40, "flags":{"wb_protected":true}}
{"address":"0x101997dc8", "type":"IMEMO", "slot_size":40, "class":"0x1039f12e0", "imemo_type":"ment", "memsize":48, "flags":{"wb_protected":true}}
{"address":"0x101997df0", "type":"STRING", "slot_size":40, "class":"0x1039feda0", "frozen":true, "embedded":true, "fstring":true, "bytesize":13, "value":"absolute_path", "encoding":"US-ASCII", "memsize":40, "flags":{"wb_protected":true}}
{"address":"0x101997e18", "type":"IMEMO", "slot_size":40, "class":"0x1039f12e0", "imemo_type":"ment", "memsize":48, "flags":{"wb_protected":true}}
{"address":"0x101997e40", "type":"STRING", "slot_size":40, "class":"0x1039feda0", "frozen":true, "embedded":true, "fstring":true, "bytesize":11, "value":"expand_path", "encoding":"US-ASCII", "memsize":40, "flags":{"wb_protected":true}}
{"address":"0x101997e68", "type":"IMEMO", "slot_size":40, "class":"0x1039f12e0", "imemo_type":"ment", "memsize":48, "flags":{"wb_protected":true}}
{"address":"0x101997e90", "type":"STRING", "slot_size":40, "class":"0x1039feda0", "frozen":true, "embedded":true, "fstring":true, "bytesize":6, "value":"mkfifo", "encoding":"US-ASCII", "memsize":40, "flags":{"wb_protected":true}}
{"address":"0x101997eb8", "type":"IMEMO", "slot_size":40, "class":"0x1039f12e0", "imemo_type":"ment", "memsize":48, "flags":{"wb_protected":true}}
{"address":"0x101997ee0", "type":"IMEMO", "slot_size":40, "class":"0x1039f12e0", "imemo_type":"ment", "memsize":48, "flags":{"wb_protected":true}}
{"address":"0x101997f08", "type":"STRING", "slot_size":40, "class":"0x1039feda0", "frozen":true, "embedded":true, "fstring":true, "bytesize":5, "value":"umask", "encoding":"US-ASCII", "memsize":40, "flags":{"wb_protected":true}}
{"address":"0x101997f30", "type":"IMEMO", "slot_size":40, "class":"0x1039f12e0", "imemo_type":"ment", "memsize":48, "flags":{"wb_protected":true}}
{"address":"0x101997f58", "type":"STRING", "slot_size":40, "class":"0x1039feda0", "frozen":true, "embedded":true, "fstring":true, "bytesize":6, "value":"rename", "encoding":"US-ASCII", "memsize":40, "flags":{"wb_protected":true}}
{"address":"0x101997f80", "type":"IMEMO", "slot_size":40, "class":"0x1039f12e0", "imemo_type":"ment", "memsize":48, "flags":{"wb_protected":true}}
{"address":"0x101997fa8", "type":"IMEMO", "slot_size":40, "class":"0x1039f12e0", "imemo_type":"ment", "memsize":48, "flags":{"wb_protected":true}}
{"address":"0x101997fd0", "type":"STRING", "slot_size":40, "class":"0x1039feda0", "frozen":true, "embedded":true, "fstring":true, "bytesize":6, "value":"unlink", "encoding":"US-ASCII", "memsize":40, "flags":{"wb_protected":true}}
{"address":"0x101997ff8", "type":"IMEMO", "slot_size":40, "class":"0x1039f12e0", "imemo_type":"ment", "memsize":48, "flags":{"wb_protected":true}}
{"address":"0x101998020", "type":"STRING", "slot_size":40, "class":"0x1039feda0", "frozen":true, "embedded":true, "fstring":true, "bytesize":8, "value":"readlink", "encoding":"US-ASCII", "memsize":40, "flags":{"wb_protected":true}}
{"address":"0x101998048", "type":"IMEMO", "slot_size":40, "class":"0x1039f12e0", "imemo_type":"ment", "memsize":48, "flags":{"wb_protected":true}}
{"address":"0x101998070", "type":"STRING", "slot_size":40, "class":"0x1039feda0", "frozen":true, "embedded":true, "fstring":true, "bytesize":7, "value":"symlink", "encoding":"US-ASCII", "memsize":40, "flags":{"wb_protected":true}}
{"address":"0x101998098", "type":"IMEMO", "slot_size":40, "class":"0x1039f12e0", "imemo_type":"ment", "memsize":48, "flags":{"wb_protected":true}}
{"address":"0x1019980c0", "type":"STRING", "slot_size":40, "class":"0x1039feda0", "frozen":true, "embedded":true, "fstring":true, "bytesize":4, "value":"link", "encoding":"US-ASCII", "memsize":40, "flags":{"wb_protected":true}}
{"address":"0x1019980e8", "type":"IMEMO", "slot_size":40, "class":"0x1039f12e0", "imemo_type":"ment", "memsize":48, "flags":{"wb_protected":true}}
{"address":"0x101998110", "type":"STRING", "slot_size":40, "class":"0x1039feda0", "frozen":true, "embedded":true, "fstring":true, "bytesize":6, "value":"lutime", "encoding":"US-ASCII", "memsize":40, "flags":{"wb_protected":true}}
{"address":"0x101998138", "type":"IMEMO", "slot_size":40, "class":"0x1039f12e0", "imemo_type":"ment", "memsize":48, "flags":{"wb_protected":true}}
{"address":"0x101998160", "type":"STRING", "slot_size":40, "class":"0x1039feda0", "frozen":true, "embedded":true, "fstring":true, "bytesize":6, "value":"lchown", "encoding":"US-ASCII", "memsize":40, "flags":{"wb_protected":true}}
{"address":"0x101998188", "type":"IMEMO", "slot_size":40, "class":"0x1039f12e0", "imemo_type":"ment", "memsize":48, "flags":{"wb_protected":true}}
{"address":"0x1019981b0", "type":"STRING", "slot_size":40, "class":"0x1039feda0", "frozen":true, "embedded":true, "fstring":true, "bytesize":6, "value":"lchmod", "encoding":"US-ASCII", "memsize":40, "flags":{"wb_protected":true}}
{"address":"0x1019981d8", "type":"IMEMO", "slot_size":40, "class":"0x1039f12e0", "imemo_type":"ment", "memsize":48, "flags":{"wb_protected":true}}
{"address":"0x101998200", "type":"STRING", "slot_size":40, "class":"0x1039feda0", "frozen":true, "embedded":true, "fstring":true, "bytesize":5, "value":"chown", "encoding":"US-ASCII", "memsize":40, "flags":{"wb_protected":true}}
{"address":"0x101998228", "type":"IMEMO", "slot_size":40, "class":"0x1039f12e0", "imemo_type":"ment", "memsize":48, "flags":{"wb_protected":true}}
{"address":"0x101998250", "type":"STRING", "slot_size":40, "class":"0x1039feda0", "frozen":true, "embedded":true, "fstring":true, "bytesize":5, "value":"chmod", "encoding":"US-ASCII", "memsize":40, "flags":{"wb_protected":true}}
{"address":"0x101998278", "type":"IMEMO", "slot_size":40, "class":"0x1039f12e0", "imemo_type":"ment", "memsize":48, "flags":{"wb_protected":true}}
{"address":"0x1019982a0", "type":"STRING", "slot_size":40, "class":"0x1039feda0", "frozen":true, "embedded":true, "fstring":true, "bytesize":5, "value":"utime", "encoding":"US-ASCII", "memsize":40, "flags":{"wb_protected":true}}
{"address":"0x1019982c8", "type":"IMEMO", "slot_size":40, "class":"0x1039f12e0", "imemo_type":"ment", "memsize":48, "flags":{"wb_protected":true}}
{"address":"0x1019982f0", "type":"STRING", "slot_size":40, "class":"0x1039feda0", "frozen":true, "embedded":true, "fstring":true, "bytesize":9, "value":"birthtime", "encoding":"US-ASCII", "memsize":40, "flags":{"wb_protected":true}}
{"address":"0x101998318", "type":"IMEMO", "slot_size":40, "class":"0x1039f12e0", "imemo_type":"ment", "memsize":48, "flags":{"wb_protected":true}}
{"address":"0x101998340", "type":"STRING", "slot_size":40, "class":"0x1039feda0", "frozen":true, "embedded":true, "fstring":true, "bytesize":5, "value":"ctime", "encoding":"US-ASCII", "memsize":40, "flags":{"wb_protected":true}}
{"address":"0x101998368", "type":"IMEMO", "slot_size":40, "class":"0x1039f12e0", "imemo_type":"ment", "memsize":48, "flags":{"wb_protected":true}}
{"address":"0x101998390", "type":"STRING", "slot_size":40, "class":"0x1039feda0", "frozen":true, "embedded":true, "fstring":true, "bytesize":5, "value":"mtime", "encoding":"US-ASCII", "memsize":40, "flags":{"wb_protected":true}}
{"address":"0x1019983b8", "type":"IMEMO", "slot_size":40, "class":"0x1039f12e0", "imemo_type":"ment", "memsize":48, "flags":{"wb_protected":true}}
{"address":"0x1019983e0", "type":"STRING", "slot_size":40, "class":"0x1039feda0", "frozen":true, "embedded":true, "fstring":true, "bytesize":5, "value":"atime", "encoding":"US-ASCII", "memsize":40, "flags":{"wb_protected":true}}
{"address":"0x101998408", "type":"IMEMO", "slot_size":40, "class":"0x1039f12e0", "imemo_type":"ment", "memsize":48, "flags":{"wb_protected":true}}
{"address":"0x101998430", "type":"STRING", "slot_size":40, "class":"0x1039feda0", "frozen":true, "embedded":true, "fstring":true, "bytesize":5, "value":"ftype", "encoding":"US-ASCII", "memsize":40, "flags":{"wb_protected":true}}
{"address":"0x101998458", "type":"IMEMO", "slot_size":40, "class":"0x1039f12e0", "imemo_type":"ment", "memsize":48, "flags":{"wb_protected":true}}
{"address":"0x101998480", "type":"STRING", "slot_size":40, "class":"0x1039feda0", "frozen":true, "embedded":true, "fstring":true, "bytesize":5, "value":"lstat", "encoding":"US-ASCII", "memsize":40, "flags":{"wb_protected":true}}
{"address":"0x1019984a8", "type":"IMEMO", "slot_size":40, "class":"0x1039f12e0", "imemo_type":"ment", "memsize":48, "flags":{"wb_protected":true}}
{"address":"0x1019984d0", "type":"STRING", "slot_size":40, "class":"0x1039feda0", "frozen":true, "embedded":true, "fstring":true, "bytesize":4, "value":"stat", "encoding":"US-ASCII", "memsize":40, "flags":{"wb_protected":true}}
{"address":"0x1019984f8", "type":"IMEMO", "slot_size":40, "class":"0x1039f12e0", "imemo_type":"ment", "memsize":48, "flags":{"wb_protected":true}}
{"address":"0x101998520", "type":"IMEMO", "slot_size":40, "class":"0x1039f1240", "imemo_type":"ment", "memsize":48, "flags":{"wb_protected":true}}
{"address":"0x101998548", "type":"IMEMO", "slot_size":40, "imemo_type":"ment", "references":["0x1039f1420"], "memsize":48, "flags":{"wb_protected":true}}
{"address":"0x101998570", "type":"STRING", "slot_size":40, "class":"0x1039feda0", "frozen":true, "embedded":true, "fstring":true, "bytesize":10, "value":"identical?", "encoding":"US-ASCII", "memsize":40, "flags":{"wb_protected":true}}
{"address":"0x101998598", "type":"IMEMO", "slot_size":40, "class":"0x1039f12e0", "imemo_type":"ment", "memsize":48, "flags":{"wb_protected":true}}
{"address":"0x1019985c0", "type":"IMEMO", "slot_size":40, "class":"0x1039f1240", "imemo_type":"ment", "memsize":48, "flags":{"wb_protected":true}}
{"address":"0x1019985e8", "type":"IMEMO", "slot_size":40, "imemo_type":"ment", "references":["0x1039f1420"], "memsize":48, "flags":{"wb_protected":true}}
{"address":"0x101998610", "type":"STRING", "slot_size":40, "class":"0x1039feda0", "frozen":true, "embedded":true, "fstring":true, "bytesize":7, "value":"sticky?", "encoding":"US-ASCII", "memsize":40, "flags":{"wb_protected":true}}
{"address":"0x101998638", "type":"IMEMO", "slot_size":40, "class":"0x1039f12e0", "imemo_type":"ment", "memsize":48, "flags":{"wb_protected":true}}
{"address":"0x101998660", "type":"IMEMO", "slot_size":40, "class":"0x1039f1240", "imemo_type":"ment", "memsize":48, "flags":{"wb_protected":true}}
{"address":"0x101998688", "type":"IMEMO", "slot_size":40, "imemo_type":"ment", "references":["0x1039f1420"], "memsize":48, "flags":{"wb_protected":true}}
{"address":"0x1019986b0", "type":"STRING", "slot_size":40, "class":"0x1039feda0", "frozen":true, "embedded":true, "fstring":true, "bytesize":7, "value":"setgid?", "encoding":"US-ASCII", "memsize":40, "flags":{"wb_protected":true}}
{"address":"0x1019986d8", "type":"IMEMO", "slot_size":40, "class":"0x1039f12e0", "imemo_type":"ment", "memsize":48, "flags":{"wb_protected":true}}
{"address":"0x101998700", "type":"IMEMO", "slot_size":40, "class":"0x1039f1240", "imemo_type":"ment", "memsize":48, "flags":{"wb_protected":true}}
{"address":"0x101998728", "type":"IMEMO", "slot_size":40, "imemo_type":"ment", "references":["0x1039f1420"], "memsize":48, "flags":{"wb_protected":true}}
{"address":"0x101998750", "type":"STRING", "slot_size":40, "class":"0x1039feda0", "frozen":true, "embedded":true, "fstring":true, "bytesize":7, "value":"setuid?", "encoding":"US-ASCII", "memsize":40, "flags":{"wb_protected":true}}
{"address":"0x101998778", "type":"IMEMO", "slot_size":40, "class":"0x1039f12e0", "imemo_type":"ment", "memsize":48, "flags":{"wb_protected":true}}
{"address":"0x1019987a0", "type":"IMEMO", "slot_size":40, "class":"0x1039f1240", "imemo_type":"ment", "memsize":48, "flags":{"wb_protected":true}}
{"address":"0x1019987c8", "type":"IMEMO", "slot_size":40, "imemo_type":"ment", "references":["0x1039f1420"], "memsize":48, "flags":{"wb_protected":true}}
{"address":"0x1019987f0", "type":"STRING", "slot_size":40, "class":"0x1039feda0", "frozen":true, "embedded":true, "fstring":true, "bytesize":8, "value":"chardev?", "encoding":"US-ASCII", "memsize":40, "flags":{"wb_protected":true}}
{"address":"0x101998818", "type":"IMEMO", "slot_size":40, "class":"0x1039f12e0", "imemo_type":"ment", "memsize":48, "flags":{"wb_protected":true}}
{"address":"0x101998840", "type":"IMEMO", "slot_size":40, "class":"0x1039f1240", "imemo_type":"ment", "memsize":48, "flags":{"wb_protected":true}}
{"address":"0x101998868", "type":"IMEMO", "slot_size":40, "imemo_type":"ment", "references":["0x1039f1420"], "memsize":48, "flags":{"wb_protected":true}}
{"address":"0x101998890", "type":"STRING", "slot_size":40, "class":"0x1039feda0", "frozen":true, "embedded":true, "fstring":true, "bytesize":9, "value":"blockdev?", "encoding":"US-ASCII", "memsize":40, "flags":{"wb_protected":true}}
{"address":"0x1019988b8", "type":"IMEMO", "slot_size":40, "class":"0x1039f12e0", "imemo_type":"ment", "memsize":48, "flags":{"wb_protected":true}}
{"address":"0x1019988e0", "type":"IMEMO", "slot_size":40, "class":"0x1039f1240", "imemo_type":"ment", "memsize":48, "flags":{"wb_protected":true}}
{"address":"0x101998908", "type":"IMEMO", "slot_size":40, "imemo_type":"ment", "references":["0x1039f1420"], "memsize":48, "flags":{"wb_protected":true}}
{"address":"0x101998930", "type":"STRING", "slot_size":40, "class":"0x1039feda0", "frozen":true, "embedded":true, "fstring":true, "bytesize":7, "value":"socket?", "encoding":"US-ASCII", "memsize":40, "flags":{"wb_protected":true}}
{"address":"0x101998958", "type":"IMEMO", "slot_size":40, "class":"0x1039f12e0", "imemo_type":"ment", "memsize":48, "flags":{"wb_protected":true}}
{"address":"0x101998980", "type":"IMEMO", "slot_size":40, "class":"0x1039f1240", "imemo_type":"ment", "memsize":48, "flags":{"wb_protected":true}}
{"address":"0x1019989a8", "type":"IMEMO", "slot_size":40, "imemo_type":"ment", "references":["0x1039f1420"], "memsize":48, "flags":{"wb_protected":true}}
{"address":"0x1019989d0", "type":"STRING", "slot_size":40, "class":"0x1039feda0", "frozen":true, "embedded":true, "fstring":true, "bytesize":8, "value":"symlink?", "encoding":"US-ASCII", "memsize":40, "flags":{"wb_protected":true}}
{"address":"0x1019989f8", "type":"IMEMO", "slot_size":40, "class":"0x1039f12e0", "imemo_type":"ment", "memsize":48, "flags":{"wb_protected":true}}
{"address":"0x101998a20", "type":"IMEMO", "slot_size":40, "class":"0x1039f1240", "imemo_type":"ment", "memsize":48, "flags":{"wb_protected":true}}
{"address":"0x101998a48", "type":"IMEMO", "slot_size":40, "imemo_type":"ment", "references":["0x1039f1420"], "memsize":48, "flags":{"wb_protected":true}}
{"address":"0x101998a70", "type":"STRING", "slot_size":40, "class":"0x1039feda0", "frozen":true, "embedded":true, "fstring":true, "bytesize":5, "value":"pipe?", "encoding":"US-ASCII", "memsize":40, "flags":{"wb_protected":true}}
{"address":"0x101998a98", "type":"IMEMO", "slot_size":40, "class":"0x1039f12e0", "imemo_type":"ment", "memsize":48, "flags":{"wb_protected":true}}
{"address":"0x101998ac0", "type":"IMEMO", "slot_size":40, "class":"0x1039f1240", "imemo_type":"ment", "memsize":48, "flags":{"wb_protected":true}}
{"address":"0x101998ae8", "type":"IMEMO", "slot_size":40, "imemo_type":"ment", "references":["0x1039f1420"], "memsize":48, "flags":{"wb_protected":true}}
{"address":"0x101998b10", "type":"STRING", "slot_size":40, "class":"0x1039feda0", "frozen":true, "embedded":true, "fstring":true, "bytesize":9, "value":"grpowned?", "encoding":"US-ASCII", "memsize":40, "flags":{"wb_protected":true}}
{"address":"0x101998b38", "type":"IMEMO", "slot_size":40, "class":"0x1039f12e0", "imemo_type":"ment", "memsize":48, "flags":{"wb_protected":true}}
{"address":"0x101998b60", "type":"IMEMO", "slot_size":40, "class":"0x1039f1240", "imemo_type":"ment", "memsize":48, "flags":{"wb_protected":true}}
{"address":"0x101998b88", "type":"IMEMO", "slot_size":40, "imemo_type":"ment", "references":["0x1039f1420"], "memsize":48, "flags":{"wb_protected":true}}
{"address":"0x101998bb0", "type":"STRING", "slot_size":40, "class":"0x1039feda0", "frozen":true, "embedded":true, "fstring":true, "bytesize":6, "value":"owned?", "encoding":"US-ASCII", "memsize":40, "flags":{"wb_protected":true}}
{"address":"0x101998bd8", "type":"IMEMO", "slot_size":40, "class":"0x1039f12e0", "imemo_type":"ment", "memsize":48, "flags":{"wb_protected":true}}
{"address":"0x101998c00", "type":"IMEMO", "slot_size":40, "class":"0x1039f1240", "imemo_type":"ment", "memsize":48, "flags":{"wb_protected":true}}
{"address":"0x101998c28", "type":"IMEMO", "slot_size":40, "imemo_type":"ment", "references":["0x1039f1420"], "memsize":48, "flags":{"wb_protected":true}}
{"address":"0x101998c50", "type":"IMEMO", "slot_size":40, "class":"0x1039f12e0", "imemo_type":"ment", "memsize":48, "flags":{"wb_protected":true}}
{"address":"0x101998c78", "type":"IMEMO", "slot_size":40, "class":"0x1039f1240", "imemo_type":"ment", "memsize":48, "flags":{"wb_protected":true}}
{"address":"0x101998ca0", "type":"IMEMO", "slot_size":40, "imemo_type":"ment", "references":["0x1039f1420"], "memsize":48, "flags":{"wb_protected":true}}
{"address":"0x101998cc8", "type":"STRING", "slot_size":40, "class":"0x1039feda0", "frozen":true, "embedded":true, "fstring":true, "bytesize":5, "value":"size?", "encoding":"US-ASCII", "memsize":40, "flags":{"wb_protected":true}}
{"address":"0x101998cf0", "type":"IMEMO", "slot_size":40, "class":"0x1039f12e0", "imemo_type":"ment", "memsize":48, "flags":{"wb_protected":true}}
{"address":"0x101998d18", "type":"IMEMO", "slot_size":40, "class":"0x1039f1240", "imemo_type":"ment", "memsize":48, "flags":{"wb_protected":true}}
{"address":"0x101998d40", "type":"IMEMO", "slot_size":40, "imemo_type":"ment", "references":["0x1039f1420"], "memsize":48, "flags":{"wb_protected":true}}
{"address":"0x101998d68", "type":"IMEMO", "slot_size":40, "class":"0x1039f12e0", "imemo_type":"ment", "memsize":48, "flags":{"wb_protected":true}}
{"address":"0x101998d90", "type":"IMEMO", "slot_size":40, "class":"0x1039f1240", "imemo_type":"ment", "memsize":48, "flags":{"wb_protected":true}}
{"address":"0x101998db8", "type":"IMEMO", "slot_size":40, "imemo_type":"ment", "references":["0x1039f1420"], "memsize":48, "flags":{"wb_protected":true}}
{"address":"0x101998de0", "type":"IMEMO", "slot_size":40, "class":"0x1039f12e0", "imemo_type":"ment", "memsize":48, "flags":{"wb_protected":true}}
{"address":"0x101998e08", "type":"IMEMO", "slot_size":40, "class":"0x1039f1240", "imemo_type":"ment", "memsize":48, "flags":{"wb_protected":true}}
{"address":"0x101998e30", "type":"IMEMO", "slot_size":40, "imemo_type":"ment", "references":["0x1039f1420"], "memsize":48, "flags":{"wb_protected":true}}
{"address":"0x101998e58", "type":"STRING", "slot_size":40, "class":"0x1039feda0", "frozen":true, "embedded":true, "fstring":true, "bytesize":5, "value":"file?", "encoding":"US-ASCII", "memsize":40, "flags":{"wb_protected":true}}
{"address":"0x101998e80", "type":"IMEMO", "slot_size":40, "class":"0x1039f12e0", "imemo_type":"ment", "memsize":48, "flags":{"wb_protected":true}}
{"address":"0x101998ea8", "type":"IMEMO", "slot_size":40, "class":"0x1039f1240", "imemo_type":"ment", "memsize":48, "flags":{"wb_protected":true}}
{"address":"0x101998ed0", "type":"IMEMO", "slot_size":40, "imemo_type":"ment", "references":["0x1039f1420"], "memsize":48, "flags":{"wb_protected":true}}
{"address":"0x101998ef8", "type":"IMEMO", "slot_size":40, "class":"0x1039f12e0", "imemo_type":"ment", "memsize":48, "flags":{"wb_protected":true}}
{"address":"0x101998f20", "type":"IMEMO", "slot_size":40, "class":"0x1039f1240", "imemo_type":"ment", "memsize":48, "flags":{"wb_protected":true}}
{"address":"0x101998f48", "type":"IMEMO", "slot_size":40, "imemo_type":"ment", "references":["0x1039f1420"], "memsize":48, "flags":{"wb_protected":true}}
{"address":"0x101998f70", "type":"STRING", "slot_size":40, "class":"0x1039feda0", "frozen":true, "embedded":true, "fstring":true, "bytesize":11, "value":"executable?", "encoding":"US-ASCII", "memsize":40, "flags":{"wb_protected":true}}
{"address":"0x101998f98", "type":"IMEMO", "slot_size":40, "class":"0x1039f12e0", "imemo_type":"ment", "memsize":48, "flags":{"wb_protected":true}}
{"address":"0x101998fc0", "type":"IMEMO", "slot_size":40, "class":"0x1039f1240", "imemo_type":"ment", "memsize":48, "flags":{"wb_protected":true}}
{"address":"0x101998fe8", "type":"IMEMO", "slot_size":40, "imemo_type":"ment", "references":["0x1039f1420"], "memsize":48, "flags":{"wb_protected":true}}
{"address":"0x101999010", "type":"STRING", "slot_size":40, "class":"0x1039feda0", "frozen":true, "embedded":true, "fstring":true, "bytesize":15, "value":"world_writable?", "encoding":"US-ASCII", "memsize":40, "flags":{"wb_protected":true}}
{"address":"0x101999038", "type":"IMEMO", "slot_size":40, "class":"0x1039f12e0", "imemo_type":"ment", "memsize":48, "flags":{"wb_protected":true}}
{"address":"0x101999060", "type":"IMEMO", "slot_size":40, "class":"0x1039f1240", "imemo_type":"ment", "memsize":48, "flags":{"wb_protected":true}}
{"address":"0x101999088", "type":"IMEMO", "slot_size":40, "imemo_type":"ment", "references":["0x1039f1420"], "memsize":48, "flags":{"wb_protected":true}}
{"address":"0x1019990b0", "type":"STRING", "slot_size":40, "class":"0x1039feda0", "frozen":true, "embedded":true, "fstring":true, "bytesize":14, "value":"writable_real?", "encoding":"US-ASCII", "memsize":40, "flags":{"wb_protected":true}}
{"address":"0x1019990d8", "type":"IMEMO", "slot_size":40, "class":"0x1039f12e0", "imemo_type":"ment", "memsize":48, "flags":{"wb_protected":true}}
{"address":"0x101999100", "type":"IMEMO", "slot_size":40, "class":"0x1039f1240", "imemo_type":"ment", "memsize":48, "flags":{"wb_protected":true}}
{"address":"0x101999128", "type":"IMEMO", "slot_size":40, "imemo_type":"ment", "references":["0x1039f1420"], "memsize":48, "flags":{"wb_protected":true}}
{"address":"0x101999150", "type":"STRING", "slot_size":40, "class":"0x1039feda0", "frozen":true, "embedded":true, "fstring":true, "bytesize":9, "value":"writable?", "encoding":"US-ASCII", "memsize":40, "flags":{"wb_protected":true}}
{"address":"0x101999178", "type":"IMEMO", "slot_size":40, "class":"0x1039f12e0", "imemo_type":"ment", "memsize":48, "flags":{"wb_protected":true}}
{"address":"0x1019991a0", "type":"IMEMO", "slot_size":40, "class":"0x1039f1240", "imemo_type":"ment", "memsize":48, "flags":{"wb_protected":true}}
{"address":"0x1019991c8", "type":"IMEMO", "slot_size":40, "imemo_type":"ment", "references":["0x1039f1420"], "memsize":48, "flags":{"wb_protected":true}}
{"address":"0x1019991f0", "type":"STRING", "slot_size":40, "class":"0x1039feda0", "frozen":true, "embedded":true, "fstring":true, "bytesize":15, "value":"world_readable?", "encoding":"US-ASCII", "memsize":40, "flags":{"wb_protected":true}}
{"address":"0x101999218", "type":"IMEMO", "slot_size":40, "class":"0x1039f12e0", "imemo_type":"ment", "memsize":48, "flags":{"wb_protected":true}}
{"address":"0x101999240", "type":"IMEMO", "slot_size":40, "class":"0x1039f1240", "imemo_type":"ment", "memsize":48, "flags":{"wb_protected":true}}
{"address":"0x101999268", "type":"IMEMO", "slot_size":40, "imemo_type":"ment", "references":["0x1039f1420"], "memsize":48, "flags":{"wb_protected":true}}
{"address":"0x101999290", "type":"STRING", "slot_size":40, "class":"0x1039feda0", "frozen":true, "embedded":true, "fstring":true, "bytesize":14, "value":"readable_real?", "encoding":"US-ASCII", "memsize":40, "flags":{"wb_protected":true}}
{"address":"0x1019992b8", "type":"IMEMO", "slot_size":40, "class":"0x1039f12e0", "imemo_type":"ment", "memsize":48, "flags":{"wb_protected":true}}
{"address":"0x1019992e0", "type":"IMEMO", "slot_size":40, "class":"0x1039f1240", "imemo_type":"ment", "memsize":48, "flags":{"wb_protected":true}}
{"address":"0x101999308", "type":"IMEMO", "slot_size":40, "imemo_type":"ment", "references":["0x1039f1420"], "memsize":48, "flags":{"wb_protected":true}}
{"address":"0x101999330", "type":"STRING", "slot_size":40, "class":"0x1039feda0", "frozen":true, "embedded":true, "fstring":true, "bytesize":9, "value":"readable?", "encoding":"US-ASCII", "memsize":40, "flags":{"wb_protected":true}}
{"address":"0x101999358", "type":"IMEMO", "slot_size":40, "class":"0x1039f12e0", "imemo_type":"ment", "memsize":48, "flags":{"wb_protected":true}}
{"address":"0x101999380", "type":"IMEMO", "slot_size":40, "class":"0x1039f1240", "imemo_type":"ment", "memsize":48, "flags":{"wb_protected":true}}
{"address":"0x1019993a8", "type":"IMEMO", "slot_size":40, "imemo_type":"ment", "references":["0x1039f1420"], "memsize":48, "flags":{"wb_protected":true}}
{"address":"0x1019993d0", "type":"STRING", "slot_size":40, "class":"0x1039feda0", "frozen":true, "embedded":true, "fstring":true, "bytesize":6, "value":"exist?", "encoding":"US-ASCII", "memsize":40, "flags":{"wb_protected":true}}
{"address":"0x1019993f8", "type":"IMEMO", "slot_size":40, "class":"0x1039f12e0", "imemo_type":"ment", "memsize":48, "flags":{"wb_protected":true}}
{"address":"0x101999420", "type":"IMEMO", "slot_size":40, "class":"0x1039f1240", "imemo_type":"ment", "memsize":48, "flags":{"wb_protected":true}}
{"address":"0x101999448", "type":"IMEMO", "slot_size":40, "imemo_type":"ment", "references":["0x1039f1420"], "memsize":48, "flags":{"wb_protected":true}}
{"address":"0x101999470", "type":"STRING", "slot_size":40, "class":"0x1039feda0", "frozen":true, "embedded":true, "fstring":true, "bytesize":10, "value":"directory?", "encoding":"US-ASCII", "memsize":40, "flags":{"wb_protected":true}}
{"address":"0x101999498", "type":"IMEMO", "slot_size":40, "class":"0x1039f1f60", "imemo_type":"callcache", "references":["0x1019be888"], "memsize":40, "flags":{"wb_protected":true}}
{"address":"0x1019994c0", "type":"STRING", "slot_size":40, "class":"0x1039feda0", "frozen":true, "embedded":true, "fstring":true, "bytesize":4, "value":"File", "encoding":"US-ASCII", "memsize":40, "flags":{"wb_protected":true}}
{"address":"0x1019994e8", "type":"STRING", "slot_size":40, "class":"0x1039feda0", "frozen":true, "embedded":true, "fstring":true, "bytesize":8, "value":"FileTest", "encoding":"US-ASCII", "memsize":40, "flags":{"wb_protected":true}}
{"address":"0x101999510", "type":"STRING", "slot_size":40, "class":"0x1039feda0", "frozen":true, "embedded":true, "fstring":true, "bytesize":2, "value":"$*", "encoding":"US-ASCII", "memsize":40, "flags":{"wb_protected":true}}
{"address":"0x101999538", "type":"STRING", "slot_size":40, "class":"0x1039feda0", "frozen":true, "embedded":true, "fstring":true, "bytesize":3, "value":"$-i", "encoding":"US-ASCII", "memsize":40, "flags":{"wb_protected":true}}
{"address":"0x101999560", "type":"STRING", "slot_size":40, "class":"0x1039feda0", "bytesize":1, "value":"-", "memsize":40, "flags":{"wb_protected":true}}
{"address":"0x101999588", "type":"STRING", "slot_size":40, "class":"0x1039feda0", "frozen":true, "embedded":true, "fstring":true, "bytesize":9, "value":"$FILENAME", "encoding":"US-ASCII", "memsize":40, "flags":{"wb_protected":true}}
{"address":"0x1019995b0", "type":"STRING", "slot_size":40, "class":"0x1039feda0", "frozen":true, "embedded":true, "fstring":true, "bytesize":2, "value":"$.", "encoding":"US-ASCII", "memsize":40, "flags":{"wb_protected":true}}
{"address":"0x1019995d8", "type":"STRING", "slot_size":40, "class":"0x1039feda0", "frozen":true, "embedded":true, "fstring":true, "bytesize":4, "value":"ARGF", "encoding":"US-ASCII", "memsize":40, "flags":{"wb_protected":true}}
{"address":"0x101999600", "type":"STRING", "slot_size":40, "class":"0x1039feda0", "frozen":true, "embedded":true, "fstring":true, "bytesize":2, "value":"$<", "encoding":"US-ASCII", "memsize":40, "flags":{"wb_protected":true}}
{"address":"0x101999628", "type":"ARRAY", "slot_size":40, "class":"0x1039f3540", "length":0, "memsize":40, "flags":{"wb_protected":true}}
{"address":"0x101999650", "type":"IMEMO", "slot_size":40, "class":"0x1039f1560", "imemo_type":"callcache", "references":["0x101999fd8"], "memsize":40, "flags":{"wb_protected":true}}
{"address":"0x101999678", "type":"DATA", "slot_size":40, "class":"0x1039f1560", "struct":"ARGF", "references":["0x101999560", "0x101999628"], "memsize":128}
{"address":"0x1019996a0", "type":"IMEMO", "slot_size":40, "class":"0x1039f1560", "imemo_type":"ment", "memsize":48, "flags":{"wb_protected":true}}
{"address":"0x1019996c8", "type":"IMEMO", "slot_size":40, "class":"0x1039f1560", "imemo_type":"ment", "memsize":48, "flags":{"wb_protected":true}}
{"address":"0x1019996f0", "type":"IMEMO", "slot_size":40, "class":"0x1039f1560", "imemo_type":"ment", "memsize":48, "flags":{"wb_protected":true}}
{"address":"0x101999718", "type":"IMEMO", "slot_size":40, "class":"0x1039f1560", "imemo_type":"ment", "memsize":48, "flags":{"wb_protected":true}}
{"address":"0x101999740", "type":"STRING", "slot_size":40, "class":"0x1039feda0", "frozen":true, "embedded":true, "fstring":true, "bytesize":13, "value":"inplace_mode=", "encoding":"US-ASCII", "memsize":40, "flags":{"wb_protected":true}}
{"address":"0x101999768", "type":"IMEMO", "slot_size":40, "class":"0x1039f1560", "imemo_type":"ment", "memsize":48, "flags":{"wb_protected":true}}
{"address":"0x101999790", "type":"STRING", "slot_size":40, "class":"0x1039feda0", "frozen":true, "embedded":true, "fstring":true, "bytesize":12, "value":"inplace_mode", "encoding":"US-ASCII", "memsize":40, "flags":{"wb_protected":true}}
{"address":"0x1019997b8", "type":"IMEMO", "slot_size":40, "class":"0x1039f1560", "imemo_type":"ment", "memsize":48, "flags":{"wb_protected":true}}
{"address":"0x1019997e0", "type":"IMEMO", "slot_size":40, "class":"0x1039f1560", "imemo_type":"ment", "memsize":48, "flags":{"wb_protected":true}}
{"address":"0x101999808", "type":"IMEMO", "slot_size":40, "class":"0x1039f1560", "imemo_type":"ment", "memsize":48, "flags":{"wb_protected":true}}
{"address":"0x101999830", "type":"IMEMO", "slot_size":40, "class":"0x1039f1560", "imemo_type":"ment", "memsize":48, "flags":{"wb_protected":true}}
{"address":"0x101999858", "type":"IMEMO", "slot_size":40, "class":"0x1039f1560", "imemo_type":"ment", "memsize":48, "flags":{"wb_protected":true}}
{"address":"0x101999880", "type":"STRING", "slot_size":40, "class":"0x1039feda0", "frozen":true, "embedded":true, "fstring":true, "bytesize":4, "value":"skip", "encoding":"US-ASCII", "memsize":40, "flags":{"wb_protected":true}}
{"address":"0x1019998a8", "type":"IMEMO", "slot_size":40, "class":"0x1039f1560", "imemo_type":"ment", "memsize":48, "flags":{"wb_protected":true}}
{"address":"0x1019998d0", "type":"STRING", "slot_size":40, "class":"0x1039feda0", "frozen":true, "embedded":true, "fstring":true, "bytesize":4, "value":"file", "encoding":"US-ASCII", "memsize":40, "flags":{"wb_protected":true}}
{"address":"0x1019998f8", "type":"IMEMO", "slot_size":40, "class":"0x1039f1560", "imemo_type":"ment", "memsize":48, "flags":{"wb_protected":true}}
{"address":"0x101999920", "type":"IMEMO", "slot_size":40, "class":"0x1039f1560", "imemo_type":"ment", "memsize":48, "flags":{"wb_protected":true}}
{"address":"0x101999948", "type":"STRING", "slot_size":40, "class":"0x1039feda0", "frozen":true, "embedded":true, "fstring":true, "bytesize":8, "value":"filename", "encoding":"US-ASCII", "memsize":40, "flags":{"wb_protected":true}}
{"address":"0x101999970", "type":"IMEMO", "slot_size":40, "class":"0x1039f1560", "imemo_type":"ment", "memsize":48, "flags":{"wb_protected":true}}
{"address":"0x101999998", "type":"IMEMO", "slot_size":40, "class":"0x1039f1560", "imemo_type":"ment", "memsize":48, "flags":{"wb_protected":true}}
{"address":"0x1019999c0", "type":"IMEMO", "slot_size":40, "class":"0x1039f1560", "imemo_type":"ment", "memsize":48, "flags":{"wb_protected":true}}
{"address":"0x1019999e8", "type":"IMEMO", "slot_size":40, "class":"0x1039f1560", "imemo_type":"ment", "memsize":48, "flags":{"wb_protected":true}}
{"address":"0x101999a10", "type":"IMEMO", "slot_size":40, "class":"0x1039f1560", "imemo_type":"ment", "memsize":48, "flags":{"wb_protected":true}}
{"address":"0x101999a38", "type":"IMEMO", "slot_size":40, "class":"0x1039f1560", "imemo_type":"ment", "memsize":48, "flags":{"wb_protected":true}}
{"address":"0x101999a60", "type":"IMEMO", "slot_size":40, "class":"0x1039f1560", "imemo_type":"ment", "memsize":48, "flags":{"wb_protected":true}}
{"address":"0x101999a88", "type":"IMEMO", "slot_size":40, "class":"0x1039f1560", "imemo_type":"ment", "memsize":48, "flags":{"wb_protected":true}}
{"address":"0x101999ab0", "type":"IMEMO", "slot_size":40, "class":"0x1039f1560", "imemo_type":"ment", "memsize":48, "flags":{"wb_protected":true}}
{"address":"0x101999ad8", "type":"IMEMO", "slot_size":40, "class":"0x1039f1560", "imemo_type":"ment", "memsize":48, "flags":{"wb_protected":true}}
{"address":"0x101999b00", "type":"IMEMO", "slot_size":40, "class":"0x1039f1560", "imemo_type":"ment", "memsize":48, "flags":{"wb_protected":true}}
{"address":"0x101999b28", "type":"IMEMO", "slot_size":40, "class":"0x1039f1560", "imemo_type":"ment", "memsize":48, "flags":{"wb_protected":true}}
{"address":"0x101999b50", "type":"IMEMO", "slot_size":40, "class":"0x1039f1560", "imemo_type":"ment", "memsize":48, "flags":{"wb_protected":true}}
{"address":"0x101999b78", "type":"IMEMO", "slot_size":40, "class":"0x1039f1560", "imemo_type":"ment", "memsize":48, "flags":{"wb_protected":true}}
{"address":"0x101999ba0", "type":"IMEMO", "slot_size":40, "class":"0x1039f1560", "imemo_type":"ment", "memsize":48, "flags":{"wb_protected":true}}
{"address":"0x101999bc8", "type":"IMEMO", "slot_size":40, "class":"0x1039f1560", "imemo_type":"ment", "memsize":48, "flags":{"wb_protected":true}}
{"address":"0x101999bf0", "type":"IMEMO", "slot_size":40, "class":"0x1039f1560", "imemo_type":"ment", "memsize":48, "flags":{"wb_protected":true}}
{"address":"0x101999c18", "type":"IMEMO", "slot_size":40, "class":"0x1039f1560", "imemo_type":"ment", "memsize":48, "flags":{"wb_protected":true}}
{"address":"0x101999c40", "type":"IMEMO", "slot_size":40, "class":"0x1039f1560", "imemo_type":"ment", "memsize":48, "flags":{"wb_protected":true}}
{"address":"0x101999c68", "type":"IMEMO", "slot_size":40, "class":"0x1039f1560", "imemo_type":"ment", "memsize":48, "flags":{"wb_protected":true}}
{"address":"0x101999c90", "type":"IMEMO", "slot_size":40, "class":"0x1039f1560", "imemo_type":"ment", "memsize":48, "flags":{"wb_protected":true}}
{"address":"0x101999cb8", "type":"IMEMO", "slot_size":40, "class":"0x1039f1560", "imemo_type":"ment", "memsize":48, "flags":{"wb_protected":true}}
{"address":"0x101999ce0", "type":"IMEMO", "slot_size":40, "class":"0x1039f1560", "imemo_type":"ment", "memsize":48, "flags":{"wb_protected":true}}
{"address":"0x101999d08", "type":"STRING", "slot_size":40, "class":"0x1039feda0", "frozen":true, "embedded":true, "fstring":true, "bytesize":13, "value":"read_nonblock", "encoding":"US-ASCII", "memsize":40, "flags":{"wb_protected":true}}
{"address":"0x101999d30", "type":"IMEMO", "slot_size":40, "class":"0x1039f1560", "imemo_type":"ment", "memsize":48, "flags":{"wb_protected":true}}
{"address":"0x101999d58", "type":"IMEMO", "slot_size":40, "class":"0x1039f1560", "imemo_type":"ment", "memsize":48, "flags":{"wb_protected":true}}
{"address":"0x101999d80", "type":"IMEMO", "slot_size":40, "class":"0x1039f1560", "imemo_type":"ment", "memsize":48, "flags":{"wb_protected":true}}
{"address":"0x101999da8", "type":"IMEMO", "slot_size":40, "class":"0x1039f1560", "imemo_type":"ment", "memsize":48, "flags":{"wb_protected":true}}
{"address":"0x101999dd0", "type":"IMEMO", "slot_size":40, "class":"0x1039f1560", "imemo_type":"ment", "memsize":48, "flags":{"wb_protected":true}}
{"address":"0x101999df8", "type":"IMEMO", "slot_size":40, "class":"0x1039f1560", "imemo_type":"ment", "memsize":48, "flags":{"wb_protected":true}}
{"address":"0x101999e20", "type":"IMEMO", "slot_size":40, "class":"0x1039f1560", "imemo_type":"ment", "memsize":48, "flags":{"wb_protected":true}}
{"address":"0x101999e48", "type":"IMEMO", "slot_size":40, "class":"0x1039f1560", "imemo_type":"ment", "memsize":48, "flags":{"wb_protected":true}}
{"address":"0x101999e70", "type":"STRING", "slot_size":40, "class":"0x1039feda0", "frozen":true, "embedded":true, "fstring":true, "bytesize":11, "value":"to_write_io", "encoding":"US-ASCII", "memsize":40, "flags":{"wb_protected":true}}
{"address":"0x101999e98", "type":"IMEMO", "slot_size":40, "class":"0x1039f1560", "imemo_type":"ment", "memsize":48, "flags":{"wb_protected":true}}
{"address":"0x101999ec0", "type":"IMEMO", "slot_size":40, "class":"0x1039f1560", "imemo_type":"ment", "memsize":48, "flags":{"wb_protected":true}}
{"address":"0x101999ee8", "type":"IMEMO", "slot_size":40, "class":"0x1039f1560", "imemo_type":"ment", "memsize":48, "flags":{"wb_protected":true}}
{"address":"0x101999f10", "type":"IMEMO", "slot_size":40, "class":"0x1039f1560", "imemo_type":"ment", "memsize":48, "flags":{"wb_protected":true}}
{"address":"0x101999f38", "type":"STRING", "slot_size":40, "class":"0x1039feda0", "frozen":true, "embedded":true, "fstring":true, "bytesize":4, "value":"argv", "encoding":"US-ASCII", "memsize":40, "flags":{"wb_protected":true}}
{"address":"0x101999f60", "type":"IMEMO", "slot_size":40, "class":"0x1039f1560", "imemo_type":"ment", "memsize":48, "flags":{"wb_protected":true}}
{"address":"0x101999f88", "type":"IMEMO", "slot_size":40, "class":"0x1039f1560", "imemo_type":"ment", "memsize":48, "flags":{"wb_protected":true}}
{"address":"0x101999fb0", "type":"IMEMO", "slot_size":40, "class":"0x1039f1560", "imemo_type":"ment", "memsize":48, "flags":{"wb_protected":true}}
{"address":"0x101999fd8", "type":"IMEMO", "slot_size":40, "class":"0x1039f1560", "imemo_type":"ment", "memsize":48, "flags":{"wb_protected":true}}
{"address":"0x10199a000", "type":"STRING", "slot_size":40, "class":"0x1039feda0", "frozen":true, "embedded":true, "bytesize":10, "value":"ARGF.class", "memsize":40, "flags":{"wb_protected":true}}
{"address":"0x10199a028", "type":"STRING", "slot_size":40, "class":"0x1039feda0", "frozen":true, "embedded":true, "fstring":true, "bytesize":6, "value":"STDERR", "encoding":"US-ASCII", "memsize":40, "flags":{"wb_protected":true}}
{"address":"0x10199a050", "type":"STRING", "slot_size":40, "class":"0x1039feda0", "frozen":true, "embedded":true, "fstring":true, "bytesize":6, "value":"STDOUT", "encoding":"US-ASCII", "memsize":40, "flags":{"wb_protected":true}}
{"address":"0x10199a078", "type":"STRING", "slot_size":40, "class":"0x1039feda0", "frozen":true, "embedded":true, "fstring":true, "bytesize":5, "value":"STDIN", "encoding":"US-ASCII", "memsize":40, "flags":{"wb_protected":true}}
{"address":"0x10199a0a0", "type":"STRING", "slot_size":40, "class":"0x1039feda0", "frozen":true, "embedded":true, "bytesize":8, "value":"<STDERR>", "memsize":40, "flags":{"wb_protected":true}}
{"address":"0x10199a0c8", "type":"FILE", "slot_size":40, "class":"0x1039f2000", "fd":2, "references":["0x10199a0c8", "0x10199a0a0"], "memsize":240}
{"address":"0x10199a0f0", "type":"STRING", "slot_size":40, "class":"0x1039feda0", "frozen":true, "embedded":true, "bytesize":8, "value":"<STDOUT>", "memsize":40, "flags":{"wb_protected":true}}
{"address":"0x10199a118", "type":"FILE", "slot_size":40, "class":"0x1039f2000", "fd":1, "references":["0x10199a118", "0x10199a0f0"], "memsize":240}
{"address":"0x10199a140", "type":"STRING", "slot_size":40, "class":"0x1039feda0", "frozen":true, "embedded":true, "bytesize":7, "value":"<STDIN>", "memsize":40, "flags":{"wb_protected":true}}
{"address":"0x10199a168", "type":"FILE", "slot_size":40, "class":"0x1039f2000", "fd":0, "references":["0x10199a168", "0x10199a140"], "memsize":240}
{"address":"0x10199a190", "type":"STRING", "slot_size":40, "class":"0x1039feda0", "frozen":true, "embedded":true, "fstring":true, "bytesize":7, "value":"$stderr", "encoding":"US-ASCII", "memsize":40, "flags":{"wb_protected":true}}
{"address":"0x10199a1b8", "type":"STRING", "slot_size":40, "class":"0x1039feda0", "frozen":true, "embedded":true, "fstring":true, "bytesize":2, "value":"$>", "encoding":"US-ASCII", "memsize":40, "flags":{"wb_protected":true}}
{"address":"0x10199a1e0", "type":"STRING", "slot_size":40, "class":"0x1039feda0", "frozen":true, "embedded":true, "fstring":true, "bytesize":7, "value":"$stdout", "encoding":"US-ASCII", "memsize":40, "flags":{"wb_protected":true}}
{"address":"0x10199a208", "type":"STRING", "slot_size":40, "class":"0x1039feda0", "frozen":true, "embedded":true, "fstring":true, "bytesize":6, "value":"$stdin", "encoding":"US-ASCII", "memsize":40, "flags":{"wb_protected":true}}
{"address":"0x10199a230", "type":"IMEMO", "slot_size":40, "class":"0x1039f2000", "imemo_type":"ment", "memsize":48, "flags":{"wb_protected":true}}
{"address":"0x10199a258", "type":"STRING", "slot_size":40, "class":"0x1039feda0", "frozen":true, "embedded":true, "fstring":true, "bytesize":10, "value":"autoclose=", "encoding":"US-ASCII", "memsize":40, "flags":{"wb_protected":true}}
{"address":"0x10199a280", "type":"IMEMO", "slot_size":40, "class":"0x1039f2000", "imemo_type":"ment", "memsize":48, "flags":{"wb_protected":true}}
{"address":"0x10199a2a8", "type":"STRING", "slot_size":40, "class":"0x1039feda0", "frozen":true, "embedded":true, "fstring":true, "bytesize":10, "value":"autoclose?", "encoding":"US-ASCII", "memsize":40, "flags":{"wb_protected":true}}
{"address":"0x10199a2d0", "type":"IMEMO", "slot_size":40, "class":"0x1039f2000", "imemo_type":"ment", "memsize":48, "flags":{"wb_protected":true}}
{"address":"0x10199a2f8", "type":"IMEMO", "slot_size":40, "class":"0x1039f2000", "imemo_type":"ment", "memsize":48, "flags":{"wb_protected":true}}
{"address":"0x10199a320", "type":"IMEMO", "slot_size":40, "class":"0x1039f2000", "imemo_type":"ment", "memsize":48, "flags":{"wb_protected":true}}
{"address":"0x10199a348", "type":"IMEMO", "slot_size":40, "class":"0x1039f2000", "imemo_type":"ment", "memsize":48, "flags":{"wb_protected":true}}
{"address":"0x10199a370", "type":"IMEMO", "slot_size":40, "class":"0x1039f2000", "imemo_type":"ment", "memsize":48, "flags":{"wb_protected":true}}
{"address":"0x10199a398", "type":"IMEMO", "slot_size":40, "class":"0x1039f2000", "imemo_type":"ment", "memsize":48, "flags":{"wb_protected":true}}
{"address":"0x10199a3c0", "type":"STRING", "slot_size":40, "class":"0x1039feda0", "frozen":true, "embedded":true, "fstring":true, "bytesize":3, "value":"pid", "encoding":"US-ASCII", "memsize":40, "flags":{"wb_protected":true}}
{"address":"0x10199a3e8", "type":"IMEMO", "slot_size":40, "class":"0x1039f2000", "imemo_type":"ment", "memsize":48, "flags":{"wb_protected":true}}
{"address":"0x10199a410", "type":"STRING", "slot_size":40, "class":"0x1039feda0", "frozen":true, "embedded":true, "fstring":true, "bytesize":5, "value":"fcntl", "encoding":"US-ASCII", "memsize":40, "flags":{"wb_protected":true}}
{"address":"0x10199a438", "type":"IMEMO", "slot_size":40, "class":"0x1039f2000", "imemo_type":"ment", "memsize":48, "flags":{"wb_protected":true}}
{"address":"0x10199a460", "type":"STRING", "slot_size":40, "class":"0x1039feda0", "frozen":true, "embedded":true, "fstring":true, "bytesize":5, "value":"ioctl", "encoding":"US-ASCII", "memsize":40, "flags":{"wb_protected":true}}
{"address":"0x10199a488", "type":"IMEMO", "slot_size":40, "class":"0x1039f2000", "imemo_type":"ment", "memsize":48, "flags":{"wb_protected":true}}
{"address":"0x10199a4b0", "type":"STRING", "slot_size":40, "class":"0x1039feda0", "frozen":true, "embedded":true, "fstring":true, "bytesize":6, "value":"advise", "encoding":"US-ASCII", "memsize":40, "flags":{"wb_protected":true}}
{"address":"0x10199a4d8", "type":"IMEMO", "slot_size":40, "class":"0x1039f2000", "imemo_type":"ment", "memsize":48, "flags":{"wb_protected":true}}
{"address":"0x10199a500", "type":"STRING", "slot_size":40, "class":"0x1039feda0", "frozen":true, "embedded":true, "fstring":true, "bytesize":7, "value":"sysseek", "encoding":"US-ASCII", "memsize":40, "flags":{"wb_protected":true}}
{"address":"0x10199a528", "type":"IMEMO", "slot_size":40, "class":"0x1039f2000", "imemo_type":"ment", "memsize":48, "flags":{"wb_protected":true}}
{"address":"0x10199a550", "type":"STRING", "slot_size":40, "class":"0x1039feda0", "frozen":true, "embedded":true, "fstring":true, "bytesize":8, "value":"binmode?", "encoding":"US-ASCII", "memsize":40, "flags":{"wb_protected":true}}
{"address":"0x10199a578", "type":"IMEMO", "slot_size":40, "class":"0x1039f2000", "imemo_type":"ment", "memsize":48, "flags":{"wb_protected":true}}
{"address":"0x10199a5a0", "type":"IMEMO", "slot_size":40, "class":"0x1039f2000", "imemo_type":"ment", "memsize":48, "flags":{"wb_protected":true}}
{"address":"0x10199a5c8", "type":"STRING", "slot_size":40, "class":"0x1039feda0", "frozen":true, "embedded":true, "fstring":true, "bytesize":4, "value":"tty?", "encoding":"US-ASCII", "memsize":40, "flags":{"wb_protected":true}}
{"address":"0x10199a5f0", "type":"IMEMO", "slot_size":40, "class":"0x1039f2000", "imemo_type":"ment", "memsize":48, "flags":{"wb_protected":true}}
{"address":"0x10199a618", "type":"STRING", "slot_size":40, "class":"0x1039feda0", "frozen":true, "embedded":true, "fstring":true, "bytesize":6, "value":"isatty", "encoding":"US-ASCII", "memsize":40, "flags":{"wb_protected":true}}
{"address":"0x10199a640", "type":"IMEMO", "slot_size":40, "class":"0x1039f2000", "imemo_type":"ment", "memsize":48, "flags":{"wb_protected":true}}
{"address":"0x10199a668", "type":"STRING", "slot_size":40, "class":"0x1039feda0", "frozen":true, "embedded":true, "fstring":true, "bytesize":11, "value":"close_write", "encoding":"US-ASCII", "memsize":40, "flags":{"wb_protected":true}}
{"address":"0x10199a690", "type":"IMEMO", "slot_size":40, "class":"0x1039f2000", "imemo_type":"ment", "memsize":48, "flags":{"wb_protected":true}}
{"address":"0x10199a6b8", "type":"STRING", "slot_size":40, "class":"0x1039feda0", "frozen":true, "embedded":true, "fstring":true, "bytesize":10, "value":"close_read", "encoding":"US-ASCII", "memsize":40, "flags":{"wb_protected":true}}
{"address":"0x10199a6e0", "type":"IMEMO", "slot_size":40, "class":"0x1039f2000", "imemo_type":"ment", "memsize":48, "flags":{"wb_protected":true}}
{"address":"0x10199a708", "type":"STRING", "slot_size":40, "class":"0x1039feda0", "frozen":true, "embedded":true, "fstring":true, "bytesize":7, "value":"closed?", "encoding":"US-ASCII", "memsize":40, "flags":{"wb_protected":true}}
{"address":"0x10199a730", "type":"IMEMO", "slot_size":40, "class":"0x1039f2000", "imemo_type":"ment", "memsize":48, "flags":{"wb_protected":true}}
{"address":"0x10199a758", "type":"STRING", "slot_size":40, "class":"0x1039feda0", "frozen":true, "embedded":true, "fstring":true, "bytesize":5, "value":"close", "encoding":"US-ASCII", "memsize":40, "flags":{"wb_protected":true}}
{"address":"0x10199a780", "type":"IMEMO", "slot_size":40, "class":"0x1039f2000", "imemo_type":"ment", "memsize":48, "flags":{"wb_protected":true}}
{"address":"0x10199a7a8", "type":"STRING", "slot_size":40, "class":"0x1039feda0", "frozen":true, "embedded":true, "fstring":true, "bytesize":14, "value":"close_on_exec=", "encoding":"US-ASCII", "memsize":40, "flags":{"wb_protected":true}}
{"address":"0x10199a7d0", "type":"IMEMO", "slot_size":40, "class":"0x1039f2000", "imemo_type":"ment", "memsize":48, "flags":{"wb_protected":true}}
{"address":"0x10199a7f8", "type":"STRING", "slot_size":40, "class":"0x1039feda0", "frozen":true, "embedded":true, "fstring":true, "bytesize":14, "value":"close_on_exec?", "encoding":"US-ASCII", "memsize":40, "flags":{"wb_protected":true}}
{"address":"0x10199a820", "type":"IMEMO", "slot_size":40, "class":"0x1039f2000", "imemo_type":"ment", "memsize":48, "flags":{"wb_protected":true}}
{"address":"0x10199a848", "type":"STRING", "slot_size":40, "class":"0x1039feda0", "frozen":true, "embedded":true, "fstring":true, "bytesize":4, "value":"eof?", "encoding":"US-ASCII", "memsize":40, "flags":{"wb_protected":true}}
{"address":"0x10199a870", "type":"IMEMO", "slot_size":40, "class":"0x1039f2000", "imemo_type":"ment", "memsize":48, "flags":{"wb_protected":true}}
{"address":"0x10199a898", "type":"STRING", "slot_size":40, "class":"0x1039feda0", "frozen":true, "embedded":true, "fstring":true, "bytesize":3, "value":"eof", "encoding":"US-ASCII", "memsize":40, "flags":{"wb_protected":true}}
{"address":"0x10199a8c0", "type":"IMEMO", "slot_size":40, "class":"0x1039f2000", "imemo_type":"ment", "memsize":48, "flags":{"wb_protected":true}}
{"address":"0x10199a8e8", "type":"STRING", "slot_size":40, "class":"0x1039feda0", "frozen":true, "embedded":true, "fstring":true, "bytesize":4, "value":"pos=", "encoding":"US-ASCII", "memsize":40, "flags":{"wb_protected":true}}
{"address":"0x10199a910", "type":"IMEMO", "slot_size":40, "class":"0x1039f2000", "imemo_type":"ment", "memsize":48, "flags":{"wb_protected":true}}
{"address":"0x10199a938", "type":"STRING", "slot_size":40, "class":"0x1039feda0", "frozen":true, "embedded":true, "fstring":true, "bytesize":3, "value":"pos", "encoding":"US-ASCII", "memsize":40, "flags":{"wb_protected":true}}
{"address":"0x10199a960", "type":"IMEMO", "slot_size":40, "class":"0x1039f2000", "imemo_type":"ment", "memsize":48, "flags":{"wb_protected":true}}
{"address":"0x10199a988", "type":"STRING", "slot_size":40, "class":"0x1039feda0", "frozen":true, "embedded":true, "fstring":true, "bytesize":6, "value":"rewind", "encoding":"US-ASCII", "memsize":40, "flags":{"wb_protected":true}}
{"address":"0x10199a9b0", "type":"STRING", "slot_size":40, "class":"0x1039feda0", "frozen":true, "embedded":true, "fstring":true, "bytesize":9, "value":"SEEK_HOLE", "encoding":"US-ASCII", "memsize":40, "flags":{"wb_protected":true}}
{"address":"0x10199a9d8", "type":"STRING", "slot_size":40, "class":"0x1039feda0", "frozen":true, "embedded":true, "fstring":true, "bytesize":9, "value":"SEEK_DATA", "encoding":"US-ASCII", "memsize":40, "flags":{"wb_protected":true}}
{"address":"0x10199aa00", "type":"STRING", "slot_size":40, "class":"0x1039feda0", "frozen":true, "embedded":true, "fstring":true, "bytesize":8, "value":"SEEK_END", "encoding":"US-ASCII", "memsize":40, "flags":{"wb_protected":true}}
{"address":"0x10199aa28", "type":"STRING", "slot_size":40, "class":"0x1039feda0", "frozen":true, "embedded":true, "fstring":true, "bytesize":8, "value":"SEEK_CUR", "encoding":"US-ASCII", "memsize":40, "flags":{"wb_protected":true}}
{"address":"0x10199aa50", "type":"STRING", "slot_size":40, "class":"0x1039feda0", "frozen":true, "embedded":true, "fstring":true, "bytesize":8, "value":"SEEK_SET", "encoding":"US-ASCII", "memsize":40, "flags":{"wb_protected":true}}
{"address":"0x10199aa78", "type":"IMEMO", "slot_size":40, "class":"0x1039f2000", "imemo_type":"ment", "memsize":48, "flags":{"wb_protected":true}}
{"address":"0x10199aaa0", "type":"STRING", "slot_size":40, "class":"0x1039feda0", "frozen":true, "embedded":true, "fstring":true, "bytesize":4, "value":"seek", "encoding":"US-ASCII", "memsize":40, "flags":{"wb_protected":true}}
{"address":"0x10199aac8", "type":"IMEMO", "slot_size":40, "class":"0x1039f2000", "imemo_type":"ment", "memsize":48, "flags":{"wb_protected":true}}
{"address":"0x10199aaf0", "type":"STRING", "slot_size":40, "class":"0x1039feda0", "frozen":true, "embedded":true, "fstring":true, "bytesize":4, "value":"tell", "encoding":"US-ASCII", "memsize":40, "flags":{"wb_protected":true}}
{"address":"0x10199ab18", "type":"IMEMO", "slot_size":40, "class":"0x1039f2000", "imemo_type":"ment", "memsize":48, "flags":{"wb_protected":true}}
{"address":"0x10199ab40", "type":"IMEMO", "slot_size":40, "class":"0x1039f2000", "imemo_type":"ment", "memsize":48, "flags":{"wb_protected":true}}
{"address":"0x10199ab68", "type":"IMEMO", "slot_size":40, "class":"0x1039f2000", "imemo_type":"ment", "memsize":48, "flags":{"wb_protected":true}}
{"address":"0x10199ab90", "type":"STRING", "slot_size":40, "class":"0x1039feda0", "frozen":true, "embedded":true, "fstring":true, "bytesize":6, "value":"ungetc", "encoding":"US-ASCII", "memsize":40, "flags":{"wb_protected":true}}
{"address":"0x10199abb8", "type":"IMEMO", "slot_size":40, "class":"0x1039f2000", "imemo_type":"ment", "memsize":48, "flags":{"wb_protected":true}}
{"address":"0x10199abe0", "type":"STRING", "slot_size":40, "class":"0x1039feda0", "frozen":true, "embedded":true, "fstring":true, "bytesize":9, "value":"ungetbyte", "encoding":"US-ASCII", "memsize":40, "flags":{"wb_protected":true}}
{"address":"0x10199ac08", "type":"IMEMO", "slot_size":40, "class":"0x1039f2000", "imemo_type":"ment", "memsize":48, "flags":{"wb_protected":true}}
{"address":"0x10199ac30", "type":"STRING", "slot_size":40, "class":"0x1039feda0", "frozen":true, "embedded":true, "fstring":true, "bytesize":8, "value":"readbyte", "encoding":"US-ASCII", "memsize":40, "flags":{"wb_protected":true}}
{"address":"0x10199ac58", "type":"IMEMO", "slot_size":40, "class":"0x1039f2000", "imemo_type":"ment", "memsize":48, "flags":{"wb_protected":true}}
{"address":"0x10199ac80", "type":"STRING", "slot_size":40, "class":"0x1039feda0", "frozen":true, "embedded":true, "fstring":true, "bytesize":8, "value":"readchar", "encoding":"US-ASCII", "memsize":40, "flags":{"wb_protected":true}}
{"address":"0x10199aca8", "type":"IMEMO", "slot_size":40, "class":"0x1039f2000", "imemo_type":"ment", "memsize":48, "flags":{"wb_protected":true}}
{"address":"0x10199acd0", "type":"IMEMO", "slot_size":40, "class":"0x1039f2000", "imemo_type":"ment", "memsize":48, "flags":{"wb_protected":true}}
{"address":"0x10199acf8", "type":"IMEMO", "slot_size":40, "class":"0x1039f2000", "imemo_type":"ment", "memsize":48, "flags":{"wb_protected":true}}
{"address":"0x10199ad20", "type":"IMEMO", "slot_size":40, "class":"0x1039f2000", "imemo_type":"ment", "memsize":48, "flags":{"wb_protected":true}}
{"address":"0x10199ad48", "type":"IMEMO", "slot_size":40, "class":"0x1039f2000", "imemo_type":"ment", "memsize":48, "flags":{"wb_protected":true}}
{"address":"0x10199ad70", "type":"IMEMO", "slot_size":40, "class":"0x1039f2000", "imemo_type":"ment", "memsize":48, "flags":{"wb_protected":true}}
{"address":"0x10199ad98", "type":"IMEMO", "slot_size":40, "class":"0x1039f2000", "imemo_type":"ment", "memsize":48, "flags":{"wb_protected":true}}
{"address":"0x10199adc0", "type":"IMEMO", "slot_size":40, "class":"0x1039f2000", "imemo_type":"ment", "memsize":48, "flags":{"wb_protected":true}}
{"address":"0x10199ade8", "type":"IMEMO", "slot_size":40, "class":"0x1039f2000", "imemo_type":"ment", "memsize":48, "flags":{"wb_protected":true}}
{"address":"0x10199ae10", "type":"STRING", "slot_size":40, "class":"0x1039feda0", "frozen":true, "embedded":true, "fstring":true, "bytesize":7, "value":"lineno=", "encoding":"US-ASCII", "memsize":40, "flags":{"wb_protected":true}}
{"address":"0x10199ae38", "type":"IMEMO", "slot_size":40, "class":"0x1039f2000", "imemo_type":"ment", "memsize":48, "flags":{"wb_protected":true}}
{"address":"0x10199ae60", "type":"STRING", "slot_size":40, "class":"0x1039feda0", "frozen":true, "embedded":true, "fstring":true, "bytesize":6, "value":"lineno", "encoding":"US-ASCII", "memsize":40, "flags":{"wb_protected":true}}
{"address":"0x10199ae88", "type":"IMEMO", "slot_size":40, "class":"0x1039f2000", "imemo_type":"ment", "memsize":48, "flags":{"wb_protected":true}}
{"address":"0x10199aeb0", "type":"STRING", "slot_size":40, "class":"0x1039feda0", "frozen":true, "embedded":true, "fstring":true, "bytesize":5, "value":"sync=", "encoding":"US-ASCII", "memsize":40, "flags":{"wb_protected":true}}
{"address":"0x10199aed8", "type":"IMEMO", "slot_size":40, "class":"0x1039f2000", "imemo_type":"ment", "memsize":48, "flags":{"wb_protected":true}}
{"address":"0x10199af00", "type":"STRING", "slot_size":40, "class":"0x1039feda0", "frozen":true, "embedded":true, "fstring":true, "bytesize":4, "value":"sync", "encoding":"US-ASCII", "memsize":40, "flags":{"wb_protected":true}}
{"address":"0x10199af28", "type":"IMEMO", "slot_size":40, "class":"0x1039f2000", "imemo_type":"ment", "memsize":48, "flags":{"wb_protected":true}}
{"address":"0x10199af50", "type":"STRING", "slot_size":40, "class":"0x1039feda0", "frozen":true, "embedded":true, "fstring":true, "bytesize":9, "value":"fdatasync", "encoding":"US-ASCII", "memsize":40, "flags":{"wb_protected":true}}
{"address":"0x10199af78", "type":"IMEMO", "slot_size":40, "class":"0x1039f2000", "imemo_type":"ment", "memsize":48, "flags":{"wb_protected":true}}
{"address":"0x10199afa0", "type":"STRING", "slot_size":40, "class":"0x1039feda0", "frozen":true, "embedded":true, "fstring":true, "bytesize":5, "value":"fsync", "encoding":"US-ASCII", "memsize":40, "flags":{"wb_protected":true}}
{"address":"0x10199afc8", "type":"IMEMO", "slot_size":40, "class":"0x1039f2000", "imemo_type":"ment", "memsize":48, "flags":{"wb_protected":true}}
{"address":"0x10199aff0", "type":"IMEMO", "slot_size":40, "class":"0x1039f2000", "imemo_type":"ment", "memsize":48, "flags":{"wb_protected":true}}
{"address":"0x10199b018", "type":"IMEMO", "slot_size":40, "class":"0x1039f2000", "imemo_type":"ment", "memsize":48, "flags":{"wb_protected":true}}
{"address":"0x10199b040", "type":"IMEMO", "slot_size":40, "class":"0x1039f2000", "imemo_type":"ment", "memsize":48, "flags":{"wb_protected":true}}
{"address":"0x10199b068", "type":"STRING", "slot_size":40, "class":"0x1039feda0", "frozen":true, "embedded":true, "fstring":true, "bytesize":6, "value":"pwrite", "encoding":"US-ASCII", "memsize":40, "flags":{"wb_protected":true}}
{"address":"0x10199b090", "type":"IMEMO", "slot_size":40, "class":"0x1039f2000", "imemo_type":"ment", "memsize":48, "flags":{"wb_protected":true}}
{"address":"0x10199b0b8", "type":"STRING", "slot_size":40, "class":"0x1039feda0", "frozen":true, "embedded":true, "fstring":true, "bytesize":5, "value":"pread", "encoding":"US-ASCII", "memsize":40, "flags":{"wb_protected":true}}
{"address":"0x10199b0e0", "type":"IMEMO", "slot_size":40, "class":"0x1039f2000", "imemo_type":"ment", "memsize":48, "flags":{"wb_protected":true}}
{"address":"0x10199b108", "type":"STRING", "slot_size":40, "class":"0x1039feda0", "frozen":true, "embedded":true, "fstring":true, "bytesize":7, "value":"sysread", "encoding":"US-ASCII", "memsize":40, "flags":{"wb_protected":true}}
{"address":"0x10199b130", "type":"IMEMO", "slot_size":40, "class":"0x1039f2000", "imemo_type":"ment", "memsize":48, "flags":{"wb_protected":true}}
{"address":"0x10199b158", "type":"STRING", "slot_size":40, "class":"0x1039feda0", "frozen":true, "embedded":true, "fstring":true, "bytesize":8, "value":"syswrite", "encoding":"US-ASCII", "memsize":40, "flags":{"wb_protected":true}}
{"address":"0x10199b180", "type":"IMEMO", "slot_size":40, "class":"0x1039f2000", "imemo_type":"ment", "memsize":48, "flags":{"wb_protected":true}}
{"address":"0x10199b1a8", "type":"IMEMO", "slot_size":40, "class":"0x1039f2000", "imemo_type":"ment", "memsize":48, "flags":{"wb_protected":true}}
{"address":"0x10199b1d0", "type":"IMEMO", "slot_size":40, "class":"0x1039f2000", "imemo_type":"ment", "memsize":48, "flags":{"wb_protected":true}}
{"address":"0x10199b1f8", "type":"IMEMO", "slot_size":40, "class":"0x1039f2000", "imemo_type":"ment", "memsize":48, "flags":{"wb_protected":true}}
{"address":"0x10199b220", "type":"IMEMO", "slot_size":40, "class":"0x1039f2000", "imemo_type":"ment", "memsize":48, "flags":{"wb_protected":true}}
{"address":"0x10199b248", "type":"IMEMO", "slot_size":40, "class":"0x1039f2000", "imemo_type":"ment", "memsize":48, "flags":{"wb_protected":true}}
{"address":"0x10199b270", "type":"IMEMO", "slot_size":40, "class":"0x1039f2000", "imemo_type":"ment", "memsize":48, "flags":{"wb_protected":true}}
{"address":"0x10199b298", "type":"IMEMO", "slot_size":40, "class":"0x1039f2000", "imemo_type":"ment", "memsize":48, "flags":{"wb_protected":true}}
{"address":"0x10199b2c0", "type":"IMEMO", "slot_size":40, "class":"0x1039f2000", "imemo_type":"ment", "memsize":48, "flags":{"wb_protected":true}}
{"address":"0x10199b2e8", "type":"IMEMO", "slot_size":40, "class":"0x1039f2000", "imemo_type":"ment", "memsize":48, "flags":{"wb_protected":true}}
{"address":"0x10199b310", "type":"STRING", "slot_size":40, "class":"0x1039feda0", "frozen":true, "embedded":true, "fstring":true, "bytesize":6, "value":"reopen", "encoding":"US-ASCII", "memsize":40, "flags":{"wb_protected":true}}
{"address":"0x10199b338", "type":"IMEMO", "slot_size":40, "class":"0x1039f2000", "imemo_type":"ment", "memsize":48, "flags":{"wb_protected":true}}
{"address":"0x10199b360", "type":"STRING", "slot_size":40, "class":"0x1039feda0", "frozen":true, "embedded":true, "fstring":true, "bytesize":2, "value":"$\\", "encoding":"US-ASCII", "memsize":40, "flags":{"wb_protected":true}}
{"address":"0x10199b388", "type":"STRING", "slot_size":40, "class":"0x1039feda0", "frozen":true, "embedded":true, "fstring":true, "bytesize":3, "value":"$-0", "encoding":"US-ASCII", "memsize":40, "flags":{"wb_protected":true}}
{"address":"0x10199b3b0", "type":"STRING", "slot_size":40, "class":"0x1039feda0", "frozen":true, "embedded":true, "fstring":true, "bytesize":2, "value":"$/", "encoding":"US-ASCII", "memsize":40, "flags":{"wb_protected":true}}
{"address":"0x10199b3d8", "type":"STRING", "slot_size":40, "class":"0x1039feda0", "frozen":true, "fstring":true, "bytesize":1, "value":"\n", "encoding":"US-ASCII", "memsize":40, "flags":{"wb_protected":true}}
{"address":"0x10199b400", "type":"STRING", "slot_size":40, "class":"0x1039feda0", "frozen":true, "embedded":true, "fstring":true, "bytesize":2, "value":"$,", "encoding":"US-ASCII", "memsize":40, "flags":{"wb_protected":true}}
{"address":"0x10199b428", "type":"IMEMO", "slot_size":40, "class":"0x1039f2000", "imemo_type":"ment", "memsize":48, "flags":{"wb_protected":true}}
{"address":"0x10199b450", "type":"IMEMO", "slot_size":40, "class":"0x1039f1f60", "imemo_type":"ment", "memsize":48, "flags":{"wb_protected":true}}
{"address":"0x10199b478", "type":"STRING", "slot_size":40, "class":"0x1039feda0", "frozen":true, "embedded":true, "fstring":true, "bytesize":11, "value":"copy_stream", "encoding":"US-ASCII", "memsize":40, "flags":{"wb_protected":true}}
{"address":"0x10199b4a0", "type":"IMEMO", "slot_size":40, "class":"0x1039f1f60", "imemo_type":"ment", "memsize":48, "flags":{"wb_protected":true}}
{"address":"0x10199b4c8", "type":"IMEMO", "slot_size":40, "class":"0x1039f1f60", "imemo_type":"ment", "memsize":48, "flags":{"wb_protected":true}}
{"address":"0x10199b4f0", "type":"STRING", "slot_size":40, "class":"0x1039feda0", "frozen":true, "embedded":true, "fstring":true, "bytesize":4, "value":"pipe", "encoding":"US-ASCII", "memsize":40, "flags":{"wb_protected":true}}
{"address":"0x10199b518", "type":"IMEMO", "slot_size":40, "class":"0x1039f1f60", "imemo_type":"ment", "memsize":48, "flags":{"wb_protected":true}}
{"address":"0x10199b540", "type":"IMEMO", "slot_size":40, "class":"0x1039f1f60", "imemo_type":"ment", "memsize":48, "flags":{"wb_protected":true}}
{"address":"0x10199b568", "type":"STRING", "slot_size":40, "class":"0x1039feda0", "frozen":true, "embedded":true, "fstring":true, "bytesize":8, "value":"binwrite", "encoding":"US-ASCII", "memsize":40, "flags":{"wb_protected":true}}
{"address":"0x10199b590", "type":"IMEMO", "slot_size":40, "class":"0x1039f1f60", "imemo_type":"ment", "memsize":48, "flags":{"wb_protected":true}}
{"address":"0x10199b5b8", "type":"IMEMO", "slot_size":40, "class":"0x1039f1f60", "imemo_type":"ment", "memsize":48, "flags":{"wb_protected":true}}
{"address":"0x10199b5e0", "type":"STRING", "slot_size":40, "class":"0x1039feda0", "frozen":true, "embedded":true, "fstring":true, "bytesize":7, "value":"binread", "encoding":"US-ASCII", "memsize":40, "flags":{"wb_protected":true}}
{"address":"0x10199b608", "type":"IMEMO", "slot_size":40, "class":"0x1039f1f60", "imemo_type":"ment", "memsize":48, "flags":{"wb_protected":true}}
{"address":"0x10199b630", "type":"IMEMO", "slot_size":40, "class":"0x1039f1f60", "imemo_type":"ment", "memsize":48, "flags":{"wb_protected":true}}
{"address":"0x10199b658", "type":"IMEMO", "slot_size":40, "class":"0x1039f1f60", "imemo_type":"ment", "memsize":48, "flags":{"wb_protected":true}}
{"address":"0x10199b680", "type":"STRING", "slot_size":40, "class":"0x1039feda0", "frozen":true, "embedded":true, "fstring":true, "bytesize":7, "value":"foreach", "encoding":"US-ASCII", "memsize":40, "flags":{"wb_protected":true}}
{"address":"0x10199b6a8", "type":"IMEMO", "slot_size":40, "class":"0x1039f1f60", "imemo_type":"ment", "memsize":48, "flags":{"wb_protected":true}}
{"address":"0x10199b6d0", "type":"STRING", "slot_size":40, "class":"0x1039feda0", "frozen":true, "embedded":true, "fstring":true, "bytesize":5, "value":"popen", "encoding":"US-ASCII", "memsize":40, "flags":{"wb_protected":true}}
{"address":"0x10199b6f8", "type":"IMEMO", "slot_size":40, "class":"0x1039f1f60", "imemo_type":"ment", "memsize":48, "flags":{"wb_protected":true}}
{"address":"0x10199b720", "type":"STRING", "slot_size":40, "class":"0x1039feda0", "frozen":true, "embedded":true, "fstring":true, "bytesize":6, "value":"for_fd", "encoding":"US-ASCII", "memsize":40, "flags":{"wb_protected":true}}
{"address":"0x10199b748", "type":"IMEMO", "slot_size":40, "class":"0x1039f1f60", "imemo_type":"ment", "memsize":48, "flags":{"wb_protected":true}}
{"address":"0x10199b770", "type":"STRING", "slot_size":40, "class":"0x1039feda0", "frozen":true, "embedded":true, "fstring":true, "bytesize":7, "value":"sysopen", "encoding":"US-ASCII", "memsize":40, "flags":{"wb_protected":true}}
{"address":"0x10199b798", "type":"IMEMO", "slot_size":40, "class":"0x1039f1f60", "imemo_type":"ment", "memsize":48, "flags":{"wb_protected":true}}
{"address":"0x10199b7c0", "type":"IMEMO", "slot_size":40, "class":"0x1039f1f60", "imemo_type":"ment", "memsize":48, "flags":{"wb_protected":true}}
{"address":"0x10199b7e8", "type":"STRING", "slot_size":40, "class":"0x1039feda0", "bytesize":27, "capacity":31, "value":"IO::EINPROGRESSWaitWritable", "encoding":"US-ASCII", "memsize":72, "flags":{"wb_protected":true}}
{"address":"0x10199b810", "type":"IMEMO", "slot_size":40, "class":"0x1039f8fe0", "imemo_type":"callcache", "references":["0x1019be888"], "memsize":40, "flags":{"wb_protected":true}}
{"address":"0x10199b838", "type":"STRING", "slot_size":40, "class":"0x1039feda0", "bytesize":27, "capacity":31, "value":"IO::EINPROGRESSWaitReadable", "encoding":"US-ASCII", "memsize":72, "flags":{"wb_protected":true}}
{"address":"0x10199b860", "type":"STRING", "slot_size":40, "class":"0x1039feda0", "bytesize":22, "capacity":31, "value":"IO::EAGAINWaitWritable", "encoding":"US-ASCII", "memsize":72, "flags":{"wb_protected":true}}
{"address":"0x10199b888", "type":"IMEMO", "slot_size":40, "class":"0x1039fb2e0", "imemo_type":"callcache", "references":["0x1019be888"], "memsize":40, "flags":{"wb_protected":true}}
{"address":"0x10199b8b0", "type":"STRING", "slot_size":40, "class":"0x1039feda0", "bytesize":22, "capacity":31, "value":"IO::EAGAINWaitReadable", "encoding":"US-ASCII", "memsize":72, "flags":{"wb_protected":true}}
{"address":"0x10199b8d8", "type":"STRING", "slot_size":40, "class":"0x1039feda0", "bytesize":16, "capacity":31, "value":"IO::WaitWritable", "encoding":"US-ASCII", "memsize":72, "flags":{"wb_protected":true}}
{"address":"0x10199b900", "type":"STRING", "slot_size":40, "class":"0x1039feda0", "bytesize":16, "capacity":31, "value":"IO::WaitWritable", "encoding":"US-ASCII", "memsize":72, "flags":{"wb_protected":true}}
{"address":"0x10199b928", "type":"STRING", "slot_size":40, "class":"0x1039feda0", "frozen":true, "embedded":true, "fstring":true, "bytesize":12, "value":"WaitWritable", "encoding":"US-ASCII", "memsize":40, "flags":{"wb_protected":true}}
{"address":"0x10199b950", "type":"STRING", "slot_size":40, "class":"0x1039feda0", "bytesize":16, "capacity":31, "value":"IO::WaitReadable", "encoding":"US-ASCII", "memsize":72, "flags":{"wb_protected":true}}
{"address":"0x10199b978", "type":"STRING", "slot_size":40, "class":"0x1039feda0", "bytesize":16, "capacity":31, "value":"IO::WaitReadable", "encoding":"US-ASCII", "memsize":72, "flags":{"wb_protected":true}}
{"address":"0x10199b9a0", "type":"STRING", "slot_size":40, "class":"0x1039feda0", "frozen":true, "embedded":true, "fstring":true, "bytesize":12, "value":"WaitReadable", "encoding":"US-ASCII", "memsize":40, "flags":{"wb_protected":true}}
{"address":"0x10199b9c8", "type":"STRING", "slot_size":40, "class":"0x1039feda0", "frozen":true, "embedded":true, "fstring":true, "bytesize":8, "value":"PRIORITY", "encoding":"US-ASCII", "memsize":40, "flags":{"wb_protected":true}}
{"address":"0x10199b9f0", "type":"STRING", "slot_size":40, "class":"0x1039feda0", "frozen":true, "embedded":true, "fstring":true, "bytesize":8, "value":"WRITABLE", "encoding":"US-ASCII", "memsize":40, "flags":{"wb_protected":true}}
{"address":"0x10199ba18", "type":"STRING", "slot_size":40, "class":"0x1039feda0", "frozen":true, "embedded":true, "fstring":true, "bytesize":8, "value":"READABLE", "encoding":"US-ASCII", "memsize":40, "flags":{"wb_protected":true}}
{"address":"0x10199ba40", "type":"STRING", "slot_size":40, "class":"0x1039feda0", "frozen":true, "embedded":true, "fstring":true, "bytesize":2, "value":"IO", "encoding":"US-ASCII", "memsize":40, "flags":{"wb_protected":true}}
{"address":"0x10199ba68", "type":"IMEMO", "slot_size":40, "imemo_type":"ment", "references":["0x1039ff8e0"], "memsize":48, "flags":{"wb_protected":true}}
{"address":"0x10199ba90", "type":"STRING", "slot_size":40, "class":"0x1039feda0", "frozen":true, "embedded":true, "fstring":true, "bytesize":7, "value":"display", "encoding":"US-ASCII", "memsize":40, "flags":{"wb_protected":true}}
{"address":"0x10199bab8", "type":"IMEMO", "slot_size":40, "class":"0x1039ff7a0", "imemo_type":"ment", "memsize":48, "flags":{"wb_protected":true}}
{"address":"0x10199bae0", "type":"IMEMO", "slot_size":40, "imemo_type":"ment", "references":["0x1039ff8e0"], "memsize":48, "flags":{"wb_protected":true}}
{"address":"0x10199bb08", "type":"STRING", "slot_size":40, "class":"0x1039feda0", "frozen":true, "embedded":true, "fstring":true, "bytesize":1, "value":"p", "encoding":"US-ASCII", "memsize":40, "flags":{"wb_protected":true}}
{"address":"0x10199bb30", "type":"IMEMO", "slot_size":40, "class":"0x1039ff7a0", "imemo_type":"ment", "memsize":48, "flags":{"wb_protected":true}}
{"address":"0x10199bb58", "type":"IMEMO", "slot_size":40, "imemo_type":"ment", "references":["0x1039ff8e0"], "memsize":48, "flags":{"wb_protected":true}}
{"address":"0x10199bb80", "type":"IMEMO", "slot_size":40, "class":"0x1039ff7a0", "imemo_type":"ment", "memsize":48, "flags":{"wb_protected":true}}
{"address":"0x10199bba8", "type":"IMEMO", "slot_size":40, "imemo_type":"ment", "references":["0x1039ff8e0"], "memsize":48, "flags":{"wb_protected":true}}
{"address":"0x10199bbd0", "type":"ARRAY", "slot_size":40, "length":1024, "references":["0x10199bbf8", "0x10199bb08", "0x10199ba90", "0x10199ba40", "0x10199ba18", "0x10199b9f0", "0x10199b9c8", "0x10199b9a0", "0x10199b928", "0x1039dd0d8", "0x1039dd038", "0x1039dcf98", "0x1039dcf48", "0x1039dcef8", "0x1039dce58", "0x10199b770", "0x10199b720", "0x10199b6d0", "0x10199b680", "0x10199b5e0", "0x10199b568", "0x10199b4f0", "0x10199b478", "0x10199b400", "0x10199b3b0", "0x10199b388", "0x10199b360", "0x10199b310", "0x10199b158", "0x10199b108", "0x10199b0b8", "0x10199b068", "0x10199afa0", "0x10199af50", "0x10199af00", "0x10199aeb0", "0x10199ae60", "0x10199ae10", "0x10199ac80", "0x10199ac30", "0x10199abe0", "0x10199ab90", "0x10199aaf0", "0x10199aaa0", "0x10199aa50", "0x10199aa28", "0x10199aa00", "0x10199a9d8", "0x10199a9b0", "0x10199a988", "0x10199a938", "0x10199a8e8", "0x10199a898", "0x10199a848", "0x10199a7f8", "0x10199a7a8", "0x10199a758", "0x10199a708", "0x10199a6b8", "0x10199a668", "0x10199a618", "0x10199a5c8", "0x10199a550", "0x10199a500", "0x10199a4b0", "0x10199a460", "0x10199a410", "0x10199a3c0", "0x1039dcdb8", "0x1039dcd68", "0x1039dcd18", "0x10199a2a8", "0x10199a258", "0x10199a208", "0x10199a1e0", "0x10199a1b8", "0x10199a190", "0x10199a078", "0x10199a050", "0x10199a028", "0x101999f38", "0x101999e70", "0x101999d08", "0x101999948", "0x1019998d0", "0x101999880", "0x101999790", "0x101999740", "0x101999600", "0x1019995d8", "0x1019995b0", "0x101999588", "0x101999538", "0x101999510", "0x1019994e8", "0x1019994c0", "0x101999470", "0x1019993d0", "0x101999330", "0x101999290", "0x1019991f0", "0x101999150", "0x1019990b0", "0x101999010", "0x101998f70", "0x1039dccc8", "0x101998e58", "0x101998cc8", "0x101998bb0", "0x101998b10", "0x101998a70", "0x1019989d0", "0x101998930", "0x101998890", "0x1019987f0", "0x101998750", "0x1019986b0", "0x101998610", "0x101998570", "0x1019984d0", "0x101998480", "0x101998430", "0x1019983e0", "0x101998390", "0x101998340", "0x1019982f0", "0x1019982a0", "0x101998250", "0x101998200", "0x1019981b0", "0x101998160", "0x101998110", "0x1019980c0", "0x101998070", "0x101998020", "0x101997fd0", "0x101997f58", "0x101997f08", "0x101997e90", "0x101997e40", "0x101997df0", "0x101997da0", "0x101997d50", "0x101997d00", "0x101997cb0", "0x101997c60", "0x101997c10", "0x101997b98", "0x101997b70", "0x101997af8", "0x101997ad0", "0x101997918", "0x1019978c8", "0x101997828", "0x101997800", "0x1019977d8", "0x1019977b0", "0x101997788", "0x101997760", "0x101997738", "0x101997710", "0x1019976e8", "0x1019976c0", "0x101997698", "0x101997670", "0x101997648", "0x101997620", "0x1019975f8", "0x1019975d0", "0x1019975a8", "0x101997580", "0x101997530", "0x1019974e0", "0x101997490", "0x101997418", "0x101997328", "0x1019972d8", "0x101997288", "0x101997238", "0x1019971e8", "0x101997198", "0x101997148", "0x1019970f8", "0x1019970a8", "0x101997058", "0x101997008", "0x101996f90", "0x101996f40", "0x101996a68", "0x101996a40", "0x101996a18", "0x1019969f0", "0x1019969c8", "0x1019969a0", "0x101996978", "0x101996950", "0x101996928", "0x101996900", "0x1019968d8", "0x1019968b0", "0x101996888", "0x101996860", "0x101996838", "0x101996810", "0x1019967e8", "0x1019967c0", "0x101996798", "0x101996720", "0x1019966d0", "0x101996680", "0x1039dcb88", "0x101996608", "0x1019965b8", "0x101996590", "0x1019964f0", "0x101996450", "0x101996400", "0x1019963b0", "0x101996388", "0x101996360", "0x101996338", "0x101996310", "0x1019962e8", "0x1019962c0", "0x101996298", "0x101996270", "0x101996248", "0x101996220", "0x1019961a8", "0x101996158", "0x101996108", "0x1019960b8", "0x101996068", "0x101996018", "0x101995f78", "0x101995f00", "0x101995eb0", "0x101995e88", "0x101995e60", "0x101995e38", "0x101995e10", "0x101995de8", "0x101995dc0", "0x101995d98", "0x101995d70", "0x101995d48", "0x101995d20", "0x101995cf8", "0x101995cd0", "0x101995ca8", "0x101995c80", "0x101995c58", "0x101995c30", "0x101995c08", "0x101995be0", "0x101995b90", "0x101995b40", "0x101995af0", "0x101995aa0", "0x1019959b0", "0x101995938", "0x1019958e8", "0x101995668", "0x101995618", "0x1019955c8", "0x101995578", "0x101995528", "0x1019954d8", "0x101995438", "0x101995398", "0x101995348", "0x1019952f8", "0x1019952d0", "0x1019952a8", "0x101995280", "0x101995258", "0x101995230", "0x101995208", "0x1019951e0", "0x1019951b8", "0x101995190", "0x101995168", "0x101995140", "0x101995118", "0x1019950f0", "0x1019950c8", "0x1019950a0", "0x101995078", "0x101995050", "0x101995028", "0x101995000", "0x101994fd8", "0x101994fb0", "0x101994f88", "0x101994f60", "0x101994f38", "0x101994ee8", "0x101994ec0", "0x101994e70", "0x101994e20", "0x101994dd0", "0x101994c68", "0x101994c18", "0x101994ba0", "0x101994b50", "0x101994b00", "0x101994a88", "0x101994858", "0x1019947e0", "0x101994768", "0x101994718", "0x1019946a0", "0x101994628", "0x1019945d8", "0x101994588", "0x101994538", "0x1019944e8", "0x101994498", "0x101994448", "0x1019943f8", "0x1019943a8", "0x101994358", "0x101994308", "0x1019942b8", "0x101994268", "0x101994218", "0x1019941a0", "0x101994128", "0x1019940d8", "0x101994038", "0x101993ac0", "0x101993a70", "0x101993a20", "0x1019939f8", "0x1019939d0", "0x101993908", "0x1019937f0", "0x101993728", "0x1019936d8", "0x1019935c0", "0x101993570", "0x1019934d0", "0x101993458", "0x1019933e0", "0x1019933b8", "0x1019932a0", "0x1019931b0", "0x101993138", "0x101993110", "0x1019930e8", "0x1039dca98", "0x101993020", "0x1039dca48", "0x101992f80", "0x101992f08", "0x1039dc9f8", "0x101992e40", "0x101992df0", "0x101992cd8", "0x101992c10", "0x101992b98", "0x101992a80", "0x101992a30", "0x1019929e0", "0x1019928f0", "0x1019928a0", "0x101992828", "0x101992800", "0x1019927b0", "0x1039dc9a8", "0x101992648", "0x101992378", "0x101992328", "0x1019922d8", "0x101992238", "0x1019921e8", "0x101992198", "0x101992148", "0x1019920f8", "0x1019920a8", "0x1039dc958", "0x101992030", "0x101991e50", "0x101991e00", "0x101991cc0", "0x1039dc908", "0x101991c48", "0x1039dc8b8", "0x101991ba8", "0x1039dc868", "0x1039dc818", "0x1039dc7c8", "0x1019919a0", "0x101991978", "0x101991928", "0x101991900", "0x101991888", "0x101991810", "0x101991798", "0x101991720", "0x1019916a8", "0x101991630", "0x1019915b8", "0x101991540", "0x1019914c8", "0x101991450", "0x1019913d8", "0x101991360", "0x1019912e8", "0x101991270", "0x1019911f8", "0x101991180", "0x1019910b8", "0x101991040", "0x101990fc8", "0x101990f50", "0x101990ed8", "0x101990e60", "0x101990de8", "0x101990d70", "0x101990cf8", "0x101990ca8", "0x101990c80", "0x101990c58", "0x1039dc728", "0x1039dc6d8", "0x101990c30", "0x101990c08", "0x1039dc688", "0x1039dc638", "0x101990be0", "0x101990b40", "0x101990af0", "0x101990aa0", "0x101990a50", "0x1019909b0", "0x101990960", "0x101990910", "0x1019908e8", "0x1039dc5e8", "0x1039dc598", "0x1019907d0", "0x1019906e0", "0x101990668", "0x1019905f0", "0x1039dc548", "0x101990528", "0x1019904b0", "0x1039dc4a8", "0x1039dc458", "0x1019901b8", "0x1019900f0", "0x1019900c8", "0x1019900a0", "0x101990078", "0x101990050", "0x10197ffc0", "0x10197ff70", "0x10197fe80", "0x10197fe30", "0x10197fde0", "0x10197fd90", "0x10197fd18", "0x10197fcc8", "0x10197fbd8", "0x10197fb88", "0x10197fb10", "0x10197fac0", "0x1039dc3b8", "0x1039dc368", "0x1039dc318", "0x1039dc2c8", "0x1039dc278", "0x1039dc228", "0x1039dc1d8", "0x1039dc188", "0x1039dc138", "0x1039dc0e8", "0x10197f728", "0x1039dc098", "0x1039dc048", "0x1039dbff8", "0x1039dbfa8", "0x1039dbf58", "0x1039dbf08", "0x10197f3e0", "0x10197ef30", "0x10197eee0", "0x10197ee18", "0x10197ed28", "0x10197ecb0", "0x10197ec60", "0x1039dbd78", "0x10197e7b0", "0x10197e788", "0x10197e710", "0x10197e698", "0x10197e648", "0x10197e5f8", "0x10197e580", "0x10197e530", "0x10197e350", "0x1039dbaf8", "0x1039dbaa8", "0x10197e0a8", "0x1039dba08", "0x1039db9b8", "0x10197e008", "0x10197df40", "0x10197def0", "0x10197dea0", "0x1039db968"], "memsize":8232, "flags":{"wb_protected":true}}
{"address":"0x10199bbf8", "type":"STRING", "slot_size":40, "class":"0x1039feda0", "frozen":true, "embedded":true, "fstring":true, "bytesize":9, "value":"readlines", "encoding":"US-ASCII", "memsize":40, "flags":{"wb_protected":true}}
{"address":"0x10199bc20", "type":"IMEMO", "slot_size":40, "class":"0x1039ff7a0", "imemo_type":"ment", "memsize":48, "flags":{"wb_protected":true}}
{"address":"0x10199bc48", "type":"IMEMO", "slot_size":40, "imemo_type":"ment", "references":["0x1039ff8e0"], "memsize":48, "flags":{"wb_protected":true}}
{"address":"0x10199bc70", "type":"IMEMO", "slot_size":40, "class":"0x1039ff7a0", "imemo_type":"ment", "memsize":48, "flags":{"wb_protected":true}}
{"address":"0x10199bc98", "type":"IMEMO", "slot_size":40, "imemo_type":"ment", "references":["0x1039ff8e0"], "memsize":48, "flags":{"wb_protected":true}}
{"address":"0x10199bcc0", "type":"STRING", "slot_size":40, "class":"0x1039feda0", "frozen":true, "embedded":true, "fstring":true, "bytesize":8, "value":"readline", "encoding":"US-ASCII", "memsize":40, "flags":{"wb_protected":true}}
{"address":"0x10199bce8", "type":"IMEMO", "slot_size":40, "class":"0x1039ff7a0", "imemo_type":"ment", "memsize":48, "flags":{"wb_protected":true}}
{"address":"0x10199bd10", "type":"IMEMO", "slot_size":40, "imemo_type":"ment", "references":["0x1039ff8e0"], "memsize":48, "flags":{"wb_protected":true}}
{"address":"0x10199bd38", "type":"IMEMO", "slot_size":40, "class":"0x1039ff7a0", "imemo_type":"ment", "memsize":48, "flags":{"wb_protected":true}}
{"address":"0x10199bd60", "type":"IMEMO", "slot_size":40, "imemo_type":"ment", "references":["0x1039ff8e0"], "memsize":48, "flags":{"wb_protected":true}}
{"address":"0x10199bd88", "type":"STRING", "slot_size":40, "class":"0x1039feda0", "frozen":true, "embedded":true, "fstring":true, "bytesize":4, "value":"puts", "encoding":"US-ASCII", "memsize":40, "flags":{"wb_protected":true}}
{"address":"0x10199bdb0", "type":"IMEMO", "slot_size":40, "class":"0x1039ff7a0", "imemo_type":"ment", "memsize":48, "flags":{"wb_protected":true}}
{"address":"0x10199bdd8", "type":"IMEMO", "slot_size":40, "imemo_type":"ment", "references":["0x1039ff8e0"], "memsize":48, "flags":{"wb_protected":true}}
{"address":"0x10199be00", "type":"STRING", "slot_size":40, "class":"0x1039feda0", "frozen":true, "embedded":true, "fstring":true, "bytesize":4, "value":"putc", "encoding":"US-ASCII", "memsize":40, "flags":{"wb_protected":true}}
{"address":"0x10199be28", "type":"IMEMO", "slot_size":40, "class":"0x1039ff7a0", "imemo_type":"ment", "memsize":48, "flags":{"wb_protected":true}}
{"address":"0x10199be50", "type":"IMEMO", "slot_size":40, "imemo_type":"ment", "references":["0x1039ff8e0"], "memsize":48, "flags":{"wb_protected":true}}
{"address":"0x10199be78", "type":"STRING", "slot_size":40, "class":"0x1039feda0", "frozen":true, "embedded":true, "fstring":true, "bytesize":5, "value":"print", "encoding":"US-ASCII", "memsize":40, "flags":{"wb_protected":true}}
{"address":"0x10199bea0", "type":"IMEMO", "slot_size":40, "class":"0x1039ff7a0", "imemo_type":"ment", "memsize":48, "flags":{"wb_protected":true}}
{"address":"0x10199bec8", "type":"IMEMO", "slot_size":40, "imemo_type":"ment", "references":["0x1039ff8e0"], "memsize":48, "flags":{"wb_protected":true}}
{"address":"0x10199bef0", "type":"STRING", "slot_size":40, "class":"0x1039feda0", "frozen":true, "embedded":true, "fstring":true, "bytesize":6, "value":"printf", "encoding":"US-ASCII", "memsize":40, "flags":{"wb_protected":true}}
{"address":"0x10199bf18", "type":"IMEMO", "slot_size":40, "class":"0x1039ff7a0", "imemo_type":"ment", "memsize":48, "flags":{"wb_protected":true}}
{"address":"0x10199bf40", "type":"IMEMO", "slot_size":40, "imemo_type":"ment", "references":["0x1039ff8e0"], "memsize":48, "flags":{"wb_protected":true}}
{"address":"0x10199bf68", "type":"STRING", "slot_size":40, "class":"0x1039feda0", "frozen":true, "embedded":true, "fstring":true, "bytesize":4, "value":"open", "encoding":"US-ASCII", "memsize":40, "flags":{"wb_protected":true}}
{"address":"0x10199bf90", "type":"IMEMO", "slot_size":40, "class":"0x1039ff7a0", "imemo_type":"ment", "memsize":48, "flags":{"wb_protected":true}}
{"address":"0x10199bfb8", "type":"IMEMO", "slot_size":40, "imemo_type":"ment", "references":["0x1039ff8e0"], "memsize":48, "flags":{"wb_protected":true}}
{"address":"0x10199bfe0", "type":"STRING", "slot_size":40, "class":"0x1039feda0", "frozen":true, "embedded":true, "fstring":true, "bytesize":7, "value":"syscall", "encoding":"US-ASCII", "memsize":40, "flags":{"wb_protected":true}}
{"address":"0x10199c008", "type":"STRING", "slot_size":40, "class":"0x1039feda0", "frozen":true, "embedded":true, "fstring":true, "bytesize":6, "value":"fileno", "encoding":"US-ASCII", "memsize":40, "flags":{"wb_protected":true}}
{"address":"0x10199c030", "type":"STRING", "slot_size":40, "class":"0x1039feda0", "frozen":true, "embedded":true, "fstring":true, "bytesize":12, "value":"set_encoding", "encoding":"US-ASCII", "memsize":40, "flags":{"wb_protected":true}}
{"address":"0x10199c058", "type":"STRING", "slot_size":40, "class":"0x1039feda0", "frozen":true, "embedded":true, "fstring":true, "bytesize":11, "value":"readpartial", "encoding":"US-ASCII", "memsize":40, "flags":{"wb_protected":true}}
{"address":"0x10199c080", "type":"STRING", "slot_size":40, "class":"0x1039feda0", "frozen":true, "embedded":true, "fstring":true, "bytesize":5, "value":"flush", "encoding":"US-ASCII", "memsize":40, "flags":{"wb_protected":true}}
{"address":"0x10199c0a8", "type":"STRING", "slot_size":40, "class":"0x1039feda0", "frozen":true, "embedded":true, "fstring":true, "bytesize":4, "value":"getc", "encoding":"US-ASCII", "memsize":40, "flags":{"wb_protected":true}}
{"address":"0x10199c0d0", "type":"IMEMO", "slot_size":40, "class":"0x1039f21e0", "imemo_type":"callcache", "references":["0x1019be888"], "memsize":40, "flags":{"wb_protected":true}}
{"address":"0x10199c0f8", "type":"STRING", "slot_size":40, "class":"0x1039feda0", "frozen":true, "embedded":true, "fstring":true, "bytesize":8, "value":"EOFError", "encoding":"US-ASCII", "memsize":40, "flags":{"wb_protected":true}}
{"address":"0x10199c120", "type":"STRING", "slot_size":40, "class":"0x1039feda0", "frozen":true, "embedded":true, "fstring":true, "bytesize":7, "value":"IOError", "encoding":"US-ASCII", "memsize":40, "flags":{"wb_protected":true}}
{"address":"0x10199c148", "type":"IMEMO", "slot_size":40, "class":"0x1039f2460", "imemo_type":"ment", "memsize":48, "flags":{"wb_protected":true}}
{"address":"0x10199c170", "type":"IMEMO", "slot_size":40, "class":"0x1039f2460", "imemo_type":"ment", "memsize":48, "flags":{"wb_protected":true}}
{"address":"0x10199c198", "type":"STRING", "slot_size":40, "class":"0x1039feda0", "frozen":true, "embedded":true, "fstring":true, "bytesize":6, "value":"cover?", "encoding":"US-ASCII", "memsize":40, "flags":{"wb_protected":true}}
{"address":"0x10199c1c0", "type":"IMEMO", "slot_size":40, "class":"0x1039f2460", "imemo_type":"ment", "memsize":48, "flags":{"wb_protected":true}}
{"address":"0x10199c1e8", "type":"IMEMO", "slot_size":40, "class":"0x1039f2460", "imemo_type":"ment", "memsize":48, "flags":{"wb_protected":true}}
{"address":"0x10199c210", "type":"IMEMO", "slot_size":40, "class":"0x1039f2460", "imemo_type":"ment", "memsize":48, "flags":{"wb_protected":true}}
{"address":"0x10199c238", "type":"STRING", "slot_size":40, "class":"0x1039feda0", "frozen":true, "embedded":true, "fstring":true, "bytesize":12, "value":"exclude_end?", "encoding":"US-ASCII", "memsize":40, "flags":{"wb_protected":true}}
{"address":"0x10199c260", "type":"IMEMO", "slot_size":40, "class":"0x1039f2460", "imemo_type":"ment", "memsize":48, "flags":{"wb_protected":true}}
{"address":"0x10199c288", "type":"IMEMO", "slot_size":40, "class":"0x1039f2460", "imemo_type":"ment", "memsize":48, "flags":{"wb_protected":true}}
{"address":"0x10199c2b0", "type":"IMEMO", "slot_size":40, "class":"0x1039f2460", "imemo_type":"ment", "memsize":48, "flags":{"wb_protected":true}}
{"address":"0x10199c2d8", "type":"IMEMO", "slot_size":40, "class":"0x1039f2460", "imemo_type":"ment", "memsize":48, "flags":{"wb_protected":true}}
{"address":"0x10199c300", "type":"IMEMO", "slot_size":40, "class":"0x1039f2460", "imemo_type":"ment", "memsize":48, "flags":{"wb_protected":true}}
{"address":"0x10199c328", "type":"IMEMO", "slot_size":40, "class":"0x1039f2460", "imemo_type":"ment", "memsize":48, "flags":{"wb_protected":true}}
{"address":"0x10199c350", "type":"IMEMO", "slot_size":40, "class":"0x1039f2460", "imemo_type":"ment", "memsize":48, "flags":{"wb_protected":true}}
{"address":"0x10199c378", "type":"IMEMO", "slot_size":40, "class":"0x1039f2460", "imemo_type":"ment", "memsize":48, "flags":{"wb_protected":true}}
{"address":"0x10199c3a0", "type":"IMEMO", "slot_size":40, "class":"0x1039f2460", "imemo_type":"ment", "memsize":48, "flags":{"wb_protected":true}}
{"address":"0x10199c3c8", "type":"IMEMO", "slot_size":40, "class":"0x1039f2460", "imemo_type":"ment", "memsize":48, "flags":{"wb_protected":true}}
{"address":"0x10199c3f0", "type":"IMEMO", "slot_size":40, "class":"0x1039f2460", "imemo_type":"ment", "memsize":48, "flags":{"wb_protected":true}}
{"address":"0x10199c418", "type":"IMEMO", "slot_size":40, "class":"0x1039f2460", "imemo_type":"ment", "memsize":48, "flags":{"wb_protected":true}}
{"address":"0x10199c440", "type":"IMEMO", "slot_size":40, "class":"0x1039f2460", "imemo_type":"ment", "memsize":48, "flags":{"wb_protected":true}}
{"address":"0x10199c468", "type":"IMEMO", "slot_size":40, "class":"0x1039f2460", "imemo_type":"ment", "memsize":48, "flags":{"wb_protected":true}}
{"address":"0x10199c490", "type":"IMEMO", "slot_size":40, "class":"0x1039f2460", "imemo_type":"ment", "memsize":48, "flags":{"wb_protected":true}}
{"address":"0x10199c4b8", "type":"IMEMO", "slot_size":40, "class":"0x1039f2460", "imemo_type":"ment", "memsize":48, "flags":{"wb_protected":true}}
{"address":"0x10199c4e0", "type":"IMEMO", "slot_size":40, "class":"0x1039f2460", "imemo_type":"ment", "memsize":48, "flags":{"wb_protected":true}}
{"address":"0x10199c508", "type":"IMEMO", "slot_size":40, "class":"0x1039f2460", "imemo_type":"ment", "memsize":48, "flags":{"wb_protected":true}}
{"address":"0x10199c530", "type":"IMEMO", "slot_size":40, "class":"0x1039f2460", "imemo_type":"ment", "memsize":48, "flags":{"wb_protected":true}}
{"address":"0x10199c558", "type":"IMEMO", "slot_size":40, "class":"0x1039f2460", "imemo_type":"ment", "memsize":48, "flags":{"wb_protected":true}}
{"address":"0x10199c580", "type":"IMEMO", "slot_size":40, "class":"0x1039f2460", "imemo_type":"ment", "memsize":48, "flags":{"wb_protected":true}}
{"address":"0x10199c5a8", "type":"IMEMO", "slot_size":40, "class":"0x1039f2460", "imemo_type":"ment", "memsize":48, "flags":{"wb_protected":true}}
{"address":"0x10199c5d0", "type":"STRING", "slot_size":40, "class":"0x1039feda0", "frozen":true, "embedded":true, "fstring":true, "bytesize":5, "value":"Range", "encoding":"US-ASCII", "memsize":40, "flags":{"wb_protected":true}}
{"address":"0x10199c5f8", "type":"ARRAY", "slot_size":40, "frozen":true, "length":3, "embedded":true, "memsize":40, "flags":{"wb_protected":true}}
{"address":"0x10199c620", "type":"HASH", "slot_size":40, "size":0, "memsize":192}
{"address":"0x10199c648", "type":"STRING", "slot_size":40, "class":"0x1039feda0", "frozen":true, "embedded":true, "fstring":true, "bytesize":4, "value":"excl", "encoding":"US-ASCII", "memsize":40, "flags":{"wb_protected":true}}
{"address":"0x10199c670", "type":"STRING", "slot_size":40, "class":"0x1039feda0", "frozen":true, "embedded":true, "fstring":true, "bytesize":13, "value":"MINOR_VERSION", "encoding":"US-ASCII", "memsize":40, "flags":{"wb_protected":true}}
{"address":"0x10199c698", "type":"STRING", "slot_size":40, "class":"0x1039feda0", "frozen":true, "embedded":true, "fstring":true, "bytesize":13, "value":"MAJOR_VERSION", "encoding":"US-ASCII", "memsize":40, "flags":{"wb_protected":true}}
{"address":"0x10199c6c0", "type":"IMEMO", "slot_size":40, "class":"0x1039f2500", "imemo_type":"ment", "memsize":48, "flags":{"wb_protected":true}}
{"address":"0x10199c6e8", "type":"IMEMO", "slot_size":40, "imemo_type":"ment", "references":["0x1039f25a0"], "memsize":48, "flags":{"wb_protected":true}}
{"address":"0x10199c710", "type":"STRING", "slot_size":40, "class":"0x1039feda0", "frozen":true, "embedded":true, "fstring":true, "bytesize":1, "value":"K", "encoding":"US-ASCII", "memsize":40, "flags":{"wb_protected":true}}
{"address":"0x10199c738", "type":"STRING", "slot_size":40, "class":"0x1039feda0", "frozen":true, "embedded":true, "fstring":true, "bytesize":1, "value":"E", "encoding":"US-ASCII", "memsize":40, "flags":{"wb_protected":true}}
{"address":"0x10199c760", "type":"STRING", "slot_size":40, "class":"0x1039feda0", "frozen":true, "embedded":true, "fstring":true, "bytesize":7, "value":"binmode", "encoding":"US-ASCII", "memsize":40, "flags":{"wb_protected":true}}
{"address":"0x10199c788", "type":"STRING", "slot_size":40, "class":"0x1039feda0", "frozen":true, "embedded":true, "fstring":true, "bytesize":4, "value":"read", "encoding":"US-ASCII", "memsize":40, "flags":{"wb_protected":true}}
{"address":"0x10199c7b0", "type":"STRING", "slot_size":40, "class":"0x1039feda0", "frozen":true, "embedded":true, "fstring":true, "bytesize":6, "value":"_alloc", "encoding":"US-ASCII", "memsize":40, "flags":{"wb_protected":true}}
{"address":"0x10199c7d8", "type":"STRING", "slot_size":40, "class":"0x1039feda0", "frozen":true, "embedded":true, "fstring":true, "bytesize":10, "value":"_load_data", "encoding":"US-ASCII", "memsize":40, "flags":{"wb_protected":true}}
{"address":"0x10199c800", "type":"STRING", "slot_size":40, "class":"0x1039feda0", "frozen":true, "embedded":true, "fstring":true, "bytesize":10, "value":"_dump_data", "encoding":"US-ASCII", "memsize":40, "flags":{"wb_protected":true}}
{"address":"0x10199c828", "type":"STRING", "slot_size":40, "class":"0x1039feda0", "frozen":true, "embedded":true, "fstring":true, "bytesize":12, "value":"marshal_load", "encoding":"US-ASCII", "memsize":40, "flags":{"wb_protected":true}}
{"address":"0x10199c850", "type":"STRING", "slot_size":40, "class":"0x1039feda0", "frozen":true, "embedded":true, "fstring":true, "bytesize":12, "value":"marshal_dump", "encoding":"US-ASCII", "memsize":40, "flags":{"wb_protected":true}}
{"address":"0x10199c878", "type":"STRING", "slot_size":40, "class":"0x1039feda0", "frozen":true, "embedded":true, "fstring":true, "bytesize":7, "value":"Marshal", "encoding":"US-ASCII", "memsize":40, "flags":{"wb_protected":true}}
{"address":"0x10199c8a0", "type":"IMEMO", "slot_size":40, "class":"0x1039f2960", "imemo_type":"ment", "memsize":48, "flags":{"wb_protected":true}}
{"address":"0x10199c8c8", "type":"IMEMO", "slot_size":40, "class":"0x1039f2960", "imemo_type":"ment", "memsize":48, "flags":{"wb_protected":true}}
{"address":"0x10199c8f0", "type":"IMEMO", "slot_size":40, "class":"0x1039f2960", "imemo_type":"ment", "memsize":48, "flags":{"wb_protected":true}}
{"address":"0x10199c918", "type":"IMEMO", "slot_size":40, "class":"0x1039f2960", "imemo_type":"ment", "memsize":48, "flags":{"wb_protected":true}}
{"address":"0x10199c940", "type":"IMEMO", "slot_size":40, "class":"0x1039f2960", "imemo_type":"ment", "memsize":48, "flags":{"wb_protected":true}}
{"address":"0x10199c968", "type":"IMEMO", "slot_size":40, "class":"0x1039f2960", "imemo_type":"ment", "memsize":48, "flags":{"wb_protected":true}}
{"address":"0x10199c990", "type":"IMEMO", "slot_size":40, "class":"0x1039f2960", "imemo_type":"ment", "memsize":48, "flags":{"wb_protected":true}}
{"address":"0x10199c9b8", "type":"IMEMO", "slot_size":40, "class":"0x1039f2aa0", "imemo_type":"ment", "memsize":48, "flags":{"wb_protected":true}}
{"address":"0x10199c9e0", "type":"IMEMO", "slot_size":40, "class":"0x1039f2aa0", "imemo_type":"ment", "memsize":48, "flags":{"wb_protected":true}}
{"address":"0x10199ca08", "type":"IMEMO", "slot_size":40, "class":"0x1039f2aa0", "imemo_type":"ment", "memsize":48, "flags":{"wb_protected":true}}
{"address":"0x10199ca30", "type":"IMEMO", "slot_size":40, "class":"0x1039f2aa0", "imemo_type":"ment", "memsize":48, "flags":{"wb_protected":true}}
{"address":"0x10199ca58", "type":"IMEMO", "slot_size":40, "class":"0x1039f2aa0", "imemo_type":"ment", "memsize":48, "flags":{"wb_protected":true}}
{"address":"0x10199ca80", "type":"STRING", "slot_size":40, "class":"0x1039feda0", "frozen":true, "embedded":true, "fstring":true, "bytesize":12, "value":"AFTER_OUTPUT", "encoding":"US-ASCII", "memsize":40, "flags":{"wb_protected":true}}
{"address":"0x10199caa8", "type":"STRING", "slot_size":40, "class":"0x1039feda0", "frozen":true, "embedded":true, "fstring":true, "bytesize":13, "value":"PARTIAL_INPUT", "encoding":"US-ASCII", "memsize":40, "flags":{"wb_protected":true}}
{"address":"0x10199cad0", "type":"STRING", "slot_size":40, "class":"0x1039feda0", "frozen":true, "embedded":true, "fstring":true, "bytesize":13, "value":"UNDEF_REPLACE", "encoding":"US-ASCII", "memsize":40, "flags":{"wb_protected":true}}
{"address":"0x10199caf8", "type":"STRING", "slot_size":40, "class":"0x1039feda0", "frozen":true, "embedded":true, "fstring":true, "bytesize":10, "value":"UNDEF_MASK", "encoding":"US-ASCII", "memsize":40, "flags":{"wb_protected":true}}
{"address":"0x10199cb20", "type":"STRING", "slot_size":40, "class":"0x1039feda0", "frozen":true, "embedded":true, "fstring":true, "bytesize":15, "value":"INVALID_REPLACE", "encoding":"US-ASCII", "memsize":40, "flags":{"wb_protected":true}}
{"address":"0x10199cb48", "type":"STRING", "slot_size":40, "class":"0x1039feda0", "frozen":true, "embedded":true, "fstring":true, "bytesize":12, "value":"INVALID_MASK", "encoding":"US-ASCII", "memsize":40, "flags":{"wb_protected":true}}
{"address":"0x10199cb70", "type":"IMEMO", "slot_size":40, "class":"0x1039f26e0", "imemo_type":"ment", "memsize":48, "flags":{"wb_protected":true}}
{"address":"0x10199cb98", "type":"IMEMO", "slot_size":40, "class":"0x1039f26e0", "imemo_type":"ment", "memsize":48, "flags":{"wb_protected":true}}
{"address":"0x10199cbc0", "type":"STRING", "slot_size":40, "class":"0x1039feda0", "frozen":true, "embedded":true, "fstring":true, "bytesize":12, "value":"replacement=", "encoding":"US-ASCII", "memsize":40, "flags":{"wb_protected":true}}
{"address":"0x10199cbe8", "type":"IMEMO", "slot_size":40, "class":"0x1039f26e0", "imemo_type":"ment", "memsize":48, "flags":{"wb_protected":true}}
{"address":"0x10199cc10", "type":"STRING", "slot_size":40, "class":"0x1039feda0", "frozen":true, "embedded":true, "fstring":true, "bytesize":11, "value":"replacement", "encoding":"US-ASCII", "memsize":40, "flags":{"wb_protected":true}}
{"address":"0x10199cc38", "type":"IMEMO", "slot_size":40, "class":"0x1039f26e0", "imemo_type":"ment", "memsize":48, "flags":{"wb_protected":true}}
{"address":"0x10199cc60", "type":"STRING", "slot_size":40, "class":"0x1039feda0", "frozen":true, "embedded":true, "fstring":true, "bytesize":10, "value":"last_error", "encoding":"US-ASCII", "memsize":40, "flags":{"wb_protected":true}}
{"address":"0x10199cc88", "type":"IMEMO", "slot_size":40, "class":"0x1039f26e0", "imemo_type":"ment", "memsize":48, "flags":{"wb_protected":true}}
{"address":"0x10199ccb0", "type":"STRING", "slot_size":40, "class":"0x1039feda0", "frozen":true, "embedded":true, "fstring":true, "bytesize":7, "value":"putback", "encoding":"US-ASCII", "memsize":40, "flags":{"wb_protected":true}}
{"address":"0x10199ccd8", "type":"IMEMO", "slot_size":40, "class":"0x1039f26e0", "imemo_type":"ment", "memsize":48, "flags":{"wb_protected":true}}
{"address":"0x10199cd00", "type":"STRING", "slot_size":40, "class":"0x1039feda0", "frozen":true, "embedded":true, "fstring":true, "bytesize":13, "value":"insert_output", "encoding":"US-ASCII", "memsize":40, "flags":{"wb_protected":true}}
{"address":"0x10199cd28", "type":"IMEMO", "slot_size":40, "class":"0x1039f26e0", "imemo_type":"ment", "memsize":48, "flags":{"wb_protected":true}}
{"address":"0x10199cd50", "type":"IMEMO", "slot_size":40, "class":"0x1039f26e0", "imemo_type":"ment", "memsize":48, "flags":{"wb_protected":true}}
{"address":"0x10199cd78", "type":"STRING", "slot_size":40, "class":"0x1039feda0", "frozen":true, "embedded":true, "fstring":true, "bytesize":6, "value":"finish", "encoding":"US-ASCII", "memsize":40, "flags":{"wb_protected":true}}
{"address":"0x10199cda0", "type":"IMEMO", "slot_size":40, "class":"0x1039f26e0", "imemo_type":"ment", "memsize":48, "flags":{"wb_protected":true}}
{"address":"0x10199cdc8", "type":"STRING", "slot_size":40, "class":"0x1039feda0", "frozen":true, "embedded":true, "fstring":true, "bytesize":7, "value":"convert", "encoding":"US-ASCII", "memsize":40, "flags":{"wb_protected":true}}
{"address":"0x10199cdf0", "type":"IMEMO", "slot_size":40, "class":"0x1039f26e0", "imemo_type":"ment", "memsize":48, "flags":{"wb_protected":true}}
{"address":"0x10199ce18", "type":"IMEMO", "slot_size":40, "class":"0x1039f26e0", "imemo_type":"ment", "memsize":48, "flags":{"wb_protected":true}}
{"address":"0x10199ce40", "type":"IMEMO", "slot_size":40, "class":"0x1039f26e0", "imemo_type":"ment", "memsize":48, "flags":{"wb_protected":true}}
{"address":"0x10199ce68", "type":"IMEMO", "slot_size":40, "class":"0x1039f26e0", "imemo_type":"ment", "memsize":48, "flags":{"wb_protected":true}}
{"address":"0x10199ce90", "type":"STRING", "slot_size":40, "class":"0x1039feda0", "frozen":true, "embedded":true, "fstring":true, "bytesize":8, "value":"convpath", "encoding":"US-ASCII", "memsize":40, "flags":{"wb_protected":true}}
{"address":"0x10199ceb8", "type":"IMEMO", "slot_size":40, "class":"0x1039f26e0", "imemo_type":"ment", "memsize":48, "flags":{"wb_protected":true}}
{"address":"0x10199cee0", "type":"IMEMO", "slot_size":40, "class":"0x1039f26e0", "imemo_type":"ment", "memsize":48, "flags":{"wb_protected":true}}
{"address":"0x10199cf08", "type":"IMEMO", "slot_size":40, "class":"0x1039f2640", "imemo_type":"ment", "memsize":48, "flags":{"wb_protected":true}}
{"address":"0x10199cf30", "type":"STRING", "slot_size":40, "class":"0x1039feda0", "frozen":true, "embedded":true, "fstring":true, "bytesize":15, "value":"search_convpath", "encoding":"US-ASCII", "memsize":40, "flags":{"wb_protected":true}}
{"address":"0x10199cf58", "type":"IMEMO", "slot_size":40, "class":"0x1039f2640", "imemo_type":"ment", "memsize":48, "flags":{"wb_protected":true}}
{"address":"0x10199cf80", "type":"STRING", "slot_size":40, "class":"0x1039feda0", "bytesize":19, "capacity":31, "value":"Encoding::Converter", "encoding":"US-ASCII", "memsize":72, "flags":{"wb_protected":true}}
{"address":"0x10199cfa8", "type":"STRING", "slot_size":40, "class":"0x1039feda0", "frozen":true, "embedded":true, "fstring":true, "bytesize":9, "value":"Converter", "encoding":"US-ASCII", "memsize":40, "flags":{"wb_protected":true}}
{"address":"0x10199cfd0", "type":"IMEMO", "slot_size":40, "class":"0x1039feda0", "imemo_type":"ment", "memsize":48, "flags":{"wb_protected":true}}
{"address":"0x10199cff8", "type":"STRING", "slot_size":40, "class":"0x1039feda0", "frozen":true, "embedded":true, "fstring":true, "bytesize":7, "value":"encode!", "encoding":"US-ASCII", "memsize":40, "flags":{"wb_protected":true}}
{"address":"0x10199d020", "type":"IMEMO", "slot_size":40, "class":"0x1039feda0", "imemo_type":"ment", "memsize":48, "flags":{"wb_protected":true}}
{"address":"0x10199d048", "type":"STRING", "slot_size":40, "class":"0x1039feda0", "frozen":true, "embedded":true, "fstring":true, "bytesize":6, "value":"encode", "encoding":"US-ASCII", "memsize":40, "flags":{"wb_protected":true}}
{"address":"0x10199d070", "type":"STRING", "slot_size":40, "class":"0x1039feda0", "bytesize":32, "capacity":63, "value":"Encoding::ConverterNotFoundError", "encoding":"US-ASCII", "memsize":104, "flags":{"wb_protected":true}}
{"address":"0x10199d098", "type":"STRING", "slot_size":40, "class":"0x1039feda0", "bytesize":34, "capacity":63, "value":"Encoding::InvalidByteSequenceError", "encoding":"US-ASCII", "memsize":104, "flags":{"wb_protected":true}}
{"address":"0x10199d0c0", "type":"STRING", "slot_size":40, "class":"0x1039feda0", "bytesize":34, "capacity":63, "value":"Encoding::UndefinedConversionError", "encoding":"US-ASCII", "memsize":104, "flags":{"wb_protected":true}}
{"address":"0x10199d0e8", "type":"STRING", "slot_size":40, "class":"0x1039feda0", "frozen":true, "embedded":true, "fstring":true, "bytesize":2, "value":"lf", "encoding":"US-ASCII", "memsize":40, "flags":{"wb_protected":true}}
{"address":"0x10199d110", "type":"STRING", "slot_size":40, "class":"0x1039feda0", "frozen":true, "embedded":true, "fstring":true, "bytesize":2, "value":"cr", "encoding":"US-ASCII", "memsize":40, "flags":{"wb_protected":true}}
{"address":"0x10199d138", "type":"STRING", "slot_size":40, "class":"0x1039feda0", "frozen":true, "embedded":true, "fstring":true, "bytesize":4, "value":"crlf", "encoding":"US-ASCII", "memsize":40, "flags":{"wb_protected":true}}
{"address":"0x10199d160", "type":"STRING", "slot_size":40, "class":"0x1039feda0", "frozen":true, "embedded":true, "fstring":true, "bytesize":9, "value":"universal", "encoding":"US-ASCII", "memsize":40, "flags":{"wb_protected":true}}
{"address":"0x10199d188", "type":"STRING", "slot_size":40, "class":"0x1039feda0", "frozen":true, "embedded":true, "fstring":true, "bytesize":7, "value":"newline", "encoding":"US-ASCII", "memsize":40, "flags":{"wb_protected":true}}
{"address":"0x10199d1b0", "type":"STRING", "slot_size":40, "class":"0x1039feda0", "frozen":true, "embedded":true, "fstring":true, "bytesize":13, "value":"partial_input", "encoding":"US-ASCII", "memsize":40, "flags":{"wb_protected":true}}
{"address":"0x10199d1d8", "type":"STRING", "slot_size":40, "class":"0x1039feda0", "frozen":true, "embedded":true, "fstring":true, "bytesize":10, "value":"cr_newline", "encoding":"US-ASCII", "memsize":40, "flags":{"wb_protected":true}}
{"address":"0x10199d200", "type":"STRING", "slot_size":40, "class":"0x1039feda0", "frozen":true, "embedded":true, "fstring":true, "bytesize":12, "value":"crlf_newline", "encoding":"US-ASCII", "memsize":40, "flags":{"wb_protected":true}}
{"address":"0x10199d228", "type":"STRING", "slot_size":40, "class":"0x1039feda0", "frozen":true, "embedded":true, "fstring":true, "bytesize":12, "value":"after_output", "encoding":"US-ASCII", "memsize":40, "flags":{"wb_protected":true}}
{"address":"0x10199d250", "type":"STRING", "slot_size":40, "class":"0x1039feda0", "frozen":true, "embedded":true, "fstring":true, "bytesize":8, "value":"finished", "encoding":"US-ASCII", "memsize":40, "flags":{"wb_protected":true}}
{"address":"0x10199d278", "type":"STRING", "slot_size":40, "class":"0x1039feda0", "frozen":true, "embedded":true, "fstring":true, "bytesize":4, "value":"text", "encoding":"US-ASCII", "memsize":40, "flags":{"wb_protected":true}}
{"address":"0x10199d2a0", "type":"STRING", "slot_size":40, "class":"0x1039feda0", "frozen":true, "embedded":true, "fstring":true, "bytesize":3, "value":"xml", "encoding":"US-ASCII", "memsize":40, "flags":{"wb_protected":true}}
{"address":"0x10199d2c8", "type":"STRING", "slot_size":40, "class":"0x1039feda0", "frozen":true, "embedded":true, "fstring":true, "bytesize":8, "value":"fallback", "encoding":"US-ASCII", "memsize":40, "flags":{"wb_protected":true}}
{"address":"0x10199d2f0", "type":"STRING", "slot_size":40, "class":"0x1039feda0", "frozen":true, "embedded":true, "fstring":true, "bytesize":5, "value":"undef", "encoding":"US-ASCII", "memsize":40, "flags":{"wb_protected":true}}
{"address":"0x10199d318", "type":"STRING", "slot_size":40, "class":"0x1039feda0", "frozen":true, "embedded":true, "fstring":true, "bytesize":7, "value":"invalid", "encoding":"US-ASCII", "memsize":40, "flags":{"wb_protected":true}}
{"address":"0x10199d340", "type":"STRING", "slot_size":40, "class":"0x1039feda0", "frozen":true, "embedded":true, "fstring":true, "bytesize":15, "value":"source_encoding", "encoding":"US-ASCII", "memsize":40, "flags":{"wb_protected":true}}
{"address":"0x10199d368", "type":"STRING", "slot_size":40, "class":"0x1039feda0", "frozen":true, "embedded":true, "fstring":true, "bytesize":15, "value":"readagain_bytes", "encoding":"US-ASCII", "memsize":40, "flags":{"wb_protected":true}}
{"address":"0x10199d390", "type":"STRING", "slot_size":40, "class":"0x1039feda0", "frozen":true, "embedded":true, "fstring":true, "bytesize":10, "value":"error_char", "encoding":"US-ASCII", "memsize":40, "flags":{"wb_protected":true}}
{"address":"0x10199d3b8", "type":"STRING", "slot_size":40, "class":"0x1039feda0", "frozen":true, "embedded":true, "fstring":true, "bytesize":11, "value":"error_bytes", "encoding":"US-ASCII", "memsize":40, "flags":{"wb_protected":true}}
{"address":"0x10199d3e0", "type":"IMEMO", "slot_size":40, "class":"0x1039f2be0", "imemo_type":"ment", "memsize":48, "flags":{"wb_protected":true}}
{"address":"0x10199d408", "type":"IMEMO", "slot_size":40, "class":"0x1039f2be0", "imemo_type":"ment", "memsize":48, "flags":{"wb_protected":true}}
{"address":"0x10199d430", "type":"IMEMO", "slot_size":40, "class":"0x1039f2be0", "imemo_type":"ment", "memsize":48, "flags":{"wb_protected":true}}
{"address":"0x10199d458", "type":"IMEMO", "slot_size":40, "class":"0x1039f2be0", "imemo_type":"ment", "memsize":48, "flags":{"wb_protected":true}}
{"address":"0x10199d480", "type":"STRING", "slot_size":40, "class":"0x1039feda0", "frozen":true, "embedded":true, "fstring":true, "bytesize":6, "value":"string", "encoding":"US-ASCII", "memsize":40, "flags":{"wb_protected":true}}
{"address":"0x10199d4a8", "type":"IMEMO", "slot_size":40, "class":"0x1039f2be0", "imemo_type":"ment", "memsize":48, "flags":{"wb_protected":true}}
{"address":"0x10199d4d0", "type":"IMEMO", "slot_size":40, "class":"0x1039f2be0", "imemo_type":"ment", "memsize":48, "flags":{"wb_protected":true}}
{"address":"0x10199d4f8", "type":"IMEMO", "slot_size":40, "class":"0x1039f2be0", "imemo_type":"ment", "memsize":48, "flags":{"wb_protected":true}}
{"address":"0x10199d520", "type":"STRING", "slot_size":40, "class":"0x1039feda0", "frozen":true, "embedded":true, "fstring":true, "bytesize":10, "value":"post_match", "encoding":"US-ASCII", "memsize":40, "flags":{"wb_protected":true}}
{"address":"0x10199d548", "type":"IMEMO", "slot_size":40, "class":"0x1039f2be0", "imemo_type":"ment", "memsize":48, "flags":{"wb_protected":true}}
{"address":"0x10199d570", "type":"STRING", "slot_size":40, "class":"0x1039feda0", "frozen":true, "embedded":true, "fstring":true, "bytesize":9, "value":"pre_match", "encoding":"US-ASCII", "memsize":40, "flags":{"wb_protected":true}}
{"address":"0x10199d598", "type":"IMEMO", "slot_size":40, "class":"0x1039f2be0", "imemo_type":"ment", "memsize":48, "flags":{"wb_protected":true}}
{"address":"0x10199d5c0", "type":"IMEMO", "slot_size":40, "class":"0x1039f2be0", "imemo_type":"ment", "memsize":48, "flags":{"wb_protected":true}}
{"address":"0x10199d5e8", "type":"IMEMO", "slot_size":40, "class":"0x1039f2be0", "imemo_type":"ment", "memsize":48, "flags":{"wb_protected":true}}
{"address":"0x10199d610", "type":"STRING", "slot_size":40, "class":"0x1039feda0", "frozen":true, "embedded":true, "fstring":true, "bytesize":8, "value":"captures", "encoding":"US-ASCII", "memsize":40, "flags":{"wb_protected":true}}
{"address":"0x10199d638", "type":"IMEMO", "slot_size":40, "class":"0x1039f2be0", "imemo_type":"ment", "memsize":48, "flags":{"wb_protected":true}}
{"address":"0x10199d660", "type":"IMEMO", "slot_size":40, "class":"0x1039f2be0", "imemo_type":"ment", "memsize":48, "flags":{"wb_protected":true}}
{"address":"0x10199d688", "type":"IMEMO", "slot_size":40, "class":"0x1039f2be0", "imemo_type":"ment", "memsize":48, "flags":{"wb_protected":true}}
{"address":"0x10199d6b0", "type":"STRING", "slot_size":40, "class":"0x1039feda0", "frozen":true, "embedded":true, "fstring":true, "bytesize":12, "value":"match_length", "encoding":"US-ASCII", "memsize":40, "flags":{"wb_protected":true}}
{"address":"0x10199d6d8", "type":"IMEMO", "slot_size":40, "class":"0x1039f2be0", "imemo_type":"ment", "memsize":48, "flags":{"wb_protected":true}}
{"address":"0x10199d700", "type":"IMEMO", "slot_size":40, "class":"0x1039f2be0", "imemo_type":"ment", "memsize":48, "flags":{"wb_protected":true}}
{"address":"0x10199d728", "type":"STRING", "slot_size":40, "class":"0x1039feda0", "frozen":true, "embedded":true, "fstring":true, "bytesize":3, "value":"end", "encoding":"US-ASCII", "memsize":40, "flags":{"wb_protected":true}}
{"address":"0x10199d750", "type":"IMEMO", "slot_size":40, "class":"0x1039f2be0", "imemo_type":"ment", "memsize":48, "flags":{"wb_protected":true}}
{"address":"0x10199d778", "type":"STRING", "slot_size":40, "class":"0x1039feda0", "frozen":true, "embedded":true, "fstring":true, "bytesize":5, "value":"begin", "encoding":"US-ASCII", "memsize":40, "flags":{"wb_protected":true}}
{"address":"0x10199d7a0", "type":"IMEMO", "slot_size":40, "class":"0x1039f2be0", "imemo_type":"ment", "memsize":48, "flags":{"wb_protected":true}}
{"address":"0x10199d7c8", "type":"STRING", "slot_size":40, "class":"0x1039feda0", "frozen":true, "embedded":true, "fstring":true, "bytesize":6, "value":"offset", "encoding":"US-ASCII", "memsize":40, "flags":{"wb_protected":true}}
{"address":"0x10199d7f0", "type":"IMEMO", "slot_size":40, "class":"0x1039f2be0", "imemo_type":"ment", "memsize":48, "flags":{"wb_protected":true}}
{"address":"0x10199d818", "type":"IMEMO", "slot_size":40, "class":"0x1039f2be0", "imemo_type":"ment", "memsize":48, "flags":{"wb_protected":true}}
{"address":"0x10199d840", "type":"IMEMO", "slot_size":40, "class":"0x1039f2be0", "imemo_type":"ment", "memsize":48, "flags":{"wb_protected":true}}
{"address":"0x10199d868", "type":"IMEMO", "slot_size":40, "class":"0x1039f2be0", "imemo_type":"ment", "memsize":48, "flags":{"wb_protected":true}}
{"address":"0x10199d890", "type":"STRING", "slot_size":40, "class":"0x1039feda0", "frozen":true, "embedded":true, "fstring":true, "bytesize":6, "value":"regexp", "encoding":"US-ASCII", "memsize":40, "flags":{"wb_protected":true}}
{"address":"0x10199d8b8", "type":"IMEMO", "slot_size":40, "class":"0x1039f2be0", "imemo_type":"ment", "memsize":48, "flags":{"wb_protected":true}}
{"address":"0x10199d8e0", "type":"IMEMO", "slot_size":40, "class":"0x1039f2b40", "imemo_type":"ment", "memsize":48, "flags":{"wb_protected":true}}
{"address":"0x10199d908", "type":"IMEMO", "slot_size":40, "class":"0x1039f2b40", "imemo_type":"ment", "memsize":48, "flags":{"wb_protected":true}}
{"address":"0x10199d930", "type":"STRING", "slot_size":40, "class":"0x1039feda0", "frozen":true, "embedded":true, "fstring":true, "bytesize":9, "value":"MatchData", "encoding":"US-ASCII", "memsize":40, "flags":{"wb_protected":true}}
{"address":"0x10199d958", "type":"STRING", "slot_size":40, "class":"0x1039feda0", "frozen":true, "embedded":true, "fstring":true, "bytesize":10, "value":"NOENCODING", "encoding":"US-ASCII", "memsize":40, "flags":{"wb_protected":true}}
{"address":"0x10199d980", "type":"STRING", "slot_size":40, "class":"0x1039feda0", "frozen":true, "embedded":true, "fstring":true, "bytesize":13, "value":"FIXEDENCODING", "encoding":"US-ASCII", "memsize":40, "flags":{"wb_protected":true}}
{"address":"0x10199d9a8", "type":"STRING", "slot_size":40, "class":"0x1039feda0", "frozen":true, "embedded":true, "fstring":true, "bytesize":9, "value":"MULTILINE", "encoding":"US-ASCII", "memsize":40, "flags":{"wb_protected":true}}
{"address":"0x10199d9d0", "type":"STRING", "slot_size":40, "class":"0x1039feda0", "frozen":true, "embedded":true, "fstring":true, "bytesize":8, "value":"EXTENDED", "encoding":"US-ASCII", "memsize":40, "flags":{"wb_protected":true}}
{"address":"0x10199d9f8", "type":"STRING", "slot_size":40, "class":"0x1039feda0", "frozen":true, "embedded":true, "fstring":true, "bytesize":10, "value":"IGNORECASE", "encoding":"US-ASCII", "memsize":40, "flags":{"wb_protected":true}}
{"address":"0x10199da20", "type":"IMEMO", "slot_size":40, "class":"0x1039f2d20", "imemo_type":"ment", "memsize":48, "flags":{"wb_protected":true}}
{"address":"0x10199da48", "type":"STRING", "slot_size":40, "class":"0x1039feda0", "frozen":true, "embedded":true, "fstring":true, "bytesize":14, "value":"named_captures", "encoding":"US-ASCII", "memsize":40, "flags":{"wb_protected":true}}
{"address":"0x10199da70", "type":"IMEMO", "slot_size":40, "class":"0x1039f2d20", "imemo_type":"ment", "memsize":48, "flags":{"wb_protected":true}}
{"address":"0x10199da98", "type":"IMEMO", "slot_size":40, "class":"0x1039f2d20", "imemo_type":"ment", "memsize":48, "flags":{"wb_protected":true}}
{"address":"0x10199dac0", "type":"STRING", "slot_size":40, "class":"0x1039feda0", "frozen":true, "embedded":true, "fstring":true, "bytesize":15, "value":"fixed_encoding?", "encoding":"US-ASCII", "memsize":40, "flags":{"wb_protected":true}}
{"address":"0x10199dae8", "type":"IMEMO", "slot_size":40, "class":"0x1039f2d20", "imemo_type":"ment", "memsize":48, "flags":{"wb_protected":true}}
{"address":"0x10199db10", "type":"IMEMO", "slot_size":40, "class":"0x1039f2d20", "imemo_type":"ment", "memsize":48, "flags":{"wb_protected":true}}
{"address":"0x10199db38", "type":"STRING", "slot_size":40, "class":"0x1039feda0", "frozen":true, "embedded":true, "fstring":true, "bytesize":7, "value":"options", "encoding":"US-ASCII", "memsize":40, "flags":{"wb_protected":true}}
{"address":"0x10199db60", "type":"IMEMO", "slot_size":40, "class":"0x1039f2d20", "imemo_type":"ment", "memsize":48, "flags":{"wb_protected":true}}
{"address":"0x10199db88", "type":"STRING", "slot_size":40, "class":"0x1039feda0", "frozen":true, "embedded":true, "fstring":true, "bytesize":9, "value":"casefold?", "encoding":"US-ASCII", "memsize":40, "flags":{"wb_protected":true}}
{"address":"0x10199dbb0", "type":"IMEMO", "slot_size":40, "class":"0x1039f2d20", "imemo_type":"ment", "memsize":48, "flags":{"wb_protected":true}}
{"address":"0x10199dbd8", "type":"STRING", "slot_size":40, "class":"0x1039feda0", "frozen":true, "embedded":true, "fstring":true, "bytesize":6, "value":"source", "encoding":"US-ASCII", "memsize":40, "flags":{"wb_protected":true}}
{"address":"0x10199dc00", "type":"IMEMO", "slot_size":40, "class":"0x1039f2d20", "imemo_type":"ment", "memsize":48, "flags":{"wb_protected":true}}
{"address":"0x10199dc28", "type":"IMEMO", "slot_size":40, "class":"0x1039f2d20", "imemo_type":"ment", "memsize":48, "flags":{"wb_protected":true}}
{"address":"0x10199dc50", "type":"IMEMO", "slot_size":40, "class":"0x1039f2d20", "imemo_type":"ment", "memsize":48, "flags":{"wb_protected":true}}
{"address":"0x10199dc78", "type":"IMEMO", "slot_size":40, "class":"0x1039f2d20", "imemo_type":"ment", "memsize":48, "flags":{"wb_protected":true}}
{"address":"0x10199dca0", "type":"IMEMO", "slot_size":40, "class":"0x1039f2d20", "imemo_type":"ment", "memsize":48, "flags":{"wb_protected":true}}
{"address":"0x10199dcc8", "type":"IMEMO", "slot_size":40, "class":"0x1039f2d20", "imemo_type":"ment", "memsize":48, "flags":{"wb_protected":true}}
{"address":"0x10199dcf0", "type":"IMEMO", "slot_size":40, "class":"0x1039f2d20", "imemo_type":"ment", "memsize":48, "flags":{"wb_protected":true}}
{"address":"0x10199dd18", "type":"IMEMO", "slot_size":40, "class":"0x1039f2d20", "imemo_type":"ment", "memsize":48, "flags":{"wb_protected":true}}
{"address":"0x10199dd40", "type":"IMEMO", "slot_size":40, "class":"0x1039f2d20", "imemo_type":"ment", "memsize":48, "flags":{"wb_protected":true}}
{"address":"0x10199dd68", "type":"IMEMO", "slot_size":40, "class":"0x1039f2d20", "imemo_type":"ment", "memsize":48, "flags":{"wb_protected":true}}
{"address":"0x10199dd90", "type":"IMEMO", "slot_size":40, "class":"0x1039f2d20", "imemo_type":"ment", "memsize":48, "flags":{"wb_protected":true}}
{"address":"0x10199ddb8", "type":"IMEMO", "slot_size":40, "class":"0x1039f2d20", "imemo_type":"ment", "memsize":48, "flags":{"wb_protected":true}}
{"address":"0x10199dde0", "type":"IMEMO", "slot_size":40, "class":"0x1039f2c80", "imemo_type":"ment", "memsize":48, "flags":{"wb_protected":true}}
{"address":"0x10199de08", "type":"IMEMO", "slot_size":40, "class":"0x1039f2c80", "imemo_type":"ment", "memsize":48, "flags":{"wb_protected":true}}
{"address":"0x10199de30", "type":"STRING", "slot_size":40, "class":"0x1039feda0", "frozen":true, "embedded":true, "fstring":true, "bytesize":10, "value":"last_match", "encoding":"US-ASCII", "memsize":40, "flags":{"wb_protected":true}}
{"address":"0x10199de58", "type":"IMEMO", "slot_size":40, "class":"0x1039f2c80", "imemo_type":"ment", "memsize":48, "flags":{"wb_protected":true}}
{"address":"0x10199de80", "type":"IMEMO", "slot_size":40, "class":"0x1039f2c80", "imemo_type":"ment", "memsize":48, "flags":{"wb_protected":true}}
{"address":"0x10199dea8", "type":"STRING", "slot_size":40, "class":"0x1039feda0", "frozen":true, "embedded":true, "fstring":true, "bytesize":6, "value":"escape", "encoding":"US-ASCII", "memsize":40, "flags":{"wb_protected":true}}
{"address":"0x10199ded0", "type":"IMEMO", "slot_size":40, "class":"0x1039f2c80", "imemo_type":"ment", "memsize":48, "flags":{"wb_protected":true}}
{"address":"0x10199def8", "type":"STRING", "slot_size":40, "class":"0x1039feda0", "frozen":true, "embedded":true, "fstring":true, "bytesize":5, "value":"quote", "encoding":"US-ASCII", "memsize":40, "flags":{"wb_protected":true}}
{"address":"0x10199df20", "type":"IMEMO", "slot_size":40, "class":"0x1039f2c80", "imemo_type":"ment", "memsize":48, "flags":{"wb_protected":true}}
{"address":"0x10199df48", "type":"STRING", "slot_size":40, "class":"0x1039feda0", "frozen":true, "embedded":true, "fstring":true, "bytesize":7, "value":"compile", "encoding":"US-ASCII", "memsize":40, "flags":{"wb_protected":true}}
{"address":"0x10199df70", "type":"STRING", "slot_size":40, "class":"0x1039feda0", "frozen":true, "embedded":true, "fstring":true, "bytesize":6, "value":"Regexp", "encoding":"US-ASCII", "memsize":40, "flags":{"wb_protected":true}}
{"address":"0x10199df98", "type":"STRING", "slot_size":40, "class":"0x1039feda0", "frozen":true, "embedded":true, "fstring":true, "bytesize":2, "value":"$=", "encoding":"US-ASCII", "memsize":40, "flags":{"wb_protected":true}}
{"address":"0x10199dfc0", "type":"STRING", "slot_size":40, "class":"0x1039feda0", "frozen":true, "embedded":true, "fstring":true, "bytesize":2, "value":"$+", "encoding":"US-ASCII", "memsize":40, "flags":{"wb_protected":true}}
{"address":"0x10199dfe8", "type":"STRING", "slot_size":40, "class":"0x1039feda0", "frozen":true, "embedded":true, "fstring":true, "bytesize":2, "value":"$'", "encoding":"US-ASCII", "memsize":40, "flags":{"wb_protected":true}}
{"address":"0x10199e010", "type":"STRING", "slot_size":40, "class":"0x1039feda0", "frozen":true, "embedded":true, "fstring":true, "bytesize":2, "value":"$`", "encoding":"US-ASCII", "memsize":40, "flags":{"wb_protected":true}}
{"address":"0x10199e038", "type":"STRING", "slot_size":40, "class":"0x1039feda0", "frozen":true, "embedded":true, "fstring":true, "bytesize":2, "value":"$&", "encoding":"US-ASCII", "memsize":40, "flags":{"wb_protected":true}}
{"address":"0x10199e060", "type":"STRING", "slot_size":40, "class":"0x1039feda0", "frozen":true, "embedded":true, "fstring":true, "bytesize":11, "value":"RegexpError", "encoding":"US-ASCII", "memsize":40, "flags":{"wb_protected":true}}
{"address":"0x10199e088", "type":"IMEMO", "slot_size":40, "class":"0x1039f3040", "imemo_type":"ment", "memsize":48, "flags":{"wb_protected":true}}
{"address":"0x10199e0b0", "type":"IMEMO", "slot_size":40, "class":"0x1039f3040", "imemo_type":"ment", "memsize":48, "flags":{"wb_protected":true}}
{"address":"0x10199e0d8", "type":"IMEMO", "slot_size":40, "class":"0x1039f3040", "imemo_type":"ment", "memsize":48, "flags":{"wb_protected":true}}
{"address":"0x10199e100", "type":"IMEMO", "slot_size":40, "class":"0x1039f3040", "imemo_type":"ment", "memsize":48, "flags":{"wb_protected":true}}
{"address":"0x10199e128", "type":"STRING", "slot_size":40, "class":"0x1039feda0", "frozen":true, "embedded":true, "fstring":true, "bytesize":7, "value":"members", "encoding":"US-ASCII", "memsize":40, "flags":{"wb_protected":true}}
{"address":"0x10199e150", "type":"IMEMO", "slot_size":40, "class":"0x1039f3040", "imemo_type":"ment", "memsize":48, "flags":{"wb_protected":true}}
{"address":"0x10199e178", "type":"IMEMO", "slot_size":40, "class":"0x1039f3040", "imemo_type":"ment", "memsize":48, "flags":{"wb_protected":true}}
{"address":"0x10199e1a0", "type":"IMEMO", "slot_size":40, "class":"0x1039f3040", "imemo_type":"ment", "memsize":48, "flags":{"wb_protected":true}}
{"address":"0x10199e1c8", "type":"IMEMO", "slot_size":40, "class":"0x1039f3040", "imemo_type":"ment", "memsize":48, "flags":{"wb_protected":true}}
{"address":"0x10199e1f0", "type":"IMEMO", "slot_size":40, "class":"0x1039f3040", "imemo_type":"ment", "memsize":48, "flags":{"wb_protected":true}}
{"address":"0x10199e218", "type":"IMEMO", "slot_size":40, "class":"0x1039f3040", "imemo_type":"ment", "memsize":48, "flags":{"wb_protected":true}}
{"address":"0x10199e240", "type":"IMEMO", "slot_size":40, "class":"0x1039f3040", "imemo_type":"ment", "memsize":48, "flags":{"wb_protected":true}}
{"address":"0x10199e268", "type":"IMEMO", "slot_size":40, "class":"0x1039f3040", "imemo_type":"ment", "memsize":48, "flags":{"wb_protected":true}}
{"address":"0x10199e290", "type":"IMEMO", "slot_size":40, "class":"0x1039f3040", "imemo_type":"ment", "memsize":48, "flags":{"wb_protected":true}}
{"address":"0x10199e2b8", "type":"IMEMO", "slot_size":40, "class":"0x1039f3040", "imemo_type":"ment", "memsize":48, "flags":{"wb_protected":true}}
{"address":"0x10199e2e0", "type":"IMEMO", "slot_size":40, "class":"0x1039f3040", "imemo_type":"ment", "memsize":48, "flags":{"wb_protected":true}}
{"address":"0x10199e308", "type":"IMEMO", "slot_size":40, "class":"0x1039f3040", "imemo_type":"ment", "memsize":48, "flags":{"wb_protected":true}}
{"address":"0x10199e330", "type":"IMEMO", "slot_size":40, "class":"0x1039f3040", "imemo_type":"ment", "memsize":48, "flags":{"wb_protected":true}}
{"address":"0x10199e358", "type":"IMEMO", "slot_size":40, "class":"0x1039f3040", "imemo_type":"ment", "memsize":48, "flags":{"wb_protected":true}}
{"address":"0x10199e380", "type":"IMEMO", "slot_size":40, "class":"0x1039f3040", "imemo_type":"ment", "memsize":48, "flags":{"wb_protected":true}}
{"address":"0x10199e3a8", "type":"IMEMO", "slot_size":40, "class":"0x1039f3040", "imemo_type":"ment", "memsize":48, "flags":{"wb_protected":true}}
{"address":"0x10199e3d0", "type":"IMEMO", "slot_size":40, "class":"0x1039f3040", "imemo_type":"ment", "memsize":48, "flags":{"wb_protected":true}}
{"address":"0x10199e3f8", "type":"IMEMO", "slot_size":40, "class":"0x1039f3040", "imemo_type":"ment", "memsize":48, "flags":{"wb_protected":true}}
{"address":"0x10199e420", "type":"IMEMO", "slot_size":40, "class":"0x1039f3040", "imemo_type":"ment", "memsize":48, "flags":{"wb_protected":true}}
{"address":"0x10199e448", "type":"IMEMO", "slot_size":40, "class":"0x1039f2fa0", "imemo_type":"ment", "memsize":48, "flags":{"wb_protected":true}}
{"address":"0x10199e470", "type":"STRING", "slot_size":40, "class":"0x1039feda0", "frozen":true, "embedded":true, "fstring":true, "bytesize":6, "value":"Struct", "encoding":"US-ASCII", "memsize":40, "flags":{"wb_protected":true}}
{"address":"0x10199e498", "type":"STRING", "slot_size":40, "class":"0x1039feda0", "frozen":true, "embedded":true, "fstring":true, "bytesize":11, "value":"__members__", "encoding":"US-ASCII", "memsize":40, "flags":{"wb_protected":true}}
{"address":"0x10199e4c0", "type":"STRING", "slot_size":40, "class":"0x1039feda0", "frozen":true, "embedded":true, "fstring":true, "bytesize":3, "value":"ENV", "encoding":"US-ASCII", "memsize":40, "flags":{"wb_protected":true}}
{"address":"0x10199e4e8", "type":"IMEMO", "slot_size":40, "class":"0x1039f3180", "imemo_type":"ment", "memsize":48, "flags":{"wb_protected":true}}
{"address":"0x10199e510", "type":"IMEMO", "slot_size":40, "class":"0x1039f3180", "imemo_type":"ment", "memsize":48, "flags":{"wb_protected":true}}
{"address":"0x10199e538", "type":"IMEMO", "slot_size":40, "class":"0x1039f3180", "imemo_type":"ment", "memsize":48, "flags":{"wb_protected":true}}
{"address":"0x10199e560", "type":"IMEMO", "slot_size":40, "class":"0x1039f3180", "imemo_type":"ment", "memsize":48, "flags":{"wb_protected":true}}
{"address":"0x10199e588", "type":"IMEMO", "slot_size":40, "class":"0x1039f3180", "imemo_type":"ment", "memsize":48, "flags":{"wb_protected":true}}
{"address":"0x10199e5b0", "type":"IMEMO", "slot_size":40, "class":"0x1039f3180", "imemo_type":"ment", "memsize":48, "flags":{"wb_protected":true}}
{"address":"0x10199e5d8", "type":"IMEMO", "slot_size":40, "class":"0x1039f3180", "imemo_type":"ment", "memsize":48, "flags":{"wb_protected":true}}
{"address":"0x10199e600", "type":"IMEMO", "slot_size":40, "class":"0x1039f3180", "imemo_type":"ment", "memsize":48, "flags":{"wb_protected":true}}
{"address":"0x10199e628", "type":"IMEMO", "slot_size":40, "class":"0x1039f3180", "imemo_type":"ment", "memsize":48, "flags":{"wb_protected":true}}
{"address":"0x10199e650", "type":"IMEMO", "slot_size":40, "class":"0x1039f3180", "imemo_type":"ment", "memsize":48, "flags":{"wb_protected":true}}
{"address":"0x10199e678", "type":"IMEMO", "slot_size":40, "class":"0x1039f3180", "imemo_type":"ment", "memsize":48, "flags":{"wb_protected":true}}
{"address":"0x10199e6a0", "type":"IMEMO", "slot_size":40, "class":"0x1039f3180", "imemo_type":"ment", "memsize":48, "flags":{"wb_protected":true}}
{"address":"0x10199e6c8", "type":"IMEMO", "slot_size":40, "class":"0x1039f3180", "imemo_type":"ment", "memsize":48, "flags":{"wb_protected":true}}
{"address":"0x10199e6f0", "type":"IMEMO", "slot_size":40, "class":"0x1039f3180", "imemo_type":"ment", "memsize":48, "flags":{"wb_protected":true}}
{"address":"0x10199e718", "type":"IMEMO", "slot_size":40, "class":"0x1039f3180", "imemo_type":"ment", "memsize":48, "flags":{"wb_protected":true}}
{"address":"0x10199e740", "type":"IMEMO", "slot_size":40, "class":"0x1039f3180", "imemo_type":"ment", "memsize":48, "flags":{"wb_protected":true}}
{"address":"0x10199e768", "type":"IMEMO", "slot_size":40, "class":"0x1039f3180", "imemo_type":"ment", "memsize":48, "flags":{"wb_protected":true}}
{"address":"0x10199e790", "type":"IMEMO", "slot_size":40, "class":"0x1039f3180", "imemo_type":"ment", "memsize":48, "flags":{"wb_protected":true}}
{"address":"0x10199e7b8", "type":"IMEMO", "slot_size":40, "class":"0x1039f3180", "imemo_type":"ment", "memsize":48, "flags":{"wb_protected":true}}
{"address":"0x10199e7e0", "type":"IMEMO", "slot_size":40, "class":"0x1039f3180", "imemo_type":"ment", "memsize":48, "flags":{"wb_protected":true}}
{"address":"0x10199e808", "type":"IMEMO", "slot_size":40, "class":"0x1039f3180", "imemo_type":"ment", "memsize":48, "flags":{"wb_protected":true}}
{"address":"0x10199e830", "type":"IMEMO", "slot_size":40, "class":"0x1039f3180", "imemo_type":"ment", "memsize":48, "flags":{"wb_protected":true}}
{"address":"0x10199e858", "type":"IMEMO", "slot_size":40, "class":"0x1039f3180", "imemo_type":"ment", "memsize":48, "flags":{"wb_protected":true}}
{"address":"0x10199e880", "type":"IMEMO", "slot_size":40, "class":"0x1039f3180", "imemo_type":"ment", "memsize":48, "flags":{"wb_protected":true}}
{"address":"0x10199e8a8", "type":"IMEMO", "slot_size":40, "class":"0x1039f3180", "imemo_type":"ment", "memsize":48, "flags":{"wb_protected":true}}
{"address":"0x10199e8d0", "type":"IMEMO", "slot_size":40, "class":"0x1039f3180", "imemo_type":"ment", "memsize":48, "flags":{"wb_protected":true}}
{"address":"0x10199e8f8", "type":"IMEMO", "slot_size":40, "class":"0x1039f3180", "imemo_type":"ment", "memsize":48, "flags":{"wb_protected":true}}
{"address":"0x10199e920", "type":"IMEMO", "slot_size":40, "class":"0x1039f3180", "imemo_type":"ment", "memsize":48, "flags":{"wb_protected":true}}
{"address":"0x10199e948", "type":"IMEMO", "slot_size":40, "class":"0x1039f3180", "imemo_type":"ment", "memsize":48, "flags":{"wb_protected":true}}
{"address":"0x10199e970", "type":"IMEMO", "slot_size":40, "class":"0x1039f3180", "imemo_type":"ment", "memsize":48, "flags":{"wb_protected":true}}
{"address":"0x10199e998", "type":"IMEMO", "slot_size":40, "class":"0x1039f3180", "imemo_type":"ment", "memsize":48, "flags":{"wb_protected":true}}
{"address":"0x10199e9c0", "type":"IMEMO", "slot_size":40, "class":"0x1039f3180", "imemo_type":"ment", "memsize":48, "flags":{"wb_protected":true}}
{"address":"0x10199e9e8", "type":"IMEMO", "slot_size":40, "class":"0x1039f3180", "imemo_type":"ment", "memsize":48, "flags":{"wb_protected":true}}
{"address":"0x10199ea10", "type":"IMEMO", "slot_size":40, "class":"0x1039f3180", "imemo_type":"ment", "memsize":48, "flags":{"wb_protected":true}}
{"address":"0x10199ea38", "type":"IMEMO", "slot_size":40, "class":"0x1039f3180", "imemo_type":"ment", "memsize":48, "flags":{"wb_protected":true}}
{"address":"0x10199ea60", "type":"IMEMO", "slot_size":40, "class":"0x1039f3180", "imemo_type":"ment", "memsize":48, "flags":{"wb_protected":true}}
{"address":"0x10199ea88", "type":"IMEMO", "slot_size":40, "class":"0x1039f3180", "imemo_type":"ment", "memsize":48, "flags":{"wb_protected":true}}
{"address":"0x10199eab0", "type":"IMEMO", "slot_size":40, "class":"0x1039f3180", "imemo_type":"ment", "memsize":48, "flags":{"wb_protected":true}}
{"address":"0x10199ead8", "type":"IMEMO", "slot_size":40, "class":"0x1039f3180", "imemo_type":"ment", "memsize":48, "flags":{"wb_protected":true}}
{"address":"0x10199eb00", "type":"IMEMO", "slot_size":40, "class":"0x1039f3180", "imemo_type":"ment", "memsize":48, "flags":{"wb_protected":true}}
{"address":"0x10199eb28", "type":"IMEMO", "slot_size":40, "class":"0x1039f3180", "imemo_type":"ment", "memsize":48, "flags":{"wb_protected":true}}
{"address":"0x10199eb50", "type":"IMEMO", "slot_size":40, "class":"0x1039f3180", "imemo_type":"ment", "memsize":48, "flags":{"wb_protected":true}}
{"address":"0x10199eb78", "type":"IMEMO", "slot_size":40, "class":"0x1039f3180", "imemo_type":"ment", "memsize":48, "flags":{"wb_protected":true}}
{"address":"0x10199eba0", "type":"IMEMO", "slot_size":40, "class":"0x1039f3180", "imemo_type":"ment", "memsize":48, "flags":{"wb_protected":true}}
{"address":"0x10199ebc8", "type":"IMEMO", "slot_size":40, "class":"0x1039f3180", "imemo_type":"ment", "memsize":48, "flags":{"wb_protected":true}}
{"address":"0x10199ebf0", "type":"IMEMO", "slot_size":40, "class":"0x1039f3180", "imemo_type":"ment", "memsize":48, "flags":{"wb_protected":true}}
{"address":"0x10199ec18", "type":"IMEMO", "slot_size":40, "class":"0x1039f3180", "imemo_type":"ment", "memsize":48, "flags":{"wb_protected":true}}
{"address":"0x10199ec40", "type":"IMEMO", "slot_size":40, "class":"0x1039f3180", "imemo_type":"ment", "memsize":48, "flags":{"wb_protected":true}}
{"address":"0x10199ec68", "type":"IMEMO", "slot_size":40, "class":"0x1039f3180", "imemo_type":"ment", "memsize":48, "flags":{"wb_protected":true}}
{"address":"0x10199ec90", "type":"IMEMO", "slot_size":40, "class":"0x1039f3180", "imemo_type":"ment", "memsize":48, "flags":{"wb_protected":true}}
{"address":"0x10199ecb8", "type":"IMEMO", "slot_size":40, "class":"0x1039f3180", "imemo_type":"ment", "memsize":48, "flags":{"wb_protected":true}}
{"address":"0x10199ece0", "type":"IMEMO", "slot_size":40, "class":"0x1039f3180", "imemo_type":"ment", "memsize":48, "flags":{"wb_protected":true}}
{"address":"0x10199ed08", "type":"IMEMO", "slot_size":40, "class":"0x1039f3180", "imemo_type":"ment", "memsize":48, "flags":{"wb_protected":true}}
{"address":"0x10199ed30", "type":"DATA", "slot_size":40, "class":"0x1039f3180", "struct":"ENV", "memsize":40, "flags":{"wb_protected":true}}
{"address":"0x10199ed58", "type":"IMEMO", "slot_size":40, "class":"0x1039f32c0", "imemo_type":"ment", "memsize":48, "flags":{"wb_protected":true}}
{"address":"0x10199ed80", "type":"IMEMO", "slot_size":40, "class":"0x1039f32c0", "imemo_type":"ment", "memsize":48, "flags":{"wb_protected":true}}
{"address":"0x10199eda8", "type":"IMEMO", "slot_size":40, "class":"0x1039f3360", "imemo_type":"ment", "memsize":48, "flags":{"wb_protected":true}}
{"address":"0x10199edd0", "type":"IMEMO", "slot_size":40, "class":"0x1039f3360", "imemo_type":"ment", "memsize":48, "flags":{"wb_protected":true}}
{"address":"0x10199edf8", "type":"IMEMO", "slot_size":40, "class":"0x1039f3360", "imemo_type":"ment", "memsize":48, "flags":{"wb_protected":true}}
{"address":"0x10199ee20", "type":"IMEMO", "slot_size":40, "class":"0x1039f3360", "imemo_type":"ment", "memsize":48, "flags":{"wb_protected":true}}
{"address":"0x10199ee48", "type":"IMEMO", "slot_size":40, "class":"0x1039f3360", "imemo_type":"ment", "memsize":48, "flags":{"wb_protected":true}}
{"address":"0x10199ee70", "type":"IMEMO", "slot_size":40, "class":"0x1039f3360", "imemo_type":"ment", "memsize":48, "flags":{"wb_protected":true}}
{"address":"0x10199ee98", "type":"IMEMO", "slot_size":40, "class":"0x1039f3360", "imemo_type":"ment", "memsize":48, "flags":{"wb_protected":true}}
{"address":"0x10199eec0", "type":"IMEMO", "slot_size":40, "class":"0x1039f3360", "imemo_type":"ment", "memsize":48, "flags":{"wb_protected":true}}
{"address":"0x10199eee8", "type":"IMEMO", "slot_size":40, "class":"0x1039f3360", "imemo_type":"ment", "memsize":48, "flags":{"wb_protected":true}}
{"address":"0x10199ef10", "type":"IMEMO", "slot_size":40, "class":"0x1039f3360", "imemo_type":"ment", "memsize":48, "flags":{"wb_protected":true}}
{"address":"0x10199ef38", "type":"STRING", "slot_size":40, "class":"0x1039feda0", "frozen":true, "embedded":true, "fstring":true, "bytesize":6, "value":"value?", "encoding":"US-ASCII", "memsize":40, "flags":{"wb_protected":true}}
{"address":"0x10199ef60", "type":"IMEMO", "slot_size":40, "class":"0x1039f3360", "imemo_type":"ment", "memsize":48, "flags":{"wb_protected":true}}
{"address":"0x10199ef88", "type":"STRING", "slot_size":40, "class":"0x1039feda0", "frozen":true, "embedded":true, "fstring":true, "bytesize":4, "value":"key?", "encoding":"US-ASCII", "memsize":40, "flags":{"wb_protected":true}}
{"address":"0x10199efb0", "type":"IMEMO", "slot_size":40, "class":"0x1039f3360", "imemo_type":"ment", "memsize":48, "flags":{"wb_protected":true}}
{"address":"0x10199efd8", "type":"STRING", "slot_size":40, "class":"0x1039feda0", "frozen":true, "embedded":true, "fstring":true, "bytesize":10, "value":"has_value?", "encoding":"US-ASCII", "memsize":40, "flags":{"wb_protected":true}}
{"address":"0x10199f000", "type":"IMEMO", "slot_size":40, "class":"0x1039f3360", "imemo_type":"ment", "memsize":48, "flags":{"wb_protected":true}}
{"address":"0x10199f028", "type":"STRING", "slot_size":40, "class":"0x1039feda0", "frozen":true, "embedded":true, "fstring":true, "bytesize":8, "value":"has_key?", "encoding":"US-ASCII", "memsize":40, "flags":{"wb_protected":true}}
{"address":"0x10199f050", "type":"IMEMO", "slot_size":40, "class":"0x1039f3360", "imemo_type":"ment", "memsize":48, "flags":{"wb_protected":true}}
{"address":"0x10199f078", "type":"IMEMO", "slot_size":40, "class":"0x1039f3360", "imemo_type":"ment", "memsize":48, "flags":{"wb_protected":true}}
{"address":"0x10199f0a0", "type":"IMEMO", "slot_size":40, "class":"0x1039f3360", "imemo_type":"ment", "memsize":48, "flags":{"wb_protected":true}}
{"address":"0x10199f0c8", "type":"IMEMO", "slot_size":40, "class":"0x1039f3360", "imemo_type":"ment", "memsize":48, "flags":{"wb_protected":true}}
{"address":"0x10199f0f0", "type":"IMEMO", "slot_size":40, "class":"0x1039f3360", "imemo_type":"ment", "memsize":48, "flags":{"wb_protected":true}}
{"address":"0x10199f118", "type":"IMEMO", "slot_size":40, "class":"0x1039f3360", "imemo_type":"ment", "memsize":48, "flags":{"wb_protected":true}}
{"address":"0x10199f140", "type":"IMEMO", "slot_size":40, "class":"0x1039f3360", "imemo_type":"ment", "memsize":48, "flags":{"wb_protected":true}}
{"address":"0x10199f168", "type":"IMEMO", "slot_size":40, "class":"0x1039f3360", "imemo_type":"ment", "memsize":48, "flags":{"wb_protected":true}}
{"address":"0x10199f190", "type":"STRING", "slot_size":40, "class":"0x1039feda0", "frozen":true, "embedded":true, "fstring":true, "bytesize":5, "value":"merge", "encoding":"US-ASCII", "memsize":40, "flags":{"wb_protected":true}}
{"address":"0x10199f1b8", "type":"IMEMO", "slot_size":40, "class":"0x1039f3360", "imemo_type":"ment", "memsize":48, "flags":{"wb_protected":true}}
{"address":"0x10199f1e0", "type":"STRING", "slot_size":40, "class":"0x1039feda0", "frozen":true, "embedded":true, "fstring":true, "bytesize":6, "value":"merge!", "encoding":"US-ASCII", "memsize":40, "flags":{"wb_protected":true}}
{"address":"0x10199f208", "type":"IMEMO", "slot_size":40, "class":"0x1039f3360", "imemo_type":"ment", "memsize":48, "flags":{"wb_protected":true}}
{"address":"0x10199f230", "type":"IMEMO", "slot_size":40, "class":"0x1039f3360", "imemo_type":"ment", "memsize":48, "flags":{"wb_protected":true}}
{"address":"0x10199f258", "type":"STRING", "slot_size":40, "class":"0x1039feda0", "frozen":true, "embedded":true, "fstring":true, "bytesize":6, "value":"update", "encoding":"US-ASCII", "memsize":40, "flags":{"wb_protected":true}}
{"address":"0x10199f280", "type":"IMEMO", "slot_size":40, "class":"0x1039f3360", "imemo_type":"ment", "memsize":48, "flags":{"wb_protected":true}}
{"address":"0x10199f2a8", "type":"STRING", "slot_size":40, "class":"0x1039feda0", "frozen":true, "embedded":true, "fstring":true, "bytesize":6, "value":"invert", "encoding":"US-ASCII", "memsize":40, "flags":{"wb_protected":true}}
{"address":"0x10199f2d0", "type":"IMEMO", "slot_size":40, "class":"0x1039f3360", "imemo_type":"ment", "memsize":48, "flags":{"wb_protected":true}}
{"address":"0x10199f2f8", "type":"IMEMO", "slot_size":40, "class":"0x1039f3360", "imemo_type":"ment", "memsize":48, "flags":{"wb_protected":true}}
{"address":"0x10199f320", "type":"STRING", "slot_size":40, "class":"0x1039feda0", "frozen":true, "embedded":true, "fstring":true, "bytesize":6, "value":"except", "encoding":"US-ASCII", "memsize":40, "flags":{"wb_protected":true}}
{"address":"0x10199f348", "type":"IMEMO", "slot_size":40, "class":"0x1039f3360", "imemo_type":"ment", "memsize":48, "flags":{"wb_protected":true}}
{"address":"0x10199f370", "type":"IMEMO", "slot_size":40, "class":"0x1039f3360", "imemo_type":"ment", "memsize":48, "flags":{"wb_protected":true}}
{"address":"0x10199f398", "type":"IMEMO", "slot_size":40, "class":"0x1039f3360", "imemo_type":"ment", "memsize":48, "flags":{"wb_protected":true}}
{"address":"0x10199f3c0", "type":"IMEMO", "slot_size":40, "class":"0x1039f3360", "imemo_type":"ment", "memsize":48, "flags":{"wb_protected":true}}
{"address":"0x10199f3e8", "type":"IMEMO", "slot_size":40, "class":"0x1039f3360", "imemo_type":"ment", "memsize":48, "flags":{"wb_protected":true}}
{"address":"0x10199f410", "type":"IMEMO", "slot_size":40, "class":"0x1039f3360", "imemo_type":"ment", "memsize":48, "flags":{"wb_protected":true}}
{"address":"0x10199f438", "type":"IMEMO", "slot_size":40, "class":"0x1039f3360", "imemo_type":"ment", "memsize":48, "flags":{"wb_protected":true}}
{"address":"0x10199f460", "type":"IMEMO", "slot_size":40, "class":"0x1039f3360", "imemo_type":"ment", "memsize":48, "flags":{"wb_protected":true}}
{"address":"0x10199f488", "type":"IMEMO", "slot_size":40, "class":"0x1039f3360", "imemo_type":"ment", "memsize":48, "flags":{"wb_protected":true}}
{"address":"0x10199f4b0", "type":"IMEMO", "slot_size":40, "class":"0x1039f3360", "imemo_type":"ment", "memsize":48, "flags":{"wb_protected":true}}
{"address":"0x10199f4d8", "type":"IMEMO", "slot_size":40, "class":"0x1039f3360", "imemo_type":"ment", "memsize":48, "flags":{"wb_protected":true}}
{"address":"0x10199f500", "type":"IMEMO", "slot_size":40, "class":"0x1039f3360", "imemo_type":"ment", "memsize":48, "flags":{"wb_protected":true}}
{"address":"0x10199f528", "type":"STRING", "slot_size":40, "class":"0x1039feda0", "frozen":true, "embedded":true, "fstring":true, "bytesize":12, "value":"fetch_values", "encoding":"US-ASCII", "memsize":40, "flags":{"wb_protected":true}}
{"address":"0x10199f550", "type":"IMEMO", "slot_size":40, "class":"0x1039f3360", "imemo_type":"ment", "memsize":48, "flags":{"wb_protected":true}}
{"address":"0x10199f578", "type":"IMEMO", "slot_size":40, "class":"0x1039f3360", "imemo_type":"ment", "memsize":48, "flags":{"wb_protected":true}}
{"address":"0x10199f5a0", "type":"STRING", "slot_size":40, "class":"0x1039feda0", "frozen":true, "embedded":true, "fstring":true, "bytesize":6, "value":"values", "encoding":"US-ASCII", "memsize":40, "flags":{"wb_protected":true}}
{"address":"0x10199f5c8", "type":"IMEMO", "slot_size":40, "class":"0x1039f3360", "imemo_type":"ment", "memsize":48, "flags":{"wb_protected":true}}
{"address":"0x10199f5f0", "type":"STRING", "slot_size":40, "class":"0x1039feda0", "frozen":true, "embedded":true, "fstring":true, "bytesize":4, "value":"keys", "encoding":"US-ASCII", "memsize":40, "flags":{"wb_protected":true}}
{"address":"0x10199f618", "type":"IMEMO", "slot_size":40, "class":"0x1039f3360", "imemo_type":"ment", "memsize":48, "flags":{"wb_protected":true}}
{"address":"0x10199f640", "type":"IMEMO", "slot_size":40, "class":"0x1039f3360", "imemo_type":"ment", "memsize":48, "flags":{"wb_protected":true}}
{"address":"0x10199f668", "type":"IMEMO", "slot_size":40, "class":"0x1039f3360", "imemo_type":"ment", "memsize":48, "flags":{"wb_protected":true}}
{"address":"0x10199f690", "type":"STRING", "slot_size":40, "class":"0x1039feda0", "frozen":true, "embedded":true, "fstring":true, "bytesize":15, "value":"transform_keys!", "encoding":"US-ASCII", "memsize":40, "flags":{"wb_protected":true}}
{"address":"0x10199f6b8", "type":"IMEMO", "slot_size":40, "class":"0x1039f3360", "imemo_type":"ment", "memsize":48, "flags":{"wb_protected":true}}
{"address":"0x10199f6e0", "type":"STRING", "slot_size":40, "class":"0x1039feda0", "frozen":true, "embedded":true, "fstring":true, "bytesize":14, "value":"transform_keys", "encoding":"US-ASCII", "memsize":40, "flags":{"wb_protected":true}}
{"address":"0x10199f708", "type":"IMEMO", "slot_size":40, "class":"0x1039f3360", "imemo_type":"ment", "memsize":48, "flags":{"wb_protected":true}}
{"address":"0x10199f730", "type":"IMEMO", "slot_size":40, "class":"0x1039f3360", "imemo_type":"ment", "memsize":48, "flags":{"wb_protected":true}}
{"address":"0x10199f758", "type":"STRING", "slot_size":40, "class":"0x1039feda0", "frozen":true, "embedded":true, "fstring":true, "bytesize":9, "value":"each_pair", "encoding":"US-ASCII", "memsize":40, "flags":{"wb_protected":true}}
{"address":"0x10199f780", "type":"IMEMO", "slot_size":40, "class":"0x1039f3360", "imemo_type":"ment", "memsize":48, "flags":{"wb_protected":true}}
{"address":"0x10199f7a8", "type":"STRING", "slot_size":40, "class":"0x1039feda0", "frozen":true, "embedded":true, "fstring":true, "bytesize":8, "value":"each_key", "encoding":"US-ASCII", "memsize":40, "flags":{"wb_protected":true}}
{"address":"0x10199f7d0", "type":"IMEMO", "slot_size":40, "class":"0x1039f3360", "imemo_type":"ment", "memsize":48, "flags":{"wb_protected":true}}
{"address":"0x10199f7f8", "type":"STRING", "slot_size":40, "class":"0x1039feda0", "frozen":true, "embedded":true, "fstring":true, "bytesize":10, "value":"each_value", "encoding":"US-ASCII", "memsize":40, "flags":{"wb_protected":true}}
{"address":"0x10199f820", "type":"IMEMO", "slot_size":40, "class":"0x1039f3360", "imemo_type":"ment", "memsize":48, "flags":{"wb_protected":true}}
{"address":"0x10199f848", "type":"IMEMO", "slot_size":40, "class":"0x1039f3360", "imemo_type":"ment", "memsize":48, "flags":{"wb_protected":true}}
{"address":"0x10199f870", "type":"IMEMO", "slot_size":40, "class":"0x1039f3360", "imemo_type":"ment", "memsize":48, "flags":{"wb_protected":true}}
{"address":"0x10199f898", "type":"IMEMO", "slot_size":40, "class":"0x1039f3360", "imemo_type":"ment", "memsize":48, "flags":{"wb_protected":true}}
{"address":"0x10199f8c0", "type":"IMEMO", "slot_size":40, "class":"0x1039f3360", "imemo_type":"ment", "memsize":48, "flags":{"wb_protected":true}}
{"address":"0x10199f8e8", "type":"STRING", "slot_size":40, "class":"0x1039feda0", "frozen":true, "embedded":true, "fstring":true, "bytesize":13, "value":"default_proc=", "encoding":"US-ASCII", "memsize":40, "flags":{"wb_protected":true}}
{"address":"0x10199f910", "type":"IMEMO", "slot_size":40, "class":"0x1039f3360", "imemo_type":"ment", "memsize":48, "flags":{"wb_protected":true}}
{"address":"0x10199f938", "type":"STRING", "slot_size":40, "class":"0x1039feda0", "frozen":true, "embedded":true, "fstring":true, "bytesize":12, "value":"default_proc", "encoding":"US-ASCII", "memsize":40, "flags":{"wb_protected":true}}
{"address":"0x10199f960", "type":"IMEMO", "slot_size":40, "class":"0x1039f3360", "imemo_type":"ment", "memsize":48, "flags":{"wb_protected":true}}
{"address":"0x10199f988", "type":"STRING", "slot_size":40, "class":"0x1039feda0", "frozen":true, "embedded":true, "fstring":true, "bytesize":8, "value":"default=", "encoding":"US-ASCII", "memsize":40, "flags":{"wb_protected":true}}
{"address":"0x10199f9b0", "type":"IMEMO", "slot_size":40, "class":"0x1039f3360", "imemo_type":"ment", "memsize":48, "flags":{"wb_protected":true}}
{"address":"0x10199f9d8", "type":"IMEMO", "slot_size":40, "class":"0x1039f3360", "imemo_type":"ment", "memsize":48, "flags":{"wb_protected":true}}
{"address":"0x10199fa00", "type":"STRING", "slot_size":40, "class":"0x1039feda0", "frozen":true, "embedded":true, "fstring":true, "bytesize":5, "value":"store", "encoding":"US-ASCII", "memsize":40, "flags":{"wb_protected":true}}
{"address":"0x10199fa28", "type":"IMEMO", "slot_size":40, "class":"0x1039f3360", "imemo_type":"ment", "memsize":48, "flags":{"wb_protected":true}}
{"address":"0x10199fa50", "type":"IMEMO", "slot_size":40, "class":"0x1039f3360", "imemo_type":"ment", "memsize":48, "flags":{"wb_protected":true}}
{"address":"0x10199fa78", "type":"IMEMO", "slot_size":40, "class":"0x1039f3360", "imemo_type":"ment", "memsize":48, "flags":{"wb_protected":true}}
{"address":"0x10199faa0", "type":"IMEMO", "slot_size":40, "class":"0x1039f3360", "imemo_type":"ment", "memsize":48, "flags":{"wb_protected":true}}
{"address":"0x10199fac8", "type":"IMEMO", "slot_size":40, "class":"0x1039f3360", "imemo_type":"ment", "memsize":48, "flags":{"wb_protected":true}}
{"address":"0x10199faf0", "type":"IMEMO", "slot_size":40, "class":"0x1039f3360", "imemo_type":"ment", "memsize":48, "flags":{"wb_protected":true}}
{"address":"0x10199fb18", "type":"IMEMO", "slot_size":40, "class":"0x1039f3360", "imemo_type":"ment", "memsize":48, "flags":{"wb_protected":true}}
{"address":"0x10199fb40", "type":"IMEMO", "slot_size":40, "class":"0x1039f3360", "imemo_type":"ment", "memsize":48, "flags":{"wb_protected":true}}
{"address":"0x10199fb68", "type":"IMEMO", "slot_size":40, "class":"0x1039f3360", "imemo_type":"ment", "memsize":48, "flags":{"wb_protected":true}}
{"address":"0x10199fb90", "type":"IMEMO", "slot_size":40, "class":"0x1039f3360", "imemo_type":"ment", "memsize":48, "flags":{"wb_protected":true}}
{"address":"0x10199fbb8", "type":"IMEMO", "slot_size":40, "class":"0x1039f3360", "imemo_type":"ment", "memsize":48, "flags":{"wb_protected":true}}
{"address":"0x10199fbe0", "type":"IMEMO", "slot_size":40, "class":"0x1039f3360", "imemo_type":"ment", "memsize":48, "flags":{"wb_protected":true}}
{"address":"0x10199fc08", "type":"IMEMO", "slot_size":40, "class":"0x1039f3360", "imemo_type":"ment", "memsize":48, "flags":{"wb_protected":true}}
{"address":"0x10199fc30", "type":"STRING", "slot_size":40, "class":"0x1039feda0", "frozen":true, "embedded":true, "fstring":true, "bytesize":6, "value":"rehash", "encoding":"US-ASCII", "memsize":40, "flags":{"wb_protected":true}}
{"address":"0x10199fc58", "type":"IMEMO", "slot_size":40, "class":"0x1039f3360", "imemo_type":"ment", "memsize":48, "flags":{"wb_protected":true}}
{"address":"0x10199fc80", "type":"IMEMO", "slot_size":40, "class":"0x1039f3360", "imemo_type":"ment", "memsize":48, "flags":{"wb_protected":true}}
{"address":"0x10199fca8", "type":"IMEMO", "slot_size":40, "class":"0x1039f32c0", "imemo_type":"ment", "memsize":48, "flags":{"wb_protected":true}}
{"address":"0x10199fcd0", "type":"IMEMO", "slot_size":40, "class":"0x1039f32c0", "imemo_type":"ment", "memsize":48, "flags":{"wb_protected":true}}
{"address":"0x10199fcf8", "type":"STRING", "slot_size":40, "class":"0x1039feda0", "frozen":true, "embedded":true, "fstring":true, "bytesize":7, "value":"default", "encoding":"US-ASCII", "memsize":40, "flags":{"wb_protected":true}}
{"address":"0x10199fd20", "type":"IMEMO", "slot_size":40, "class":"0x1039f3540", "imemo_type":"ment", "memsize":48, "flags":{"wb_protected":true}}
{"address":"0x10199fd48", "type":"STRING", "slot_size":40, "class":"0x1039feda0", "frozen":true, "embedded":true, "fstring":true, "bytesize":11, "value":"deconstruct", "encoding":"US-ASCII", "memsize":40, "flags":{"wb_protected":true}}
{"address":"0x10199fd70", "type":"IMEMO", "slot_size":40, "class":"0x1039f3540", "imemo_type":"ment", "memsize":48, "flags":{"wb_protected":true}}
{"address":"0x10199fd98", "type":"IMEMO", "slot_size":40, "class":"0x1039f3540", "imemo_type":"ment", "memsize":48, "flags":{"wb_protected":true}}
{"address":"0x10199fdc0", "type":"IMEMO", "slot_size":40, "class":"0x1039f3540", "imemo_type":"ment", "memsize":48, "flags":{"wb_protected":true}}
{"address":"0x10199fde8", "type":"IMEMO", "slot_size":40, "class":"0x1039f3540", "imemo_type":"ment", "memsize":48, "flags":{"wb_protected":true}}
{"address":"0x10199fe10", "type":"IMEMO", "slot_size":40, "class":"0x1039f3540", "imemo_type":"ment", "memsize":48, "flags":{"wb_protected":true}}
{"address":"0x10199fe38", "type":"IMEMO", "slot_size":40, "class":"0x1039f3540", "imemo_type":"ment", "memsize":48, "flags":{"wb_protected":true}}
{"address":"0x10199fe60", "type":"IMEMO", "slot_size":40, "class":"0x1039f3540", "imemo_type":"ment", "memsize":48, "flags":{"wb_protected":true}}
{"address":"0x10199fe88", "type":"STRING", "slot_size":40, "class":"0x1039feda0", "frozen":true, "embedded":true, "fstring":true, "bytesize":13, "value":"bsearch_index", "encoding":"US-ASCII", "memsize":40, "flags":{"wb_protected":true}}
{"address":"0x10199feb0", "type":"IMEMO", "slot_size":40, "class":"0x1039f3540", "imemo_type":"ment", "memsize":48, "flags":{"wb_protected":true}}
{"address":"0x10199fed8", "type":"STRING", "slot_size":40, "class":"0x1039feda0", "frozen":true, "embedded":true, "fstring":true, "bytesize":7, "value":"bsearch", "encoding":"US-ASCII", "memsize":40, "flags":{"wb_protected":true}}
{"address":"0x10199ff00", "type":"IMEMO", "slot_size":40, "class":"0x1039f3540", "imemo_type":"ment", "memsize":48, "flags":{"wb_protected":true}}
{"address":"0x10199ff28", "type":"IMEMO", "slot_size":40, "class":"0x1039f3540", "imemo_type":"ment", "memsize":48, "flags":{"wb_protected":true}}
{"address":"0x10199ff50", "type":"IMEMO", "slot_size":40, "class":"0x1039f3540", "imemo_type":"ment", "memsize":48, "flags":{"wb_protected":true}}
{"address":"0x10199ff78", "type":"IMEMO", "slot_size":40, "class":"0x1039f3540", "imemo_type":"ment", "memsize":48, "flags":{"wb_protected":true}}
{"address":"0x10199ffa0", "type":"IMEMO", "slot_size":40, "class":"0x1039f3540", "imemo_type":"ment", "memsize":48, "flags":{"wb_protected":true}}
{"address":"0x10199ffc8", "type":"STRING", "slot_size":40, "class":"0x1039feda0", "frozen":true, "embedded":true, "fstring":true, "bytesize":7, "value":"product", "encoding":"US-ASCII", "memsize":40, "flags":{"wb_protected":true}}
{"address":"0x1019b0008", "type":"IMEMO", "slot_size":40, "class":"0x1039f3540", "imemo_type":"ment", "memsize":48, "flags":{"wb_protected":true}}
{"address":"0x1019b0030", "type":"IMEMO", "slot_size":40, "class":"0x1039f3540", "imemo_type":"ment", "memsize":48, "flags":{"wb_protected":true}}
{"address":"0x1019b0058", "type":"IMEMO", "slot_size":40, "class":"0x1039f3540", "imemo_type":"ment", "memsize":48, "flags":{"wb_protected":true}}
{"address":"0x1019b0080", "type":"STRING", "slot_size":40, "class":"0x1039feda0", "frozen":true, "embedded":true, "fstring":true, "bytesize":11, "value":"combination", "encoding":"US-ASCII", "memsize":40, "flags":{"wb_protected":true}}
{"address":"0x1019b00a8", "type":"IMEMO", "slot_size":40, "class":"0x1039f3540", "imemo_type":"ment", "memsize":48, "flags":{"wb_protected":true}}
{"address":"0x1019b00d0", "type":"STRING", "slot_size":40, "class":"0x1039feda0", "frozen":true, "embedded":true, "fstring":true, "bytesize":11, "value":"permutation", "encoding":"US-ASCII", "memsize":40, "flags":{"wb_protected":true}}
{"address":"0x1019b00f8", "type":"IMEMO", "slot_size":40, "class":"0x1039f3540", "imemo_type":"ment", "memsize":48, "flags":{"wb_protected":true}}
{"address":"0x1019b0120", "type":"IMEMO", "slot_size":40, "class":"0x1039f3540", "imemo_type":"ment", "memsize":48, "flags":{"wb_protected":true}}
{"address":"0x1019b0148", "type":"IMEMO", "slot_size":40, "class":"0x1039f3540", "imemo_type":"ment", "memsize":48, "flags":{"wb_protected":true}}
{"address":"0x1019b0170", "type":"STRING", "slot_size":40, "class":"0x1039feda0", "frozen":true, "embedded":true, "fstring":true, "bytesize":8, "value":"flatten!", "encoding":"US-ASCII", "memsize":40, "flags":{"wb_protected":true}}
{"address":"0x1019b0198", "type":"IMEMO", "slot_size":40, "class":"0x1039f3540", "imemo_type":"ment", "memsize":48, "flags":{"wb_protected":true}}
{"address":"0x1019b01c0", "type":"STRING", "slot_size":40, "class":"0x1039feda0", "frozen":true, "embedded":true, "fstring":true, "bytesize":7, "value":"flatten", "encoding":"US-ASCII", "memsize":40, "flags":{"wb_protected":true}}
{"address":"0x1019b01e8", "type":"IMEMO", "slot_size":40, "class":"0x1039f3540", "imemo_type":"ment", "memsize":48, "flags":{"wb_protected":true}}
{"address":"0x1019b0210", "type":"STRING", "slot_size":40, "class":"0x1039feda0", "frozen":true, "embedded":true, "fstring":true, "bytesize":8, "value":"compact!", "encoding":"US-ASCII", "memsize":40, "flags":{"wb_protected":true}}
{"address":"0x1019b0238", "type":"IMEMO", "slot_size":40, "class":"0x1039f3540", "imemo_type":"ment", "memsize":48, "flags":{"wb_protected":true}}
{"address":"0x1019b0260", "type":"IMEMO", "slot_size":40, "class":"0x1039f3540", "imemo_type":"ment", "memsize":48, "flags":{"wb_protected":true}}
{"address":"0x1019b0288", "type":"STRING", "slot_size":40, "class":"0x1039feda0", "frozen":true, "embedded":true, "fstring":true, "bytesize":5, "value":"uniq!", "encoding":"US-ASCII", "memsize":40, "flags":{"wb_protected":true}}
{"address":"0x1019b02b0", "type":"IMEMO", "slot_size":40, "class":"0x1039f3540", "imemo_type":"ment", "memsize":48, "flags":{"wb_protected":true}}
{"address":"0x1019b02d8", "type":"IMEMO", "slot_size":40, "class":"0x1039f3540", "imemo_type":"ment", "memsize":48, "flags":{"wb_protected":true}}
{"address":"0x1019b0300", "type":"IMEMO", "slot_size":40, "class":"0x1039f3540", "imemo_type":"ment", "memsize":48, "flags":{"wb_protected":true}}
{"address":"0x1019b0328", "type":"IMEMO", "slot_size":40, "class":"0x1039f3540", "imemo_type":"ment", "memsize":48, "flags":{"wb_protected":true}}
{"address":"0x1019b0350", "type":"IMEMO", "slot_size":40, "class":"0x1039f3540", "imemo_type":"ment", "memsize":48, "flags":{"wb_protected":true}}
{"address":"0x1019b0378", "type":"IMEMO", "slot_size":40, "class":"0x1039f3540", "imemo_type":"ment", "memsize":48, "flags":{"wb_protected":true}}
{"address":"0x1019b03a0", "type":"IMEMO", "slot_size":40, "class":"0x1039f3540", "imemo_type":"ment", "memsize":48, "flags":{"wb_protected":true}}
{"address":"0x1019b03c8", "type":"IMEMO", "slot_size":40, "class":"0x1039f3540", "imemo_type":"ment", "memsize":48, "flags":{"wb_protected":true}}
{"address":"0x1019b03f0", "type":"IMEMO", "slot_size":40, "class":"0x1039f3540", "imemo_type":"ment", "memsize":48, "flags":{"wb_protected":true}}
{"address":"0x1019b0418", "type":"IMEMO", "slot_size":40, "class":"0x1039f3540", "imemo_type":"ment", "memsize":48, "flags":{"wb_protected":true}}
{"address":"0x1019b0440", "type":"STRING", "slot_size":40, "class":"0x1039feda0", "frozen":true, "embedded":true, "fstring":true, "bytesize":6, "value":"rassoc", "encoding":"US-ASCII", "memsize":40, "flags":{"wb_protected":true}}
{"address":"0x1019b0468", "type":"IMEMO", "slot_size":40, "class":"0x1039f3540", "imemo_type":"ment", "memsize":48, "flags":{"wb_protected":true}}
{"address":"0x1019b0490", "type":"STRING", "slot_size":40, "class":"0x1039feda0", "frozen":true, "embedded":true, "fstring":true, "bytesize":5, "value":"assoc", "encoding":"US-ASCII", "memsize":40, "flags":{"wb_protected":true}}
{"address":"0x1019b04b8", "type":"IMEMO", "slot_size":40, "class":"0x1039f3540", "imemo_type":"ment", "memsize":48, "flags":{"wb_protected":true}}
{"address":"0x1019b04e0", "type":"IMEMO", "slot_size":40, "class":"0x1039f3540", "imemo_type":"ment", "memsize":48, "flags":{"wb_protected":true}}
{"address":"0x1019b0508", "type":"IMEMO", "slot_size":40, "class":"0x1039f3540", "imemo_type":"ment", "memsize":48, "flags":{"wb_protected":true}}
{"address":"0x1019b0530", "type":"IMEMO", "slot_size":40, "class":"0x1039f3540", "imemo_type":"ment", "memsize":48, "flags":{"wb_protected":true}}
{"address":"0x1019b0558", "type":"IMEMO", "slot_size":40, "class":"0x1039f3540", "imemo_type":"ment", "memsize":48, "flags":{"wb_protected":true}}
{"address":"0x1019b0580", "type":"STRING", "slot_size":40, "class":"0x1039feda0", "frozen":true, "embedded":true, "fstring":true, "bytesize":4, "value":"fill", "encoding":"US-ASCII", "memsize":40, "flags":{"wb_protected":true}}
{"address":"0x1019b05a8", "type":"IMEMO", "slot_size":40, "class":"0x1039f3540", "imemo_type":"ment", "memsize":48, "flags":{"wb_protected":true}}
{"address":"0x1019b05d0", "type":"IMEMO", "slot_size":40, "class":"0x1039f3540", "imemo_type":"ment", "memsize":48, "flags":{"wb_protected":true}}
{"address":"0x1019b05f8", "type":"IMEMO", "slot_size":40, "class":"0x1039f3540", "imemo_type":"ment", "memsize":48, "flags":{"wb_protected":true}}
{"address":"0x1019b0620", "type":"STRING", "slot_size":40, "class":"0x1039feda0", "frozen":true, "embedded":true, "fstring":true, "bytesize":9, "value":"transpose", "encoding":"US-ASCII", "memsize":40, "flags":{"wb_protected":true}}
{"address":"0x1019b0648", "type":"IMEMO", "slot_size":40, "class":"0x1039f3540", "imemo_type":"ment", "memsize":48, "flags":{"wb_protected":true}}
{"address":"0x1019b0670", "type":"IMEMO", "slot_size":40, "class":"0x1039f3540", "imemo_type":"ment", "memsize":48, "flags":{"wb_protected":true}}
{"address":"0x1019b0698", "type":"STRING", "slot_size":40, "class":"0x1039feda0", "frozen":true, "embedded":true, "fstring":true, "bytesize":7, "value":"reject!", "encoding":"US-ASCII", "memsize":40, "flags":{"wb_protected":true}}
{"address":"0x1019b06c0", "type":"IMEMO", "slot_size":40, "class":"0x1039f3540", "imemo_type":"ment", "memsize":48, "flags":{"wb_protected":true}}
{"address":"0x1019b06e8", "type":"IMEMO", "slot_size":40, "class":"0x1039f3540", "imemo_type":"ment", "memsize":48, "flags":{"wb_protected":true}}
{"address":"0x1019b0710", "type":"STRING", "slot_size":40, "class":"0x1039feda0", "frozen":true, "embedded":true, "fstring":true, "bytesize":9, "value":"delete_if", "encoding":"US-ASCII", "memsize":40, "flags":{"wb_protected":true}}
{"address":"0x1019b0738", "type":"IMEMO", "slot_size":40, "class":"0x1039f3540", "imemo_type":"ment", "memsize":48, "flags":{"wb_protected":true}}
{"address":"0x1019b0760", "type":"STRING", "slot_size":40, "class":"0x1039feda0", "frozen":true, "embedded":true, "fstring":true, "bytesize":9, "value":"delete_at", "encoding":"US-ASCII", "memsize":40, "flags":{"wb_protected":true}}
{"address":"0x1019b0788", "type":"IMEMO", "slot_size":40, "class":"0x1039f3540", "imemo_type":"ment", "memsize":48, "flags":{"wb_protected":true}}
{"address":"0x1019b07b0", "type":"IMEMO", "slot_size":40, "class":"0x1039f3540", "imemo_type":"ment", "memsize":48, "flags":{"wb_protected":true}}
{"address":"0x1019b07d8", "type":"STRING", "slot_size":40, "class":"0x1039feda0", "frozen":true, "embedded":true, "fstring":true, "bytesize":9, "value":"values_at", "encoding":"US-ASCII", "memsize":40, "flags":{"wb_protected":true}}
{"address":"0x1019b0800", "type":"IMEMO", "slot_size":40, "class":"0x1039f3540", "imemo_type":"ment", "memsize":48, "flags":{"wb_protected":true}}
{"address":"0x1019b0828", "type":"STRING", "slot_size":40, "class":"0x1039feda0", "frozen":true, "embedded":true, "fstring":true, "bytesize":7, "value":"keep_if", "encoding":"US-ASCII", "memsize":40, "flags":{"wb_protected":true}}
{"address":"0x1019b0850", "type":"IMEMO", "slot_size":40, "class":"0x1039f3540", "imemo_type":"ment", "memsize":48, "flags":{"wb_protected":true}}
{"address":"0x1019b0878", "type":"STRING", "slot_size":40, "class":"0x1039feda0", "frozen":true, "embedded":true, "fstring":true, "bytesize":7, "value":"filter!", "encoding":"US-ASCII", "memsize":40, "flags":{"wb_protected":true}}
{"address":"0x1019b08a0", "type":"IMEMO", "slot_size":40, "class":"0x1039f3540", "imemo_type":"ment", "memsize":48, "flags":{"wb_protected":true}}
{"address":"0x1019b08c8", "type":"IMEMO", "slot_size":40, "class":"0x1039f3540", "imemo_type":"ment", "memsize":48, "flags":{"wb_protected":true}}
{"address":"0x1019b08f0", "type":"STRING", "slot_size":40, "class":"0x1039feda0", "frozen":true, "embedded":true, "fstring":true, "bytesize":7, "value":"select!", "encoding":"US-ASCII", "memsize":40, "flags":{"wb_protected":true}}
{"address":"0x1019b0918", "type":"IMEMO", "slot_size":40, "class":"0x1039f3540", "imemo_type":"ment", "memsize":48, "flags":{"wb_protected":true}}
{"address":"0x1019b0940", "type":"IMEMO", "slot_size":40, "class":"0x1039f3540", "imemo_type":"ment", "memsize":48, "flags":{"wb_protected":true}}
{"address":"0x1019b0968", "type":"STRING", "slot_size":40, "class":"0x1039feda0", "frozen":true, "embedded":true, "fstring":true, "bytesize":4, "value":"map!", "encoding":"US-ASCII", "memsize":40, "flags":{"wb_protected":true}}
{"address":"0x1019b0990", "type":"IMEMO", "slot_size":40, "class":"0x1039f3540", "imemo_type":"ment", "memsize":48, "flags":{"wb_protected":true}}
{"address":"0x1019b09b8", "type":"IMEMO", "slot_size":40, "class":"0x1039f3540", "imemo_type":"ment", "memsize":48, "flags":{"wb_protected":true}}
{"address":"0x1019b09e0", "type":"STRING", "slot_size":40, "class":"0x1039feda0", "frozen":true, "embedded":true, "fstring":true, "bytesize":8, "value":"collect!", "encoding":"US-ASCII", "memsize":40, "flags":{"wb_protected":true}}
{"address":"0x1019b0a08", "type":"IMEMO", "slot_size":40, "class":"0x1039f3540", "imemo_type":"ment", "memsize":48, "flags":{"wb_protected":true}}
{"address":"0x1019b0a30", "type":"IMEMO", "slot_size":40, "class":"0x1039f3540", "imemo_type":"ment", "memsize":48, "flags":{"wb_protected":true}}
{"address":"0x1019b0a58", "type":"STRING", "slot_size":40, "class":"0x1039feda0", "frozen":true, "embedded":true, "fstring":true, "bytesize":8, "value":"sort_by!", "encoding":"US-ASCII", "memsize":40, "flags":{"wb_protected":true}}
{"address":"0x1019b0a80", "type":"IMEMO", "slot_size":40, "class":"0x1039f3540", "imemo_type":"ment", "memsize":48, "flags":{"wb_protected":true}}
{"address":"0x1019b0aa8", "type":"STRING", "slot_size":40, "class":"0x1039feda0", "frozen":true, "embedded":true, "fstring":true, "bytesize":5, "value":"sort!", "encoding":"US-ASCII", "memsize":40, "flags":{"wb_protected":true}}
{"address":"0x1019b0ad0", "type":"IMEMO", "slot_size":40, "class":"0x1039f3540", "imemo_type":"ment", "memsize":48, "flags":{"wb_protected":true}}
{"address":"0x1019b0af8", "type":"IMEMO", "slot_size":40, "class":"0x1039f3540", "imemo_type":"ment", "memsize":48, "flags":{"wb_protected":true}}
{"address":"0x1019b0b20", "type":"STRING", "slot_size":40, "class":"0x1039feda0", "frozen":true, "embedded":true, "fstring":true, "bytesize":7, "value":"rotate!", "encoding":"US-ASCII", "memsize":40, "flags":{"wb_protected":true}}
{"address":"0x1019b0b48", "type":"IMEMO", "slot_size":40, "class":"0x1039f3540", "imemo_type":"ment", "memsize":48, "flags":{"wb_protected":true}}
{"address":"0x1019b0b70", "type":"STRING", "slot_size":40, "class":"0x1039feda0", "frozen":true, "embedded":true, "fstring":true, "bytesize":6, "value":"rotate", "encoding":"US-ASCII", "memsize":40, "flags":{"wb_protected":true}}
{"address":"0x1019b0b98", "type":"IMEMO", "slot_size":40, "class":"0x1039f3540", "imemo_type":"ment", "memsize":48, "flags":{"wb_protected":true}}
{"address":"0x1019b0bc0", "type":"IMEMO", "slot_size":40, "class":"0x1039f3540", "imemo_type":"ment", "memsize":48, "flags":{"wb_protected":true}}
{"address":"0x1019b0be8", "type":"IMEMO", "slot_size":40, "class":"0x1039f3540", "imemo_type":"ment", "memsize":48, "flags":{"wb_protected":true}}
{"address":"0x1019b0c10", "type":"STRING", "slot_size":40, "class":"0x1039feda0", "frozen":true, "embedded":true, "fstring":true, "bytesize":4, "value":"join", "encoding":"US-ASCII", "memsize":40, "flags":{"wb_protected":true}}
{"address":"0x1019b0c38", "type":"IMEMO", "slot_size":40, "class":"0x1039f3540", "imemo_type":"ment", "memsize":48, "flags":{"wb_protected":true}}
{"address":"0x1019b0c60", "type":"IMEMO", "slot_size":40, "class":"0x1039f3540", "imemo_type":"ment", "memsize":48, "flags":{"wb_protected":true}}
{"address":"0x1019b0c88", "type":"IMEMO", "slot_size":40, "class":"0x1039f3540", "imemo_type":"ment", "memsize":48, "flags":{"wb_protected":true}}
{"address":"0x1019b0cb0", "type":"IMEMO", "slot_size":40, "class":"0x1039f3540", "imemo_type":"ment", "memsize":48, "flags":{"wb_protected":true}}
{"address":"0x1019b0cd8", "type":"IMEMO", "slot_size":40, "class":"0x1039f3540", "imemo_type":"ment", "memsize":48, "flags":{"wb_protected":true}}
{"address":"0x1019b0d00", "type":"IMEMO", "slot_size":40, "class":"0x1039f3540", "imemo_type":"ment", "memsize":48, "flags":{"wb_protected":true}}
{"address":"0x1019b0d28", "type":"IMEMO", "slot_size":40, "class":"0x1039f3540", "imemo_type":"ment", "memsize":48, "flags":{"wb_protected":true}}
{"address":"0x1019b0d50", "type":"IMEMO", "slot_size":40, "class":"0x1039f3540", "imemo_type":"ment", "memsize":48, "flags":{"wb_protected":true}}
{"address":"0x1019b0d78", "type":"STRING", "slot_size":40, "class":"0x1039feda0", "frozen":true, "embedded":true, "fstring":true, "bytesize":10, "value":"each_index", "encoding":"US-ASCII", "memsize":40, "flags":{"wb_protected":true}}
{"address":"0x1019b0da0", "type":"IMEMO", "slot_size":40, "class":"0x1039f3540", "imemo_type":"ment", "memsize":48, "flags":{"wb_protected":true}}
{"address":"0x1019b0dc8", "type":"IMEMO", "slot_size":40, "class":"0x1039f3540", "imemo_type":"ment", "memsize":48, "flags":{"wb_protected":true}}
{"address":"0x1019b0df0", "type":"IMEMO", "slot_size":40, "class":"0x1039f3540", "imemo_type":"ment", "memsize":48, "flags":{"wb_protected":true}}
{"address":"0x1019b0e18", "type":"IMEMO", "slot_size":40, "class":"0x1039f3540", "imemo_type":"ment", "memsize":48, "flags":{"wb_protected":true}}
{"address":"0x1019b0e40", "type":"STRING", "slot_size":40, "class":"0x1039feda0", "frozen":true, "embedded":true, "fstring":true, "bytesize":7, "value":"unshift", "encoding":"US-ASCII", "memsize":40, "flags":{"wb_protected":true}}
{"address":"0x1019b0e68", "type":"IMEMO", "slot_size":40, "class":"0x1039f3540", "imemo_type":"ment", "memsize":48, "flags":{"wb_protected":true}}
{"address":"0x1019b0e90", "type":"STRING", "slot_size":40, "class":"0x1039feda0", "frozen":true, "embedded":true, "fstring":true, "bytesize":5, "value":"shift", "encoding":"US-ASCII", "memsize":40, "flags":{"wb_protected":true}}
{"address":"0x1019b0eb8", "type":"IMEMO", "slot_size":40, "class":"0x1039f3540", "imemo_type":"ment", "memsize":48, "flags":{"wb_protected":true}}
{"address":"0x1019b0ee0", "type":"STRING", "slot_size":40, "class":"0x1039feda0", "frozen":true, "embedded":true, "fstring":true, "bytesize":3, "value":"pop", "encoding":"US-ASCII", "memsize":40, "flags":{"wb_protected":true}}
{"address":"0x1019b0f08", "type":"IMEMO", "slot_size":40, "class":"0x1039f3540", "imemo_type":"ment", "memsize":48, "flags":{"wb_protected":true}}
{"address":"0x1019b0f30", "type":"STRING", "slot_size":40, "class":"0x1039feda0", "frozen":true, "embedded":true, "fstring":true, "bytesize":6, "value":"append", "encoding":"US-ASCII", "memsize":40, "flags":{"wb_protected":true}}
{"address":"0x1019b0f58", "type":"IMEMO", "slot_size":40, "class":"0x1039f3540", "imemo_type":"ment", "memsize":48, "flags":{"wb_protected":true}}
{"address":"0x1019b0f80", "type":"STRING", "slot_size":40, "class":"0x1039feda0", "frozen":true, "embedded":true, "fstring":true, "bytesize":4, "value":"push", "encoding":"US-ASCII", "memsize":40, "flags":{"wb_protected":true}}
{"address":"0x1019b0fa8", "type":"IMEMO", "slot_size":40, "class":"0x1039f3540", "imemo_type":"ment", "memsize":48, "flags":{"wb_protected":true}}
{"address":"0x1019b0fd0", "type":"IMEMO", "slot_size":40, "class":"0x1039f3540", "imemo_type":"ment", "memsize":48, "flags":{"wb_protected":true}}
{"address":"0x1019b0ff8", "type":"STRING", "slot_size":40, "class":"0x1039feda0", "frozen":true, "embedded":true, "fstring":true, "bytesize":10, "value":"intersect?", "encoding":"US-ASCII", "memsize":40, "flags":{"wb_protected":true}}
{"address":"0x1019b1020", "type":"IMEMO", "slot_size":40, "class":"0x1039f3540", "imemo_type":"ment", "memsize":48, "flags":{"wb_protected":true}}
{"address":"0x1019b1048", "type":"STRING", "slot_size":40, "class":"0x1039feda0", "frozen":true, "embedded":true, "fstring":true, "bytesize":12, "value":"intersection", "encoding":"US-ASCII", "memsize":40, "flags":{"wb_protected":true}}
{"address":"0x1019b1070", "type":"IMEMO", "slot_size":40, "class":"0x1039f3540", "imemo_type":"ment", "memsize":48, "flags":{"wb_protected":true}}
{"address":"0x1019b1098", "type":"STRING", "slot_size":40, "class":"0x1039feda0", "frozen":true, "embedded":true, "fstring":true, "bytesize":10, "value":"difference", "encoding":"US-ASCII", "memsize":40, "flags":{"wb_protected":true}}
{"address":"0x1019b10c0", "type":"IMEMO", "slot_size":40, "class":"0x1039f3540", "imemo_type":"ment", "memsize":48, "flags":{"wb_protected":true}}
{"address":"0x1019b10e8", "type":"STRING", "slot_size":40, "class":"0x1039feda0", "frozen":true, "embedded":true, "fstring":true, "bytesize":5, "value":"union", "encoding":"US-ASCII", "memsize":40, "flags":{"wb_protected":true}}
{"address":"0x1019b1110", "type":"IMEMO", "slot_size":40, "class":"0x1039f3540", "imemo_type":"ment", "memsize":48, "flags":{"wb_protected":true}}
{"address":"0x1019b1138", "type":"IMEMO", "slot_size":40, "class":"0x1039f3540", "imemo_type":"ment", "memsize":48, "flags":{"wb_protected":true}}
{"address":"0x1019b1160", "type":"STRING", "slot_size":40, "class":"0x1039feda0", "frozen":true, "embedded":true, "fstring":true, "bytesize":4, "value":"last", "encoding":"US-ASCII", "memsize":40, "flags":{"wb_protected":true}}
{"address":"0x1019b1188", "type":"IMEMO", "slot_size":40, "class":"0x1039f3540", "imemo_type":"ment", "memsize":48, "flags":{"wb_protected":true}}
{"address":"0x1019b11b0", "type":"IMEMO", "slot_size":40, "class":"0x1039f3540", "imemo_type":"ment", "memsize":48, "flags":{"wb_protected":true}}
{"address":"0x1019b11d8", "type":"STRING", "slot_size":40, "class":"0x1039feda0", "frozen":true, "embedded":true, "fstring":true, "bytesize":5, "value":"fetch", "encoding":"US-ASCII", "memsize":40, "flags":{"wb_protected":true}}
{"address":"0x1019b1200", "type":"IMEMO", "slot_size":40, "class":"0x1039f3540", "imemo_type":"ment", "memsize":48, "flags":{"wb_protected":true}}
{"address":"0x1019b1228", "type":"STRING", "slot_size":40, "class":"0x1039feda0", "frozen":true, "embedded":true, "fstring":true, "bytesize":2, "value":"at", "encoding":"US-ASCII", "memsize":40, "flags":{"wb_protected":true}}
{"address":"0x1019b1250", "type":"IMEMO", "slot_size":40, "class":"0x1039f3540", "imemo_type":"ment", "memsize":48, "flags":{"wb_protected":true}}
{"address":"0x1019b1278", "type":"IMEMO", "slot_size":40, "class":"0x1039f3540", "imemo_type":"ment", "memsize":48, "flags":{"wb_protected":true}}
{"address":"0x1019b12a0", "type":"IMEMO", "slot_size":40, "class":"0x1039f3540", "imemo_type":"ment", "memsize":48, "flags":{"wb_protected":true}}
{"address":"0x1019b12c8", "type":"IMEMO", "slot_size":40, "class":"0x1039f3540", "imemo_type":"ment", "memsize":48, "flags":{"wb_protected":true}}
{"address":"0x1019b12f0", "type":"IMEMO", "slot_size":40, "class":"0x1039f3540", "imemo_type":"ment", "memsize":48, "flags":{"wb_protected":true}}
{"address":"0x1019b1318", "type":"IMEMO", "slot_size":40, "class":"0x1039f3540", "imemo_type":"ment", "memsize":48, "flags":{"wb_protected":true}}
{"address":"0x1019b1340", "type":"IMEMO", "slot_size":40, "class":"0x1039f3540", "imemo_type":"ment", "memsize":48, "flags":{"wb_protected":true}}
{"address":"0x1019b1368", "type":"IMEMO", "slot_size":40, "class":"0x1039f3540", "imemo_type":"ment", "memsize":48, "flags":{"wb_protected":true}}
{"address":"0x1019b1390", "type":"IMEMO", "slot_size":40, "class":"0x1039f3540", "imemo_type":"ment", "memsize":48, "flags":{"wb_protected":true}}
{"address":"0x1019b13b8", "type":"IMEMO", "slot_size":40, "class":"0x1039f3540", "imemo_type":"ment", "memsize":48, "flags":{"wb_protected":true}}
{"address":"0x1019b13e0", "type":"IMEMO", "slot_size":40, "class":"0x1039f3540", "imemo_type":"ment", "memsize":48, "flags":{"wb_protected":true}}
{"address":"0x1019b1408", "type":"IMEMO", "slot_size":40, "class":"0x1039f3540", "imemo_type":"ment", "memsize":48, "flags":{"wb_protected":true}}
{"address":"0x1019b1430", "type":"IMEMO", "slot_size":40, "class":"0x1039f34a0", "imemo_type":"ment", "memsize":48, "flags":{"wb_protected":true}}
{"address":"0x1019b1458", "type":"IMEMO", "slot_size":40, "class":"0x1039f34a0", "imemo_type":"ment", "memsize":48, "flags":{"wb_protected":true}}
{"address":"0x1019b1480", "type":"STRING", "slot_size":40, "class":"0x1039feda0", "frozen":true, "embedded":true, "fstring":true, "bytesize":6, "value":"EXFULL", "encoding":"US-ASCII", "memsize":40, "flags":{"wb_protected":true}}
{"address":"0x1019b14a8", "type":"STRING", "slot_size":40, "class":"0x1039feda0", "frozen":true, "embedded":true, "fstring":true, "bytesize":12, "value":"Errno::EXDEV", "encoding":"US-ASCII", "memsize":40, "flags":{"wb_protected":true}}
{"address":"0x1019b14d0", "type":"STRING", "slot_size":40, "class":"0x1039feda0", "embedded":true, "bytesize":12, "value":"Errno::EXDEV", "encoding":"US-ASCII", "memsize":40, "flags":{"wb_protected":true}}
{"address":"0x1019b14f8", "type":"STRING", "slot_size":40, "class":"0x1039feda0", "frozen":true, "embedded":true, "fstring":true, "bytesize":5, "value":"EXDEV", "encoding":"US-ASCII", "memsize":40, "flags":{"wb_protected":true}}
{"address":"0x1019b1520", "type":"STRING", "slot_size":40, "class":"0x1039feda0", "frozen":true, "embedded":true, "fstring":true, "bytesize":11, "value":"EWOULDBLOCK", "encoding":"US-ASCII", "memsize":40, "flags":{"wb_protected":true}}
{"address":"0x1019b1548", "type":"STRING", "slot_size":40, "class":"0x1039feda0", "frozen":true, "embedded":true, "fstring":true, "bytesize":13, "value":"Errno::EUSERS", "encoding":"US-ASCII", "memsize":40, "flags":{"wb_protected":true}}
{"address":"0x1019b1570", "type":"STRING", "slot_size":40, "class":"0x1039feda0", "embedded":true, "bytesize":13, "value":"Errno::EUSERS", "encoding":"US-ASCII", "memsize":40, "flags":{"wb_protected":true}}
{"address":"0x1019b1598", "type":"STRING", "slot_size":40, "class":"0x1039feda0", "frozen":true, "embedded":true, "fstring":true, "bytesize":6, "value":"EUSERS", "encoding":"US-ASCII", "memsize":40, "flags":{"wb_protected":true}}
{"address":"0x1019b15c0", "type":"STRING", "slot_size":40, "class":"0x1039feda0", "frozen":true, "embedded":true, "fstring":true, "bytesize":7, "value":"EUNATCH", "encoding":"US-ASCII", "memsize":40, "flags":{"wb_protected":true}}
{"address":"0x1019b15e8", "type":"STRING", "slot_size":40, "class":"0x1039feda0", "frozen":true, "embedded":true, "fstring":true, "bytesize":7, "value":"EUCLEAN", "encoding":"US-ASCII", "memsize":40, "flags":{"wb_protected":true}}
{"address":"0x1019b1610", "type":"STRING", "slot_size":40, "class":"0x1039feda0", "frozen":true, "embedded":true, "fstring":true, "bytesize":14, "value":"Errno::ETXTBSY", "encoding":"US-ASCII", "memsize":40, "flags":{"wb_protected":true}}
{"address":"0x1019b1638", "type":"STRING", "slot_size":40, "class":"0x1039feda0", "embedded":true, "bytesize":14, "value":"Errno::ETXTBSY", "encoding":"US-ASCII", "memsize":40, "flags":{"wb_protected":true}}
{"address":"0x1019b1660", "type":"STRING", "slot_size":40, "class":"0x1039feda0", "frozen":true, "embedded":true, "fstring":true, "bytesize":7, "value":"ETXTBSY", "encoding":"US-ASCII", "memsize":40, "flags":{"wb_protected":true}}
{"address":"0x1019b1688", "type":"STRING", "slot_size":40, "class":"0x1039feda0", "bytesize":19, "capacity":31, "value":"Errno::ETOOMANYREFS", "encoding":"US-ASCII", "memsize":72, "flags":{"wb_protected":true}}
{"address":"0x1019b16b0", "type":"STRING", "slot_size":40, "class":"0x1039feda0", "frozen":true, "embedded":true, "fstring":true, "bytesize":12, "value":"ETOOMANYREFS", "encoding":"US-ASCII", "memsize":40, "flags":{"wb_protected":true}}
{"address":"0x1019b16d8", "type":"STRING", "slot_size":40, "class":"0x1039feda0", "bytesize":16, "capacity":31, "value":"Errno::ETIMEDOUT", "encoding":"US-ASCII", "memsize":72, "flags":{"wb_protected":true}}
{"address":"0x1019b1700", "type":"STRING", "slot_size":40, "class":"0x1039feda0", "frozen":true, "embedded":true, "fstring":true, "bytesize":9, "value":"ETIMEDOUT", "encoding":"US-ASCII", "memsize":40, "flags":{"wb_protected":true}}
{"address":"0x1019b1728", "type":"STRING", "slot_size":40, "class":"0x1039feda0", "frozen":true, "embedded":true, "fstring":true, "bytesize":12, "value":"Errno::ETIME", "encoding":"US-ASCII", "memsize":40, "flags":{"wb_protected":true}}
{"address":"0x1019b1750", "type":"STRING", "slot_size":40, "class":"0x1039feda0", "embedded":true, "bytesize":12, "value":"Errno::ETIME", "encoding":"US-ASCII", "memsize":40, "flags":{"wb_protected":true}}
{"address":"0x1019b1778", "type":"STRING", "slot_size":40, "class":"0x1039feda0", "frozen":true, "embedded":true, "fstring":true, "bytesize":5, "value":"ETIME", "encoding":"US-ASCII", "memsize":40, "flags":{"wb_protected":true}}
{"address":"0x1019b17a0", "type":"STRING", "slot_size":40, "class":"0x1039feda0", "frozen":true, "embedded":true, "fstring":true, "bytesize":8, "value":"ESTRPIPE", "encoding":"US-ASCII", "memsize":40, "flags":{"wb_protected":true}}
{"address":"0x1019b17c8", "type":"STRING", "slot_size":40, "class":"0x1039feda0", "frozen":true, "embedded":true, "fstring":true, "bytesize":13, "value":"Errno::ESTALE", "encoding":"US-ASCII", "memsize":40, "flags":{"wb_protected":true}}
{"address":"0x1019b17f0", "type":"STRING", "slot_size":40, "class":"0x1039feda0", "embedded":true, "bytesize":13, "value":"Errno::ESTALE", "encoding":"US-ASCII", "memsize":40, "flags":{"wb_protected":true}}
{"address":"0x1019b1818", "type":"STRING", "slot_size":40, "class":"0x1039feda0", "frozen":true, "embedded":true, "fstring":true, "bytesize":6, "value":"ESTALE", "encoding":"US-ASCII", "memsize":40, "flags":{"wb_protected":true}}
{"address":"0x1019b1840", "type":"STRING", "slot_size":40, "class":"0x1039feda0", "frozen":true, "embedded":true, "fstring":true, "bytesize":6, "value":"ESRMNT", "encoding":"US-ASCII", "memsize":40, "flags":{"wb_protected":true}}
{"address":"0x1019b1868", "type":"STRING", "slot_size":40, "class":"0x1039feda0", "frozen":true, "embedded":true, "fstring":true, "bytesize":12, "value":"Errno::ESRCH", "encoding":"US-ASCII", "memsize":40, "flags":{"wb_protected":true}}
{"address":"0x1019b1890", "type":"STRING", "slot_size":40, "class":"0x1039feda0", "embedded":true, "bytesize":12, "value":"Errno::ESRCH", "encoding":"US-ASCII", "memsize":40, "flags":{"wb_protected":true}}
{"address":"0x1019b18b8", "type":"STRING", "slot_size":40, "class":"0x1039feda0", "frozen":true, "embedded":true, "fstring":true, "bytesize":5, "value":"ESRCH", "encoding":"US-ASCII", "memsize":40, "flags":{"wb_protected":true}}
{"address":"0x1019b18e0", "type":"STRING", "slot_size":40, "class":"0x1039feda0", "frozen":true, "embedded":true, "fstring":true, "bytesize":13, "value":"Errno::ESPIPE", "encoding":"US-ASCII", "memsize":40, "flags":{"wb_protected":true}}
{"address":"0x1019b1908", "type":"STRING", "slot_size":40, "class":"0x1039feda0", "embedded":true, "bytesize":13, "value":"Errno::ESPIPE", "encoding":"US-ASCII", "memsize":40, "flags":{"wb_protected":true}}
{"address":"0x1019b1930", "type":"STRING", "slot_size":40, "class":"0x1039feda0", "frozen":true, "embedded":true, "fstring":true, "bytesize":6, "value":"ESPIPE", "encoding":"US-ASCII", "memsize":40, "flags":{"wb_protected":true}}
{"address":"0x1019b1958", "type":"STRING", "slot_size":40, "class":"0x1039feda0", "bytesize":22, "capacity":31, "value":"Errno::ESOCKTNOSUPPORT", "encoding":"US-ASCII", "memsize":72, "flags":{"wb_protected":true}}
{"address":"0x1019b1980", "type":"STRING", "slot_size":40, "class":"0x1039feda0", "frozen":true, "embedded":true, "fstring":true, "bytesize":15, "value":"ESOCKTNOSUPPORT", "encoding":"US-ASCII", "memsize":40, "flags":{"wb_protected":true}}
{"address":"0x1019b19a8", "type":"STRING", "slot_size":40, "class":"0x1039feda0", "bytesize":16, "capacity":31, "value":"Errno::ESHUTDOWN", "encoding":"US-ASCII", "memsize":72, "flags":{"wb_protected":true}}
{"address":"0x1019b19d0", "type":"STRING", "slot_size":40, "class":"0x1039feda0", "frozen":true, "embedded":true, "fstring":true, "bytesize":9, "value":"ESHUTDOWN", "encoding":"US-ASCII", "memsize":40, "flags":{"wb_protected":true}}
{"address":"0x1019b19f8", "type":"STRING", "slot_size":40, "class":"0x1039feda0", "bytesize":17, "capacity":31, "value":"Errno::ESHLIBVERS", "encoding":"US-ASCII", "memsize":72, "flags":{"wb_protected":true}}
{"address":"0x1019b1a20", "type":"STRING", "slot_size":40, "class":"0x1039feda0", "frozen":true, "embedded":true, "fstring":true, "bytesize":10, "value":"ESHLIBVERS", "encoding":"US-ASCII", "memsize":40, "flags":{"wb_protected":true}}
{"address":"0x1019b1a48", "type":"STRING", "slot_size":40, "class":"0x1039feda0", "bytesize":19, "capacity":31, "value":"Errno::ERPCMISMATCH", "encoding":"US-ASCII", "memsize":72, "flags":{"wb_protected":true}}
{"address":"0x1019b1a70", "type":"STRING", "slot_size":40, "class":"0x1039feda0", "frozen":true, "embedded":true, "fstring":true, "bytesize":12, "value":"ERPCMISMATCH", "encoding":"US-ASCII", "memsize":40, "flags":{"wb_protected":true}}
{"address":"0x1019b1a98", "type":"STRING", "slot_size":40, "class":"0x1039feda0", "frozen":true, "embedded":true, "fstring":true, "bytesize":12, "value":"Errno::EROFS", "encoding":"US-ASCII", "memsize":40, "flags":{"wb_protected":true}}
{"address":"0x1019b1ac0", "type":"STRING", "slot_size":40, "class":"0x1039feda0", "embedded":true, "bytesize":12, "value":"Errno::EROFS", "encoding":"US-ASCII", "memsize":40, "flags":{"wb_protected":true}}
{"address":"0x1019b1ae8", "type":"STRING", "slot_size":40, "class":"0x1039feda0", "frozen":true, "embedded":true, "fstring":true, "bytesize":5, "value":"EROFS", "encoding":"US-ASCII", "memsize":40, "flags":{"wb_protected":true}}
{"address":"0x1019b1b10", "type":"STRING", "slot_size":40, "class":"0x1039feda0", "frozen":true, "embedded":true, "fstring":true, "bytesize":7, "value":"ERFKILL", "encoding":"US-ASCII", "memsize":40, "flags":{"wb_protected":true}}
{"address":"0x1019b1b38", "type":"STRING", "slot_size":40, "class":"0x1039feda0", "frozen":true, "embedded":true, "fstring":true, "bytesize":8, "value":"ERESTART", "encoding":"US-ASCII", "memsize":40, "flags":{"wb_protected":true}}
{"address":"0x1019b1b60", "type":"STRING", "slot_size":40, "class":"0x1039feda0", "frozen":true, "embedded":true, "fstring":true, "bytesize":9, "value":"EREMOTEIO", "encoding":"US-ASCII", "memsize":40, "flags":{"wb_protected":true}}
{"address":"0x1019b1b88", "type":"STRING", "slot_size":40, "class":"0x1039feda0", "frozen":true, "embedded":true, "fstring":true, "bytesize":14, "value":"Errno::EREMOTE", "encoding":"US-ASCII", "memsize":40, "flags":{"wb_protected":true}}
{"address":"0x1019b1bb0", "type":"STRING", "slot_size":40, "class":"0x1039feda0", "embedded":true, "bytesize":14, "value":"Errno::EREMOTE", "encoding":"US-ASCII", "memsize":40, "flags":{"wb_protected":true}}
{"address":"0x1019b1bd8", "type":"STRING", "slot_size":40, "class":"0x1039feda0", "frozen":true, "embedded":true, "fstring":true, "bytesize":7, "value":"EREMOTE", "encoding":"US-ASCII", "memsize":40, "flags":{"wb_protected":true}}
{"address":"0x1019b1c00", "type":"STRING", "slot_size":40, "class":"0x1039feda0", "frozen":true, "embedded":true, "fstring":true, "bytesize":7, "value":"EREMCHG", "encoding":"US-ASCII", "memsize":40, "flags":{"wb_protected":true}}
{"address":"0x1019b1c28", "type":"STRING", "slot_size":40, "class":"0x1039feda0", "frozen":true, "embedded":true, "fstring":true, "bytesize":13, "value":"Errno::ERANGE", "encoding":"US-ASCII", "memsize":40, "flags":{"wb_protected":true}}
{"address":"0x1019b1c50", "type":"STRING", "slot_size":40, "class":"0x1039feda0", "embedded":true, "bytesize":13, "value":"Errno::ERANGE", "encoding":"US-ASCII", "memsize":40, "flags":{"wb_protected":true}}
{"address":"0x1019b1c78", "type":"STRING", "slot_size":40, "class":"0x1039feda0", "frozen":true, "embedded":true, "fstring":true, "bytesize":6, "value":"ERANGE", "encoding":"US-ASCII", "memsize":40, "flags":{"wb_protected":true}}
{"address":"0x1019b1ca0", "type":"STRING", "slot_size":40, "class":"0x1039feda0", "frozen":true, "embedded":true, "fstring":true, "bytesize":6, "value":"EQFULL", "encoding":"US-ASCII", "memsize":40, "flags":{"wb_protected":true}}
{"address":"0x1019b1cc8", "type":"STRING", "slot_size":40, "class":"0x1039feda0", "frozen":true, "embedded":true, "fstring":true, "bytesize":14, "value":"Errno::EPWROFF", "encoding":"US-ASCII", "memsize":40, "flags":{"wb_protected":true}}
{"address":"0x1019b1cf0", "type":"STRING", "slot_size":40, "class":"0x1039feda0", "embedded":true, "bytesize":14, "value":"Errno::EPWROFF", "encoding":"US-ASCII", "memsize":40, "flags":{"wb_protected":true}}
{"address":"0x1019b1d18", "type":"STRING", "slot_size":40, "class":"0x1039feda0", "frozen":true, "embedded":true, "fstring":true, "bytesize":7, "value":"EPWROFF", "encoding":"US-ASCII", "memsize":40, "flags":{"wb_protected":true}}
{"address":"0x1019b1d40", "type":"STRING", "slot_size":40, "class":"0x1039feda0", "bytesize":17, "capacity":31, "value":"Errno::EPROTOTYPE", "encoding":"US-ASCII", "memsize":72, "flags":{"wb_protected":true}}
{"address":"0x1019b1d68", "type":"STRING", "slot_size":40, "class":"0x1039feda0", "frozen":true, "embedded":true, "fstring":true, "bytesize":10, "value":"EPROTOTYPE", "encoding":"US-ASCII", "memsize":40, "flags":{"wb_protected":true}}
{"address":"0x1019b1d90", "type":"STRING", "slot_size":40, "class":"0x1039feda0", "bytesize":22, "capacity":31, "value":"Errno::EPROTONOSUPPORT", "encoding":"US-ASCII", "memsize":72, "flags":{"wb_protected":true}}
{"address":"0x1019b1db8", "type":"STRING", "slot_size":40, "class":"0x1039feda0", "frozen":true, "embedded":true, "fstring":true, "bytesize":15, "value":"EPROTONOSUPPORT", "encoding":"US-ASCII", "memsize":40, "flags":{"wb_protected":true}}
{"address":"0x1019b1de0", "type":"STRING", "slot_size":40, "class":"0x1039feda0", "frozen":true, "embedded":true, "fstring":true, "bytesize":13, "value":"Errno::EPROTO", "encoding":"US-ASCII", "memsize":40, "flags":{"wb_protected":true}}
{"address":"0x1019b1e08", "type":"STRING", "slot_size":40, "class":"0x1039feda0", "embedded":true, "bytesize":13, "value":"Errno::EPROTO", "encoding":"US-ASCII", "memsize":40, "flags":{"wb_protected":true}}
{"address":"0x1019b1e30", "type":"STRING", "slot_size":40, "class":"0x1039feda0", "frozen":true, "embedded":true, "fstring":true, "bytesize":6, "value":"EPROTO", "encoding":"US-ASCII", "memsize":40, "flags":{"wb_protected":true}}
{"address":"0x1019b1e58", "type":"STRING", "slot_size":40, "class":"0x1039feda0", "bytesize":19, "capacity":31, "value":"Errno::EPROGUNAVAIL", "encoding":"US-ASCII", "memsize":72, "flags":{"wb_protected":true}}
{"address":"0x1019b1e80", "type":"STRING", "slot_size":40, "class":"0x1039feda0", "frozen":true, "embedded":true, "fstring":true, "bytesize":12, "value":"EPROGUNAVAIL", "encoding":"US-ASCII", "memsize":40, "flags":{"wb_protected":true}}
{"address":"0x1019b1ea8", "type":"STRING", "slot_size":40, "class":"0x1039feda0", "bytesize":20, "capacity":31, "value":"Errno::EPROGMISMATCH", "encoding":"US-ASCII", "memsize":72, "flags":{"wb_protected":true}}
{"address":"0x1019b1ed0", "type":"STRING", "slot_size":40, "class":"0x1039feda0", "frozen":true, "embedded":true, "fstring":true, "bytesize":13, "value":"EPROGMISMATCH", "encoding":"US-ASCII", "memsize":40, "flags":{"wb_protected":true}}
{"address":"0x1019b1ef8", "type":"STRING", "slot_size":40, "class":"0x1039feda0", "bytesize":19, "capacity":31, "value":"Errno::EPROCUNAVAIL", "encoding":"US-ASCII", "memsize":72, "flags":{"wb_protected":true}}
{"address":"0x1019b1f20", "type":"STRING", "slot_size":40, "class":"0x1039feda0", "frozen":true, "embedded":true, "fstring":true, "bytesize":12, "value":"EPROCUNAVAIL", "encoding":"US-ASCII", "memsize":40, "flags":{"wb_protected":true}}
{"address":"0x1019b1f48", "type":"STRING", "slot_size":40, "class":"0x1039feda0", "frozen":true, "embedded":true, "fstring":true, "bytesize":15, "value":"Errno::EPROCLIM", "encoding":"US-ASCII", "memsize":40, "flags":{"wb_protected":true}}
{"address":"0x1019b1f70", "type":"STRING", "slot_size":40, "class":"0x1039feda0", "embedded":true, "bytesize":15, "value":"Errno::EPROCLIM", "encoding":"US-ASCII", "memsize":40, "flags":{"wb_protected":true}}
{"address":"0x1019b1f98", "type":"STRING", "slot_size":40, "class":"0x1039feda0", "frozen":true, "embedded":true, "fstring":true, "bytesize":8, "value":"EPROCLIM", "encoding":"US-ASCII", "memsize":40, "flags":{"wb_protected":true}}
{"address":"0x1019b1fc0", "type":"STRING", "slot_size":40, "class":"0x1039feda0", "frozen":true, "embedded":true, "fstring":true, "bytesize":12, "value":"Errno::EPIPE", "encoding":"US-ASCII", "memsize":40, "flags":{"wb_protected":true}}
{"address":"0x1019b1fe8", "type":"STRING", "slot_size":40, "class":"0x1039feda0", "embedded":true, "bytesize":12, "value":"Errno::EPIPE", "encoding":"US-ASCII", "memsize":40, "flags":{"wb_protected":true}}
{"address":"0x1019b2010", "type":"STRING", "slot_size":40, "class":"0x1039feda0", "frozen":true, "embedded":true, "fstring":true, "bytesize":5, "value":"EPIPE", "encoding":"US-ASCII", "memsize":40, "flags":{"wb_protected":true}}
{"address":"0x1019b2038", "type":"STRING", "slot_size":40, "class":"0x1039feda0", "bytesize":19, "capacity":31, "value":"Errno::EPFNOSUPPORT", "encoding":"US-ASCII", "memsize":72, "flags":{"wb_protected":true}}
{"address":"0x1019b2060", "type":"STRING", "slot_size":40, "class":"0x1039feda0", "frozen":true, "embedded":true, "fstring":true, "bytesize":12, "value":"EPFNOSUPPORT", "encoding":"US-ASCII", "memsize":40, "flags":{"wb_protected":true}}
{"address":"0x1019b2088", "type":"STRING", "slot_size":40, "class":"0x1039feda0", "frozen":true, "embedded":true, "fstring":true, "bytesize":12, "value":"Errno::EPERM", "encoding":"US-ASCII", "memsize":40, "flags":{"wb_protected":true}}
{"address":"0x1019b20b0", "type":"STRING", "slot_size":40, "class":"0x1039feda0", "embedded":true, "bytesize":12, "value":"Errno::EPERM", "encoding":"US-ASCII", "memsize":40, "flags":{"wb_protected":true}}
{"address":"0x1019b20d8", "type":"STRING", "slot_size":40, "class":"0x1039feda0", "frozen":true, "embedded":true, "fstring":true, "bytesize":5, "value":"EPERM", "encoding":"US-ASCII", "memsize":40, "flags":{"wb_protected":true}}
{"address":"0x1019b2100", "type":"STRING", "slot_size":40, "class":"0x1039feda0", "bytesize":17, "capacity":31, "value":"Errno::EOWNERDEAD", "encoding":"US-ASCII", "memsize":72, "flags":{"wb_protected":true}}
{"address":"0x1019b2128", "type":"STRING", "slot_size":40, "class":"0x1039feda0", "frozen":true, "embedded":true, "fstring":true, "bytesize":10, "value":"EOWNERDEAD", "encoding":"US-ASCII", "memsize":40, "flags":{"wb_protected":true}}
{"address":"0x1019b2150", "type":"STRING", "slot_size":40, "class":"0x1039feda0", "bytesize":16, "capacity":31, "value":"Errno::EOVERFLOW", "encoding":"US-ASCII", "memsize":72, "flags":{"wb_protected":true}}
{"address":"0x1019b2178", "type":"STRING", "slot_size":40, "class":"0x1039feda0", "frozen":true, "embedded":true, "fstring":true, "bytesize":9, "value":"EOVERFLOW", "encoding":"US-ASCII", "memsize":40, "flags":{"wb_protected":true}}
{"address":"0x1019b21a0", "type":"STRING", "slot_size":40, "class":"0x1039feda0", "bytesize":17, "capacity":31, "value":"Errno::EOPNOTSUPP", "encoding":"US-ASCII", "memsize":72, "flags":{"wb_protected":true}}
{"address":"0x1019b21c8", "type":"STRING", "slot_size":40, "class":"0x1039feda0", "frozen":true, "embedded":true, "fstring":true, "bytesize":10, "value":"EOPNOTSUPP", "encoding":"US-ASCII", "memsize":40, "flags":{"wb_protected":true}}
{"address":"0x1019b21f0", "type":"STRING", "slot_size":40, "class":"0x1039feda0", "frozen":true, "embedded":true, "fstring":true, "bytesize":12, "value":"Errno::ENXIO", "encoding":"US-ASCII", "memsize":40, "flags":{"wb_protected":true}}
{"address":"0x1019b2218", "type":"STRING", "slot_size":40, "class":"0x1039feda0", "embedded":true, "bytesize":12, "value":"Errno::ENXIO", "encoding":"US-ASCII", "memsize":40, "flags":{"wb_protected":true}}
{"address":"0x1019b2240", "type":"STRING", "slot_size":40, "class":"0x1039feda0", "frozen":true, "embedded":true, "fstring":true, "bytesize":5, "value":"ENXIO", "encoding":"US-ASCII", "memsize":40, "flags":{"wb_protected":true}}
{"address":"0x1019b2268", "type":"STRING", "slot_size":40, "class":"0x1039feda0", "frozen":true, "embedded":true, "fstring":true, "bytesize":8, "value":"ENOTUNIQ", "encoding":"US-ASCII", "memsize":40, "flags":{"wb_protected":true}}
{"address":"0x1019b2290", "type":"STRING", "slot_size":40, "class":"0x1039feda0", "frozen":true, "embedded":true, "fstring":true, "bytesize":13, "value":"Errno::ENOTTY", "encoding":"US-ASCII", "memsize":40, "flags":{"wb_protected":true}}
{"address":"0x1019b22b8", "type":"STRING", "slot_size":40, "class":"0x1039feda0", "embedded":true, "bytesize":13, "value":"Errno::ENOTTY", "encoding":"US-ASCII", "memsize":40, "flags":{"wb_protected":true}}
{"address":"0x1019b22e0", "type":"STRING", "slot_size":40, "class":"0x1039feda0", "frozen":true, "embedded":true, "fstring":true, "bytesize":6, "value":"ENOTTY", "encoding":"US-ASCII", "memsize":40, "flags":{"wb_protected":true}}
{"address":"0x1019b2308", "type":"STRING", "slot_size":40, "class":"0x1039feda0", "frozen":true, "embedded":true, "fstring":true, "bytesize":14, "value":"Errno::ENOTSUP", "encoding":"US-ASCII", "memsize":40, "flags":{"wb_protected":true}}
{"address":"0x1019b2330", "type":"STRING", "slot_size":40, "class":"0x1039feda0", "embedded":true, "bytesize":14, "value":"Errno::ENOTSUP", "encoding":"US-ASCII", "memsize":40, "flags":{"wb_protected":true}}
{"address":"0x1019b2358", "type":"STRING", "slot_size":40, "class":"0x1039feda0", "frozen":true, "embedded":true, "fstring":true, "bytesize":7, "value":"ENOTSUP", "encoding":"US-ASCII", "memsize":40, "flags":{"wb_protected":true}}
{"address":"0x1019b2380", "type":"STRING", "slot_size":40, "class":"0x1039feda0", "frozen":true, "embedded":true, "fstring":true, "bytesize":15, "value":"Errno::ENOTSOCK", "encoding":"US-ASCII", "memsize":40, "flags":{"wb_protected":true}}
{"address":"0x1019b23a8", "type":"STRING", "slot_size":40, "class":"0x1039feda0", "embedded":true, "bytesize":15, "value":"Errno::ENOTSOCK", "encoding":"US-ASCII", "memsize":40, "flags":{"wb_protected":true}}
{"address":"0x1019b23d0", "type":"STRING", "slot_size":40, "class":"0x1039feda0", "frozen":true, "embedded":true, "fstring":true, "bytesize":8, "value":"ENOTSOCK", "encoding":"US-ASCII", "memsize":40, "flags":{"wb_protected":true}}
{"address":"0x1019b23f8", "type":"STRING", "slot_size":40, "class":"0x1039feda0", "bytesize":22, "capacity":31, "value":"Errno::ENOTRECOVERABLE", "encoding":"US-ASCII", "memsize":72, "flags":{"wb_protected":true}}
{"address":"0x1019b2420", "type":"STRING", "slot_size":40, "class":"0x1039feda0", "frozen":true, "embedded":true, "fstring":true, "bytesize":15, "value":"ENOTRECOVERABLE", "encoding":"US-ASCII", "memsize":40, "flags":{"wb_protected":true}}
{"address":"0x1019b2448", "type":"STRING", "slot_size":40, "class":"0x1039feda0", "frozen":true, "embedded":true, "fstring":true, "bytesize":7, "value":"ENOTNAM", "encoding":"US-ASCII", "memsize":40, "flags":{"wb_protected":true}}
{"address":"0x1019b2470", "type":"STRING", "slot_size":40, "class":"0x1039feda0", "bytesize":16, "capacity":31, "value":"Errno::ENOTEMPTY", "encoding":"US-ASCII", "memsize":72, "flags":{"wb_protected":true}}
{"address":"0x1019b2498", "type":"STRING", "slot_size":40, "class":"0x1039feda0", "frozen":true, "embedded":true, "fstring":true, "bytesize":9, "value":"ENOTEMPTY", "encoding":"US-ASCII", "memsize":40, "flags":{"wb_protected":true}}
{"address":"0x1019b24c0", "type":"STRING", "slot_size":40, "class":"0x1039feda0", "frozen":true, "embedded":true, "fstring":true, "bytesize":14, "value":"Errno::ENOTDIR", "encoding":"US-ASCII", "memsize":40, "flags":{"wb_protected":true}}
{"address":"0x1019b24e8", "type":"STRING", "slot_size":40, "class":"0x1039feda0", "embedded":true, "bytesize":14, "value":"Errno::ENOTDIR", "encoding":"US-ASCII", "memsize":40, "flags":{"wb_protected":true}}
{"address":"0x1019b2510", "type":"STRING", "slot_size":40, "class":"0x1039feda0", "frozen":true, "embedded":true, "fstring":true, "bytesize":7, "value":"ENOTDIR", "encoding":"US-ASCII", "memsize":40, "flags":{"wb_protected":true}}
{"address":"0x1019b2538", "type":"STRING", "slot_size":40, "class":"0x1039feda0", "frozen":true, "embedded":true, "fstring":true, "bytesize":15, "value":"Errno::ENOTCONN", "encoding":"US-ASCII", "memsize":40, "flags":{"wb_protected":true}}
{"address":"0x1019b2560", "type":"STRING", "slot_size":40, "class":"0x1039feda0", "embedded":true, "bytesize":15, "value":"Errno::ENOTCONN", "encoding":"US-ASCII", "memsize":40, "flags":{"wb_protected":true}}
{"address":"0x1019b2588", "type":"STRING", "slot_size":40, "class":"0x1039feda0", "frozen":true, "embedded":true, "fstring":true, "bytesize":8, "value":"ENOTCONN", "encoding":"US-ASCII", "memsize":40, "flags":{"wb_protected":true}}
{"address":"0x1019b25b0", "type":"STRING", "slot_size":40, "class":"0x1039feda0", "frozen":true, "embedded":true, "fstring":true, "bytesize":11, "value":"ENOTCAPABLE", "encoding":"US-ASCII", "memsize":40, "flags":{"wb_protected":true}}
{"address":"0x1019b25d8", "type":"STRING", "slot_size":40, "class":"0x1039feda0", "frozen":true, "embedded":true, "fstring":true, "bytesize":14, "value":"Errno::ENOTBLK", "encoding":"US-ASCII", "memsize":40, "flags":{"wb_protected":true}}
{"address":"0x1019b2600", "type":"STRING", "slot_size":40, "class":"0x1039feda0", "embedded":true, "bytesize":14, "value":"Errno::ENOTBLK", "encoding":"US-ASCII", "memsize":40, "flags":{"wb_protected":true}}
{"address":"0x1019b2628", "type":"STRING", "slot_size":40, "class":"0x1039feda0", "frozen":true, "embedded":true, "fstring":true, "bytesize":7, "value":"ENOTBLK", "encoding":"US-ASCII", "memsize":40, "flags":{"wb_protected":true}}
{"address":"0x1019b2650", "type":"STRING", "slot_size":40, "class":"0x1039feda0", "frozen":true, "embedded":true, "fstring":true, "bytesize":13, "value":"Errno::ENOSYS", "encoding":"US-ASCII", "memsize":40, "flags":{"wb_protected":true}}
{"address":"0x1019b2678", "type":"STRING", "slot_size":40, "class":"0x1039feda0", "embedded":true, "bytesize":13, "value":"Errno::ENOSYS", "encoding":"US-ASCII", "memsize":40, "flags":{"wb_protected":true}}
{"address":"0x1019b26a0", "type":"STRING", "slot_size":40, "class":"0x1039feda0", "frozen":true, "embedded":true, "fstring":true, "bytesize":6, "value":"ENOSYS", "encoding":"US-ASCII", "memsize":40, "flags":{"wb_protected":true}}
{"address":"0x1019b26c8", "type":"STRING", "slot_size":40, "class":"0x1039feda0", "frozen":true, "embedded":true, "fstring":true, "bytesize":13, "value":"Errno::ENOSTR", "encoding":"US-ASCII", "memsize":40, "flags":{"wb_protected":true}}
{"address":"0x1019b26f0", "type":"STRING", "slot_size":40, "class":"0x1039feda0", "embedded":true, "bytesize":13, "value":"Errno::ENOSTR", "encoding":"US-ASCII", "memsize":40, "flags":{"wb_protected":true}}
{"address":"0x1019b2718", "type":"STRING", "slot_size":40, "class":"0x1039feda0", "frozen":true, "embedded":true, "fstring":true, "bytesize":6, "value":"ENOSTR", "encoding":"US-ASCII", "memsize":40, "flags":{"wb_protected":true}}
{"address":"0x1019b2740", "type":"STRING", "slot_size":40, "class":"0x1039feda0", "frozen":true, "embedded":true, "fstring":true, "bytesize":12, "value":"Errno::ENOSR", "encoding":"US-ASCII", "memsize":40, "flags":{"wb_protected":true}}
{"address":"0x1019b2768", "type":"STRING", "slot_size":40, "class":"0x1039feda0", "embedded":true, "bytesize":12, "value":"Errno::ENOSR", "encoding":"US-ASCII", "memsize":40, "flags":{"wb_protected":true}}
{"address":"0x1019b2790", "type":"STRING", "slot_size":40, "class":"0x1039feda0", "frozen":true, "embedded":true, "fstring":true, "bytesize":5, "value":"ENOSR", "encoding":"US-ASCII", "memsize":40, "flags":{"wb_protected":true}}
{"address":"0x1019b27b8", "type":"STRING", "slot_size":40, "class":"0x1039feda0", "frozen":true, "embedded":true, "fstring":true, "bytesize":13, "value":"Errno::ENOSPC", "encoding":"US-ASCII", "memsize":40, "flags":{"wb_protected":true}}
{"address":"0x1019b27e0", "type":"STRING", "slot_size":40, "class":"0x1039feda0", "embedded":true, "bytesize":13, "value":"Errno::ENOSPC", "encoding":"US-ASCII", "memsize":40, "flags":{"wb_protected":true}}
{"address":"0x1019b2808", "type":"STRING", "slot_size":40, "class":"0x1039feda0", "frozen":true, "embedded":true, "fstring":true, "bytesize":6, "value":"ENOSPC", "encoding":"US-ASCII", "memsize":40, "flags":{"wb_protected":true}}
{"address":"0x1019b2830", "type":"STRING", "slot_size":40, "class":"0x1039feda0", "bytesize":18, "capacity":31, "value":"Errno::ENOPROTOOPT", "encoding":"US-ASCII", "memsize":72, "flags":{"wb_protected":true}}
{"address":"0x1019b2858", "type":"STRING", "slot_size":40, "class":"0x1039feda0", "frozen":true, "embedded":true, "fstring":true, "bytesize":11, "value":"ENOPROTOOPT", "encoding":"US-ASCII", "memsize":40, "flags":{"wb_protected":true}}
{"address":"0x1019b2880", "type":"STRING", "slot_size":40, "class":"0x1039feda0", "bytesize":16, "capacity":31, "value":"Errno::ENOPOLICY", "encoding":"US-ASCII", "memsize":72, "flags":{"wb_protected":true}}
{"address":"0x1019b28a8", "type":"STRING", "slot_size":40, "class":"0x1039feda0", "frozen":true, "embedded":true, "fstring":true, "bytesize":9, "value":"ENOPOLICY", "encoding":"US-ASCII", "memsize":40, "flags":{"wb_protected":true}}
{"address":"0x1019b28d0", "type":"STRING", "slot_size":40, "class":"0x1039feda0", "frozen":true, "embedded":true, "fstring":true, "bytesize":6, "value":"ENOPKG", "encoding":"US-ASCII", "memsize":40, "flags":{"wb_protected":true}}
{"address":"0x1019b28f8", "type":"STRING", "slot_size":40, "class":"0x1039feda0", "frozen":true, "embedded":true, "fstring":true, "bytesize":6, "value":"ENONET", "encoding":"US-ASCII", "memsize":40, "flags":{"wb_protected":true}}
{"address":"0x1019b2920", "type":"STRING", "slot_size":40, "class":"0x1039feda0", "frozen":true, "embedded":true, "fstring":true, "bytesize":13, "value":"Errno::ENOMSG", "encoding":"US-ASCII", "memsize":40, "flags":{"wb_protected":true}}
{"address":"0x1019b2948", "type":"STRING", "slot_size":40, "class":"0x1039feda0", "embedded":true, "bytesize":13, "value":"Errno::ENOMSG", "encoding":"US-ASCII", "memsize":40, "flags":{"wb_protected":true}}
{"address":"0x1019b2970", "type":"STRING", "slot_size":40, "class":"0x1039feda0", "frozen":true, "embedded":true, "fstring":true, "bytesize":6, "value":"ENOMSG", "encoding":"US-ASCII", "memsize":40, "flags":{"wb_protected":true}}
{"address":"0x1019b2998", "type":"STRING", "slot_size":40, "class":"0x1039feda0", "frozen":true, "embedded":true, "fstring":true, "bytesize":13, "value":"Errno::ENOMEM", "encoding":"US-ASCII", "memsize":40, "flags":{"wb_protected":true}}
{"address":"0x1019b29c0", "type":"STRING", "slot_size":40, "class":"0x1039feda0", "embedded":true, "bytesize":13, "value":"Errno::ENOMEM", "encoding":"US-ASCII", "memsize":40, "flags":{"wb_protected":true}}
{"address":"0x1019b29e8", "type":"STRING", "slot_size":40, "class":"0x1039feda0", "frozen":true, "embedded":true, "fstring":true, "bytesize":6, "value":"ENOMEM", "encoding":"US-ASCII", "memsize":40, "flags":{"wb_protected":true}}
{"address":"0x1019b2a10", "type":"STRING", "slot_size":40, "class":"0x1039feda0", "frozen":true, "embedded":true, "fstring":true, "bytesize":9, "value":"ENOMEDIUM", "encoding":"US-ASCII", "memsize":40, "flags":{"wb_protected":true}}
{"address":"0x1019b2a38", "type":"STRING", "slot_size":40, "class":"0x1039feda0", "frozen":true, "embedded":true, "fstring":true, "bytesize":14, "value":"Errno::ENOLINK", "encoding":"US-ASCII", "memsize":40, "flags":{"wb_protected":true}}
{"address":"0x1019b2a60", "type":"STRING", "slot_size":40, "class":"0x1039feda0", "embedded":true, "bytesize":14, "value":"Errno::ENOLINK", "encoding":"US-ASCII", "memsize":40, "flags":{"wb_protected":true}}
{"address":"0x1019b2a88", "type":"STRING", "slot_size":40, "class":"0x1039feda0", "frozen":true, "embedded":true, "fstring":true, "bytesize":7, "value":"ENOLINK", "encoding":"US-ASCII", "memsize":40, "flags":{"wb_protected":true}}
{"address":"0x1019b2ab0", "type":"STRING", "slot_size":40, "class":"0x1039feda0", "frozen":true, "embedded":true, "fstring":true, "bytesize":13, "value":"Errno::ENOLCK", "encoding":"US-ASCII", "memsize":40, "flags":{"wb_protected":true}}
{"address":"0x1019b2ad8", "type":"STRING", "slot_size":40, "class":"0x1039feda0", "embedded":true, "bytesize":13, "value":"Errno::ENOLCK", "encoding":"US-ASCII", "memsize":40, "flags":{"wb_protected":true}}
{"address":"0x1019b2b00", "type":"STRING", "slot_size":40, "class":"0x1039feda0", "frozen":true, "embedded":true, "fstring":true, "bytesize":6, "value":"ENOLCK", "encoding":"US-ASCII", "memsize":40, "flags":{"wb_protected":true}}
{"address":"0x1019b2b28", "type":"STRING", "slot_size":40, "class":"0x1039feda0", "frozen":true, "embedded":true, "fstring":true, "bytesize":6, "value":"ENOKEY", "encoding":"US-ASCII", "memsize":40, "flags":{"wb_protected":true}}
{"address":"0x1019b2b50", "type":"STRING", "slot_size":40, "class":"0x1039feda0", "frozen":true, "embedded":true, "fstring":true, "bytesize":14, "value":"Errno::ENOEXEC", "encoding":"US-ASCII", "memsize":40, "flags":{"wb_protected":true}}
{"address":"0x1019b2b78", "type":"STRING", "slot_size":40, "class":"0x1039feda0", "embedded":true, "bytesize":14, "value":"Errno::ENOEXEC", "encoding":"US-ASCII", "memsize":40, "flags":{"wb_protected":true}}
{"address":"0x1019b2ba0", "type":"STRING", "slot_size":40, "class":"0x1039feda0", "frozen":true, "embedded":true, "fstring":true, "bytesize":7, "value":"ENOEXEC", "encoding":"US-ASCII", "memsize":40, "flags":{"wb_protected":true}}
{"address":"0x1019b2bc8", "type":"STRING", "slot_size":40, "class":"0x1039feda0", "frozen":true, "embedded":true, "fstring":true, "bytesize":13, "value":"Errno::ENOENT", "encoding":"US-ASCII", "memsize":40, "flags":{"wb_protected":true}}
{"address":"0x1019b2bf0", "type":"STRING", "slot_size":40, "class":"0x1039feda0", "embedded":true, "bytesize":13, "value":"Errno::ENOENT", "encoding":"US-ASCII", "memsize":40, "flags":{"wb_protected":true}}
{"address":"0x1019b2c18", "type":"STRING", "slot_size":40, "class":"0x1039feda0", "frozen":true, "embedded":true, "fstring":true, "bytesize":6, "value":"ENOENT", "encoding":"US-ASCII", "memsize":40, "flags":{"wb_protected":true}}
{"address":"0x1019b2c40", "type":"STRING", "slot_size":40, "class":"0x1039feda0", "frozen":true, "embedded":true, "fstring":true, "bytesize":13, "value":"Errno::ENODEV", "encoding":"US-ASCII", "memsize":40, "flags":{"wb_protected":true}}
{"address":"0x1019b2c68", "type":"STRING", "slot_size":40, "class":"0x1039feda0", "embedded":true, "bytesize":13, "value":"Errno::ENODEV", "encoding":"US-ASCII", "memsize":40, "flags":{"wb_protected":true}}
{"address":"0x1019b2c90", "type":"STRING", "slot_size":40, "class":"0x1039feda0", "frozen":true, "embedded":true, "fstring":true, "bytesize":6, "value":"ENODEV", "encoding":"US-ASCII", "memsize":40, "flags":{"wb_protected":true}}
{"address":"0x1019b2cb8", "type":"STRING", "slot_size":40, "class":"0x1039feda0", "frozen":true, "embedded":true, "fstring":true, "bytesize":14, "value":"Errno::ENODATA", "encoding":"US-ASCII", "memsize":40, "flags":{"wb_protected":true}}
{"address":"0x1019b2ce0", "type":"STRING", "slot_size":40, "class":"0x1039feda0", "embedded":true, "bytesize":14, "value":"Errno::ENODATA", "encoding":"US-ASCII", "memsize":40, "flags":{"wb_protected":true}}
{"address":"0x1019b2d08", "type":"STRING", "slot_size":40, "class":"0x1039feda0", "frozen":true, "embedded":true, "fstring":true, "bytesize":7, "value":"ENODATA", "encoding":"US-ASCII", "memsize":40, "flags":{"wb_protected":true}}
{"address":"0x1019b2d30", "type":"STRING", "slot_size":40, "class":"0x1039feda0", "frozen":true, "embedded":true, "fstring":true, "bytesize":6, "value":"ENOCSI", "encoding":"US-ASCII", "memsize":40, "flags":{"wb_protected":true}}
{"address":"0x1019b2d58", "type":"STRING", "slot_size":40, "class":"0x1039feda0", "frozen":true, "embedded":true, "fstring":true, "bytesize":14, "value":"Errno::ENOBUFS", "encoding":"US-ASCII", "memsize":40, "flags":{"wb_protected":true}}
{"address":"0x1019b2d80", "type":"STRING", "slot_size":40, "class":"0x1039feda0", "embedded":true, "bytesize":14, "value":"Errno::ENOBUFS", "encoding":"US-ASCII", "memsize":40, "flags":{"wb_protected":true}}
{"address":"0x1019b2da8", "type":"STRING", "slot_size":40, "class":"0x1039feda0", "frozen":true, "embedded":true, "fstring":true, "bytesize":7, "value":"ENOBUFS", "encoding":"US-ASCII", "memsize":40, "flags":{"wb_protected":true}}
{"address":"0x1019b2dd0", "type":"STRING", "slot_size":40, "class":"0x1039feda0", "frozen":true, "embedded":true, "fstring":true, "bytesize":14, "value":"Errno::ENOATTR", "encoding":"US-ASCII", "memsize":40, "flags":{"wb_protected":true}}
{"address":"0x1019b2df8", "type":"STRING", "slot_size":40, "class":"0x1039feda0", "embedded":true, "bytesize":14, "value":"Errno::ENOATTR", "encoding":"US-ASCII", "memsize":40, "flags":{"wb_protected":true}}
{"address":"0x1019b2e20", "type":"STRING", "slot_size":40, "class":"0x1039feda0", "frozen":true, "embedded":true, "fstring":true, "bytesize":7, "value":"ENOATTR", "encoding":"US-ASCII", "memsize":40, "flags":{"wb_protected":true}}
{"address":"0x1019b2e48", "type":"STRING", "slot_size":40, "class":"0x1039feda0", "frozen":true, "embedded":true, "fstring":true, "bytesize":6, "value":"ENOANO", "encoding":"US-ASCII", "memsize":40, "flags":{"wb_protected":true}}
{"address":"0x1019b2e70", "type":"STRING", "slot_size":40, "class":"0x1039feda0", "frozen":true, "embedded":true, "fstring":true, "bytesize":13, "value":"Errno::ENFILE", "encoding":"US-ASCII", "memsize":40, "flags":{"wb_protected":true}}
{"address":"0x1019b2e98", "type":"STRING", "slot_size":40, "class":"0x1039feda0", "embedded":true, "bytesize":13, "value":"Errno::ENFILE", "encoding":"US-ASCII", "memsize":40, "flags":{"wb_protected":true}}
{"address":"0x1019b2ec0", "type":"STRING", "slot_size":40, "class":"0x1039feda0", "frozen":true, "embedded":true, "fstring":true, "bytesize":6, "value":"ENFILE", "encoding":"US-ASCII", "memsize":40, "flags":{"wb_protected":true}}
{"address":"0x1019b2ee8", "type":"STRING", "slot_size":40, "class":"0x1039feda0", "bytesize":18, "capacity":31, "value":"Errno::ENETUNREACH", "encoding":"US-ASCII", "memsize":72, "flags":{"wb_protected":true}}
{"address":"0x1019b2f10", "type":"STRING", "slot_size":40, "class":"0x1039feda0", "frozen":true, "embedded":true, "fstring":true, "bytesize":11, "value":"ENETUNREACH", "encoding":"US-ASCII", "memsize":40, "flags":{"wb_protected":true}}
{"address":"0x1019b2f38", "type":"STRING", "slot_size":40, "class":"0x1039feda0", "bytesize":16, "capacity":31, "value":"Errno::ENETRESET", "encoding":"US-ASCII", "memsize":72, "flags":{"wb_protected":true}}
{"address":"0x1019b2f60", "type":"STRING", "slot_size":40, "class":"0x1039feda0", "frozen":true, "embedded":true, "fstring":true, "bytesize":9, "value":"ENETRESET", "encoding":"US-ASCII", "memsize":40, "flags":{"wb_protected":true}}
{"address":"0x1019b2f88", "type":"STRING", "slot_size":40, "class":"0x1039feda0", "frozen":true, "embedded":true, "fstring":true, "bytesize":15, "value":"Errno::ENETDOWN", "encoding":"US-ASCII", "memsize":40, "flags":{"wb_protected":true}}
{"address":"0x1019b2fb0", "type":"STRING", "slot_size":40, "class":"0x1039feda0", "embedded":true, "bytesize":15, "value":"Errno::ENETDOWN", "encoding":"US-ASCII", "memsize":40, "flags":{"wb_protected":true}}
{"address":"0x1019b2fd8", "type":"STRING", "slot_size":40, "class":"0x1039feda0", "frozen":true, "embedded":true, "fstring":true, "bytesize":8, "value":"ENETDOWN", "encoding":"US-ASCII", "memsize":40, "flags":{"wb_protected":true}}
{"address":"0x1019b3000", "type":"STRING", "slot_size":40, "class":"0x1039feda0", "bytesize":16, "capacity":31, "value":"Errno::ENEEDAUTH", "encoding":"US-ASCII", "memsize":72, "flags":{"wb_protected":true}}
{"address":"0x1019b3028", "type":"STRING", "slot_size":40, "class":"0x1039feda0", "frozen":true, "embedded":true, "fstring":true, "bytesize":9, "value":"ENEEDAUTH", "encoding":"US-ASCII", "memsize":40, "flags":{"wb_protected":true}}
{"address":"0x1019b3050", "type":"STRING", "slot_size":40, "class":"0x1039feda0", "frozen":true, "embedded":true, "fstring":true, "bytesize":7, "value":"ENAVAIL", "encoding":"US-ASCII", "memsize":40, "flags":{"wb_protected":true}}
{"address":"0x1019b3078", "type":"STRING", "slot_size":40, "class":"0x1039feda0", "bytesize":19, "capacity":31, "value":"Errno::ENAMETOOLONG", "encoding":"US-ASCII", "memsize":72, "flags":{"wb_protected":true}}
{"address":"0x1019b30a0", "type":"STRING", "slot_size":40, "class":"0x1039feda0", "frozen":true, "embedded":true, "fstring":true, "bytesize":12, "value":"ENAMETOOLONG", "encoding":"US-ASCII", "memsize":40, "flags":{"wb_protected":true}}
{"address":"0x1019b30c8", "type":"STRING", "slot_size":40, "class":"0x1039feda0", "bytesize":16, "capacity":31, "value":"Errno::EMULTIHOP", "encoding":"US-ASCII", "memsize":72, "flags":{"wb_protected":true}}
{"address":"0x1019b30f0", "type":"STRING", "slot_size":40, "class":"0x1039feda0", "frozen":true, "embedded":true, "fstring":true, "bytesize":9, "value":"EMULTIHOP", "encoding":"US-ASCII", "memsize":40, "flags":{"wb_protected":true}}
{"address":"0x1019b3118", "type":"STRING", "slot_size":40, "class":"0x1039feda0", "frozen":true, "embedded":true, "fstring":true, "bytesize":15, "value":"Errno::EMSGSIZE", "encoding":"US-ASCII", "memsize":40, "flags":{"wb_protected":true}}
{"address":"0x1019b3140", "type":"STRING", "slot_size":40, "class":"0x1039feda0", "embedded":true, "bytesize":15, "value":"Errno::EMSGSIZE", "encoding":"US-ASCII", "memsize":40, "flags":{"wb_protected":true}}
{"address":"0x1019b3168", "type":"STRING", "slot_size":40, "class":"0x1039feda0", "frozen":true, "embedded":true, "fstring":true, "bytesize":8, "value":"EMSGSIZE", "encoding":"US-ASCII", "memsize":40, "flags":{"wb_protected":true}}
{"address":"0x1019b3190", "type":"STRING", "slot_size":40, "class":"0x1039feda0", "frozen":true, "embedded":true, "fstring":true, "bytesize":13, "value":"Errno::EMLINK", "encoding":"US-ASCII", "memsize":40, "flags":{"wb_protected":true}}
{"address":"0x1019b31b8", "type":"STRING", "slot_size":40, "class":"0x1039feda0", "embedded":true, "bytesize":13, "value":"Errno::EMLINK", "encoding":"US-ASCII", "memsize":40, "flags":{"wb_protected":true}}
{"address":"0x1019b31e0", "type":"STRING", "slot_size":40, "class":"0x1039feda0", "frozen":true, "embedded":true, "fstring":true, "bytesize":6, "value":"EMLINK", "encoding":"US-ASCII", "memsize":40, "flags":{"wb_protected":true}}
{"address":"0x1019b3208", "type":"STRING", "slot_size":40, "class":"0x1039feda0", "frozen":true, "embedded":true, "fstring":true, "bytesize":13, "value":"Errno::EMFILE", "encoding":"US-ASCII", "memsize":40, "flags":{"wb_protected":true}}
{"address":"0x1019b3230", "type":"STRING", "slot_size":40, "class":"0x1039feda0", "embedded":true, "bytesize":13, "value":"Errno::EMFILE", "encoding":"US-ASCII", "memsize":40, "flags":{"wb_protected":true}}
{"address":"0x1019b3258", "type":"STRING", "slot_size":40, "class":"0x1039feda0", "frozen":true, "embedded":true, "fstring":true, "bytesize":6, "value":"EMFILE", "encoding":"US-ASCII", "memsize":40, "flags":{"wb_protected":true}}
{"address":"0x1019b3280", "type":"STRING", "slot_size":40, "class":"0x1039feda0", "frozen":true, "embedded":true, "fstring":true, "bytesize":11, "value":"EMEDIUMTYPE", "encoding":"US-ASCII", "memsize":40, "flags":{"wb_protected":true}}
{"address":"0x1019b32a8", "type":"STRING", "slot_size":40, "class":"0x1039feda0", "frozen":true, "embedded":true, "fstring":true, "bytesize":12, "value":"Errno::ELOOP", "encoding":"US-ASCII", "memsize":40, "flags":{"wb_protected":true}}
{"address":"0x1019b32d0", "type":"STRING", "slot_size":40, "class":"0x1039feda0", "embedded":true, "bytesize":12, "value":"Errno::ELOOP", "encoding":"US-ASCII", "memsize":40, "flags":{"wb_protected":true}}
{"address":"0x1019b32f8", "type":"STRING", "slot_size":40, "class":"0x1039feda0", "frozen":true, "embedded":true, "fstring":true, "bytesize":5, "value":"ELOOP", "encoding":"US-ASCII", "memsize":40, "flags":{"wb_protected":true}}
{"address":"0x1019b3320", "type":"STRING", "slot_size":40, "class":"0x1039feda0", "frozen":true, "embedded":true, "fstring":true, "bytesize":6, "value":"ELNRNG", "encoding":"US-ASCII", "memsize":40, "flags":{"wb_protected":true}}
{"address":"0x1019b3348", "type":"STRING", "slot_size":40, "class":"0x1039feda0", "frozen":true, "embedded":true, "fstring":true, "bytesize":7, "value":"ELIBSCN", "encoding":"US-ASCII", "memsize":40, "flags":{"wb_protected":true}}
{"address":"0x1019b3370", "type":"STRING", "slot_size":40, "class":"0x1039feda0", "frozen":true, "embedded":true, "fstring":true, "bytesize":7, "value":"ELIBMAX", "encoding":"US-ASCII", "memsize":40, "flags":{"wb_protected":true}}
{"address":"0x1019b3398", "type":"STRING", "slot_size":40, "class":"0x1039feda0", "frozen":true, "embedded":true, "fstring":true, "bytesize":8, "value":"ELIBEXEC", "encoding":"US-ASCII", "memsize":40, "flags":{"wb_protected":true}}
{"address":"0x1019b33c0", "type":"STRING", "slot_size":40, "class":"0x1039feda0", "frozen":true, "embedded":true, "fstring":true, "bytesize":7, "value":"ELIBBAD", "encoding":"US-ASCII", "memsize":40, "flags":{"wb_protected":true}}
{"address":"0x1019b33e8", "type":"STRING", "slot_size":40, "class":"0x1039feda0", "frozen":true, "embedded":true, "fstring":true, "bytesize":7, "value":"ELIBACC", "encoding":"US-ASCII", "memsize":40, "flags":{"wb_protected":true}}
{"address":"0x1019b3410", "type":"STRING", "slot_size":40, "class":"0x1039feda0", "frozen":true, "embedded":true, "fstring":true, "bytesize":12, "value":"Errno::ELAST", "encoding":"US-ASCII", "memsize":40, "flags":{"wb_protected":true}}
{"address":"0x1019b3438", "type":"STRING", "slot_size":40, "class":"0x1039feda0", "embedded":true, "bytesize":12, "value":"Errno::ELAST", "encoding":"US-ASCII", "memsize":40, "flags":{"wb_protected":true}}
{"address":"0x1019b3460", "type":"STRING", "slot_size":40, "class":"0x1039feda0", "frozen":true, "embedded":true, "fstring":true, "bytesize":5, "value":"ELAST", "encoding":"US-ASCII", "memsize":40, "flags":{"wb_protected":true}}
{"address":"0x1019b3488", "type":"STRING", "slot_size":40, "class":"0x1039feda0", "frozen":true, "embedded":true, "fstring":true, "bytesize":6, "value":"EL3RST", "encoding":"US-ASCII", "memsize":40, "flags":{"wb_protected":true}}
{"address":"0x1019b34b0", "type":"STRING", "slot_size":40, "class":"0x1039feda0", "frozen":true, "embedded":true, "fstring":true, "bytesize":6, "value":"EL3HLT", "encoding":"US-ASCII", "memsize":40, "flags":{"wb_protected":true}}
{"address":"0x1019b34d8", "type":"STRING", "slot_size":40, "class":"0x1039feda0", "frozen":true, "embedded":true, "fstring":true, "bytesize":8, "value":"EL2NSYNC", "encoding":"US-ASCII", "memsize":40, "flags":{"wb_protected":true}}
{"address":"0x1019b3500", "type":"STRING", "slot_size":40, "class":"0x1039feda0", "frozen":true, "embedded":true, "fstring":true, "bytesize":6, "value":"EL2HLT", "encoding":"US-ASCII", "memsize":40, "flags":{"wb_protected":true}}
{"address":"0x1019b3528", "type":"STRING", "slot_size":40, "class":"0x1039feda0", "frozen":true, "embedded":true, "fstring":true, "bytesize":11, "value":"EKEYREVOKED", "encoding":"US-ASCII", "memsize":40, "flags":{"wb_protected":true}}
{"address":"0x1019b3550", "type":"STRING", "slot_size":40, "class":"0x1039feda0", "frozen":true, "embedded":true, "fstring":true, "bytesize":12, "value":"EKEYREJECTED", "encoding":"US-ASCII", "memsize":40, "flags":{"wb_protected":true}}
{"address":"0x1019b3578", "type":"STRING", "slot_size":40, "class":"0x1039feda0", "frozen":true, "embedded":true, "fstring":true, "bytesize":11, "value":"EKEYEXPIRED", "encoding":"US-ASCII", "memsize":40, "flags":{"wb_protected":true}}
{"address":"0x1019b35a0", "type":"STRING", "slot_size":40, "class":"0x1039feda0", "frozen":true, "embedded":true, "fstring":true, "bytesize":6, "value":"EISNAM", "encoding":"US-ASCII", "memsize":40, "flags":{"wb_protected":true}}
{"address":"0x1019b35c8", "type":"STRING", "slot_size":40, "class":"0x1039feda0", "frozen":true, "embedded":true, "fstring":true, "bytesize":13, "value":"Errno::EISDIR", "encoding":"US-ASCII", "memsize":40, "flags":{"wb_protected":true}}
{"address":"0x1019b35f0", "type":"STRING", "slot_size":40, "class":"0x1039feda0", "embedded":true, "bytesize":13, "value":"Errno::EISDIR", "encoding":"US-ASCII", "memsize":40, "flags":{"wb_protected":true}}
{"address":"0x1019b3618", "type":"STRING", "slot_size":40, "class":"0x1039feda0", "frozen":true, "embedded":true, "fstring":true, "bytesize":6, "value":"EISDIR", "encoding":"US-ASCII", "memsize":40, "flags":{"wb_protected":true}}
{"address":"0x1019b3640", "type":"STRING", "slot_size":40, "class":"0x1039feda0", "frozen":true, "embedded":true, "fstring":true, "bytesize":14, "value":"Errno::EISCONN", "encoding":"US-ASCII", "memsize":40, "flags":{"wb_protected":true}}
{"address":"0x1019b3668", "type":"STRING", "slot_size":40, "class":"0x1039feda0", "embedded":true, "bytesize":14, "value":"Errno::EISCONN", "encoding":"US-ASCII", "memsize":40, "flags":{"wb_protected":true}}
{"address":"0x1019b3690", "type":"STRING", "slot_size":40, "class":"0x1039feda0", "frozen":true, "embedded":true, "fstring":true, "bytesize":7, "value":"EISCONN", "encoding":"US-ASCII", "memsize":40, "flags":{"wb_protected":true}}
{"address":"0x1019b36b8", "type":"STRING", "slot_size":40, "class":"0x1039feda0", "frozen":true, "embedded":true, "fstring":true, "bytesize":6, "value":"EIPSEC", "encoding":"US-ASCII", "memsize":40, "flags":{"wb_protected":true}}
{"address":"0x1019b36e0", "type":"STRING", "slot_size":40, "class":"0x1039feda0", "frozen":true, "embedded":true, "fstring":true, "bytesize":10, "value":"Errno::EIO", "encoding":"US-ASCII", "memsize":40, "flags":{"wb_protected":true}}
{"address":"0x1019b3708", "type":"STRING", "slot_size":40, "class":"0x1039feda0", "embedded":true, "bytesize":10, "value":"Errno::EIO", "encoding":"US-ASCII", "memsize":40, "flags":{"wb_protected":true}}
{"address":"0x1019b3730", "type":"STRING", "slot_size":40, "class":"0x1039feda0", "frozen":true, "embedded":true, "fstring":true, "bytesize":3, "value":"EIO", "encoding":"US-ASCII", "memsize":40, "flags":{"wb_protected":true}}
{"address":"0x1019b3758", "type":"STRING", "slot_size":40, "class":"0x1039feda0", "frozen":true, "embedded":true, "fstring":true, "bytesize":13, "value":"Errno::EINVAL", "encoding":"US-ASCII", "memsize":40, "flags":{"wb_protected":true}}
{"address":"0x1019b3780", "type":"STRING", "slot_size":40, "class":"0x1039feda0", "embedded":true, "bytesize":13, "value":"Errno::EINVAL", "encoding":"US-ASCII", "memsize":40, "flags":{"wb_protected":true}}
{"address":"0x1019b37a8", "type":"STRING", "slot_size":40, "class":"0x1039feda0", "frozen":true, "embedded":true, "fstring":true, "bytesize":6, "value":"EINVAL", "encoding":"US-ASCII", "memsize":40, "flags":{"wb_protected":true}}
{"address":"0x1019b37d0", "type":"STRING", "slot_size":40, "class":"0x1039feda0", "frozen":true, "embedded":true, "fstring":true, "bytesize":12, "value":"Errno::EINTR", "encoding":"US-ASCII", "memsize":40, "flags":{"wb_protected":true}}
{"address":"0x1019b37f8", "type":"STRING", "slot_size":40, "class":"0x1039feda0", "embedded":true, "bytesize":12, "value":"Errno::EINTR", "encoding":"US-ASCII", "memsize":40, "flags":{"wb_protected":true}}
{"address":"0x1019b3820", "type":"STRING", "slot_size":40, "class":"0x1039feda0", "frozen":true, "embedded":true, "fstring":true, "bytesize":5, "value":"EINTR", "encoding":"US-ASCII", "memsize":40, "flags":{"wb_protected":true}}
{"address":"0x1019b3848", "type":"STRING", "slot_size":40, "class":"0x1039feda0", "bytesize":18, "capacity":31, "value":"Errno::EINPROGRESS", "encoding":"US-ASCII", "memsize":72, "flags":{"wb_protected":true}}
{"address":"0x1019b3870", "type":"STRING", "slot_size":40, "class":"0x1039feda0", "frozen":true, "embedded":true, "fstring":true, "bytesize":11, "value":"EINPROGRESS", "encoding":"US-ASCII", "memsize":40, "flags":{"wb_protected":true}}
{"address":"0x1019b3898", "type":"STRING", "slot_size":40, "class":"0x1039feda0", "frozen":true, "embedded":true, "fstring":true, "bytesize":13, "value":"Errno::EILSEQ", "encoding":"US-ASCII", "memsize":40, "flags":{"wb_protected":true}}
{"address":"0x1019b38c0", "type":"STRING", "slot_size":40, "class":"0x1039feda0", "embedded":true, "bytesize":13, "value":"Errno::EILSEQ", "encoding":"US-ASCII", "memsize":40, "flags":{"wb_protected":true}}
{"address":"0x1019b38e8", "type":"STRING", "slot_size":40, "class":"0x1039feda0", "frozen":true, "embedded":true, "fstring":true, "bytesize":6, "value":"EILSEQ", "encoding":"US-ASCII", "memsize":40, "flags":{"wb_protected":true}}
{"address":"0x1019b3910", "type":"STRING", "slot_size":40, "class":"0x1039feda0", "frozen":true, "embedded":true, "fstring":true, "bytesize":12, "value":"Errno::EIDRM", "encoding":"US-ASCII", "memsize":40, "flags":{"wb_protected":true}}
{"address":"0x1019b3938", "type":"STRING", "slot_size":40, "class":"0x1039feda0", "embedded":true, "bytesize":12, "value":"Errno::EIDRM", "encoding":"US-ASCII", "memsize":40, "flags":{"wb_protected":true}}
{"address":"0x1019b3960", "type":"STRING", "slot_size":40, "class":"0x1039feda0", "frozen":true, "embedded":true, "fstring":true, "bytesize":5, "value":"EIDRM", "encoding":"US-ASCII", "memsize":40, "flags":{"wb_protected":true}}
{"address":"0x1019b3988", "type":"STRING", "slot_size":40, "class":"0x1039feda0", "frozen":true, "embedded":true, "fstring":true, "bytesize":9, "value":"EHWPOISON", "encoding":"US-ASCII", "memsize":40, "flags":{"wb_protected":true}}
{"address":"0x1019b39b0", "type":"STRING", "slot_size":40, "class":"0x1039feda0", "bytesize":19, "capacity":31, "value":"Errno::EHOSTUNREACH", "encoding":"US-ASCII", "memsize":72, "flags":{"wb_protected":true}}
{"address":"0x1019b39d8", "type":"STRING", "slot_size":40, "class":"0x1039feda0", "frozen":true, "embedded":true, "fstring":true, "bytesize":12, "value":"EHOSTUNREACH", "encoding":"US-ASCII", "memsize":40, "flags":{"wb_protected":true}}
{"address":"0x1019b3a00", "type":"STRING", "slot_size":40, "class":"0x1039feda0", "bytesize":16, "capacity":31, "value":"Errno::EHOSTDOWN", "encoding":"US-ASCII", "memsize":72, "flags":{"wb_protected":true}}
{"address":"0x1019b3a28", "type":"STRING", "slot_size":40, "class":"0x1039feda0", "frozen":true, "embedded":true, "fstring":true, "bytesize":9, "value":"EHOSTDOWN", "encoding":"US-ASCII", "memsize":40, "flags":{"wb_protected":true}}
{"address":"0x1019b3a50", "type":"STRING", "slot_size":40, "class":"0x1039feda0", "frozen":true, "embedded":true, "fstring":true, "bytesize":13, "value":"Errno::EFTYPE", "encoding":"US-ASCII", "memsize":40, "flags":{"wb_protected":true}}
{"address":"0x1019b3a78", "type":"STRING", "slot_size":40, "class":"0x1039feda0", "embedded":true, "bytesize":13, "value":"Errno::EFTYPE", "encoding":"US-ASCII", "memsize":40, "flags":{"wb_protected":true}}
{"address":"0x1019b3aa0", "type":"STRING", "slot_size":40, "class":"0x1039feda0", "frozen":true, "embedded":true, "fstring":true, "bytesize":6, "value":"EFTYPE", "encoding":"US-ASCII", "memsize":40, "flags":{"wb_protected":true}}
{"address":"0x1019b3ac8", "type":"STRING", "slot_size":40, "class":"0x1039feda0", "frozen":true, "embedded":true, "fstring":true, "bytesize":12, "value":"Errno::EFBIG", "encoding":"US-ASCII", "memsize":40, "flags":{"wb_protected":true}}
{"address":"0x1019b3af0", "type":"STRING", "slot_size":40, "class":"0x1039feda0", "embedded":true, "bytesize":12, "value":"Errno::EFBIG", "encoding":"US-ASCII", "memsize":40, "flags":{"wb_protected":true}}
{"address":"0x1019b3b18", "type":"STRING", "slot_size":40, "class":"0x1039feda0", "frozen":true, "embedded":true, "fstring":true, "bytesize":5, "value":"EFBIG", "encoding":"US-ASCII", "memsize":40, "flags":{"wb_protected":true}}
{"address":"0x1019b3b40", "type":"STRING", "slot_size":40, "class":"0x1039feda0", "frozen":true, "embedded":true, "fstring":true, "bytesize":13, "value":"Errno::EFAULT", "encoding":"US-ASCII", "memsize":40, "flags":{"wb_protected":true}}
{"address":"0x1019b3b68", "type":"STRING", "slot_size":40, "class":"0x1039feda0", "embedded":true, "bytesize":13, "value":"Errno::EFAULT", "encoding":"US-ASCII", "memsize":40, "flags":{"wb_protected":true}}
{"address":"0x1019b3b90", "type":"STRING", "slot_size":40, "class":"0x1039feda0", "frozen":true, "embedded":true, "fstring":true, "bytesize":6, "value":"EFAULT", "encoding":"US-ASCII", "memsize":40, "flags":{"wb_protected":true}}
{"address":"0x1019b3bb8", "type":"STRING", "slot_size":40, "class":"0x1039feda0", "frozen":true, "embedded":true, "fstring":true, "bytesize":13, "value":"Errno::EEXIST", "encoding":"US-ASCII", "memsize":40, "flags":{"wb_protected":true}}
{"address":"0x1019b3be0", "type":"STRING", "slot_size":40, "class":"0x1039feda0", "embedded":true, "bytesize":13, "value":"Errno::EEXIST", "encoding":"US-ASCII", "memsize":40, "flags":{"wb_protected":true}}
{"address":"0x1019b3c08", "type":"STRING", "slot_size":40, "class":"0x1039feda0", "frozen":true, "embedded":true, "fstring":true, "bytesize":6, "value":"EEXIST", "encoding":"US-ASCII", "memsize":40, "flags":{"wb_protected":true}}
{"address":"0x1019b3c30", "type":"STRING", "slot_size":40, "class":"0x1039feda0", "frozen":true, "embedded":true, "fstring":true, "bytesize":13, "value":"Errno::EDQUOT", "encoding":"US-ASCII", "memsize":40, "flags":{"wb_protected":true}}
{"address":"0x1019b3c58", "type":"STRING", "slot_size":40, "class":"0x1039feda0", "embedded":true, "bytesize":13, "value":"Errno::EDQUOT", "encoding":"US-ASCII", "memsize":40, "flags":{"wb_protected":true}}
{"address":"0x1019b3c80", "type":"STRING", "slot_size":40, "class":"0x1039feda0", "frozen":true, "embedded":true, "fstring":true, "bytesize":6, "value":"EDQUOT", "encoding":"US-ASCII", "memsize":40, "flags":{"wb_protected":true}}
{"address":"0x1019b3ca8", "type":"STRING", "slot_size":40, "class":"0x1039feda0", "frozen":true, "embedded":true, "fstring":true, "bytesize":7, "value":"EDOTDOT", "encoding":"US-ASCII", "memsize":40, "flags":{"wb_protected":true}}
{"address":"0x1019b3cd0", "type":"STRING", "slot_size":40, "class":"0x1039feda0", "frozen":true, "embedded":true, "fstring":true, "bytesize":7, "value":"EDOOFUS", "encoding":"US-ASCII", "memsize":40, "flags":{"wb_protected":true}}
{"address":"0x1019b3cf8", "type":"STRING", "slot_size":40, "class":"0x1039feda0", "frozen":true, "embedded":true, "fstring":true, "bytesize":11, "value":"Errno::EDOM", "encoding":"US-ASCII", "memsize":40, "flags":{"wb_protected":true}}
{"address":"0x1019b3d20", "type":"STRING", "slot_size":40, "class":"0x1039feda0", "embedded":true, "bytesize":11, "value":"Errno::EDOM", "encoding":"US-ASCII", "memsize":40, "flags":{"wb_protected":true}}
{"address":"0x1019b3d48", "type":"STRING", "slot_size":40, "class":"0x1039feda0", "frozen":true, "embedded":true, "fstring":true, "bytesize":4, "value":"EDOM", "encoding":"US-ASCII", "memsize":40, "flags":{"wb_protected":true}}
{"address":"0x1019b3d70", "type":"STRING", "slot_size":40, "class":"0x1039feda0", "frozen":true, "embedded":true, "fstring":true, "bytesize":14, "value":"Errno::EDEVERR", "encoding":"US-ASCII", "memsize":40, "flags":{"wb_protected":true}}
{"address":"0x1019b3d98", "type":"STRING", "slot_size":40, "class":"0x1039feda0", "embedded":true, "bytesize":14, "value":"Errno::EDEVERR", "encoding":"US-ASCII", "memsize":40, "flags":{"wb_protected":true}}
{"address":"0x1019b3dc0", "type":"STRING", "slot_size":40, "class":"0x1039feda0", "frozen":true, "embedded":true, "fstring":true, "bytesize":7, "value":"EDEVERR", "encoding":"US-ASCII", "memsize":40, "flags":{"wb_protected":true}}
{"address":"0x1019b3de8", "type":"STRING", "slot_size":40, "class":"0x1039feda0", "bytesize":19, "capacity":31, "value":"Errno::EDESTADDRREQ", "encoding":"US-ASCII", "memsize":72, "flags":{"wb_protected":true}}
{"address":"0x1019b3e10", "type":"STRING", "slot_size":40, "class":"0x1039feda0", "frozen":true, "embedded":true, "fstring":true, "bytesize":12, "value":"EDESTADDRREQ", "encoding":"US-ASCII", "memsize":40, "flags":{"wb_protected":true}}
{"address":"0x1019b3e38", "type":"STRING", "slot_size":40, "class":"0x1039feda0", "frozen":true, "embedded":true, "fstring":true, "bytesize":9, "value":"EDEADLOCK", "encoding":"US-ASCII", "memsize":40, "flags":{"wb_protected":true}}
{"address":"0x1019b3e60", "type":"STRING", "slot_size":40, "class":"0x1039feda0", "frozen":true, "embedded":true, "fstring":true, "bytesize":14, "value":"Errno::EDEADLK", "encoding":"US-ASCII", "memsize":40, "flags":{"wb_protected":true}}
{"address":"0x1019b3e88", "type":"STRING", "slot_size":40, "class":"0x1039feda0", "embedded":true, "bytesize":14, "value":"Errno::EDEADLK", "encoding":"US-ASCII", "memsize":40, "flags":{"wb_protected":true}}
{"address":"0x1019b3eb0", "type":"STRING", "slot_size":40, "class":"0x1039feda0", "frozen":true, "embedded":true, "fstring":true, "bytesize":7, "value":"EDEADLK", "encoding":"US-ASCII", "memsize":40, "flags":{"wb_protected":true}}
{"address":"0x1019b3ed8", "type":"STRING", "slot_size":40, "class":"0x1039feda0", "bytesize":17, "capacity":31, "value":"Errno::ECONNRESET", "encoding":"US-ASCII", "memsize":72, "flags":{"wb_protected":true}}
{"address":"0x1019b3f00", "type":"STRING", "slot_size":40, "class":"0x1039feda0", "frozen":true, "embedded":true, "fstring":true, "bytesize":10, "value":"ECONNRESET", "encoding":"US-ASCII", "memsize":40, "flags":{"wb_protected":true}}
{"address":"0x1019b3f28", "type":"STRING", "slot_size":40, "class":"0x1039feda0", "bytesize":19, "capacity":31, "value":"Errno::ECONNREFUSED", "encoding":"US-ASCII", "memsize":72, "flags":{"wb_protected":true}}
{"address":"0x1019b3f50", "type":"STRING", "slot_size":40, "class":"0x1039feda0", "frozen":true, "embedded":true, "fstring":true, "bytesize":12, "value":"ECONNREFUSED", "encoding":"US-ASCII", "memsize":40, "flags":{"wb_protected":true}}
{"address":"0x1019b3f78", "type":"STRING", "slot_size":40, "class":"0x1039feda0", "bytesize":19, "capacity":31, "value":"Errno::ECONNABORTED", "encoding":"US-ASCII", "memsize":72, "flags":{"wb_protected":true}}
{"address":"0x1019b3fa0", "type":"STRING", "slot_size":40, "class":"0x1039feda0", "frozen":true, "embedded":true, "fstring":true, "bytesize":12, "value":"ECONNABORTED", "encoding":"US-ASCII", "memsize":40, "flags":{"wb_protected":true}}
{"address":"0x1019b3fc8", "type":"STRING", "slot_size":40, "class":"0x1039feda0", "frozen":true, "embedded":true, "fstring":true, "bytesize":5, "value":"ECOMM", "encoding":"US-ASCII", "memsize":40, "flags":{"wb_protected":true}}
{"address":"0x1019b3ff0", "type":"STRING", "slot_size":40, "class":"0x1039feda0", "frozen":true, "embedded":true, "fstring":true, "bytesize":6, "value":"ECHRNG", "encoding":"US-ASCII", "memsize":40, "flags":{"wb_protected":true}}
{"address":"0x1019b4018", "type":"STRING", "slot_size":40, "class":"0x1039feda0", "frozen":true, "embedded":true, "fstring":true, "bytesize":13, "value":"Errno::ECHILD", "encoding":"US-ASCII", "memsize":40, "flags":{"wb_protected":true}}
{"address":"0x1019b4040", "type":"STRING", "slot_size":40, "class":"0x1039feda0", "embedded":true, "bytesize":13, "value":"Errno::ECHILD", "encoding":"US-ASCII", "memsize":40, "flags":{"wb_protected":true}}
{"address":"0x1019b4068", "type":"STRING", "slot_size":40, "class":"0x1039feda0", "frozen":true, "embedded":true, "fstring":true, "bytesize":6, "value":"ECHILD", "encoding":"US-ASCII", "memsize":40, "flags":{"wb_protected":true}}
{"address":"0x1019b4090", "type":"STRING", "slot_size":40, "class":"0x1039feda0", "frozen":true, "embedded":true, "fstring":true, "bytesize":8, "value":"ECAPMODE", "encoding":"US-ASCII", "memsize":40, "flags":{"wb_protected":true}}
{"address":"0x1019b40b8", "type":"STRING", "slot_size":40, "class":"0x1039feda0", "bytesize":16, "capacity":31, "value":"Errno::ECANCELED", "encoding":"US-ASCII", "memsize":72, "flags":{"wb_protected":true}}
{"address":"0x1019b40e0", "type":"STRING", "slot_size":40, "class":"0x1039feda0", "frozen":true, "embedded":true, "fstring":true, "bytesize":9, "value":"ECANCELED", "encoding":"US-ASCII", "memsize":40, "flags":{"wb_protected":true}}
{"address":"0x1019b4108", "type":"STRING", "slot_size":40, "class":"0x1039feda0", "frozen":true, "embedded":true, "fstring":true, "bytesize":12, "value":"Errno::EBUSY", "encoding":"US-ASCII", "memsize":40, "flags":{"wb_protected":true}}
{"address":"0x1019b4130", "type":"STRING", "slot_size":40, "class":"0x1039feda0", "embedded":true, "bytesize":12, "value":"Errno::EBUSY", "encoding":"US-ASCII", "memsize":40, "flags":{"wb_protected":true}}
{"address":"0x1019b4158", "type":"STRING", "slot_size":40, "class":"0x1039feda0", "frozen":true, "embedded":true, "fstring":true, "bytesize":5, "value":"EBUSY", "encoding":"US-ASCII", "memsize":40, "flags":{"wb_protected":true}}
{"address":"0x1019b4180", "type":"STRING", "slot_size":40, "class":"0x1039feda0", "frozen":true, "embedded":true, "fstring":true, "bytesize":6, "value":"EBFONT", "encoding":"US-ASCII", "memsize":40, "flags":{"wb_protected":true}}
{"address":"0x1019b41a8", "type":"STRING", "slot_size":40, "class":"0x1039feda0", "frozen":true, "embedded":true, "fstring":true, "bytesize":7, "value":"EBADSLT", "encoding":"US-ASCII", "memsize":40, "flags":{"wb_protected":true}}
{"address":"0x1019b41d0", "type":"STRING", "slot_size":40, "class":"0x1039feda0", "frozen":true, "embedded":true, "fstring":true, "bytesize":7, "value":"EBADRQC", "encoding":"US-ASCII", "memsize":40, "flags":{"wb_protected":true}}
{"address":"0x1019b41f8", "type":"STRING", "slot_size":40, "class":"0x1039feda0", "frozen":true, "embedded":true, "fstring":true, "bytesize":14, "value":"Errno::EBADRPC", "encoding":"US-ASCII", "memsize":40, "flags":{"wb_protected":true}}
{"address":"0x1019b4220", "type":"STRING", "slot_size":40, "class":"0x1039feda0", "embedded":true, "bytesize":14, "value":"Errno::EBADRPC", "encoding":"US-ASCII", "memsize":40, "flags":{"wb_protected":true}}
{"address":"0x1019b4248", "type":"STRING", "slot_size":40, "class":"0x1039feda0", "frozen":true, "embedded":true, "fstring":true, "bytesize":7, "value":"EBADRPC", "encoding":"US-ASCII", "memsize":40, "flags":{"wb_protected":true}}
{"address":"0x1019b4270", "type":"STRING", "slot_size":40, "class":"0x1039feda0", "frozen":true, "embedded":true, "fstring":true, "bytesize":5, "value":"EBADR", "encoding":"US-ASCII", "memsize":40, "flags":{"wb_protected":true}}
{"address":"0x1019b4298", "type":"STRING", "slot_size":40, "class":"0x1039feda0", "frozen":true, "embedded":true, "fstring":true, "bytesize":14, "value":"Errno::EBADMSG", "encoding":"US-ASCII", "memsize":40, "flags":{"wb_protected":true}}
{"address":"0x1019b42c0", "type":"STRING", "slot_size":40, "class":"0x1039feda0", "embedded":true, "bytesize":14, "value":"Errno::EBADMSG", "encoding":"US-ASCII", "memsize":40, "flags":{"wb_protected":true}}
{"address":"0x1019b42e8", "type":"STRING", "slot_size":40, "class":"0x1039feda0", "frozen":true, "embedded":true, "fstring":true, "bytesize":7, "value":"EBADMSG", "encoding":"US-ASCII", "memsize":40, "flags":{"wb_protected":true}}
{"address":"0x1019b4310", "type":"STRING", "slot_size":40, "class":"0x1039feda0", "bytesize":16, "capacity":31, "value":"Errno::EBADMACHO", "encoding":"US-ASCII", "memsize":72, "flags":{"wb_protected":true}}
{"address":"0x1019b4338", "type":"STRING", "slot_size":40, "class":"0x1039feda0", "frozen":true, "embedded":true, "fstring":true, "bytesize":9, "value":"EBADMACHO", "encoding":"US-ASCII", "memsize":40, "flags":{"wb_protected":true}}
{"address":"0x1019b4360", "type":"STRING", "slot_size":40, "class":"0x1039feda0", "frozen":true, "embedded":true, "fstring":true, "bytesize":6, "value":"EBADFD", "encoding":"US-ASCII", "memsize":40, "flags":{"wb_protected":true}}
{"address":"0x1019b4388", "type":"STRING", "slot_size":40, "class":"0x1039feda0", "frozen":true, "embedded":true, "fstring":true, "bytesize":12, "value":"Errno::EBADF", "encoding":"US-ASCII", "memsize":40, "flags":{"wb_protected":true}}
{"address":"0x1019b43b0", "type":"STRING", "slot_size":40, "class":"0x1039feda0", "embedded":true, "bytesize":12, "value":"Errno::EBADF", "encoding":"US-ASCII", "memsize":40, "flags":{"wb_protected":true}}
{"address":"0x1019b43d8", "type":"STRING", "slot_size":40, "class":"0x1039feda0", "frozen":true, "embedded":true, "fstring":true, "bytesize":5, "value":"EBADF", "encoding":"US-ASCII", "memsize":40, "flags":{"wb_protected":true}}
{"address":"0x1019b4400", "type":"STRING", "slot_size":40, "class":"0x1039feda0", "frozen":true, "embedded":true, "fstring":true, "bytesize":15, "value":"Errno::EBADEXEC", "encoding":"US-ASCII", "memsize":40, "flags":{"wb_protected":true}}
{"address":"0x1019b4428", "type":"STRING", "slot_size":40, "class":"0x1039feda0", "embedded":true, "bytesize":15, "value":"Errno::EBADEXEC", "encoding":"US-ASCII", "memsize":40, "flags":{"wb_protected":true}}
{"address":"0x1019b4450", "type":"STRING", "slot_size":40, "class":"0x1039feda0", "frozen":true, "embedded":true, "fstring":true, "bytesize":8, "value":"EBADEXEC", "encoding":"US-ASCII", "memsize":40, "flags":{"wb_protected":true}}
{"address":"0x1019b4478", "type":"STRING", "slot_size":40, "class":"0x1039feda0", "frozen":true, "embedded":true, "fstring":true, "bytesize":5, "value":"EBADE", "encoding":"US-ASCII", "memsize":40, "flags":{"wb_protected":true}}
{"address":"0x1019b44a0", "type":"STRING", "slot_size":40, "class":"0x1039feda0", "frozen":true, "embedded":true, "fstring":true, "bytesize":15, "value":"Errno::EBADARCH", "encoding":"US-ASCII", "memsize":40, "flags":{"wb_protected":true}}
{"address":"0x1019b44c8", "type":"STRING", "slot_size":40, "class":"0x1039feda0", "embedded":true, "bytesize":15, "value":"Errno::EBADARCH", "encoding":"US-ASCII", "memsize":40, "flags":{"wb_protected":true}}
{"address":"0x1019b44f0", "type":"STRING", "slot_size":40, "class":"0x1039feda0", "frozen":true, "embedded":true, "fstring":true, "bytesize":8, "value":"EBADARCH", "encoding":"US-ASCII", "memsize":40, "flags":{"wb_protected":true}}
{"address":"0x1019b4518", "type":"STRING", "slot_size":40, "class":"0x1039feda0", "frozen":true, "embedded":true, "fstring":true, "bytesize":12, "value":"Errno::EAUTH", "encoding":"US-ASCII", "memsize":40, "flags":{"wb_protected":true}}
{"address":"0x1019b4540", "type":"STRING", "slot_size":40, "class":"0x1039feda0", "embedded":true, "bytesize":12, "value":"Errno::EAUTH", "encoding":"US-ASCII", "memsize":40, "flags":{"wb_protected":true}}
{"address":"0x1019b4568", "type":"STRING", "slot_size":40, "class":"0x1039feda0", "frozen":true, "embedded":true, "fstring":true, "bytesize":5, "value":"EAUTH", "encoding":"US-ASCII", "memsize":40, "flags":{"wb_protected":true}}
{"address":"0x1019b4590", "type":"STRING", "slot_size":40, "class":"0x1039feda0", "frozen":true, "embedded":true, "fstring":true, "bytesize":15, "value":"Errno::EALREADY", "encoding":"US-ASCII", "memsize":40, "flags":{"wb_protected":true}}
{"address":"0x1019b45b8", "type":"STRING", "slot_size":40, "class":"0x1039feda0", "embedded":true, "bytesize":15, "value":"Errno::EALREADY", "encoding":"US-ASCII", "memsize":40, "flags":{"wb_protected":true}}
{"address":"0x1019b45e0", "type":"STRING", "slot_size":40, "class":"0x1039feda0", "frozen":true, "embedded":true, "fstring":true, "bytesize":8, "value":"EALREADY", "encoding":"US-ASCII", "memsize":40, "flags":{"wb_protected":true}}
{"address":"0x1019b4608", "type":"STRING", "slot_size":40, "class":"0x1039feda0", "frozen":true, "embedded":true, "fstring":true, "bytesize":13, "value":"Errno::EAGAIN", "encoding":"US-ASCII", "memsize":40, "flags":{"wb_protected":true}}
{"address":"0x1019b4630", "type":"STRING", "slot_size":40, "class":"0x1039feda0", "embedded":true, "bytesize":13, "value":"Errno::EAGAIN", "encoding":"US-ASCII", "memsize":40, "flags":{"wb_protected":true}}
{"address":"0x1019b4658", "type":"STRING", "slot_size":40, "class":"0x1039feda0", "frozen":true, "embedded":true, "fstring":true, "bytesize":6, "value":"EAGAIN", "encoding":"US-ASCII", "memsize":40, "flags":{"wb_protected":true}}
{"address":"0x1019b4680", "type":"STRING", "slot_size":40, "class":"0x1039feda0", "bytesize":19, "capacity":31, "value":"Errno::EAFNOSUPPORT", "encoding":"US-ASCII", "memsize":72, "flags":{"wb_protected":true}}
{"address":"0x1019b46a8", "type":"STRING", "slot_size":40, "class":"0x1039feda0", "frozen":true, "embedded":true, "fstring":true, "bytesize":12, "value":"EAFNOSUPPORT", "encoding":"US-ASCII", "memsize":40, "flags":{"wb_protected":true}}
{"address":"0x1019b46d0", "type":"STRING", "slot_size":40, "class":"0x1039feda0", "frozen":true, "embedded":true, "fstring":true, "bytesize":4, "value":"EADV", "encoding":"US-ASCII", "memsize":40, "flags":{"wb_protected":true}}
{"address":"0x1019b46f8", "type":"STRING", "slot_size":40, "class":"0x1039feda0", "bytesize":20, "capacity":31, "value":"Errno::EADDRNOTAVAIL", "encoding":"US-ASCII", "memsize":72, "flags":{"wb_protected":true}}
{"address":"0x1019b4720", "type":"STRING", "slot_size":40, "class":"0x1039feda0", "frozen":true, "embedded":true, "fstring":true, "bytesize":13, "value":"EADDRNOTAVAIL", "encoding":"US-ASCII", "memsize":40, "flags":{"wb_protected":true}}
{"address":"0x1019b4748", "type":"STRING", "slot_size":40, "class":"0x1039feda0", "bytesize":17, "capacity":31, "value":"Errno::EADDRINUSE", "encoding":"US-ASCII", "memsize":72, "flags":{"wb_protected":true}}
{"address":"0x1019b4770", "type":"STRING", "slot_size":40, "class":"0x1039feda0", "frozen":true, "embedded":true, "fstring":true, "bytesize":10, "value":"EADDRINUSE", "encoding":"US-ASCII", "memsize":40, "flags":{"wb_protected":true}}
{"address":"0x1019b4798", "type":"STRING", "slot_size":40, "class":"0x1039feda0", "frozen":true, "embedded":true, "fstring":true, "bytesize":13, "value":"Errno::EACCES", "encoding":"US-ASCII", "memsize":40, "flags":{"wb_protected":true}}
{"address":"0x1019b47c0", "type":"STRING", "slot_size":40, "class":"0x1039feda0", "embedded":true, "bytesize":13, "value":"Errno::EACCES", "encoding":"US-ASCII", "memsize":40, "flags":{"wb_protected":true}}
{"address":"0x1019b47e8", "type":"STRING", "slot_size":40, "class":"0x1039feda0", "frozen":true, "embedded":true, "fstring":true, "bytesize":6, "value":"EACCES", "encoding":"US-ASCII", "memsize":40, "flags":{"wb_protected":true}}
{"address":"0x1019b4810", "type":"STRING", "slot_size":40, "class":"0x1039feda0", "frozen":true, "embedded":true, "fstring":true, "bytesize":12, "value":"Errno::E2BIG", "encoding":"US-ASCII", "memsize":40, "flags":{"wb_protected":true}}
{"address":"0x1019b4838", "type":"STRING", "slot_size":40, "class":"0x1039feda0", "embedded":true, "bytesize":12, "value":"Errno::E2BIG", "encoding":"US-ASCII", "memsize":40, "flags":{"wb_protected":true}}
{"address":"0x1019b4860", "type":"STRING", "slot_size":40, "class":"0x1039feda0", "frozen":true, "embedded":true, "fstring":true, "bytesize":5, "value":"E2BIG", "encoding":"US-ASCII", "memsize":40, "flags":{"wb_protected":true}}
{"address":"0x1019b4888", "type":"IMEMO", "slot_size":40, "class":"0x1039fc780", "imemo_type":"callcache", "references":["0x1019be888"], "memsize":40, "flags":{"wb_protected":true}}
{"address":"0x1019b48b0", "type":"STRING", "slot_size":40, "class":"0x1039feda0", "frozen":true, "embedded":true, "fstring":true, "bytesize":14, "value":"Errno::NOERROR", "encoding":"US-ASCII", "memsize":40, "flags":{"wb_protected":true}}
{"address":"0x1019b48d8", "type":"STRING", "slot_size":40, "class":"0x1039feda0", "embedded":true, "bytesize":14, "value":"Errno::NOERROR", "encoding":"US-ASCII", "memsize":40, "flags":{"wb_protected":true}}
{"address":"0x1019b4900", "type":"STRING", "slot_size":40, "class":"0x1039feda0", "frozen":true, "embedded":true, "fstring":true, "bytesize":7, "value":"NOERROR", "encoding":"US-ASCII", "memsize":40, "flags":{"wb_protected":true}}
{"address":"0x1019b4928", "type":"IMEMO", "slot_size":40, "class":"0x1039fbd80", "imemo_type":"ment", "memsize":48, "flags":{"wb_protected":true}}
{"address":"0x1019b4950", "type":"IMEMO", "slot_size":40, "class":"0x1039fbc40", "imemo_type":"ment", "memsize":48, "flags":{"wb_protected":true}}
{"address":"0x1019b4978", "type":"STRING", "slot_size":40, "class":"0x1039feda0", "frozen":true, "embedded":true, "fstring":true, "bytesize":10, "value":"prev_float", "encoding":"US-ASCII", "memsize":40, "flags":{"wb_protected":true}}
{"address":"0x1019b49a0", "type":"IMEMO", "slot_size":40, "class":"0x1039fbc40", "imemo_type":"ment", "memsize":48, "flags":{"wb_protected":true}}
{"address":"0x1019b49c8", "type":"STRING", "slot_size":40, "class":"0x1039feda0", "frozen":true, "embedded":true, "fstring":true, "bytesize":10, "value":"next_float", "encoding":"US-ASCII", "memsize":40, "flags":{"wb_protected":true}}
{"address":"0x1019b49f0", "type":"IMEMO", "slot_size":40, "class":"0x1039fbc40", "imemo_type":"ment", "memsize":48, "flags":{"wb_protected":true}}
{"address":"0x1019b4a18", "type":"STRING", "slot_size":40, "class":"0x1039feda0", "frozen":true, "embedded":true, "fstring":true, "bytesize":7, "value":"finite?", "encoding":"US-ASCII", "memsize":40, "flags":{"wb_protected":true}}
{"address":"0x1019b4a40", "type":"IMEMO", "slot_size":40, "class":"0x1039fbc40", "imemo_type":"ment", "memsize":48, "flags":{"wb_protected":true}}
{"address":"0x1019b4a68", "type":"STRING", "slot_size":40, "class":"0x1039feda0", "frozen":true, "embedded":true, "fstring":true, "bytesize":9, "value":"infinite?", "encoding":"US-ASCII", "memsize":40, "flags":{"wb_protected":true}}
{"address":"0x1019b4a90", "type":"IMEMO", "slot_size":40, "class":"0x1039fbc40", "imemo_type":"ment", "memsize":48, "flags":{"wb_protected":true}}
{"address":"0x1019b4ab8", "type":"STRING", "slot_size":40, "class":"0x1039feda0", "frozen":true, "embedded":true, "fstring":true, "bytesize":4, "value":"nan?", "encoding":"US-ASCII", "memsize":40, "flags":{"wb_protected":true}}
{"address":"0x1019b4ae0", "type":"IMEMO", "slot_size":40, "class":"0x1039fbc40", "imemo_type":"ment", "memsize":48, "flags":{"wb_protected":true}}
{"address":"0x1019b4b08", "type":"IMEMO", "slot_size":40, "class":"0x1039fbc40", "imemo_type":"ment", "memsize":48, "flags":{"wb_protected":true}}
{"address":"0x1019b4b30", "type":"IMEMO", "slot_size":40, "class":"0x1039fbc40", "imemo_type":"ment", "memsize":48, "flags":{"wb_protected":true}}
{"address":"0x1019b4b58", "type":"IMEMO", "slot_size":40, "class":"0x1039fbc40", "imemo_type":"ment", "memsize":48, "flags":{"wb_protected":true}}
{"address":"0x1019b4b80", "type":"IMEMO", "slot_size":40, "class":"0x1039fbc40", "imemo_type":"ment", "memsize":48, "flags":{"wb_protected":true}}
{"address":"0x1019b4ba8", "type":"IMEMO", "slot_size":40, "class":"0x1039fbc40", "imemo_type":"ment", "memsize":48, "flags":{"wb_protected":true}}
{"address":"0x1019b4bd0", "type":"IMEMO", "slot_size":40, "class":"0x1039fbc40", "imemo_type":"ment", "memsize":48, "flags":{"wb_protected":true}}
{"address":"0x1019b4bf8", "type":"IMEMO", "slot_size":40, "class":"0x1039fbc40", "imemo_type":"ment", "memsize":48, "flags":{"wb_protected":true}}
{"address":"0x1019b4c20", "type":"IMEMO", "slot_size":40, "class":"0x1039fbc40", "imemo_type":"ment", "memsize":48, "flags":{"wb_protected":true}}
{"address":"0x1019b4c48", "type":"IMEMO", "slot_size":40, "class":"0x1039fbc40", "imemo_type":"ment", "memsize":48, "flags":{"wb_protected":true}}
{"address":"0x1019b4c70", "type":"IMEMO", "slot_size":40, "class":"0x1039fbc40", "imemo_type":"ment", "memsize":48, "flags":{"wb_protected":true}}
{"address":"0x1019b4c98", "type":"IMEMO", "slot_size":40, "class":"0x1039fbc40", "imemo_type":"ment", "memsize":48, "flags":{"wb_protected":true}}
{"address":"0x1019b4cc0", "type":"IMEMO", "slot_size":40, "class":"0x1039fbc40", "imemo_type":"ment", "memsize":48, "flags":{"wb_protected":true}}
{"address":"0x1019b4ce8", "type":"IMEMO", "slot_size":40, "class":"0x1039fbc40", "imemo_type":"ment", "memsize":48, "flags":{"wb_protected":true}}
{"address":"0x1019b4d10", "type":"IMEMO", "slot_size":40, "class":"0x1039fbc40", "imemo_type":"ment", "memsize":48, "flags":{"wb_protected":true}}
{"address":"0x1019b4d38", "type":"IMEMO", "slot_size":40, "class":"0x1039fbc40", "imemo_type":"ment", "memsize":48, "flags":{"wb_protected":true}}
{"address":"0x1019b4d60", "type":"IMEMO", "slot_size":40, "class":"0x1039fbc40", "imemo_type":"ment", "memsize":48, "flags":{"wb_protected":true}}
{"address":"0x1019b4d88", "type":"IMEMO", "slot_size":40, "class":"0x1039fbc40", "imemo_type":"ment", "memsize":48, "flags":{"wb_protected":true}}
{"address":"0x1019b4db0", "type":"IMEMO", "slot_size":40, "class":"0x1039fbc40", "imemo_type":"ment", "memsize":48, "flags":{"wb_protected":true}}
{"address":"0x1019b4dd8", "type":"IMEMO", "slot_size":40, "class":"0x1039fbc40", "imemo_type":"ment", "memsize":48, "flags":{"wb_protected":true}}
{"address":"0x1019b4e00", "type":"IMEMO", "slot_size":40, "class":"0x1039fbc40", "imemo_type":"ment", "memsize":48, "flags":{"wb_protected":true}}
{"address":"0x1019b4e28", "type":"IMEMO", "slot_size":40, "class":"0x1039fbc40", "imemo_type":"ment", "memsize":48, "flags":{"wb_protected":true}}
{"address":"0x1019b4e50", "type":"IMEMO", "slot_size":40, "class":"0x1039fbc40", "imemo_type":"ment", "memsize":48, "flags":{"wb_protected":true}}
{"address":"0x1019b4e78", "type":"IMEMO", "slot_size":40, "class":"0x1039fbc40", "imemo_type":"ment", "memsize":48, "flags":{"wb_protected":true}}
{"address":"0x1019b4ea0", "type":"IMEMO", "slot_size":40, "class":"0x1039fbc40", "imemo_type":"ment", "memsize":48, "flags":{"wb_protected":true}}
{"address":"0x1019b4ec8", "type":"IMEMO", "slot_size":40, "class":"0x1039fbc40", "imemo_type":"ment", "memsize":48, "flags":{"wb_protected":true}}
{"address":"0x1019b4ef0", "type":"IMEMO", "slot_size":40, "class":"0x1039fbc40", "imemo_type":"ment", "memsize":48, "flags":{"wb_protected":true}}
{"address":"0x1019b4f18", "type":"IMEMO", "slot_size":40, "class":"0x1039fbc40", "imemo_type":"ment", "memsize":48, "flags":{"wb_protected":true}}
{"address":"0x1019b4f40", "type":"STRING", "slot_size":40, "class":"0x1039feda0", "frozen":true, "embedded":true, "fstring":true, "bytesize":3, "value":"NAN", "encoding":"US-ASCII", "memsize":40, "flags":{"wb_protected":true}}
{"address":"0x1019b4f68", "type":"FLOAT", "slot_size":40, "class":"0x1039fbc40", "frozen":true, "value":"NaN", "memsize":40, "flags":{"wb_protected":true}}
{"address":"0x1019b4f90", "type":"STRING", "slot_size":40, "class":"0x1039feda0", "frozen":true, "embedded":true, "fstring":true, "bytesize":8, "value":"INFINITY", "encoding":"US-ASCII", "memsize":40, "flags":{"wb_protected":true}}
{"address":"0x1019b4fb8", "type":"FLOAT", "slot_size":40, "class":"0x1039fbc40", "frozen":true, "value":"Inf", "memsize":40, "flags":{"wb_protected":true}}
{"address":"0x1019b4fe0", "type":"STRING", "slot_size":40, "class":"0x1039feda0", "frozen":true, "embedded":true, "fstring":true, "bytesize":7, "value":"EPSILON", "encoding":"US-ASCII", "memsize":40, "flags":{"wb_protected":true}}
{"address":"0x1019b5008", "type":"STRING", "slot_size":40, "class":"0x1039feda0", "frozen":true, "embedded":true, "fstring":true, "bytesize":3, "value":"MAX", "encoding":"US-ASCII", "memsize":40, "flags":{"wb_protected":true}}
{"address":"0x1019b5030", "type":"FLOAT", "slot_size":40, "class":"0x1039fbc40", "frozen":true, "value":"1.79769e+308", "memsize":40, "flags":{"wb_protected":true}}
{"address":"0x1019b5058", "type":"STRING", "slot_size":40, "class":"0x1039feda0", "frozen":true, "embedded":true, "fstring":true, "bytesize":3, "value":"MIN", "encoding":"US-ASCII", "memsize":40, "flags":{"wb_protected":true}}
{"address":"0x1019b5080", "type":"FLOAT", "slot_size":40, "class":"0x1039fbc40", "frozen":true, "value":"2.22507e-308", "memsize":40, "flags":{"wb_protected":true}}
{"address":"0x1019b50a8", "type":"STRING", "slot_size":40, "class":"0x1039feda0", "frozen":true, "embedded":true, "fstring":true, "bytesize":10, "value":"MAX_10_EXP", "encoding":"US-ASCII", "memsize":40, "flags":{"wb_protected":true}}
{"address":"0x1019b50d0", "type":"STRING", "slot_size":40, "class":"0x1039feda0", "frozen":true, "embedded":true, "fstring":true, "bytesize":10, "value":"MIN_10_EXP", "encoding":"US-ASCII", "memsize":40, "flags":{"wb_protected":true}}
{"address":"0x1019b50f8", "type":"STRING", "slot_size":40, "class":"0x1039feda0", "frozen":true, "embedded":true, "fstring":true, "bytesize":7, "value":"MAX_EXP", "encoding":"US-ASCII", "memsize":40, "flags":{"wb_protected":true}}
{"address":"0x1019b5120", "type":"STRING", "slot_size":40, "class":"0x1039feda0", "frozen":true, "embedded":true, "fstring":true, "bytesize":7, "value":"MIN_EXP", "encoding":"US-ASCII", "memsize":40, "flags":{"wb_protected":true}}
{"address":"0x1019b5148", "type":"STRING", "slot_size":40, "class":"0x1039feda0", "frozen":true, "embedded":true, "fstring":true, "bytesize":3, "value":"DIG", "encoding":"US-ASCII", "memsize":40, "flags":{"wb_protected":true}}
{"address":"0x1019b5170", "type":"STRING", "slot_size":40, "class":"0x1039feda0", "frozen":true, "embedded":true, "fstring":true, "bytesize":8, "value":"MANT_DIG", "encoding":"US-ASCII", "memsize":40, "flags":{"wb_protected":true}}
{"address":"0x1019b5198", "type":"STRING", "slot_size":40, "class":"0x1039feda0", "frozen":true, "embedded":true, "fstring":true, "bytesize":5, "value":"RADIX", "encoding":"US-ASCII", "memsize":40, "flags":{"wb_protected":true}}
{"address":"0x1019b51c0", "type":"IMEMO", "slot_size":40, "class":"0x1039fbba0", "imemo_type":"ment", "memsize":48, "flags":{"wb_protected":true}}
{"address":"0x1019b51e8", "type":"STRING", "slot_size":40, "class":"0x1039feda0", "frozen":true, "embedded":true, "fstring":true, "bytesize":5, "value":"Float", "encoding":"US-ASCII", "memsize":40, "flags":{"wb_protected":true}}
{"address":"0x1019b5210", "type":"STRING", "slot_size":40, "class":"0x1039feda0", "frozen":true, "fstring":true, "bytesize":1, "value":"9", "encoding":"US-ASCII", "memsize":40, "flags":{"wb_protected":true}}
{"address":"0x1019b5238", "type":"STRING", "slot_size":40, "class":"0x1039feda0", "frozen":true, "fstring":true, "bytesize":1, "value":"8", "encoding":"US-ASCII", "memsize":40, "flags":{"wb_protected":true}}
{"address":"0x1019b5260", "type":"STRING", "slot_size":40, "class":"0x1039feda0", "frozen":true, "fstring":true, "bytesize":1, "value":"7", "encoding":"US-ASCII", "memsize":40, "flags":{"wb_protected":true}}
{"address":"0x1019b5288", "type":"STRING", "slot_size":40, "class":"0x1039feda0", "frozen":true, "fstring":true, "bytesize":1, "value":"6", "encoding":"US-ASCII", "memsize":40, "flags":{"wb_protected":true}}
{"address":"0x1019b52b0", "type":"STRING", "slot_size":40, "class":"0x1039feda0", "frozen":true, "fstring":true, "bytesize":1, "value":"5", "encoding":"US-ASCII", "memsize":40, "flags":{"wb_protected":true}}
{"address":"0x1019b52d8", "type":"STRING", "slot_size":40, "class":"0x1039feda0", "frozen":true, "fstring":true, "bytesize":1, "value":"4", "encoding":"US-ASCII", "memsize":40, "flags":{"wb_protected":true}}
{"address":"0x1019b5300", "type":"STRING", "slot_size":40, "class":"0x1039feda0", "frozen":true, "fstring":true, "bytesize":1, "value":"3", "encoding":"US-ASCII", "memsize":40, "flags":{"wb_protected":true}}
{"address":"0x1019b5328", "type":"STRING", "slot_size":40, "class":"0x1039feda0", "frozen":true, "fstring":true, "bytesize":1, "value":"2", "encoding":"US-ASCII", "memsize":40, "flags":{"wb_protected":true}}
{"address":"0x1019b5350", "type":"STRING", "slot_size":40, "class":"0x1039feda0", "frozen":true, "fstring":true, "bytesize":1, "value":"1", "encoding":"US-ASCII", "memsize":40, "flags":{"wb_protected":true}}
{"address":"0x1019b5378", "type":"STRING", "slot_size":40, "class":"0x1039feda0", "frozen":true, "fstring":true, "bytesize":1, "value":"0", "encoding":"US-ASCII", "memsize":40, "flags":{"wb_protected":true}}
{"address":"0x1019b53a0", "type":"IMEMO", "slot_size":40, "class":"0x1039fbd80", "imemo_type":"ment", "memsize":48, "flags":{"wb_protected":true}}
{"address":"0x1019b53c8", "type":"STRING", "slot_size":40, "class":"0x1039feda0", "frozen":true, "embedded":true, "fstring":true, "bytesize":6, "value":"digits", "encoding":"US-ASCII", "memsize":40, "flags":{"wb_protected":true}}
{"address":"0x1019b53f0", "type":"IMEMO", "slot_size":40, "class":"0x1039fbd80", "imemo_type":"ment", "memsize":48, "flags":{"wb_protected":true}}
{"address":"0x1019b5418", "type":"IMEMO", "slot_size":40, "class":"0x1039fbd80", "imemo_type":"ment", "memsize":48, "flags":{"wb_protected":true}}
{"address":"0x1019b5440", "type":"IMEMO", "slot_size":40, "class":"0x1039fbd80", "imemo_type":"ment", "memsize":48, "flags":{"wb_protected":true}}
{"address":"0x1019b5468", "type":"IMEMO", "slot_size":40, "class":"0x1039fbd80", "imemo_type":"ment", "memsize":48, "flags":{"wb_protected":true}}
{"address":"0x1019b5490", "type":"IMEMO", "slot_size":40, "class":"0x1039fbd80", "imemo_type":"ment", "memsize":48, "flags":{"wb_protected":true}}
{"address":"0x1019b54b8", "type":"IMEMO", "slot_size":40, "class":"0x1039fbd80", "imemo_type":"ment", "memsize":48, "flags":{"wb_protected":true}}
{"address":"0x1019b54e0", "type":"IMEMO", "slot_size":40, "class":"0x1039fbd80", "imemo_type":"ment", "memsize":48, "flags":{"wb_protected":true}}
{"address":"0x1019b5508", "type":"IMEMO", "slot_size":40, "class":"0x1039fbd80", "imemo_type":"ment", "memsize":48, "flags":{"wb_protected":true}}
{"address":"0x1019b5530", "type":"IMEMO", "slot_size":40, "class":"0x1039fbd80", "imemo_type":"ment", "memsize":48, "flags":{"wb_protected":true}}
{"address":"0x1019b5558", "type":"IMEMO", "slot_size":40, "class":"0x1039fbd80", "imemo_type":"ment", "memsize":48, "flags":{"wb_protected":true}}
{"address":"0x1019b5580", "type":"IMEMO", "slot_size":40, "class":"0x1039fbd80", "imemo_type":"ment", "memsize":48, "flags":{"wb_protected":true}}
{"address":"0x1019b55a8", "type":"IMEMO", "slot_size":40, "class":"0x1039fbd80", "imemo_type":"ment", "memsize":48, "flags":{"wb_protected":true}}
{"address":"0x1019b55d0", "type":"IMEMO", "slot_size":40, "class":"0x1039fbd80", "imemo_type":"ment", "memsize":48, "flags":{"wb_protected":true}}
{"address":"0x1019b55f8", "type":"STRING", "slot_size":40, "class":"0x1039feda0", "frozen":true, "embedded":true, "fstring":true, "bytesize":3, "value":"pow", "encoding":"US-ASCII", "memsize":40, "flags":{"wb_protected":true}}
{"address":"0x1019b5620", "type":"IMEMO", "slot_size":40, "class":"0x1039fbd80", "imemo_type":"ment", "memsize":48, "flags":{"wb_protected":true}}
{"address":"0x1019b5648", "type":"IMEMO", "slot_size":40, "class":"0x1039fbd80", "imemo_type":"ment", "memsize":48, "flags":{"wb_protected":true}}
{"address":"0x1019b5670", "type":"IMEMO", "slot_size":40, "class":"0x1039fbd80", "imemo_type":"ment", "memsize":48, "flags":{"wb_protected":true}}
{"address":"0x1019b5698", "type":"IMEMO", "slot_size":40, "class":"0x1039fbd80", "imemo_type":"ment", "memsize":48, "flags":{"wb_protected":true}}
{"address":"0x1019b56c0", "type":"IMEMO", "slot_size":40, "class":"0x1039fbd80", "imemo_type":"ment", "memsize":48, "flags":{"wb_protected":true}}
{"address":"0x1019b56e8", "type":"IMEMO", "slot_size":40, "class":"0x1039fbd80", "imemo_type":"ment", "memsize":48, "flags":{"wb_protected":true}}
{"address":"0x1019b5710", "type":"IMEMO", "slot_size":40, "class":"0x1039fbd80", "imemo_type":"ment", "memsize":48, "flags":{"wb_protected":true}}
{"address":"0x1019b5738", "type":"IMEMO", "slot_size":40, "class":"0x1039fbd80", "imemo_type":"ment", "memsize":48, "flags":{"wb_protected":true}}
{"address":"0x1019b5760", "type":"IMEMO", "slot_size":40, "class":"0x1039fbd80", "imemo_type":"ment", "memsize":48, "flags":{"wb_protected":true}}
{"address":"0x1019b5788", "type":"IMEMO", "slot_size":40, "class":"0x1039fbd80", "imemo_type":"ment", "memsize":48, "flags":{"wb_protected":true}}
{"address":"0x1019b57b0", "type":"IMEMO", "slot_size":40, "class":"0x1039fbd80", "imemo_type":"ment", "memsize":48, "flags":{"wb_protected":true}}
{"address":"0x1019b57d8", "type":"IMEMO", "slot_size":40, "class":"0x1039fbd80", "imemo_type":"ment", "memsize":48, "flags":{"wb_protected":true}}
{"address":"0x1019b5800", "type":"IMEMO", "slot_size":40, "class":"0x1039fbd80", "imemo_type":"ment", "memsize":48, "flags":{"wb_protected":true}}
{"address":"0x1019b5828", "type":"IMEMO", "slot_size":40, "class":"0x1039fbd80", "imemo_type":"ment", "memsize":48, "flags":{"wb_protected":true}}
{"address":"0x1019b5850", "type":"IMEMO", "slot_size":40, "class":"0x1039fbd80", "imemo_type":"ment", "memsize":48, "flags":{"wb_protected":true}}
{"address":"0x1019b5878", "type":"IMEMO", "slot_size":40, "class":"0x1039fbd80", "imemo_type":"ment", "memsize":48, "flags":{"wb_protected":true}}
{"address":"0x1019b58a0", "type":"IMEMO", "slot_size":40, "class":"0x1039fbd80", "imemo_type":"ment", "memsize":48, "flags":{"wb_protected":true}}
{"address":"0x1019b58c8", "type":"IMEMO", "slot_size":40, "class":"0x1039fbd80", "imemo_type":"ment", "memsize":48, "flags":{"wb_protected":true}}
{"address":"0x1019b58f0", "type":"IMEMO", "slot_size":40, "class":"0x1039fbd80", "imemo_type":"ment", "memsize":48, "flags":{"wb_protected":true}}
{"address":"0x1019b5918", "type":"STRING", "slot_size":40, "class":"0x1039feda0", "frozen":true, "embedded":true, "fstring":true, "bytesize":4, "value":"pred", "encoding":"US-ASCII", "memsize":40, "flags":{"wb_protected":true}}
{"address":"0x1019b5940", "type":"IMEMO", "slot_size":40, "class":"0x1039fbd80", "imemo_type":"ment", "memsize":48, "flags":{"wb_protected":true}}
{"address":"0x1019b5968", "type":"IMEMO", "slot_size":40, "class":"0x1039fbd80", "imemo_type":"ment", "memsize":48, "flags":{"wb_protected":true}}
{"address":"0x1019b5990", "type":"IMEMO", "slot_size":40, "class":"0x1039fbd80", "imemo_type":"ment", "memsize":48, "flags":{"wb_protected":true}}
{"address":"0x1019b59b8", "type":"STRING", "slot_size":40, "class":"0x1039feda0", "frozen":true, "embedded":true, "fstring":true, "bytesize":5, "value":"times", "encoding":"US-ASCII", "memsize":40, "flags":{"wb_protected":true}}
{"address":"0x1019b59e0", "type":"IMEMO", "slot_size":40, "class":"0x1039fbd80", "imemo_type":"ment", "memsize":48, "flags":{"wb_protected":true}}
{"address":"0x1019b5a08", "type":"STRING", "slot_size":40, "class":"0x1039feda0", "frozen":true, "embedded":true, "fstring":true, "bytesize":6, "value":"downto", "encoding":"US-ASCII", "memsize":40, "flags":{"wb_protected":true}}
{"address":"0x1019b5a30", "type":"IMEMO", "slot_size":40, "class":"0x1039fbd80", "imemo_type":"ment", "memsize":48, "flags":{"wb_protected":true}}
{"address":"0x1019b5a58", "type":"IMEMO", "slot_size":40, "class":"0x1039fbd80", "imemo_type":"ment", "memsize":48, "flags":{"wb_protected":true}}
{"address":"0x1019b5a80", "type":"STRING", "slot_size":40, "class":"0x1039feda0", "frozen":true, "embedded":true, "fstring":true, "bytesize":7, "value":"nobits?", "encoding":"US-ASCII", "memsize":40, "flags":{"wb_protected":true}}
{"address":"0x1019b5aa8", "type":"IMEMO", "slot_size":40, "class":"0x1039fbd80", "imemo_type":"ment", "memsize":48, "flags":{"wb_protected":true}}
{"address":"0x1019b5ad0", "type":"STRING", "slot_size":40, "class":"0x1039feda0", "frozen":true, "embedded":true, "fstring":true, "bytesize":8, "value":"anybits?", "encoding":"US-ASCII", "memsize":40, "flags":{"wb_protected":true}}
{"address":"0x1019b5af8", "type":"IMEMO", "slot_size":40, "class":"0x1039fbd80", "imemo_type":"ment", "memsize":48, "flags":{"wb_protected":true}}
{"address":"0x1019b5b20", "type":"STRING", "slot_size":40, "class":"0x1039feda0", "frozen":true, "embedded":true, "fstring":true, "bytesize":8, "value":"allbits?", "encoding":"US-ASCII", "memsize":40, "flags":{"wb_protected":true}}
{"address":"0x1019b5b48", "type":"IMEMO", "slot_size":40, "class":"0x1039fbd80", "imemo_type":"ment", "memsize":48, "flags":{"wb_protected":true}}
{"address":"0x1019b5b70", "type":"IMEMO", "slot_size":40, "class":"0x1039fbd80", "imemo_type":"ment", "memsize":48, "flags":{"wb_protected":true}}
{"address":"0x1019b5b98", "type":"IMEMO", "slot_size":40, "class":"0x1039fbce0", "imemo_type":"ment", "memsize":48, "flags":{"wb_protected":true}}
{"address":"0x1019b5bc0", "type":"IMEMO", "slot_size":40, "class":"0x1039fbce0", "imemo_type":"ment", "memsize":48, "flags":{"wb_protected":true}}
{"address":"0x1019b5be8", "type":"STRING", "slot_size":40, "class":"0x1039feda0", "frozen":true, "embedded":true, "fstring":true, "bytesize":4, "value":"sqrt", "encoding":"US-ASCII", "memsize":40, "flags":{"wb_protected":true}}
{"address":"0x1019b5c10", "type":"IMEMO", "slot_size":40, "class":"0x1039fbce0", "imemo_type":"ment", "memsize":48, "flags":{"wb_protected":true}}
{"address":"0x1019b5c38", "type":"IMEMO", "slot_size":40, "class":"0x1039fbec0", "imemo_type":"callcache", "references":["0x1019be888"], "memsize":40, "flags":{"wb_protected":true}}
{"address":"0x1019b5c60", "type":"IMEMO", "slot_size":40, "class":"0x1039fbf60", "imemo_type":"ment", "memsize":48, "flags":{"wb_protected":true}}
{"address":"0x1019b5c88", "type":"STRING", "slot_size":40, "class":"0x1039feda0", "frozen":true, "embedded":true, "fstring":true, "bytesize":9, "value":"negative?", "encoding":"US-ASCII", "memsize":40, "flags":{"wb_protected":true}}
{"address":"0x1019b5cb0", "type":"IMEMO", "slot_size":40, "class":"0x1039fbf60", "imemo_type":"ment", "memsize":48, "flags":{"wb_protected":true}}
{"address":"0x1019b5cd8", "type":"STRING", "slot_size":40, "class":"0x1039feda0", "frozen":true, "embedded":true, "fstring":true, "bytesize":9, "value":"positive?", "encoding":"US-ASCII", "memsize":40, "flags":{"wb_protected":true}}
{"address":"0x1019b5d00", "type":"IMEMO", "slot_size":40, "class":"0x1039fbf60", "imemo_type":"ment", "memsize":48, "flags":{"wb_protected":true}}
{"address":"0x1019b5d28", "type":"STRING", "slot_size":40, "class":"0x1039feda0", "frozen":true, "embedded":true, "fstring":true, "bytesize":4, "value":"step", "encoding":"US-ASCII", "memsize":40, "flags":{"wb_protected":true}}
{"address":"0x1019b5d50", "type":"IMEMO", "slot_size":40, "class":"0x1039fbf60", "imemo_type":"ment", "memsize":48, "flags":{"wb_protected":true}}
{"address":"0x1019b5d78", "type":"STRING", "slot_size":40, "class":"0x1039feda0", "frozen":true, "embedded":true, "fstring":true, "bytesize":8, "value":"truncate", "encoding":"US-ASCII", "memsize":40, "flags":{"wb_protected":true}}
{"address":"0x1019b5da0", "type":"IMEMO", "slot_size":40, "class":"0x1039fbf60", "imemo_type":"ment", "memsize":48, "flags":{"wb_protected":true}}
{"address":"0x1019b5dc8", "type":"STRING", "slot_size":40, "class":"0x1039feda0", "frozen":true, "embedded":true, "fstring":true, "bytesize":5, "value":"round", "encoding":"US-ASCII", "memsize":40, "flags":{"wb_protected":true}}
{"address":"0x1019b5df0", "type":"IMEMO", "slot_size":40, "class":"0x1039fbf60", "imemo_type":"ment", "memsize":48, "flags":{"wb_protected":true}}
{"address":"0x1019b5e18", "type":"STRING", "slot_size":40, "class":"0x1039feda0", "frozen":true, "embedded":true, "fstring":true, "bytesize":4, "value":"ceil", "encoding":"US-ASCII", "memsize":40, "flags":{"wb_protected":true}}
{"address":"0x1019b5e40", "type":"IMEMO", "slot_size":40, "class":"0x1039fbf60", "imemo_type":"ment", "memsize":48, "flags":{"wb_protected":true}}
{"address":"0x1019b5e68", "type":"STRING", "slot_size":40, "class":"0x1039feda0", "frozen":true, "embedded":true, "fstring":true, "bytesize":5, "value":"floor", "encoding":"US-ASCII", "memsize":40, "flags":{"wb_protected":true}}
{"address":"0x1019b5e90", "type":"IMEMO", "slot_size":40, "class":"0x1039fbf60", "imemo_type":"ment", "memsize":48, "flags":{"wb_protected":true}}
{"address":"0x1019b5eb8", "type":"STRING", "slot_size":40, "class":"0x1039feda0", "frozen":true, "embedded":true, "fstring":true, "bytesize":8, "value":"nonzero?", "encoding":"US-ASCII", "memsize":40, "flags":{"wb_protected":true}}
{"address":"0x1019b5ee0", "type":"IMEMO", "slot_size":40, "class":"0x1039fbf60", "imemo_type":"ment", "memsize":48, "flags":{"wb_protected":true}}
{"address":"0x1019b5f08", "type":"STRING", "slot_size":40, "class":"0x1039feda0", "frozen":true, "embedded":true, "fstring":true, "bytesize":5, "value":"zero?", "encoding":"US-ASCII", "memsize":40, "flags":{"wb_protected":true}}
{"address":"0x1019b5f30", "type":"IMEMO", "slot_size":40, "class":"0x1039fbf60", "imemo_type":"ment", "memsize":48, "flags":{"wb_protected":true}}
{"address":"0x1019b5f58", "type":"IMEMO", "slot_size":40, "class":"0x1039fbf60", "imemo_type":"ment", "memsize":48, "flags":{"wb_protected":true}}
{"address":"0x1019b5f80", "type":"STRING", "slot_size":40, "class":"0x1039feda0", "frozen":true, "embedded":true, "fstring":true, "bytesize":9, "value":"magnitude", "encoding":"US-ASCII", "memsize":40, "flags":{"wb_protected":true}}
{"address":"0x1019b5fa8", "type":"IMEMO", "slot_size":40, "class":"0x1039fbf60", "imemo_type":"ment", "memsize":48, "flags":{"wb_protected":true}}
{"address":"0x1019b5fd0", "type":"STRING", "slot_size":40, "class":"0x1039feda0", "frozen":true, "embedded":true, "fstring":true, "bytesize":3, "value":"abs", "encoding":"US-ASCII", "memsize":40, "flags":{"wb_protected":true}}
{"address":"0x1019b5ff8", "type":"IMEMO", "slot_size":40, "class":"0x1039fbf60", "imemo_type":"ment", "memsize":48, "flags":{"wb_protected":true}}
{"address":"0x1019b6020", "type":"STRING", "slot_size":40, "class":"0x1039feda0", "frozen":true, "embedded":true, "fstring":true, "bytesize":9, "value":"remainder", "encoding":"US-ASCII", "memsize":40, "flags":{"wb_protected":true}}
{"address":"0x1019b6048", "type":"IMEMO", "slot_size":40, "class":"0x1039fbf60", "imemo_type":"ment", "memsize":48, "flags":{"wb_protected":true}}
{"address":"0x1019b6070", "type":"STRING", "slot_size":40, "class":"0x1039feda0", "frozen":true, "embedded":true, "fstring":true, "bytesize":6, "value":"modulo", "encoding":"US-ASCII", "memsize":40, "flags":{"wb_protected":true}}
{"address":"0x1019b6098", "type":"IMEMO", "slot_size":40, "class":"0x1039fbf60", "imemo_type":"ment", "memsize":48, "flags":{"wb_protected":true}}
{"address":"0x1019b60c0", "type":"IMEMO", "slot_size":40, "class":"0x1039fbf60", "imemo_type":"ment", "memsize":48, "flags":{"wb_protected":true}}
{"address":"0x1019b60e8", "type":"IMEMO", "slot_size":40, "class":"0x1039fbf60", "imemo_type":"ment", "memsize":48, "flags":{"wb_protected":true}}
{"address":"0x1019b6110", "type":"IMEMO", "slot_size":40, "class":"0x1039fbf60", "imemo_type":"ment", "memsize":48, "flags":{"wb_protected":true}}
{"address":"0x1019b6138", "type":"IMEMO", "slot_size":40, "class":"0x1039fbf60", "imemo_type":"ment", "memsize":48, "flags":{"wb_protected":true}}
{"address":"0x1019b6160", "type":"IMEMO", "slot_size":40, "class":"0x1039fbf60", "imemo_type":"ment", "memsize":48, "flags":{"wb_protected":true}}
{"address":"0x1019b6188", "type":"IMEMO", "slot_size":40, "class":"0x1039fbf60", "imemo_type":"ment", "memsize":48, "flags":{"wb_protected":true}}
{"address":"0x1019b61b0", "type":"IMEMO", "slot_size":40, "class":"0x1039fbf60", "imemo_type":"ment", "memsize":48, "flags":{"wb_protected":true}}
{"address":"0x1019b61d8", "type":"IMEMO", "slot_size":40, "class":"0x1039fbf60", "imemo_type":"ment", "memsize":48, "flags":{"wb_protected":true}}
{"address":"0x1019b6200", "type":"STRING", "slot_size":40, "class":"0x1039feda0", "frozen":true, "embedded":true, "fstring":true, "bytesize":1, "value":"i", "encoding":"US-ASCII", "memsize":40, "flags":{"wb_protected":true}}
{"address":"0x1019b6228", "type":"IMEMO", "slot_size":40, "class":"0x1039fbf60", "imemo_type":"ment", "memsize":48, "flags":{"wb_protected":true}}
{"address":"0x1019b6250", "type":"IMEMO", "slot_size":40, "class":"0x1039fbf60", "imemo_type":"ment", "memsize":48, "flags":{"wb_protected":true}}
{"address":"0x1019b6278", "type":"STRING", "slot_size":40, "class":"0x1039feda0", "frozen":true, "embedded":true, "fstring":true, "bytesize":5, "value":"clone", "encoding":"US-ASCII", "memsize":40, "flags":{"wb_protected":true}}
{"address":"0x1019b62a0", "type":"IMEMO", "slot_size":40, "class":"0x1039fbf60", "imemo_type":"ment", "memsize":48, "flags":{"wb_protected":true}}
{"address":"0x1019b62c8", "type":"IMEMO", "slot_size":40, "class":"0x1039fbf60", "imemo_type":"ment", "memsize":48, "flags":{"wb_protected":true}}
{"address":"0x1019b62f0", "type":"STRING", "slot_size":40, "class":"0x1039feda0", "frozen":true, "embedded":true, "fstring":true, "bytesize":7, "value":"Numeric", "encoding":"US-ASCII", "memsize":40, "flags":{"wb_protected":true}}
{"address":"0x1019b6318", "type":"IMEMO", "slot_size":40, "class":"0x1039fdc20", "imemo_type":"callcache", "references":["0x1019be888"], "memsize":40, "flags":{"wb_protected":true}}
{"address":"0x1019b6340", "type":"STRING", "slot_size":40, "class":"0x1039feda0", "frozen":true, "embedded":true, "fstring":true, "bytesize":2, "value":"by", "encoding":"US-ASCII", "memsize":40, "flags":{"wb_protected":true}}
{"address":"0x1019b6368", "type":"STRING", "slot_size":40, "class":"0x1039feda0", "frozen":true, "embedded":true, "fstring":true, "bytesize":2, "value":"to", "encoding":"US-ASCII", "memsize":40, "flags":{"wb_protected":true}}
{"address":"0x1019b6390", "type":"STRING", "slot_size":40, "class":"0x1039feda0", "frozen":true, "embedded":true, "fstring":true, "bytesize":6, "value":"coerce", "encoding":"US-ASCII", "memsize":40, "flags":{"wb_protected":true}}
{"address":"0x1019b63b8", "type":"IMEMO", "slot_size":40, "class":"0x1039ff7a0", "imemo_type":"ment", "memsize":48, "flags":{"wb_protected":true}}
{"address":"0x1019b63e0", "type":"IMEMO", "slot_size":40, "imemo_type":"ment", "references":["0x1039ff8e0"], "memsize":48, "flags":{"wb_protected":true}}
{"address":"0x1019b6408", "type":"STRING", "slot_size":40, "class":"0x1039feda0", "frozen":true, "embedded":true, "fstring":true, "bytesize":7, "value":"at_exit", "encoding":"US-ASCII", "memsize":40, "flags":{"wb_protected":true}}
{"address":"0x1019b6430", "type":"STRING", "slot_size":40, "class":"0x1039feda0", "frozen":true, "embedded":true, "fstring":true, "bytesize":5, "value":"signo", "encoding":"US-ASCII", "memsize":40, "flags":{"wb_protected":true}}
{"address":"0x1019b6458", "type":"OBJECT", "slot_size":40, "class":"0x1039fe6c0", "frozen":true, "ivars":3, "references":["0x1019b6480"], "memsize":40, "flags":{"wb_protected":true}}
{"address":"0x1019b6480", "type":"STRING", "slot_size":40, "class":"0x1039feda0", "frozen":true, "bytesize":41, "value":"machine stack overflow in critical region", "encoding":"US-ASCII", "memsize":40, "flags":{"wb_protected":true}}
{"address":"0x1019b64a8", "type":"STRING", "slot_size":40, "class":"0x1039feda0", "frozen":true, "embedded":true, "fstring":true, "bytesize":10, "value":"__frozen__", "encoding":"US-ASCII", "memsize":40, "flags":{"wb_protected":true}}
{"address":"0x1019b64d0", "type":"IMEMO", "slot_size":40, "class":"0x1039fe6c0", "imemo_type":"callcache", "references":["0x1019b89d8"], "memsize":40, "flags":{"wb_protected":true}}
{"address":"0x1019b64f8", "type":"OBJECT", "slot_size":40, "class":"0x1039fe6c0", "frozen":true, "ivars":3, "references":["0x1019b6520"], "memsize":40, "flags":{"wb_protected":true}}
{"address":"0x1019b6520", "type":"STRING", "slot_size":40, "class":"0x1039feda0", "frozen":true, "bytesize":19, "value":"exception reentered", "encoding":"US-ASCII", "memsize":40, "flags":{"wb_protected":true}}
{"address":"0x1019b6548", "type":"IMEMO", "slot_size":40, "class":"0x1039ff7a0", "imemo_type":"ment", "memsize":48, "flags":{"wb_protected":true}}
{"address":"0x1019b6570", "type":"IMEMO", "slot_size":40, "imemo_type":"ment", "references":["0x1039ff8e0"], "memsize":48, "flags":{"wb_protected":true}}
{"address":"0x1019b6598", "type":"STRING", "slot_size":40, "class":"0x1039feda0", "frozen":true, "embedded":true, "fstring":true, "bytesize":11, "value":"untrace_var", "encoding":"US-ASCII", "memsize":40, "flags":{"wb_protected":true}}
{"address":"0x1019b65c0", "type":"IMEMO", "slot_size":40, "class":"0x1039ff7a0", "imemo_type":"ment", "memsize":48, "flags":{"wb_protected":true}}
{"address":"0x1019b65e8", "type":"IMEMO", "slot_size":40, "imemo_type":"ment", "references":["0x1039ff8e0"], "memsize":48, "flags":{"wb_protected":true}}
{"address":"0x1019b6610", "type":"STRING", "slot_size":40, "class":"0x1039feda0", "frozen":true, "embedded":true, "fstring":true, "bytesize":9, "value":"trace_var", "encoding":"US-ASCII", "memsize":40, "flags":{"wb_protected":true}}
{"address":"0x1019b6638", "type":"IMEMO", "slot_size":40, "imemo_type":"ment", "references":["0x1039ff8e0"], "memsize":48, "flags":{"wb_protected":true}}
{"address":"0x1019b6660", "type":"STRING", "slot_size":40, "class":"0x1039feda0", "frozen":true, "embedded":true, "fstring":true, "bytesize":6, "value":"extend", "encoding":"US-ASCII", "memsize":40, "flags":{"wb_protected":true}}
{"address":"0x1019b6688", "type":"IMEMO", "slot_size":40, "class":"0x1039ff0c0", "imemo_type":"ment", "memsize":48, "flags":{"wb_protected":true}}
{"address":"0x1019b66b0", "type":"IMEMO", "slot_size":40, "class":"0x1039ff0c0", "imemo_type":"ment", "memsize":48, "flags":{"wb_protected":true}}
{"address":"0x1019b66d8", "type":"IMEMO", "slot_size":40, "class":"0x1039ffac0", "imemo_type":"ment", "memsize":48, "flags":{"wb_protected":true}}
{"address":"0x1019b6700", "type":"IMEMO", "slot_size":40, "class":"0x1039ffac0", "imemo_type":"ment", "memsize":48, "flags":{"wb_protected":true}}
{"address":"0x1019b6728", "type":"STRING", "slot_size":40, "class":"0x1039feda0", "frozen":true, "embedded":true, "fstring":true, "bytesize":7, "value":"nesting", "encoding":"US-ASCII", "memsize":40, "flags":{"wb_protected":true}}
{"address":"0x1019b6750", "type":"IMEMO", "slot_size":40, "class":"0x1039fe940", "imemo_type":"ment", "memsize":48, "flags":{"wb_protected":true}}
{"address":"0x1019b6778", "type":"IMEMO", "slot_size":40, "class":"0x1039fe940", "imemo_type":"ment", "memsize":48, "flags":{"wb_protected":true}}
{"address":"0x1019b67a0", "type":"IMEMO", "slot_size":40, "class":"0x1039fe940", "imemo_type":"ment", "memsize":48, "flags":{"wb_protected":true}}
{"address":"0x1019b67c8", "type":"IMEMO", "slot_size":40, "class":"0x1039ff0c0", "imemo_type":"ment", "memsize":48, "flags":{"wb_protected":true}}
{"address":"0x1019b67f0", "type":"IMEMO", "slot_size":40, "class":"0x1039ff0c0", "imemo_type":"ment", "memsize":48, "flags":{"wb_protected":true}}
{"address":"0x1019b6818", "type":"IMEMO", "slot_size":40, "class":"0x1039ff0c0", "imemo_type":"ment", "memsize":48, "flags":{"wb_protected":true}}
{"address":"0x1019b6840", "type":"IMEMO", "slot_size":40, "class":"0x1039ffde0", "imemo_type":"ment", "memsize":48, "flags":{"wb_protected":true}}
{"address":"0x1019b6868", "type":"IMEMO", "slot_size":40, "class":"0x1039ffde0", "imemo_type":"ment", "memsize":48, "flags":{"wb_protected":true}}
{"address":"0x1019b6890", "type":"IMEMO", "slot_size":40, "class":"0x1039ffde0", "imemo_type":"ment", "memsize":48, "flags":{"wb_protected":true}}
{"address":"0x1019b68b8", "type":"IMEMO", "slot_size":40, "class":"0x1039ffde0", "imemo_type":"ment", "memsize":48, "flags":{"wb_protected":true}}
{"address":"0x1019b68e0", "type":"IMEMO", "slot_size":40, "class":"0x1039ffde0", "imemo_type":"ment", "memsize":48, "flags":{"wb_protected":true}}
{"address":"0x1019b6908", "type":"IMEMO", "slot_size":40, "class":"0x1039ffde0", "imemo_type":"ment", "memsize":48, "flags":{"wb_protected":true}}
{"address":"0x1019b6930", "type":"STRING", "slot_size":40, "class":"0x1039feda0", "frozen":true, "embedded":true, "fstring":true, "bytesize":15, "value":"method_defined?", "encoding":"US-ASCII", "memsize":40, "flags":{"wb_protected":true}}
{"address":"0x1019b6958", "type":"IMEMO", "slot_size":40, "class":"0x1039ffde0", "imemo_type":"ment", "memsize":48, "flags":{"wb_protected":true}}
{"address":"0x1019b6980", "type":"STRING", "slot_size":40, "class":"0x1039feda0", "frozen":true, "embedded":true, "fstring":true, "bytesize":14, "value":"ruby2_keywords", "encoding":"US-ASCII", "memsize":40, "flags":{"wb_protected":true}}
{"address":"0x1019b69a8", "type":"IMEMO", "slot_size":40, "class":"0x1039ffde0", "imemo_type":"ment", "memsize":48, "flags":{"wb_protected":true}}
{"address":"0x1019b69d0", "type":"IMEMO", "slot_size":40, "class":"0x1039ffde0", "imemo_type":"ment", "memsize":48, "flags":{"wb_protected":true}}
{"address":"0x1019b69f8", "type":"STRING", "slot_size":40, "class":"0x1039feda0", "frozen":true, "embedded":true, "fstring":true, "bytesize":7, "value":"private", "encoding":"US-ASCII", "memsize":40, "flags":{"wb_protected":true}}
{"address":"0x1019b6a20", "type":"IMEMO", "slot_size":40, "class":"0x1039ffde0", "imemo_type":"ment", "memsize":48, "flags":{"wb_protected":true}}
{"address":"0x1019b6a48", "type":"STRING", "slot_size":40, "class":"0x1039feda0", "frozen":true, "embedded":true, "fstring":true, "bytesize":9, "value":"protected", "encoding":"US-ASCII", "memsize":40, "flags":{"wb_protected":true}}
{"address":"0x1019b6a70", "type":"IMEMO", "slot_size":40, "class":"0x1039ffde0", "imemo_type":"ment", "memsize":48, "flags":{"wb_protected":true}}
{"address":"0x1019b6a98", "type":"STRING", "slot_size":40, "class":"0x1039feda0", "frozen":true, "embedded":true, "fstring":true, "bytesize":6, "value":"public", "encoding":"US-ASCII", "memsize":40, "flags":{"wb_protected":true}}
{"address":"0x1019b6ac0", "type":"IMEMO", "slot_size":40, "class":"0x1039ffde0", "imemo_type":"ment", "memsize":48, "flags":{"wb_protected":true}}
{"address":"0x1019b6ae8", "type":"STRING", "slot_size":40, "class":"0x1039feda0", "frozen":true, "embedded":true, "fstring":true, "bytesize":12, "value":"alias_method", "encoding":"US-ASCII", "memsize":40, "flags":{"wb_protected":true}}
{"address":"0x1019b6b10", "type":"IMEMO", "slot_size":40, "class":"0x1039ffde0", "imemo_type":"ment", "memsize":48, "flags":{"wb_protected":true}}
{"address":"0x1019b6b38", "type":"STRING", "slot_size":40, "class":"0x1039feda0", "frozen":true, "embedded":true, "fstring":true, "bytesize":12, "value":"undef_method", "encoding":"US-ASCII", "memsize":40, "flags":{"wb_protected":true}}
{"address":"0x1019b6b60", "type":"IMEMO", "slot_size":40, "class":"0x1039ffde0", "imemo_type":"ment", "memsize":48, "flags":{"wb_protected":true}}
{"address":"0x1019b6b88", "type":"STRING", "slot_size":40, "class":"0x1039feda0", "frozen":true, "embedded":true, "fstring":true, "bytesize":13, "value":"remove_method", "encoding":"US-ASCII", "memsize":40, "flags":{"wb_protected":true}}
{"address":"0x1019b6bb0", "type":"IMEMO", "slot_size":40, "imemo_type":"ment", "references":["0x1039ff8e0"], "memsize":48, "flags":{"wb_protected":true}}
{"address":"0x1019b6bd8", "type":"IMEMO", "slot_size":40, "imemo_type":"ment", "references":["0x1039ff8e0"], "memsize":48, "flags":{"wb_protected":true}}
{"address":"0x1019b6c00", "type":"STRING", "slot_size":40, "class":"0x1039feda0", "frozen":true, "embedded":true, "fstring":true, "bytesize":6, "value":"result", "encoding":"US-ASCII", "memsize":40, "flags":{"wb_protected":true}}
{"address":"0x1019b6c28", "type":"IMEMO", "slot_size":40, "class":"0x1039fc320", "imemo_type":"ment", "memsize":48, "flags":{"wb_protected":true}}
{"address":"0x1019b6c50", "type":"IMEMO", "slot_size":40, "class":"0x1039fc320", "imemo_type":"ment", "memsize":48, "flags":{"wb_protected":true}}
{"address":"0x1019b6c78", "type":"STRING", "slot_size":40, "class":"0x1039feda0", "frozen":true, "embedded":true, "fstring":true, "bytesize":5, "value":"value", "encoding":"US-ASCII", "memsize":40, "flags":{"wb_protected":true}}
{"address":"0x1019b6ca0", "type":"IMEMO", "slot_size":40, "class":"0x1039fc320", "imemo_type":"ment", "memsize":48, "flags":{"wb_protected":true}}
{"address":"0x1019b6cc8", "type":"STRING", "slot_size":40, "class":"0x1039feda0", "frozen":true, "embedded":true, "fstring":true, "bytesize":3, "value":"tag", "encoding":"US-ASCII", "memsize":40, "flags":{"wb_protected":true}}
{"address":"0x1019b6cf0", "type":"IMEMO", "slot_size":40, "class":"0x1039fc320", "imemo_type":"ment", "memsize":48, "flags":{"wb_protected":true}}
{"address":"0x1019b6d18", "type":"IMEMO", "slot_size":40, "class":"0x1039fdfe0", "imemo_type":"callcache", "references":["0x1019be888"], "memsize":40, "flags":{"wb_protected":true}}
{"address":"0x1019b6d40", "type":"IMEMO", "slot_size":40, "class":"0x1039ffde0", "imemo_type":"ment", "memsize":48, "flags":{"wb_protected":true}}
{"address":"0x1019b6d68", "type":"STRING", "slot_size":40, "class":"0x1039feda0", "frozen":true, "embedded":true, "fstring":true, "bytesize":10, "value":"class_eval", "encoding":"US-ASCII", "memsize":40, "flags":{"wb_protected":true}}
{"address":"0x1019b6d90", "type":"IMEMO", "slot_size":40, "class":"0x1039ffde0", "imemo_type":"ment", "memsize":48, "flags":{"wb_protected":true}}
{"address":"0x1019b6db8", "type":"STRING", "slot_size":40, "class":"0x1039feda0", "frozen":true, "embedded":true, "fstring":true, "bytesize":11, "value":"module_eval", "encoding":"US-ASCII", "memsize":40, "flags":{"wb_protected":true}}
{"address":"0x1019b6de0", "type":"IMEMO", "slot_size":40, "class":"0x1039ffde0", "imemo_type":"ment", "memsize":48, "flags":{"wb_protected":true}}
{"address":"0x1019b6e08", "type":"STRING", "slot_size":40, "class":"0x1039feda0", "frozen":true, "embedded":true, "fstring":true, "bytesize":10, "value":"class_exec", "encoding":"US-ASCII", "memsize":40, "flags":{"wb_protected":true}}
{"address":"0x1019b6e30", "type":"IMEMO", "slot_size":40, "class":"0x1039ffde0", "imemo_type":"ment", "memsize":48, "flags":{"wb_protected":true}}
{"address":"0x1019b6e58", "type":"STRING", "slot_size":40, "class":"0x1039feda0", "frozen":true, "embedded":true, "fstring":true, "bytesize":11, "value":"module_exec", "encoding":"US-ASCII", "memsize":40, "flags":{"wb_protected":true}}
{"address":"0x1019b6e80", "type":"IMEMO", "slot_size":40, "imemo_type":"ment", "references":["0x1039ff8e0"], "memsize":48, "flags":{"wb_protected":true}}
{"address":"0x1019b6ea8", "type":"STRING", "slot_size":40, "class":"0x1039feda0", "frozen":true, "embedded":true, "fstring":true, "bytesize":11, "value":"public_send", "encoding":"US-ASCII", "memsize":40, "flags":{"wb_protected":true}}
{"address":"0x1019b6ed0", "type":"IMEMO", "slot_size":40, "imemo_type":"ment", "references":["0x1039ff8e0"], "memsize":48, "flags":{"wb_protected":true}}
{"address":"0x1019b6ef8", "type":"IMEMO", "slot_size":40, "class":"0x1039fff20", "imemo_type":"ment", "memsize":48, "flags":{"wb_protected":true}}
{"address":"0x1019b6f20", "type":"IMEMO", "slot_size":40, "class":"0x1039fff20", "imemo_type":"ment", "memsize":48, "flags":{"wb_protected":true}}
{"address":"0x1019b6f48", "type":"IMEMO", "slot_size":40, "class":"0x1039fff20", "imemo_type":"ment", "memsize":48, "flags":{"wb_protected":true}}
{"address":"0x1019b6f70", "type":"STRING", "slot_size":40, "class":"0x1039feda0", "frozen":true, "embedded":true, "fstring":true, "bytesize":13, "value":"instance_exec", "encoding":"US-ASCII", "memsize":40, "flags":{"wb_protected":true}}
{"address":"0x1019b6f98", "type":"IMEMO", "slot_size":40, "class":"0x1039fff20", "imemo_type":"ment", "memsize":48, "flags":{"wb_protected":true}}
{"address":"0x1019b6fc0", "type":"STRING", "slot_size":40, "class":"0x1039feda0", "frozen":true, "embedded":true, "fstring":true, "bytesize":13, "value":"instance_eval", "encoding":"US-ASCII", "memsize":40, "flags":{"wb_protected":true}}
{"address":"0x1019b6fe8", "type":"IMEMO", "slot_size":40, "class":"0x1039ff7a0", "imemo_type":"ment", "memsize":48, "flags":{"wb_protected":true}}
{"address":"0x1019b7010", "type":"IMEMO", "slot_size":40, "imemo_type":"ment", "references":["0x1039ff8e0"], "memsize":48, "flags":{"wb_protected":true}}
{"address":"0x1019b7038", "type":"STRING", "slot_size":40, "class":"0x1039feda0", "frozen":true, "embedded":true, "fstring":true, "bytesize":4, "value":"loop", "encoding":"US-ASCII", "memsize":40, "flags":{"wb_protected":true}}
{"address":"0x1019b7060", "type":"IMEMO", "slot_size":40, "class":"0x1039ff7a0", "imemo_type":"ment", "memsize":48, "flags":{"wb_protected":true}}
{"address":"0x1019b7088", "type":"IMEMO", "slot_size":40, "imemo_type":"ment", "references":["0x1039ff8e0"], "memsize":48, "flags":{"wb_protected":true}}
{"address":"0x1019b70b0", "type":"STRING", "slot_size":40, "class":"0x1039feda0", "frozen":true, "embedded":true, "fstring":true, "bytesize":5, "value":"throw", "encoding":"US-ASCII", "memsize":40, "flags":{"wb_protected":true}}
{"address":"0x1019b70d8", "type":"IMEMO", "slot_size":40, "class":"0x1039ff7a0", "imemo_type":"ment", "memsize":48, "flags":{"wb_protected":true}}
{"address":"0x1019b7100", "type":"IMEMO", "slot_size":40, "imemo_type":"ment", "references":["0x1039ff8e0"], "memsize":48, "flags":{"wb_protected":true}}
{"address":"0x1019b7128", "type":"STRING", "slot_size":40, "class":"0x1039feda0", "frozen":true, "embedded":true, "fstring":true, "bytesize":5, "value":"catch", "encoding":"US-ASCII", "memsize":40, "flags":{"wb_protected":true}}
{"address":"0x1019b7150", "type":"IMEMO", "slot_size":40, "class":"0x1039ff7a0", "imemo_type":"ment", "memsize":48, "flags":{"wb_protected":true}}
{"address":"0x1019b7178", "type":"IMEMO", "slot_size":40, "imemo_type":"ment", "references":["0x1039ff8e0"], "memsize":48, "flags":{"wb_protected":true}}
{"address":"0x1019b71a0", "type":"STRING", "slot_size":40, "class":"0x1039feda0", "frozen":true, "embedded":true, "fstring":true, "bytesize":12, "value":"block_given?", "encoding":"US-ASCII", "memsize":40, "flags":{"wb_protected":true}}
{"address":"0x1019b71c8", "type":"IMEMO", "slot_size":40, "class":"0x1039ff7a0", "imemo_type":"ment", "memsize":48, "flags":{"wb_protected":true}}
{"address":"0x1019b71f0", "type":"IMEMO", "slot_size":40, "imemo_type":"ment", "references":["0x1039ff8e0"], "memsize":48, "flags":{"wb_protected":true}}
{"address":"0x1019b7218", "type":"STRING", "slot_size":40, "class":"0x1039feda0", "frozen":true, "embedded":true, "fstring":true, "bytesize":9, "value":"iterator?", "encoding":"US-ASCII", "memsize":40, "flags":{"wb_protected":true}}
{"address":"0x1019b7240", "type":"IMEMO", "slot_size":40, "class":"0x1039ff7a0", "imemo_type":"ment", "memsize":48, "flags":{"wb_protected":true}}
{"address":"0x1019b7268", "type":"IMEMO", "slot_size":40, "imemo_type":"ment", "references":["0x1039ff8e0"], "memsize":48, "flags":{"wb_protected":true}}
{"address":"0x1019b7290", "type":"IMEMO", "slot_size":40, "class":"0x1039ff7a0", "imemo_type":"ment", "memsize":48, "flags":{"wb_protected":true}}
{"address":"0x1019b72b8", "type":"IMEMO", "slot_size":40, "imemo_type":"ment", "references":["0x1039ff8e0"], "memsize":48, "flags":{"wb_protected":true}}
{"address":"0x1019b72e0", "type":"STRING", "slot_size":40, "class":"0x1039feda0", "frozen":true, "embedded":true, "fstring":true, "bytesize":4, "value":"eval", "encoding":"US-ASCII", "memsize":40, "flags":{"wb_protected":true}}
{"address":"0x1019b7308", "type":"IMEMO", "slot_size":40, "class":"0x1039ffd40", "imemo_type":"ment", "memsize":48, "flags":{"wb_protected":true}}
{"address":"0x1019b7330", "type":"STRING", "slot_size":40, "class":"0x1039feda0", "frozen":true, "embedded":true, "fstring":true, "bytesize":15, "value":"module_function", "encoding":"US-ASCII", "memsize":40, "flags":{"wb_protected":true}}
{"address":"0x1019b7358", "type":"IMEMO", "slot_size":40, "class":"0x1039ffca0", "imemo_type":"ment", "memsize":48, "flags":{"wb_protected":true}}
{"address":"0x1019b7380", "type":"IMEMO", "slot_size":40, "class":"0x1039ffca0", "imemo_type":"ment", "memsize":48, "flags":{"wb_protected":true}}
{"address":"0x1019b73a8", "type":"IMEMO", "slot_size":40, "class":"0x1039ffca0", "imemo_type":"ment", "memsize":48, "flags":{"wb_protected":true}}
{"address":"0x1019b73d0", "type":"IMEMO", "slot_size":40, "class":"0x1039ffca0", "imemo_type":"ment", "memsize":48, "flags":{"wb_protected":true}}
{"address":"0x1019b73f8", "type":"STRING", "slot_size":40, "class":"0x1039feda0", "frozen":true, "embedded":true, "fstring":true, "bytesize":13, "value":"refined_class", "encoding":"US-ASCII", "memsize":40, "flags":{"wb_protected":true}}
{"address":"0x1019b7420", "type":"IMEMO", "slot_size":40, "class":"0x1039ffca0", "imemo_type":"ment", "memsize":48, "flags":{"wb_protected":true}}
{"address":"0x1019b7448", "type":"STRING", "slot_size":40, "class":"0x1039feda0", "frozen":true, "embedded":true, "fstring":true, "bytesize":14, "value":"import_methods", "encoding":"US-ASCII", "memsize":40, "flags":{"wb_protected":true}}
{"address":"0x1019b7470", "type":"IMEMO", "slot_size":40, "class":"0x1039ffd40", "imemo_type":"ment", "memsize":48, "flags":{"wb_protected":true}}
{"address":"0x1019b7498", "type":"IMEMO", "slot_size":40, "class":"0x1039ffac0", "imemo_type":"ment", "memsize":48, "flags":{"wb_protected":true}}
{"address":"0x1019b74c0", "type":"IMEMO", "slot_size":40, "class":"0x1039ffac0", "imemo_type":"ment", "memsize":48, "flags":{"wb_protected":true}}
{"address":"0x1019b74e8", "type":"STRING", "slot_size":40, "class":"0x1039feda0", "frozen":true, "embedded":true, "fstring":true, "bytesize":12, "value":"used_modules", "encoding":"US-ASCII", "memsize":40, "flags":{"wb_protected":true}}
{"address":"0x1019b7510", "type":"IMEMO", "slot_size":40, "class":"0x1039ffde0", "imemo_type":"ment", "memsize":48, "flags":{"wb_protected":true}}
{"address":"0x1019b7538", "type":"STRING", "slot_size":40, "class":"0x1039feda0", "frozen":true, "embedded":true, "fstring":true, "bytesize":11, "value":"refinements", "encoding":"US-ASCII", "memsize":40, "flags":{"wb_protected":true}}
{"address":"0x1019b7560", "type":"IMEMO", "slot_size":40, "class":"0x1039ffde0", "imemo_type":"ment", "memsize":48, "flags":{"wb_protected":true}}
{"address":"0x1019b7588", "type":"STRING", "slot_size":40, "class":"0x1039feda0", "frozen":true, "embedded":true, "fstring":true, "bytesize":5, "value":"using", "encoding":"US-ASCII", "memsize":40, "flags":{"wb_protected":true}}
{"address":"0x1019b75b0", "type":"IMEMO", "slot_size":40, "class":"0x1039ffde0", "imemo_type":"ment", "memsize":48, "flags":{"wb_protected":true}}
{"address":"0x1019b75d8", "type":"STRING", "slot_size":40, "class":"0x1039feda0", "frozen":true, "embedded":true, "fstring":true, "bytesize":6, "value":"refine", "encoding":"US-ASCII", "memsize":40, "flags":{"wb_protected":true}}
{"address":"0x1019b7600", "type":"IMEMO", "slot_size":40, "class":"0x1039ffde0", "imemo_type":"ment", "memsize":48, "flags":{"wb_protected":true}}
{"address":"0x1019b7628", "type":"IMEMO", "slot_size":40, "class":"0x1039ffde0", "imemo_type":"ment", "memsize":48, "flags":{"wb_protected":true}}
{"address":"0x1019b7650", "type":"IMEMO", "slot_size":40, "class":"0x1039ffde0", "imemo_type":"ment", "memsize":48, "flags":{"wb_protected":true}}
{"address":"0x1019b7678", "type":"IMEMO", "slot_size":40, "class":"0x1039ffde0", "imemo_type":"ment", "memsize":48, "flags":{"wb_protected":true}}
{"address":"0x1019b76a0", "type":"IMEMO", "slot_size":40, "class":"0x1039ffde0", "imemo_type":"ment", "memsize":48, "flags":{"wb_protected":true}}
{"address":"0x1019b76c8", "type":"STRING", "slot_size":40, "class":"0x1039feda0", "frozen":true, "embedded":true, "fstring":true, "bytesize":7, "value":"include", "encoding":"US-ASCII", "memsize":40, "flags":{"wb_protected":true}}
{"address":"0x1019b76f0", "type":"IMEMO", "slot_size":40, "class":"0x1039ff7a0", "imemo_type":"ment", "memsize":48, "flags":{"wb_protected":true}}
{"address":"0x1019b7718", "type":"IMEMO", "slot_size":40, "imemo_type":"ment", "references":["0x1039ff8e0"], "memsize":48, "flags":{"wb_protected":true}}
{"address":"0x1019b7740", "type":"STRING", "slot_size":40, "class":"0x1039feda0", "frozen":true, "embedded":true, "fstring":true, "bytesize":7, "value":"__dir__", "encoding":"US-ASCII", "memsize":40, "flags":{"wb_protected":true}}
{"address":"0x1019b7768", "type":"IMEMO", "slot_size":40, "class":"0x1039ff7a0", "imemo_type":"ment", "memsize":48, "flags":{"wb_protected":true}}
{"address":"0x1019b7790", "type":"IMEMO", "slot_size":40, "imemo_type":"ment", "references":["0x1039ff8e0"], "memsize":48, "flags":{"wb_protected":true}}
{"address":"0x1019b77b8", "type":"STRING", "slot_size":40, "class":"0x1039feda0", "frozen":true, "embedded":true, "fstring":true, "bytesize":10, "value":"__callee__", "encoding":"US-ASCII", "memsize":40, "flags":{"wb_protected":true}}
{"address":"0x1019b77e0", "type":"IMEMO", "slot_size":40, "class":"0x1039ff7a0", "imemo_type":"ment", "memsize":48, "flags":{"wb_protected":true}}
{"address":"0x1019b7808", "type":"IMEMO", "slot_size":40, "imemo_type":"ment", "references":["0x1039ff8e0"], "memsize":48, "flags":{"wb_protected":true}}
{"address":"0x1019b7830", "type":"STRING", "slot_size":40, "class":"0x1039feda0", "frozen":true, "embedded":true, "fstring":true, "bytesize":10, "value":"__method__", "encoding":"US-ASCII", "memsize":40, "flags":{"wb_protected":true}}
{"address":"0x1019b7858", "type":"IMEMO", "slot_size":40, "class":"0x1039ff7a0", "imemo_type":"ment", "memsize":48, "flags":{"wb_protected":true}}
{"address":"0x1019b7880", "type":"IMEMO", "slot_size":40, "imemo_type":"ment", "references":["0x1039ff8e0"], "memsize":48, "flags":{"wb_protected":true}}
{"address":"0x1019b78a8", "type":"IMEMO", "slot_size":40, "class":"0x1039ff7a0", "imemo_type":"ment", "memsize":48, "flags":{"wb_protected":true}}
{"address":"0x1019b78d0", "type":"IMEMO", "slot_size":40, "imemo_type":"ment", "references":["0x1039ff8e0"], "memsize":48, "flags":{"wb_protected":true}}
{"address":"0x1019b78f8", "type":"STRING", "slot_size":40, "class":"0x1039feda0", "frozen":true, "embedded":true, "fstring":true, "bytesize":4, "value":"fail", "encoding":"US-ASCII", "memsize":40, "flags":{"wb_protected":true}}
{"address":"0x1019b7920", "type":"IMEMO", "slot_size":40, "class":"0x1039ff7a0", "imemo_type":"ment", "memsize":48, "flags":{"wb_protected":true}}
{"address":"0x1019b7948", "type":"IMEMO", "slot_size":40, "imemo_type":"ment", "references":["0x1039ff8e0"], "memsize":48, "flags":{"wb_protected":true}}
{"address":"0x1019b7970", "type":"STRING", "slot_size":40, "class":"0x1039feda0", "frozen":true, "embedded":true, "fstring":true, "bytesize":5, "value":"raise", "encoding":"US-ASCII", "memsize":40, "flags":{"wb_protected":true}}
{"address":"0x1019b7998", "type":"STRING", "slot_size":40, "class":"0x1039feda0", "frozen":true, "embedded":true, "fstring":true, "bytesize":2, "value":"$@", "encoding":"US-ASCII", "memsize":40, "flags":{"wb_protected":true}}
{"address":"0x1019b79c0", "type":"STRING", "slot_size":40, "class":"0x1039feda0", "frozen":true, "embedded":true, "fstring":true, "bytesize":6, "value":"bottom", "encoding":"US-ASCII", "memsize":40, "flags":{"wb_protected":true}}
{"address":"0x1019b79e8", "type":"STRING", "slot_size":40, "class":"0x1039feda0", "frozen":true, "embedded":true, "fstring":true, "bytesize":3, "value":"top", "encoding":"US-ASCII", "memsize":40, "flags":{"wb_protected":true}}
{"address":"0x1019b7a10", "type":"STRING", "slot_size":40, "class":"0x1039feda0", "frozen":true, "embedded":true, "fstring":true, "bytesize":12, "value":"experimental", "encoding":"US-ASCII", "memsize":40, "flags":{"wb_protected":true}}
{"address":"0x1019b7a38", "type":"STRING", "slot_size":40, "class":"0x1039feda0", "frozen":true, "embedded":true, "fstring":true, "bytesize":10, "value":"deprecated", "encoding":"US-ASCII", "memsize":40, "flags":{"wb_protected":true}}
{"address":"0x1019b7a60", "type":"STRING", "slot_size":40, "class":"0x1039feda0", "frozen":true, "embedded":true, "fstring":true, "bytesize":8, "value":"category", "encoding":"US-ASCII", "memsize":40, "flags":{"wb_protected":true}}
{"address":"0x1019b7a88", "type":"IMEMO", "slot_size":40, "class":"0x1039fc460", "imemo_type":"ment", "memsize":48, "flags":{"wb_protected":true}}
{"address":"0x1019b7ab0", "type":"STRING", "slot_size":40, "class":"0x1039feda0", "frozen":true, "embedded":true, "fstring":true, "bytesize":5, "value":"write", "encoding":"US-ASCII", "memsize":40, "flags":{"wb_protected":true}}
{"address":"0x1019b7ad8", "type":"IMEMO", "slot_size":40, "class":"0x1039fed00", "imemo_type":"callcache", "references":["0x1019be888"], "memsize":40, "flags":{"wb_protected":true}}
{"address":"0x1019b7b00", "type":"STRING", "slot_size":40, "class":"0x1039feda0", "frozen":true, "embedded":true, "fstring":true, "bytesize":15, "value":"Warning::buffer", "encoding":"US-ASCII", "memsize":40, "flags":{"wb_protected":true}}
{"address":"0x1019b7b28", "type":"STRING", "slot_size":40, "class":"0x1039feda0", "embedded":true, "bytesize":15, "value":"Warning::buffer", "encoding":"US-ASCII", "memsize":40, "flags":{"wb_protected":true}}
{"address":"0x1019b7b50", "type":"STRING", "slot_size":40, "class":"0x1039feda0", "frozen":true, "embedded":true, "fstring":true, "bytesize":6, "value":"buffer", "encoding":"US-ASCII", "memsize":40, "flags":{"wb_protected":true}}
{"address":"0x1019b7b78", "type":"IMEMO", "slot_size":40, "imemo_type":"ment", "references":["0x1039fc640"], "memsize":48, "flags":{"wb_protected":true}}
{"address":"0x1019b7ba0", "type":"STRING", "slot_size":40, "class":"0x1039feda0", "frozen":true, "embedded":true, "fstring":true, "bytesize":4, "value":"warn", "encoding":"US-ASCII", "memsize":40, "flags":{"wb_protected":true}}
{"address":"0x1019b7bc8", "type":"IMEMO", "slot_size":40, "class":"0x1039fc5a0", "imemo_type":"ment", "memsize":48, "flags":{"wb_protected":true}}
{"address":"0x1019b7bf0", "type":"IMEMO", "slot_size":40, "class":"0x1039fc5a0", "imemo_type":"ment", "memsize":48, "flags":{"wb_protected":true}}
{"address":"0x1019b7c18", "type":"STRING", "slot_size":40, "class":"0x1039feda0", "frozen":true, "embedded":true, "fstring":true, "bytesize":7, "value":"Warning", "encoding":"US-ASCII", "memsize":40, "flags":{"wb_protected":true}}
{"address":"0x1019b7c40", "type":"STRING", "slot_size":40, "class":"0x1039feda0", "frozen":true, "embedded":true, "fstring":true, "bytesize":5, "value":"Errno", "encoding":"US-ASCII", "memsize":40, "flags":{"wb_protected":true}}
{"address":"0x1019b7c68", "type":"IMEMO", "slot_size":40, "class":"0x1039fc780", "imemo_type":"ment", "memsize":48, "flags":{"wb_protected":true}}
{"address":"0x1019b7c90", "type":"IMEMO", "slot_size":40, "class":"0x1039fc820", "imemo_type":"ment", "memsize":48, "flags":{"wb_protected":true}}
{"address":"0x1019b7cb8", "type":"STRING", "slot_size":40, "class":"0x1039feda0", "frozen":true, "embedded":true, "fstring":true, "bytesize":5, "value":"errno", "encoding":"US-ASCII", "memsize":40, "flags":{"wb_protected":true}}
{"address":"0x1019b7ce0", "type":"IMEMO", "slot_size":40, "class":"0x1039fc820", "imemo_type":"ment", "memsize":48, "flags":{"wb_protected":true}}
{"address":"0x1019b7d08", "type":"STRING", "slot_size":40, "class":"0x1039feda0", "frozen":true, "embedded":true, "fstring":true, "bytesize":15, "value":"SystemCallError", "encoding":"US-ASCII", "memsize":40, "flags":{"wb_protected":true}}
{"address":"0x1019b7d30", "type":"IMEMO", "slot_size":40, "class":"0x1039fc960", "imemo_type":"ment", "memsize":48, "flags":{"wb_protected":true}}
{"address":"0x1019b7d58", "type":"IMEMO", "slot_size":40, "class":"0x1039fc960", "imemo_type":"ment", "memsize":48, "flags":{"wb_protected":true}}
{"address":"0x1019b7d80", "type":"STRING", "slot_size":40, "class":"0x1039feda0", "frozen":true, "embedded":true, "fstring":true, "bytesize":7, "value":"matchee", "encoding":"US-ASCII", "memsize":40, "flags":{"wb_protected":true}}
{"address":"0x1019b7da8", "type":"IMEMO", "slot_size":40, "class":"0x1039fc960", "imemo_type":"ment", "memsize":48, "flags":{"wb_protected":true}}
{"address":"0x1019b7dd0", "type":"IMEMO", "slot_size":40, "class":"0x1039fca00", "imemo_type":"callcache", "references":["0x1019be888"], "memsize":40, "flags":{"wb_protected":true}}
{"address":"0x1019b7df8", "type":"IMEMO", "slot_size":40, "class":"0x1039fcc80", "imemo_type":"callcache", "references":["0x1019be888"], "memsize":40, "flags":{"wb_protected":true}}
{"address":"0x1019b7e20", "type":"STRING", "slot_size":40, "class":"0x1039feda0", "bytesize":28, "capacity":31, "value":"Encoding::CompatibilityError", "encoding":"US-ASCII", "memsize":72, "flags":{"wb_protected":true}}
{"address":"0x1019b7e48", "type":"STRING", "slot_size":40, "class":"0x1039feda0", "frozen":true, "embedded":true, "fstring":true, "bytesize":13, "value":"EncodingError", "encoding":"US-ASCII", "memsize":40, "flags":{"wb_protected":true}}
{"address":"0x1019b7e70", "type":"STRING", "slot_size":40, "class":"0x1039feda0", "frozen":true, "embedded":true, "fstring":true, "bytesize":13, "value":"NoMemoryError", "encoding":"US-ASCII", "memsize":40, "flags":{"wb_protected":true}}
{"address":"0x1019b7e98", "type":"STRING", "slot_size":40, "class":"0x1039feda0", "frozen":true, "embedded":true, "fstring":true, "bytesize":13, "value":"SecurityError", "encoding":"US-ASCII", "memsize":40, "flags":{"wb_protected":true}}
{"address":"0x1019b7ec0", "type":"IMEMO", "slot_size":40, "class":"0x1039fd0e0", "imemo_type":"ment", "memsize":48, "flags":{"wb_protected":true}}
{"address":"0x1019b7ee8", "type":"IMEMO", "slot_size":40, "class":"0x1039fd0e0", "imemo_type":"ment", "memsize":48, "flags":{"wb_protected":true}}
{"address":"0x1019b7f10", "type":"IMEMO", "slot_size":40, "class":"0x1039fd180", "imemo_type":"callcache", "references":["0x1019be888"], "memsize":40, "flags":{"wb_protected":true}}
{"address":"0x1019b7f38", "type":"STRING", "slot_size":40, "class":"0x1039feda0", "frozen":true, "embedded":true, "fstring":true, "bytesize":11, "value":"FrozenError", "encoding":"US-ASCII", "memsize":40, "flags":{"wb_protected":true}}
{"address":"0x1019b7f60", "type":"STRING", "slot_size":40, "class":"0x1039feda0", "frozen":true, "embedded":true, "fstring":true, "bytesize":12, "value":"RuntimeError", "encoding":"US-ASCII", "memsize":40, "flags":{"wb_protected":true}}
{"address":"0x1019b7f88", "type":"IMEMO", "slot_size":40, "class":"0x1039fd360", "imemo_type":"ment", "memsize":48, "flags":{"wb_protected":true}}
{"address":"0x1019b7fb0", "type":"STRING", "slot_size":40, "class":"0x1039feda0", "frozen":true, "embedded":true, "fstring":true, "bytesize":13, "value":"private_call?", "encoding":"US-ASCII", "memsize":40, "flags":{"wb_protected":true}}
{"address":"0x1019b7fd8", "type":"IMEMO", "slot_size":40, "class":"0x1039fd360", "imemo_type":"ment", "memsize":48, "flags":{"wb_protected":true}}
{"address":"0x1019b8000", "type":"STRING", "slot_size":40, "class":"0x1039feda0", "frozen":true, "embedded":true, "fstring":true, "bytesize":4, "value":"args", "encoding":"US-ASCII", "memsize":40, "flags":{"wb_protected":true}}
{"address":"0x1019b8028", "type":"IMEMO", "slot_size":40, "class":"0x1039fd360", "imemo_type":"ment", "memsize":48, "flags":{"wb_protected":true}}
{"address":"0x1019b8050", "type":"IMEMO", "slot_size":40, "class":"0x1039fd540", "imemo_type":"callcache", "references":["0x1019be888"], "memsize":40, "flags":{"wb_protected":true}}
{"address":"0x1019b8078", "type":"STRING", "slot_size":40, "class":"0x1039feda0", "frozen":true, "embedded":true, "fstring":true, "bytesize":13, "value":"NoMethodError", "encoding":"US-ASCII", "memsize":40, "flags":{"wb_protected":true}}
{"address":"0x1019b80a0", "type":"IMEMO", "slot_size":40, "class":"0x1039fd400", "imemo_type":"ment", "memsize":48, "flags":{"wb_protected":true}}
{"address":"0x1019b80c8", "type":"IMEMO", "slot_size":40, "class":"0x1039fd4a0", "imemo_type":"ment", "memsize":48, "flags":{"wb_protected":true}}
{"address":"0x1019b80f0", "type":"IMEMO", "slot_size":40, "class":"0x1039fd4a0", "imemo_type":"ment", "memsize":48, "flags":{"wb_protected":true}}
{"address":"0x1019b8118", "type":"IMEMO", "slot_size":40, "class":"0x1039fd4a0", "imemo_type":"ment", "memsize":48, "flags":{"wb_protected":true}}
{"address":"0x1019b8140", "type":"IMEMO", "slot_size":40, "class":"0x1039fd4a0", "imemo_type":"ment", "memsize":48, "flags":{"wb_protected":true}}
{"address":"0x1019b8168", "type":"STRING", "slot_size":40, "class":"0x1039feda0", "bytesize":18, "capacity":31, "value":"NameError::message", "encoding":"US-ASCII", "memsize":72, "flags":{"wb_protected":true}}
{"address":"0x1019b8190", "type":"IMEMO", "slot_size":40, "class":"0x1039fd5e0", "imemo_type":"ment", "memsize":48, "flags":{"wb_protected":true}}
{"address":"0x1019b81b8", "type":"STRING", "slot_size":40, "class":"0x1039feda0", "frozen":true, "embedded":true, "fstring":true, "bytesize":15, "value":"local_variables", "encoding":"US-ASCII", "memsize":40, "flags":{"wb_protected":true}}
{"address":"0x1019b81e0", "type":"IMEMO", "slot_size":40, "class":"0x1039fd5e0", "imemo_type":"ment", "memsize":48, "flags":{"wb_protected":true}}
{"address":"0x1019b8208", "type":"IMEMO", "slot_size":40, "class":"0x1039fd5e0", "imemo_type":"ment", "memsize":48, "flags":{"wb_protected":true}}
{"address":"0x1019b8230", "type":"IMEMO", "slot_size":40, "class":"0x1039fd5e0", "imemo_type":"ment", "memsize":48, "flags":{"wb_protected":true}}
{"address":"0x1019b8258", "type":"STRING", "slot_size":40, "class":"0x1039feda0", "frozen":true, "embedded":true, "fstring":true, "bytesize":9, "value":"NameError", "encoding":"US-ASCII", "memsize":40, "flags":{"wb_protected":true}}
{"address":"0x1019b8280", "type":"IMEMO", "slot_size":40, "class":"0x1039fd900", "imemo_type":"ment", "memsize":48, "flags":{"wb_protected":true}}
{"address":"0x1019b82a8", "type":"STRING", "slot_size":40, "class":"0x1039feda0", "frozen":true, "embedded":true, "fstring":true, "bytesize":5, "value":"@path", "encoding":"US-ASCII", "memsize":40, "flags":{"wb_protected":true}}
{"address":"0x1019b82d0", "type":"STRING", "slot_size":40, "class":"0x1039feda0", "frozen":true, "embedded":true, "fstring":true, "bytesize":4, "value":"path", "encoding":"US-ASCII", "memsize":40, "flags":{"wb_protected":true}}
{"address":"0x1019b82f8", "type":"STRING", "slot_size":40, "class":"0x1039feda0", "frozen":true, "embedded":true, "fstring":true, "bytesize":9, "value":"LoadError", "encoding":"US-ASCII", "memsize":40, "flags":{"wb_protected":true}}
{"address":"0x1019b8320", "type":"IMEMO", "slot_size":40, "class":"0x1039fda40", "imemo_type":"ment", "memsize":48, "flags":{"wb_protected":true}}
{"address":"0x1019b8348", "type":"IMEMO", "slot_size":40, "class":"0x1039fdae0", "imemo_type":"callcache", "references":["0x1019be888"], "memsize":40, "flags":{"wb_protected":true}}
{"address":"0x1019b8370", "type":"STRING", "slot_size":40, "class":"0x1039feda0", "frozen":true, "embedded":true, "fstring":true, "bytesize":11, "value":"SyntaxError", "encoding":"US-ASCII", "memsize":40, "flags":{"wb_protected":true}}
{"address":"0x1019b8398", "type":"STRING", "slot_size":40, "class":"0x1039feda0", "frozen":true, "embedded":true, "fstring":true, "bytesize":11, "value":"ScriptError", "encoding":"US-ASCII", "memsize":40, "flags":{"wb_protected":true}}
{"address":"0x1019b83c0", "type":"STRING", "slot_size":40, "class":"0x1039feda0", "frozen":true, "embedded":true, "fstring":true, "bytesize":10, "value":"RangeError", "encoding":"US-ASCII", "memsize":40, "flags":{"wb_protected":true}}
{"address":"0x1019b83e8", "type":"IMEMO", "slot_size":40, "class":"0x1039fde00", "imemo_type":"ment", "memsize":48, "flags":{"wb_protected":true}}
{"address":"0x1019b8410", "type":"STRING", "slot_size":40, "class":"0x1039feda0", "frozen":true, "embedded":true, "fstring":true, "bytesize":3, "value":"key", "encoding":"US-ASCII", "memsize":40, "flags":{"wb_protected":true}}
{"address":"0x1019b8438", "type":"IMEMO", "slot_size":40, "class":"0x1039fde00", "imemo_type":"ment", "memsize":48, "flags":{"wb_protected":true}}
{"address":"0x1019b8460", "type":"STRING", "slot_size":40, "class":"0x1039feda0", "frozen":true, "embedded":true, "fstring":true, "bytesize":8, "value":"receiver", "encoding":"US-ASCII", "memsize":40, "flags":{"wb_protected":true}}
{"address":"0x1019b8488", "type":"IMEMO", "slot_size":40, "class":"0x1039fde00", "imemo_type":"ment", "memsize":48, "flags":{"wb_protected":true}}
{"address":"0x1019b84b0", "type":"IMEMO", "slot_size":40, "class":"0x1039fdea0", "imemo_type":"callcache", "references":["0x1019be888"], "memsize":40, "flags":{"wb_protected":true}}
{"address":"0x1019b84d8", "type":"STRING", "slot_size":40, "class":"0x1039feda0", "frozen":true, "embedded":true, "fstring":true, "bytesize":8, "value":"KeyError", "encoding":"US-ASCII", "memsize":40, "flags":{"wb_protected":true}}
{"address":"0x1019b8500", "type":"STRING", "slot_size":40, "class":"0x1039feda0", "frozen":true, "embedded":true, "fstring":true, "bytesize":10, "value":"IndexError", "encoding":"US-ASCII", "memsize":40, "flags":{"wb_protected":true}}
{"address":"0x1019b8528", "type":"STRING", "slot_size":40, "class":"0x1039feda0", "frozen":true, "embedded":true, "fstring":true, "bytesize":13, "value":"ArgumentError", "encoding":"US-ASCII", "memsize":40, "flags":{"wb_protected":true}}
{"address":"0x1019b8550", "type":"IMEMO", "slot_size":40, "class":"0x1039fe260", "imemo_type":"callcache", "references":["0x1019be888"], "memsize":40, "flags":{"wb_protected":true}}
{"address":"0x1019b8578", "type":"STRING", "slot_size":40, "class":"0x1039feda0", "frozen":true, "embedded":true, "fstring":true, "bytesize":9, "value":"TypeError", "encoding":"US-ASCII", "memsize":40, "flags":{"wb_protected":true}}
{"address":"0x1019b85a0", "type":"STRING", "slot_size":40, "class":"0x1039feda0", "frozen":true, "embedded":true, "fstring":true, "bytesize":13, "value":"StandardError", "encoding":"US-ASCII", "memsize":40, "flags":{"wb_protected":true}}
{"address":"0x1019b85c8", "type":"IMEMO", "slot_size":40, "class":"0x1039fe4e0", "imemo_type":"callcache", "references":["0x1019be888"], "memsize":40, "flags":{"wb_protected":true}}
{"address":"0x1019b85f0", "type":"STRING", "slot_size":40, "class":"0x1039feda0", "frozen":true, "embedded":true, "fstring":true, "bytesize":9, "value":"Interrupt", "encoding":"US-ASCII", "memsize":40, "flags":{"wb_protected":true}}
{"address":"0x1019b8618", "type":"STRING", "slot_size":40, "class":"0x1039feda0", "frozen":true, "embedded":true, "fstring":true, "bytesize":15, "value":"SignalException", "encoding":"US-ASCII", "memsize":40, "flags":{"wb_protected":true}}
{"address":"0x1019b8640", "type":"STRING", "slot_size":40, "class":"0x1039feda0", "frozen":true, "embedded":true, "fstring":true, "bytesize":5, "value":"fatal", "encoding":"US-ASCII", "memsize":40, "flags":{"wb_protected":true}}
{"address":"0x1019b8668", "type":"IMEMO", "slot_size":40, "class":"0x1039fe800", "imemo_type":"ment", "memsize":48, "flags":{"wb_protected":true}}
{"address":"0x1019b8690", "type":"STRING", "slot_size":40, "class":"0x1039feda0", "frozen":true, "embedded":true, "fstring":true, "bytesize":8, "value":"success?", "encoding":"US-ASCII", "memsize":40, "flags":{"wb_protected":true}}
{"address":"0x1019b86b8", "type":"IMEMO", "slot_size":40, "class":"0x1039fe800", "imemo_type":"ment", "memsize":48, "flags":{"wb_protected":true}}
{"address":"0x1019b86e0", "type":"STRING", "slot_size":40, "class":"0x1039feda0", "frozen":true, "embedded":true, "fstring":true, "bytesize":6, "value":"status", "encoding":"US-ASCII", "memsize":40, "flags":{"wb_protected":true}}
{"address":"0x1019b8708", "type":"IMEMO", "slot_size":40, "class":"0x1039fe800", "imemo_type":"ment", "memsize":48, "flags":{"wb_protected":true}}
{"address":"0x1019b8730", "type":"IMEMO", "slot_size":40, "class":"0x1039fe8a0", "imemo_type":"callcache", "references":["0x1019be888"], "memsize":40, "flags":{"wb_protected":true}}
{"address":"0x1019b8758", "type":"STRING", "slot_size":40, "class":"0x1039feda0", "frozen":true, "embedded":true, "fstring":true, "bytesize":10, "value":"SystemExit", "encoding":"US-ASCII", "memsize":40, "flags":{"wb_protected":true}}
{"address":"0x1019b8780", "type":"IMEMO", "slot_size":40, "class":"0x1039fe940", "imemo_type":"ment", "memsize":48, "flags":{"wb_protected":true}}
{"address":"0x1019b87a8", "type":"STRING", "slot_size":40, "class":"0x1039feda0", "frozen":true, "embedded":true, "fstring":true, "bytesize":5, "value":"cause", "encoding":"US-ASCII", "memsize":40, "flags":{"wb_protected":true}}
{"address":"0x1019b87d0", "type":"IMEMO", "slot_size":40, "class":"0x1039fe940", "imemo_type":"ment", "memsize":48, "flags":{"wb_protected":true}}
{"address":"0x1019b87f8", "type":"STRING", "slot_size":40, "class":"0x1039feda0", "frozen":true, "embedded":true, "fstring":true, "bytesize":13, "value":"set_backtrace", "encoding":"US-ASCII", "memsize":40, "flags":{"wb_protected":true}}
{"address":"0x1019b8820", "type":"IMEMO", "slot_size":40, "class":"0x1039fe940", "imemo_type":"ment", "memsize":48, "flags":{"wb_protected":true}}
{"address":"0x1019b8848", "type":"ARRAY", "slot_size":40, "length":1024, "references":["0x1039dede8", "0x1019b87f8", "0x1019b87a8", "0x1019b8758", "0x1019b86e0", "0x1019b8690", "0x1019b8640", "0x1019b8618", "0x1019b85f0", "0x1019b85a0", "0x1019b8578", "0x1019b8528", "0x1019b8500", "0x1019b84d8", "0x1019b8460", "0x1019b8410", "0x1019b83c0", "0x1019b8398", "0x1019b8370", "0x1019b82f8", "0x1019b82d0", "0x1019b82a8", "0x1039ded98", "0x1019b8258", "0x1019b81b8", "0x1019b8078", "0x1019b8000", "0x1019b7fb0", "0x1019b7f60", "0x1019b7f38", "0x1019b7e98", "0x1019b7e70", "0x1019b7e48", "0x1039decf8", "0x1039dec58", "0x1039dec08", "0x1019b7d80", "0x1019b7d08", "0x1019b7cb8", "0x1019b7c40", "0x1019b7c18", "0x1019b7ba0", "0x1019b7b50", "0x1019b7ab0", "0x1019b7a60", "0x1019b7a38", "0x1019b7a10", "0x1019b79e8", "0x1019b79c0", "0x1019b7998", "0x1019b7970", "0x1019b78f8", "0x1039debb8", "0x1019b7830", "0x1019b77b8", "0x1019b7740", "0x1019b76c8", "0x1019b75d8", "0x1019b7588", "0x1019b7538", "0x1019b74e8", "0x1039deb68", "0x1019b7448", "0x1019b73f8", "0x1019b7330", "0x1019b72e0", "0x1019b7218", "0x1019b71a0", "0x1019b7128", "0x1019b70b0", "0x1019b7038", "0x1019b6fc0", "0x1019b6f70", "0x1019b6ea8", "0x1019b6e58", "0x1019b6e08", "0x1019b6db8", "0x1019b6d68", "0x1039deb18", "0x1019b6cc8", "0x1019b6c78", "0x1019b6c00", "0x1019b6b88", "0x1019b6b38", "0x1019b6ae8", "0x1019b6a98", "0x1019b6a48", "0x1019b69f8", "0x1019b6980", "0x1019b6930", "0x1039deac8", "0x1039dea78", "0x1039dea28", "0x1039de9d8", "0x1039de988", "0x1019b6728", "0x1019b6660", "0x1019b6610", "0x1019b6598", "0x1019b64a8", "0x1019b6430", "0x1019b6408", "0x1019b6390", "0x1019b6368", "0x1019b6340", "0x1039de938", "0x1039de8e8", "0x1019b62f0", "0x1019b6278", "0x1019b6200", "0x1019b6070", "0x1019b6020", "0x1019b5fd0", "0x1019b5f80", "0x1019b5f08", "0x1019b5eb8", "0x1019b5e68", "0x1019b5e18", "0x1019b5dc8", "0x1019b5d78", "0x1019b5d28", "0x1019b5cd8", "0x1019b5c88", "0x1019b5be8", "0x1019b5b20", "0x1019b5ad0", "0x1019b5a80", "0x1019b5a08", "0x1019b59b8", "0x1019b5918", "0x1019b55f8", "0x1019b53c8", "0x1019b51e8", "0x1019b5198", "0x1019b5170", "0x1019b5148", "0x1019b5120", "0x1019b50f8", "0x1019b50d0", "0x1019b50a8", "0x1019b5058", "0x1019b5008", "0x1019b4fe0", "0x1019b4f90", "0x1019b4f40", "0x1019b4ab8", "0x1019b4a68", "0x1019b4a18", "0x1019b49c8", "0x1019b4978", "0x1019b4900", "0x1019b4860", "0x1019b47e8", "0x1019b4770", "0x1019b4720", "0x1019b46d0", "0x1019b46a8", "0x1019b4658", "0x1019b45e0", "0x1019b4568", "0x1019b44f0", "0x1019b4478", "0x1019b4450", "0x1019b43d8", "0x1019b4360", "0x1019b4338", "0x1019b42e8", "0x1019b4270", "0x1019b4248", "0x1019b41d0", "0x1019b41a8", "0x1019b4180", "0x1019b4158", "0x1019b40e0", "0x1019b4090", "0x1019b4068", "0x1019b3ff0", "0x1019b3fc8", "0x1019b3fa0", "0x1019b3f50", "0x1019b3f00", "0x1019b3eb0", "0x1019b3e38", "0x1019b3e10", "0x1019b3dc0", "0x1019b3d48", "0x1019b3cd0", "0x1019b3ca8", "0x1019b3c80", "0x1019b3c08", "0x1019b3b90", "0x1019b3b18", "0x1019b3aa0", "0x1019b3a28", "0x1019b39d8", "0x1019b3988", "0x1019b3960", "0x1019b38e8", "0x1019b3870", "0x1019b3820", "0x1019b37a8", "0x1019b3730", "0x1019b36b8", "0x1019b3690", "0x1019b3618", "0x1019b35a0", "0x1019b3578", "0x1019b3550", "0x1019b3528", "0x1019b3500", "0x1019b34d8", "0x1019b34b0", "0x1019b3488", "0x1019b3460", "0x1019b33e8", "0x1019b33c0", "0x1019b3398", "0x1019b3370", "0x1019b3348", "0x1019b3320", "0x1019b32f8", "0x1019b3280", "0x1019b3258", "0x1019b31e0", "0x1019b3168", "0x1019b30f0", "0x1019b30a0", "0x1019b3050", "0x1019b3028", "0x1019b2fd8", "0x1019b2f60", "0x1019b2f10", "0x1019b2ec0", "0x1019b2e48", "0x1019b2e20", "0x1019b2da8", "0x1019b2d30", "0x1019b2d08", "0x1019b2c90", "0x1019b2c18", "0x1019b2ba0", "0x1019b2b28", "0x1019b2b00", "0x1019b2a88", "0x1019b2a10", "0x1019b29e8", "0x1019b2970", "0x1019b28f8", "0x1019b28d0", "0x1019b28a8", "0x1019b2858", "0x1019b2808", "0x1019b2790", "0x1019b2718", "0x1019b26a0", "0x1019b2628", "0x1019b25b0", "0x1019b2588", "0x1019b2510", "0x1019b2498", "0x1019b2448", "0x1019b2420", "0x1019b23d0", "0x1019b2358", "0x1019b22e0", "0x1019b2268", "0x1019b2240", "0x1019b21c8", "0x1019b2178", "0x1019b2128", "0x1019b20d8", "0x1019b2060", "0x1019b2010", "0x1019b1f98", "0x1019b1f20", "0x1019b1ed0", "0x1019b1e80", "0x1019b1e30", "0x1019b1db8", "0x1019b1d68", "0x1019b1d18", "0x1019b1ca0", "0x1019b1c78", "0x1019b1c00", "0x1019b1bd8", "0x1019b1b60", "0x1019b1b38", "0x1019b1b10", "0x1019b1ae8", "0x1019b1a70", "0x1019b1a20", "0x1019b19d0", "0x1019b1980", "0x1019b1930", "0x1019b18b8", "0x1019b1840", "0x1019b1818", "0x1019b17a0", "0x1019b1778", "0x1019b1700", "0x1019b16b0", "0x1019b1660", "0x1019b15e8", "0x1019b15c0", "0x1019b1598", "0x1019b1520", "0x1019b14f8", "0x1019b1480", "0x1019b1228", "0x1019b11d8", "0x1019b1160", "0x1019b10e8", "0x1019b1098", "0x1019b1048", "0x1019b0ff8", "0x1019b0f80", "0x1019b0f30", "0x1019b0ee0", "0x1019b0e90", "0x1019b0e40", "0x1019b0d78", "0x1019b0c10", "0x1019b0b70", "0x1019b0b20", "0x1019b0aa8", "0x1019b0a58", "0x1019b09e0", "0x1019b0968", "0x1019b08f0", "0x1019b0878", "0x1019b0828", "0x1019b07d8", "0x1019b0760", "0x1019b0710", "0x1019b0698", "0x1019b0620", "0x1019b0580", "0x1019b0490", "0x1019b0440", "0x1019b0288", "0x1019b0210", "0x1019b01c0", "0x1019b0170", "0x1019b00d0", "0x1019b0080", "0x1039ddd58", "0x1039ddd08", "0x10199ffc8", "0x10199fed8", "0x10199fe88", "0x10199fd48", "0x10199fcf8", "0x10199fc30", "0x10199fa00", "0x10199f988", "0x10199f938", "0x10199f8e8", "0x10199f7f8", "0x10199f7a8", "0x10199f758", "0x10199f6e0", "0x10199f690", "0x1039ddcb8", "0x1039ddc68", "0x10199f5f0", "0x10199f5a0", "0x10199f528", "0x10199f320", "0x10199f2a8", "0x10199f258", "0x10199f1e0", "0x10199f190", "0x10199f028", "0x10199efd8", "0x10199ef88", "0x10199ef38", "0x1039ddc18", "0x1039ddbc8", "0x1039ddb78", "0x1039ddb28", "0x1039ddad8", "0x10199e4c0", "0x10199e498", "0x1039dda88", "0x1039dda38", "0x10199e470", "0x10199e128", "0x10199e060", "0x10199e038", "0x10199e010", "0x10199dfe8", "0x10199dfc0", "0x10199df98", "0x10199df70", "0x10199df48", "0x10199def8", "0x10199dea8", "0x10199de30", "0x10199dbd8", "0x10199db88", "0x10199db38", "0x10199dac0", "0x10199da48", "0x10199d9f8", "0x10199d9d0", "0x10199d9a8", "0x10199d980", "0x10199d958", "0x10199d930", "0x10199d890", "0x10199d7c8", "0x10199d778", "0x10199d728", "0x10199d6b0", "0x10199d610", "0x10199d570", "0x10199d520", "0x10199d480", "0x1039dd9e8", "0x1039dd998", "0x10199d3b8", "0x10199d390", "0x1039dd948", "0x10199d368", "0x10199d340", "0x1039dd8f8", "0x10199d318", "0x10199d2f0", "0x10199d2c8", "0x10199d2a0", "0x10199d278", "0x1039dd8a8", "0x1039dd858", "0x1039dd808", "0x1039dd7b8", "0x10199d250", "0x10199d228", "0x1039dd768", "0x10199d200", "0x10199d1d8", "0x10199d1b0", "0x10199d188", "0x10199d160", "0x10199d138", "0x10199d110", "0x10199d0e8", "0x1039dd718", "0x1039dd678", "0x1039dd5d8", "0x10199d048", "0x10199cff8", "0x10199cfa8", "0x1039dd4e8", "0x10199cf30", "0x10199ce90", "0x1039dd498", "0x10199cdc8", "0x10199cd78", "0x1039dd448", "0x10199cd00", "0x10199ccb0", "0x10199cc60", "0x10199cc10", "0x10199cbc0", "0x10199cb48", "0x10199cb20", "0x10199caf8", "0x10199cad0", "0x1039dd3f8", "0x10199caa8", "0x10199ca80", "0x1039dd3a8", "0x1039dd358", "0x1039dd308", "0x1039dd2b8", "0x1039dd268", "0x1039dd218", "0x1039dd1c8", "0x10199c878", "0x10199c850", "0x10199c828", "0x10199c800", "0x10199c7d8", "0x10199c7b0", "0x10199c788", "0x10199c760", "0x10199c738", "0x10199c710", "0x10199c698", "0x10199c670", "0x10199c648", "0x10199c5d0", "0x10199c238", "0x10199c198", "0x10199c120", "0x10199c0f8", "0x10199c0a8", "0x10199c080", "0x10199c058", "0x10199c030", "0x10199c008", "0x10199bfe0", "0x10199bf68", "0x10199bef0", "0x10199be78", "0x10199be00", "0x10199bd88", "0x10199bcc0"], "memsize":8232, "flags":{"wb_protected":true}}
{"address":"0x1019b8870", "type":"IMEMO", "slot_size":40, "class":"0x1039fe940", "imemo_type":"ment", "memsize":48, "flags":{"wb_protected":true}}
{"address":"0x1019b8898", "type":"STRING", "slot_size":40, "class":"0x1039feda0", "frozen":true, "embedded":true, "fstring":true, "bytesize":9, "value":"backtrace", "encoding":"US-ASCII", "memsize":40, "flags":{"wb_protected":true}}
{"address":"0x1019b88c0", "type":"IMEMO", "slot_size":40, "class":"0x1039fe940", "imemo_type":"ment", "memsize":48, "flags":{"wb_protected":true}}
{"address":"0x1019b88e8", "type":"IMEMO", "slot_size":40, "class":"0x1039fe940", "imemo_type":"ment", "memsize":48, "flags":{"wb_protected":true}}
{"address":"0x1019b8910", "type":"STRING", "slot_size":40, "class":"0x1039feda0", "frozen":true, "embedded":true, "fstring":true, "bytesize":12, "value":"full_message", "encoding":"US-ASCII", "memsize":40, "flags":{"wb_protected":true}}
{"address":"0x1019b8938", "type":"IMEMO", "slot_size":40, "class":"0x1039fe940", "imemo_type":"ment", "memsize":48, "flags":{"wb_protected":true}}
{"address":"0x1019b8960", "type":"STRING", "slot_size":40, "class":"0x1039feda0", "frozen":true, "embedded":true, "fstring":true, "bytesize":7, "value":"message", "encoding":"US-ASCII", "memsize":40, "flags":{"wb_protected":true}}
{"address":"0x1019b8988", "type":"IMEMO", "slot_size":40, "class":"0x1039fe940", "imemo_type":"ment", "memsize":48, "flags":{"wb_protected":true}}
{"address":"0x1019b89b0", "type":"IMEMO", "slot_size":40, "class":"0x1039fe940", "imemo_type":"ment", "memsize":48, "flags":{"wb_protected":true}}
{"address":"0x1019b89d8", "type":"IMEMO", "slot_size":40, "class":"0x1039fe940", "imemo_type":"ment", "memsize":48, "flags":{"wb_protected":true}}
{"address":"0x1019b8a00", "type":"IMEMO", "slot_size":40, "class":"0x1039fe940", "imemo_type":"ment", "memsize":48, "flags":{"wb_protected":true}}
{"address":"0x1019b8a28", "type":"IMEMO", "slot_size":40, "class":"0x1039fe8a0", "imemo_type":"ment", "memsize":48, "flags":{"wb_protected":true}}
{"address":"0x1019b8a50", "type":"STRING", "slot_size":40, "class":"0x1039feda0", "frozen":true, "embedded":true, "fstring":true, "bytesize":7, "value":"to_tty?", "encoding":"US-ASCII", "memsize":40, "flags":{"wb_protected":true}}
{"address":"0x1019b8a78", "type":"IMEMO", "slot_size":40, "class":"0x1039fe8a0", "imemo_type":"ment", "memsize":48, "flags":{"wb_protected":true}}
{"address":"0x1019b8aa0", "type":"STRING", "slot_size":40, "class":"0x1039feda0", "frozen":true, "embedded":true, "fstring":true, "bytesize":9, "value":"Exception", "encoding":"US-ASCII", "memsize":40, "flags":{"wb_protected":true}}
{"address":"0x1019b8ac8", "type":"IMEMO", "slot_size":40, "class":"0x1039feb20", "imemo_type":"ment", "memsize":48, "flags":{"wb_protected":true}}
{"address":"0x1019b8af0", "type":"IMEMO", "slot_size":40, "class":"0x1039feb20", "imemo_type":"ment", "memsize":48, "flags":{"wb_protected":true}}
{"address":"0x1019b8b18", "type":"IMEMO", "slot_size":40, "class":"0x1039feb20", "imemo_type":"ment", "memsize":48, "flags":{"wb_protected":true}}
{"address":"0x1019b8b40", "type":"IMEMO", "slot_size":40, "class":"0x1039feb20", "imemo_type":"ment", "memsize":48, "flags":{"wb_protected":true}}
{"address":"0x1019b8b68", "type":"IMEMO", "slot_size":40, "class":"0x1039feb20", "imemo_type":"ment", "memsize":48, "flags":{"wb_protected":true}}
{"address":"0x1019b8b90", "type":"IMEMO", "slot_size":40, "class":"0x1039feb20", "imemo_type":"ment", "memsize":48, "flags":{"wb_protected":true}}
{"address":"0x1019b8bb8", "type":"IMEMO", "slot_size":40, "class":"0x1039feb20", "imemo_type":"ment", "memsize":48, "flags":{"wb_protected":true}}
{"address":"0x1019b8be0", "type":"IMEMO", "slot_size":40, "class":"0x1039feb20", "imemo_type":"ment", "memsize":48, "flags":{"wb_protected":true}}
{"address":"0x1019b8c08", "type":"IMEMO", "slot_size":40, "class":"0x1039feb20", "imemo_type":"ment", "memsize":48, "flags":{"wb_protected":true}}
{"address":"0x1019b8c30", "type":"IMEMO", "slot_size":40, "class":"0x1039feb20", "imemo_type":"ment", "memsize":48, "flags":{"wb_protected":true}}
{"address":"0x1019b8c58", "type":"IMEMO", "slot_size":40, "class":"0x1039feb20", "imemo_type":"ment", "memsize":48, "flags":{"wb_protected":true}}
{"address":"0x1019b8c80", "type":"IMEMO", "slot_size":40, "class":"0x1039feb20", "imemo_type":"ment", "memsize":48, "flags":{"wb_protected":true}}
{"address":"0x1019b8ca8", "type":"IMEMO", "slot_size":40, "class":"0x1039feb20", "imemo_type":"ment", "memsize":48, "flags":{"wb_protected":true}}
{"address":"0x1019b8cd0", "type":"IMEMO", "slot_size":40, "class":"0x1039feb20", "imemo_type":"ment", "memsize":48, "flags":{"wb_protected":true}}
{"address":"0x1019b8cf8", "type":"IMEMO", "slot_size":40, "class":"0x1039feb20", "imemo_type":"ment", "memsize":48, "flags":{"wb_protected":true}}
{"address":"0x1019b8d20", "type":"IMEMO", "slot_size":40, "class":"0x1039feb20", "imemo_type":"ment", "memsize":48, "flags":{"wb_protected":true}}
{"address":"0x1019b8d48", "type":"IMEMO", "slot_size":40, "class":"0x1039feb20", "imemo_type":"ment", "memsize":48, "flags":{"wb_protected":true}}
{"address":"0x1019b8d70", "type":"IMEMO", "slot_size":40, "class":"0x1039feb20", "imemo_type":"ment", "memsize":48, "flags":{"wb_protected":true}}
{"address":"0x1019b8d98", "type":"IMEMO", "slot_size":40, "class":"0x1039feb20", "imemo_type":"ment", "memsize":48, "flags":{"wb_protected":true}}
{"address":"0x1019b8dc0", "type":"IMEMO", "slot_size":40, "class":"0x1039feb20", "imemo_type":"ment", "memsize":48, "flags":{"wb_protected":true}}
{"address":"0x1019b8de8", "type":"IMEMO", "slot_size":40, "class":"0x1039feb20", "imemo_type":"ment", "memsize":48, "flags":{"wb_protected":true}}
{"address":"0x1019b8e10", "type":"IMEMO", "slot_size":40, "class":"0x1039feb20", "imemo_type":"ment", "memsize":48, "flags":{"wb_protected":true}}
{"address":"0x1019b8e38", "type":"IMEMO", "slot_size":40, "class":"0x1039feb20", "imemo_type":"ment", "memsize":48, "flags":{"wb_protected":true}}
{"address":"0x1019b8e60", "type":"IMEMO", "slot_size":40, "class":"0x1039feb20", "imemo_type":"ment", "memsize":48, "flags":{"wb_protected":true}}
{"address":"0x1019b8e88", "type":"IMEMO", "slot_size":40, "class":"0x1039feb20", "imemo_type":"ment", "memsize":48, "flags":{"wb_protected":true}}
{"address":"0x1019b8eb0", "type":"STRING", "slot_size":40, "class":"0x1039feda0", "frozen":true, "embedded":true, "fstring":true, "bytesize":7, "value":"id2name", "encoding":"US-ASCII", "memsize":40, "flags":{"wb_protected":true}}
{"address":"0x1019b8ed8", "type":"IMEMO", "slot_size":40, "class":"0x1039feb20", "imemo_type":"ment", "memsize":48, "flags":{"wb_protected":true}}
{"address":"0x1019b8f00", "type":"IMEMO", "slot_size":40, "class":"0x1039feb20", "imemo_type":"ment", "memsize":48, "flags":{"wb_protected":true}}
{"address":"0x1019b8f28", "type":"IMEMO", "slot_size":40, "class":"0x1039feb20", "imemo_type":"ment", "memsize":48, "flags":{"wb_protected":true}}
{"address":"0x1019b8f50", "type":"IMEMO", "slot_size":40, "class":"0x1039feb20", "imemo_type":"ment", "memsize":48, "flags":{"wb_protected":true}}
{"address":"0x1019b8f78", "type":"IMEMO", "slot_size":40, "class":"0x1039fea80", "imemo_type":"ment", "memsize":48, "flags":{"wb_protected":true}}
{"address":"0x1019b8fa0", "type":"STRING", "slot_size":40, "class":"0x1039feda0", "frozen":true, "embedded":true, "fstring":true, "bytesize":11, "value":"all_symbols", "encoding":"US-ASCII", "memsize":40, "flags":{"wb_protected":true}}
{"address":"0x1019b8fc8", "type":"IMEMO", "slot_size":40, "class":"0x1039fea80", "imemo_type":"ment", "memsize":48, "flags":{"wb_protected":true}}
{"address":"0x1019b8ff0", "type":"STRING", "slot_size":40, "class":"0x1039feda0", "frozen":true, "embedded":true, "fstring":true, "bytesize":6, "value":"Symbol", "encoding":"US-ASCII", "memsize":40, "flags":{"wb_protected":true}}
{"address":"0x1019b9018", "type":"STRING", "slot_size":40, "class":"0x1039feda0", "frozen":true, "embedded":true, "fstring":true, "bytesize":3, "value":"$-F", "encoding":"US-ASCII", "memsize":40, "flags":{"wb_protected":true}}
{"address":"0x1019b9040", "type":"STRING", "slot_size":40, "class":"0x1039feda0", "frozen":true, "embedded":true, "fstring":true, "bytesize":2, "value":"$;", "encoding":"US-ASCII", "memsize":40, "flags":{"wb_protected":true}}
{"address":"0x1019b9068", "type":"IMEMO", "slot_size":40, "class":"0x1039feda0", "imemo_type":"ment", "memsize":48, "flags":{"wb_protected":true}}
{"address":"0x1019b9090", "type":"IMEMO", "slot_size":40, "class":"0x1039feda0", "imemo_type":"ment", "memsize":48, "flags":{"wb_protected":true}}
{"address":"0x1019b90b8", "type":"IMEMO", "slot_size":40, "class":"0x1039feda0", "imemo_type":"ment", "memsize":48, "flags":{"wb_protected":true}}
{"address":"0x1019b90e0", "type":"STRING", "slot_size":40, "class":"0x1039feda0", "frozen":true, "embedded":true, "fstring":true, "bytesize":11, "value":"normalized?", "encoding":"US-ASCII", "memsize":40, "flags":{"wb_protected":true}}
{"address":"0x1019b9108", "type":"STRING", "slot_size":40, "class":"0x1039feda0", "frozen":true, "embedded":true, "fstring":true, "bytesize":9, "value":"normalize", "encoding":"US-ASCII", "memsize":40, "flags":{"wb_protected":true}}
{"address":"0x1019b9130", "type":"IMEMO", "slot_size":40, "class":"0x1039feda0", "imemo_type":"ment", "memsize":48, "flags":{"wb_protected":true}}
{"address":"0x1019b9158", "type":"STRING", "slot_size":40, "class":"0x1039feda0", "frozen":true, "embedded":true, "fstring":true, "bytesize":11, "value":"ascii_only?", "encoding":"US-ASCII", "memsize":40, "flags":{"wb_protected":true}}
{"address":"0x1019b9180", "type":"IMEMO", "slot_size":40, "class":"0x1039feda0", "imemo_type":"ment", "memsize":48, "flags":{"wb_protected":true}}
{"address":"0x1019b91a8", "type":"STRING", "slot_size":40, "class":"0x1039feda0", "frozen":true, "embedded":true, "fstring":true, "bytesize":15, "value":"valid_encoding?", "encoding":"US-ASCII", "memsize":40, "flags":{"wb_protected":true}}
{"address":"0x1019b91d0", "type":"IMEMO", "slot_size":40, "class":"0x1039feda0", "imemo_type":"ment", "memsize":48, "flags":{"wb_protected":true}}
{"address":"0x1019b91f8", "type":"STRING", "slot_size":40, "class":"0x1039feda0", "frozen":true, "embedded":true, "fstring":true, "bytesize":1, "value":"b", "encoding":"US-ASCII", "memsize":40, "flags":{"wb_protected":true}}
{"address":"0x1019b9220", "type":"IMEMO", "slot_size":40, "class":"0x1039feda0", "imemo_type":"ment", "memsize":48, "flags":{"wb_protected":true}}
{"address":"0x1019b9248", "type":"STRING", "slot_size":40, "class":"0x1039feda0", "frozen":true, "embedded":true, "fstring":true, "bytesize":14, "value":"force_encoding", "encoding":"US-ASCII", "memsize":40, "flags":{"wb_protected":true}}
{"address":"0x1019b9270", "type":"IMEMO", "slot_size":40, "class":"0x1039feda0", "imemo_type":"ment", "memsize":48, "flags":{"wb_protected":true}}
{"address":"0x1019b9298", "type":"STRING", "slot_size":40, "class":"0x1039feda0", "frozen":true, "embedded":true, "fstring":true, "bytesize":8, "value":"encoding", "encoding":"US-ASCII", "memsize":40, "flags":{"wb_protected":true}}
{"address":"0x1019b92c0", "type":"IMEMO", "slot_size":40, "class":"0x1039feda0", "imemo_type":"ment", "memsize":48, "flags":{"wb_protected":true}}
{"address":"0x1019b92e8", "type":"STRING", "slot_size":40, "class":"0x1039feda0", "frozen":true, "embedded":true, "fstring":true, "bytesize":10, "value":"rpartition", "encoding":"US-ASCII", "memsize":40, "flags":{"wb_protected":true}}
{"address":"0x1019b9310", "type":"IMEMO", "slot_size":40, "class":"0x1039feda0", "imemo_type":"ment", "memsize":48, "flags":{"wb_protected":true}}
{"address":"0x1019b9338", "type":"IMEMO", "slot_size":40, "class":"0x1039feda0", "imemo_type":"ment", "memsize":48, "flags":{"wb_protected":true}}
{"address":"0x1019b9360", "type":"STRING", "slot_size":40, "class":"0x1039feda0", "frozen":true, "embedded":true, "fstring":true, "bytesize":6, "value":"slice!", "encoding":"US-ASCII", "memsize":40, "flags":{"wb_protected":true}}
{"address":"0x1019b9388", "type":"IMEMO", "slot_size":40, "class":"0x1039feda0", "imemo_type":"ment", "memsize":48, "flags":{"wb_protected":true}}
{"address":"0x1019b93b0", "type":"STRING", "slot_size":40, "class":"0x1039feda0", "frozen":true, "embedded":true, "fstring":true, "bytesize":5, "value":"slice", "encoding":"US-ASCII", "memsize":40, "flags":{"wb_protected":true}}
{"address":"0x1019b93d8", "type":"IMEMO", "slot_size":40, "class":"0x1039feda0", "imemo_type":"ment", "memsize":48, "flags":{"wb_protected":true}}
{"address":"0x1019b9400", "type":"IMEMO", "slot_size":40, "class":"0x1039feda0", "imemo_type":"ment", "memsize":48, "flags":{"wb_protected":true}}
{"address":"0x1019b9428", "type":"IMEMO", "slot_size":40, "class":"0x1039feda0", "imemo_type":"ment", "memsize":48, "flags":{"wb_protected":true}}
{"address":"0x1019b9450", "type":"STRING", "slot_size":40, "class":"0x1039feda0", "frozen":true, "embedded":true, "fstring":true, "bytesize":14, "value":"each_codepoint", "encoding":"US-ASCII", "memsize":40, "flags":{"wb_protected":true}}
{"address":"0x1019b9478", "type":"IMEMO", "slot_size":40, "class":"0x1039feda0", "imemo_type":"ment", "memsize":48, "flags":{"wb_protected":true}}
{"address":"0x1019b94a0", "type":"STRING", "slot_size":40, "class":"0x1039feda0", "frozen":true, "embedded":true, "fstring":true, "bytesize":9, "value":"each_char", "encoding":"US-ASCII", "memsize":40, "flags":{"wb_protected":true}}
{"address":"0x1019b94c8", "type":"IMEMO", "slot_size":40, "class":"0x1039feda0", "imemo_type":"ment", "memsize":48, "flags":{"wb_protected":true}}
{"address":"0x1019b94f0", "type":"STRING", "slot_size":40, "class":"0x1039feda0", "frozen":true, "embedded":true, "fstring":true, "bytesize":9, "value":"each_byte", "encoding":"US-ASCII", "memsize":40, "flags":{"wb_protected":true}}
{"address":"0x1019b9518", "type":"IMEMO", "slot_size":40, "class":"0x1039feda0", "imemo_type":"ment", "memsize":48, "flags":{"wb_protected":true}}
{"address":"0x1019b9540", "type":"STRING", "slot_size":40, "class":"0x1039feda0", "frozen":true, "embedded":true, "fstring":true, "bytesize":9, "value":"each_line", "encoding":"US-ASCII", "memsize":40, "flags":{"wb_protected":true}}
{"address":"0x1019b9568", "type":"IMEMO", "slot_size":40, "class":"0x1039feda0", "imemo_type":"ment", "memsize":48, "flags":{"wb_protected":true}}
{"address":"0x1019b9590", "type":"STRING", "slot_size":40, "class":"0x1039feda0", "frozen":true, "embedded":true, "fstring":true, "bytesize":8, "value":"squeeze!", "encoding":"US-ASCII", "memsize":40, "flags":{"wb_protected":true}}
{"address":"0x1019b95b8", "type":"IMEMO", "slot_size":40, "class":"0x1039feda0", "imemo_type":"ment", "memsize":48, "flags":{"wb_protected":true}}
{"address":"0x1019b95e0", "type":"STRING", "slot_size":40, "class":"0x1039feda0", "frozen":true, "embedded":true, "fstring":true, "bytesize":7, "value":"delete!", "encoding":"US-ASCII", "memsize":40, "flags":{"wb_protected":true}}
{"address":"0x1019b9608", "type":"IMEMO", "slot_size":40, "class":"0x1039feda0", "imemo_type":"ment", "memsize":48, "flags":{"wb_protected":true}}
{"address":"0x1019b9630", "type":"STRING", "slot_size":40, "class":"0x1039feda0", "frozen":true, "embedded":true, "fstring":true, "bytesize":5, "value":"tr_s!", "encoding":"US-ASCII", "memsize":40, "flags":{"wb_protected":true}}
{"address":"0x1019b9658", "type":"IMEMO", "slot_size":40, "class":"0x1039feda0", "imemo_type":"ment", "memsize":48, "flags":{"wb_protected":true}}
{"address":"0x1019b9680", "type":"STRING", "slot_size":40, "class":"0x1039feda0", "frozen":true, "embedded":true, "fstring":true, "bytesize":3, "value":"tr!", "encoding":"US-ASCII", "memsize":40, "flags":{"wb_protected":true}}
{"address":"0x1019b96a8", "type":"IMEMO", "slot_size":40, "class":"0x1039feda0", "imemo_type":"ment", "memsize":48, "flags":{"wb_protected":true}}
{"address":"0x1019b96d0", "type":"IMEMO", "slot_size":40, "class":"0x1039feda0", "imemo_type":"ment", "memsize":48, "flags":{"wb_protected":true}}
{"address":"0x1019b96f8", "type":"STRING", "slot_size":40, "class":"0x1039feda0", "frozen":true, "embedded":true, "fstring":true, "bytesize":7, "value":"squeeze", "encoding":"US-ASCII", "memsize":40, "flags":{"wb_protected":true}}
{"address":"0x1019b9720", "type":"IMEMO", "slot_size":40, "class":"0x1039feda0", "imemo_type":"ment", "memsize":48, "flags":{"wb_protected":true}}
{"address":"0x1019b9748", "type":"STRING", "slot_size":40, "class":"0x1039feda0", "frozen":true, "embedded":true, "fstring":true, "bytesize":6, "value":"delete", "encoding":"US-ASCII", "memsize":40, "flags":{"wb_protected":true}}
{"address":"0x1019b9770", "type":"IMEMO", "slot_size":40, "class":"0x1039feda0", "imemo_type":"ment", "memsize":48, "flags":{"wb_protected":true}}
{"address":"0x1019b9798", "type":"STRING", "slot_size":40, "class":"0x1039feda0", "frozen":true, "embedded":true, "fstring":true, "bytesize":4, "value":"tr_s", "encoding":"US-ASCII", "memsize":40, "flags":{"wb_protected":true}}
{"address":"0x1019b97c0", "type":"IMEMO", "slot_size":40, "class":"0x1039feda0", "imemo_type":"ment", "memsize":48, "flags":{"wb_protected":true}}
{"address":"0x1019b97e8", "type":"STRING", "slot_size":40, "class":"0x1039feda0", "frozen":true, "embedded":true, "fstring":true, "bytesize":2, "value":"tr", "encoding":"US-ASCII", "memsize":40, "flags":{"wb_protected":true}}
{"address":"0x1019b9810", "type":"IMEMO", "slot_size":40, "class":"0x1039feda0", "imemo_type":"ment", "memsize":48, "flags":{"wb_protected":true}}
{"address":"0x1019b9838", "type":"STRING", "slot_size":40, "class":"0x1039feda0", "frozen":true, "embedded":true, "fstring":true, "bytesize":14, "value":"delete_suffix!", "encoding":"US-ASCII", "memsize":40, "flags":{"wb_protected":true}}
{"address":"0x1019b9860", "type":"IMEMO", "slot_size":40, "class":"0x1039feda0", "imemo_type":"ment", "memsize":48, "flags":{"wb_protected":true}}
{"address":"0x1019b9888", "type":"STRING", "slot_size":40, "class":"0x1039feda0", "frozen":true, "embedded":true, "fstring":true, "bytesize":14, "value":"delete_prefix!", "encoding":"US-ASCII", "memsize":40, "flags":{"wb_protected":true}}
{"address":"0x1019b98b0", "type":"IMEMO", "slot_size":40, "class":"0x1039feda0", "imemo_type":"ment", "memsize":48, "flags":{"wb_protected":true}}
{"address":"0x1019b98d8", "type":"STRING", "slot_size":40, "class":"0x1039feda0", "frozen":true, "embedded":true, "fstring":true, "bytesize":7, "value":"rstrip!", "encoding":"US-ASCII", "memsize":40, "flags":{"wb_protected":true}}
{"address":"0x1019b9900", "type":"IMEMO", "slot_size":40, "class":"0x1039feda0", "imemo_type":"ment", "memsize":48, "flags":{"wb_protected":true}}
{"address":"0x1019b9928", "type":"STRING", "slot_size":40, "class":"0x1039feda0", "frozen":true, "embedded":true, "fstring":true, "bytesize":7, "value":"lstrip!", "encoding":"US-ASCII", "memsize":40, "flags":{"wb_protected":true}}
{"address":"0x1019b9950", "type":"IMEMO", "slot_size":40, "class":"0x1039feda0", "imemo_type":"ment", "memsize":48, "flags":{"wb_protected":true}}
{"address":"0x1019b9978", "type":"STRING", "slot_size":40, "class":"0x1039feda0", "frozen":true, "embedded":true, "fstring":true, "bytesize":6, "value":"strip!", "encoding":"US-ASCII", "memsize":40, "flags":{"wb_protected":true}}
{"address":"0x1019b99a0", "type":"IMEMO", "slot_size":40, "class":"0x1039feda0", "imemo_type":"ment", "memsize":48, "flags":{"wb_protected":true}}
{"address":"0x1019b99c8", "type":"STRING", "slot_size":40, "class":"0x1039feda0", "frozen":true, "embedded":true, "fstring":true, "bytesize":6, "value":"chomp!", "encoding":"US-ASCII", "memsize":40, "flags":{"wb_protected":true}}
{"address":"0x1019b99f0", "type":"IMEMO", "slot_size":40, "class":"0x1039feda0", "imemo_type":"ment", "memsize":48, "flags":{"wb_protected":true}}
{"address":"0x1019b9a18", "type":"STRING", "slot_size":40, "class":"0x1039feda0", "frozen":true, "embedded":true, "fstring":true, "bytesize":5, "value":"chop!", "encoding":"US-ASCII", "memsize":40, "flags":{"wb_protected":true}}
{"address":"0x1019b9a40", "type":"IMEMO", "slot_size":40, "class":"0x1039feda0", "imemo_type":"ment", "memsize":48, "flags":{"wb_protected":true}}
{"address":"0x1019b9a68", "type":"STRING", "slot_size":40, "class":"0x1039feda0", "frozen":true, "embedded":true, "fstring":true, "bytesize":5, "value":"gsub!", "encoding":"US-ASCII", "memsize":40, "flags":{"wb_protected":true}}
{"address":"0x1019b9a90", "type":"IMEMO", "slot_size":40, "class":"0x1039feda0", "imemo_type":"ment", "memsize":48, "flags":{"wb_protected":true}}
{"address":"0x1019b9ab8", "type":"STRING", "slot_size":40, "class":"0x1039feda0", "frozen":true, "embedded":true, "fstring":true, "bytesize":4, "value":"sub!", "encoding":"US-ASCII", "memsize":40, "flags":{"wb_protected":true}}
{"address":"0x1019b9ae0", "type":"IMEMO", "slot_size":40, "class":"0x1039feda0", "imemo_type":"ment", "memsize":48, "flags":{"wb_protected":true}}
{"address":"0x1019b9b08", "type":"STRING", "slot_size":40, "class":"0x1039feda0", "frozen":true, "embedded":true, "fstring":true, "bytesize":13, "value":"delete_suffix", "encoding":"US-ASCII", "memsize":40, "flags":{"wb_protected":true}}
{"address":"0x1019b9b30", "type":"IMEMO", "slot_size":40, "class":"0x1039feda0", "imemo_type":"ment", "memsize":48, "flags":{"wb_protected":true}}
{"address":"0x1019b9b58", "type":"STRING", "slot_size":40, "class":"0x1039feda0", "frozen":true, "embedded":true, "fstring":true, "bytesize":13, "value":"delete_prefix", "encoding":"US-ASCII", "memsize":40, "flags":{"wb_protected":true}}
{"address":"0x1019b9b80", "type":"IMEMO", "slot_size":40, "class":"0x1039feda0", "imemo_type":"ment", "memsize":48, "flags":{"wb_protected":true}}
{"address":"0x1019b9ba8", "type":"STRING", "slot_size":40, "class":"0x1039feda0", "frozen":true, "embedded":true, "fstring":true, "bytesize":6, "value":"rstrip", "encoding":"US-ASCII", "memsize":40, "flags":{"wb_protected":true}}
{"address":"0x1019b9bd0", "type":"IMEMO", "slot_size":40, "class":"0x1039feda0", "imemo_type":"ment", "memsize":48, "flags":{"wb_protected":true}}
{"address":"0x1019b9bf8", "type":"STRING", "slot_size":40, "class":"0x1039feda0", "frozen":true, "embedded":true, "fstring":true, "bytesize":6, "value":"lstrip", "encoding":"US-ASCII", "memsize":40, "flags":{"wb_protected":true}}
{"address":"0x1019b9c20", "type":"IMEMO", "slot_size":40, "class":"0x1039feda0", "imemo_type":"ment", "memsize":48, "flags":{"wb_protected":true}}
{"address":"0x1019b9c48", "type":"STRING", "slot_size":40, "class":"0x1039feda0", "frozen":true, "embedded":true, "fstring":true, "bytesize":5, "value":"strip", "encoding":"US-ASCII", "memsize":40, "flags":{"wb_protected":true}}
{"address":"0x1019b9c70", "type":"IMEMO", "slot_size":40, "class":"0x1039feda0", "imemo_type":"ment", "memsize":48, "flags":{"wb_protected":true}}
{"address":"0x1019b9c98", "type":"STRING", "slot_size":40, "class":"0x1039feda0", "frozen":true, "embedded":true, "fstring":true, "bytesize":5, "value":"chomp", "encoding":"US-ASCII", "memsize":40, "flags":{"wb_protected":true}}
{"address":"0x1019b9cc0", "type":"IMEMO", "slot_size":40, "class":"0x1039feda0", "imemo_type":"ment", "memsize":48, "flags":{"wb_protected":true}}
{"address":"0x1019b9ce8", "type":"STRING", "slot_size":40, "class":"0x1039feda0", "frozen":true, "embedded":true, "fstring":true, "bytesize":4, "value":"chop", "encoding":"US-ASCII", "memsize":40, "flags":{"wb_protected":true}}
{"address":"0x1019b9d10", "type":"IMEMO", "slot_size":40, "class":"0x1039feda0", "imemo_type":"ment", "memsize":48, "flags":{"wb_protected":true}}
{"address":"0x1019b9d38", "type":"STRING", "slot_size":40, "class":"0x1039feda0", "frozen":true, "embedded":true, "fstring":true, "bytesize":4, "value":"gsub", "encoding":"US-ASCII", "memsize":40, "flags":{"wb_protected":true}}
{"address":"0x1019b9d60", "type":"IMEMO", "slot_size":40, "class":"0x1039feda0", "imemo_type":"ment", "memsize":48, "flags":{"wb_protected":true}}
{"address":"0x1019b9d88", "type":"STRING", "slot_size":40, "class":"0x1039feda0", "frozen":true, "embedded":true, "fstring":true, "bytesize":3, "value":"sub", "encoding":"US-ASCII", "memsize":40, "flags":{"wb_protected":true}}
{"address":"0x1019b9db0", "type":"IMEMO", "slot_size":40, "class":"0x1039feda0", "imemo_type":"ment", "memsize":48, "flags":{"wb_protected":true}}
{"address":"0x1019b9dd8", "type":"STRING", "slot_size":40, "class":"0x1039feda0", "frozen":true, "embedded":true, "fstring":true, "bytesize":6, "value":"center", "encoding":"US-ASCII", "memsize":40, "flags":{"wb_protected":true}}
{"address":"0x1019b9e00", "type":"IMEMO", "slot_size":40, "class":"0x1039feda0", "imemo_type":"ment", "memsize":48, "flags":{"wb_protected":true}}
{"address":"0x1019b9e28", "type":"STRING", "slot_size":40, "class":"0x1039feda0", "frozen":true, "embedded":true, "fstring":true, "bytesize":5, "value":"rjust", "encoding":"US-ASCII", "memsize":40, "flags":{"wb_protected":true}}
{"address":"0x1019b9e50", "type":"IMEMO", "slot_size":40, "class":"0x1039feda0", "imemo_type":"ment", "memsize":48, "flags":{"wb_protected":true}}
{"address":"0x1019b9e78", "type":"STRING", "slot_size":40, "class":"0x1039feda0", "frozen":true, "embedded":true, "fstring":true, "bytesize":5, "value":"ljust", "encoding":"US-ASCII", "memsize":40, "flags":{"wb_protected":true}}
{"address":"0x1019b9ea0", "type":"IMEMO", "slot_size":40, "class":"0x1039feda0", "imemo_type":"ment", "memsize":48, "flags":{"wb_protected":true}}
{"address":"0x1019b9ec8", "type":"STRING", "slot_size":40, "class":"0x1039feda0", "frozen":true, "embedded":true, "fstring":true, "bytesize":4, "value":"scan", "encoding":"US-ASCII", "memsize":40, "flags":{"wb_protected":true}}
{"address":"0x1019b9ef0", "type":"IMEMO", "slot_size":40, "class":"0x1039feda0", "imemo_type":"ment", "memsize":48, "flags":{"wb_protected":true}}
{"address":"0x1019b9f18", "type":"STRING", "slot_size":40, "class":"0x1039feda0", "frozen":true, "embedded":true, "fstring":true, "bytesize":9, "value":"end_with?", "encoding":"US-ASCII", "memsize":40, "flags":{"wb_protected":true}}
{"address":"0x1019b9f40", "type":"IMEMO", "slot_size":40, "class":"0x1039feda0", "imemo_type":"ment", "memsize":48, "flags":{"wb_protected":true}}
{"address":"0x1019b9f68", "type":"STRING", "slot_size":40, "class":"0x1039feda0", "frozen":true, "embedded":true, "fstring":true, "bytesize":11, "value":"start_with?", "encoding":"US-ASCII", "memsize":40, "flags":{"wb_protected":true}}
{"address":"0x1019b9f90", "type":"IMEMO", "slot_size":40, "class":"0x1039feda0", "imemo_type":"ment", "memsize":48, "flags":{"wb_protected":true}}
{"address":"0x1019b9fb8", "type":"IMEMO", "slot_size":40, "class":"0x1039feda0", "imemo_type":"ment", "memsize":48, "flags":{"wb_protected":true}}
{"address":"0x1019b9fe0", "type":"STRING", "slot_size":40, "class":"0x1039feda0", "frozen":true, "embedded":true, "fstring":true, "bytesize":3, "value":"ord", "encoding":"US-ASCII", "memsize":40, "flags":{"wb_protected":true}}
{"address":"0x1019ba008", "type":"IMEMO", "slot_size":40, "class":"0x1039feda0", "imemo_type":"ment", "memsize":48, "flags":{"wb_protected":true}}
{"address":"0x1019ba030", "type":"IMEMO", "slot_size":40, "class":"0x1039feda0", "imemo_type":"ment", "memsize":48, "flags":{"wb_protected":true}}
{"address":"0x1019ba058", "type":"IMEMO", "slot_size":40, "class":"0x1039feda0", "imemo_type":"ment", "memsize":48, "flags":{"wb_protected":true}}
{"address":"0x1019ba080", "type":"STRING", "slot_size":40, "class":"0x1039feda0", "frozen":true, "embedded":true, "fstring":true, "bytesize":5, "value":"crypt", "encoding":"US-ASCII", "memsize":40, "flags":{"wb_protected":true}}
{"address":"0x1019ba0a8", "type":"IMEMO", "slot_size":40, "class":"0x1039feda0", "imemo_type":"ment", "memsize":48, "flags":{"wb_protected":true}}
{"address":"0x1019ba0d0", "type":"STRING", "slot_size":40, "class":"0x1039feda0", "frozen":true, "embedded":true, "fstring":true, "bytesize":7, "value":"prepend", "encoding":"US-ASCII", "memsize":40, "flags":{"wb_protected":true}}
{"address":"0x1019ba0f8", "type":"IMEMO", "slot_size":40, "class":"0x1039feda0", "imemo_type":"ment", "memsize":48, "flags":{"wb_protected":true}}
{"address":"0x1019ba120", "type":"IMEMO", "slot_size":40, "class":"0x1039feda0", "imemo_type":"ment", "memsize":48, "flags":{"wb_protected":true}}
{"address":"0x1019ba148", "type":"STRING", "slot_size":40, "class":"0x1039feda0", "frozen":true, "embedded":true, "fstring":true, "bytesize":6, "value":"concat", "encoding":"US-ASCII", "memsize":40, "flags":{"wb_protected":true}}
{"address":"0x1019ba170", "type":"IMEMO", "slot_size":40, "class":"0x1039feda0", "imemo_type":"ment", "memsize":48, "flags":{"wb_protected":true}}
{"address":"0x1019ba198", "type":"STRING", "slot_size":40, "class":"0x1039feda0", "frozen":true, "embedded":true, "fstring":true, "bytesize":8, "value":"reverse!", "encoding":"US-ASCII", "memsize":40, "flags":{"wb_protected":true}}
{"address":"0x1019ba1c0", "type":"IMEMO", "slot_size":40, "class":"0x1039feda0", "imemo_type":"ment", "memsize":48, "flags":{"wb_protected":true}}
{"address":"0x1019ba1e8", "type":"STRING", "slot_size":40, "class":"0x1039feda0", "frozen":true, "embedded":true, "fstring":true, "bytesize":7, "value":"reverse", "encoding":"US-ASCII", "memsize":40, "flags":{"wb_protected":true}}
{"address":"0x1019ba210", "type":"IMEMO", "slot_size":40, "class":"0x1039feda0", "imemo_type":"ment", "memsize":48, "flags":{"wb_protected":true}}
{"address":"0x1019ba238", "type":"IMEMO", "slot_size":40, "class":"0x1039feda0", "imemo_type":"ment", "memsize":48, "flags":{"wb_protected":true}}
{"address":"0x1019ba260", "type":"STRING", "slot_size":40, "class":"0x1039feda0", "frozen":true, "embedded":true, "fstring":true, "bytesize":10, "value":"codepoints", "encoding":"US-ASCII", "memsize":40, "flags":{"wb_protected":true}}
{"address":"0x1019ba288", "type":"IMEMO", "slot_size":40, "class":"0x1039feda0", "imemo_type":"ment", "memsize":48, "flags":{"wb_protected":true}}
{"address":"0x1019ba2b0", "type":"STRING", "slot_size":40, "class":"0x1039feda0", "frozen":true, "embedded":true, "fstring":true, "bytesize":5, "value":"chars", "encoding":"US-ASCII", "memsize":40, "flags":{"wb_protected":true}}
{"address":"0x1019ba2d8", "type":"IMEMO", "slot_size":40, "class":"0x1039feda0", "imemo_type":"ment", "memsize":48, "flags":{"wb_protected":true}}
{"address":"0x1019ba300", "type":"STRING", "slot_size":40, "class":"0x1039feda0", "frozen":true, "embedded":true, "fstring":true, "bytesize":5, "value":"bytes", "encoding":"US-ASCII", "memsize":40, "flags":{"wb_protected":true}}
{"address":"0x1019ba328", "type":"IMEMO", "slot_size":40, "class":"0x1039feda0", "imemo_type":"ment", "memsize":48, "flags":{"wb_protected":true}}
{"address":"0x1019ba350", "type":"STRING", "slot_size":40, "class":"0x1039feda0", "frozen":true, "embedded":true, "fstring":true, "bytesize":5, "value":"lines", "encoding":"US-ASCII", "memsize":40, "flags":{"wb_protected":true}}
{"address":"0x1019ba378", "type":"IMEMO", "slot_size":40, "class":"0x1039feda0", "imemo_type":"ment", "memsize":48, "flags":{"wb_protected":true}}
{"address":"0x1019ba3a0", "type":"STRING", "slot_size":40, "class":"0x1039feda0", "frozen":true, "embedded":true, "fstring":true, "bytesize":5, "value":"split", "encoding":"US-ASCII", "memsize":40, "flags":{"wb_protected":true}}
{"address":"0x1019ba3c8", "type":"IMEMO", "slot_size":40, "class":"0x1039feda0", "imemo_type":"ment", "memsize":48, "flags":{"wb_protected":true}}
{"address":"0x1019ba3f0", "type":"STRING", "slot_size":40, "class":"0x1039feda0", "frozen":true, "embedded":true, "fstring":true, "bytesize":3, "value":"oct", "encoding":"US-ASCII", "memsize":40, "flags":{"wb_protected":true}}
{"address":"0x1019ba418", "type":"IMEMO", "slot_size":40, "class":"0x1039feda0", "imemo_type":"ment", "memsize":48, "flags":{"wb_protected":true}}
{"address":"0x1019ba440", "type":"STRING", "slot_size":40, "class":"0x1039feda0", "frozen":true, "embedded":true, "fstring":true, "bytesize":3, "value":"hex", "encoding":"US-ASCII", "memsize":40, "flags":{"wb_protected":true}}
{"address":"0x1019ba468", "type":"IMEMO", "slot_size":40, "class":"0x1039feda0", "imemo_type":"ment", "memsize":48, "flags":{"wb_protected":true}}
{"address":"0x1019ba490", "type":"STRING", "slot_size":40, "class":"0x1039feda0", "frozen":true, "embedded":true, "fstring":true, "bytesize":9, "value":"swapcase!", "encoding":"US-ASCII", "memsize":40, "flags":{"wb_protected":true}}
{"address":"0x1019ba4b8", "type":"IMEMO", "slot_size":40, "class":"0x1039feda0", "imemo_type":"ment", "memsize":48, "flags":{"wb_protected":true}}
{"address":"0x1019ba4e0", "type":"STRING", "slot_size":40, "class":"0x1039feda0", "frozen":true, "embedded":true, "fstring":true, "bytesize":11, "value":"capitalize!", "encoding":"US-ASCII", "memsize":40, "flags":{"wb_protected":true}}
{"address":"0x1019ba508", "type":"IMEMO", "slot_size":40, "class":"0x1039feda0", "imemo_type":"ment", "memsize":48, "flags":{"wb_protected":true}}
{"address":"0x1019ba530", "type":"STRING", "slot_size":40, "class":"0x1039feda0", "frozen":true, "embedded":true, "fstring":true, "bytesize":9, "value":"downcase!", "encoding":"US-ASCII", "memsize":40, "flags":{"wb_protected":true}}
{"address":"0x1019ba558", "type":"IMEMO", "slot_size":40, "class":"0x1039feda0", "imemo_type":"ment", "memsize":48, "flags":{"wb_protected":true}}
{"address":"0x1019ba580", "type":"STRING", "slot_size":40, "class":"0x1039feda0", "frozen":true, "embedded":true, "fstring":true, "bytesize":7, "value":"upcase!", "encoding":"US-ASCII", "memsize":40, "flags":{"wb_protected":true}}
{"address":"0x1019ba5a8", "type":"IMEMO", "slot_size":40, "class":"0x1039feda0", "imemo_type":"ment", "memsize":48, "flags":{"wb_protected":true}}
{"address":"0x1019ba5d0", "type":"STRING", "slot_size":40, "class":"0x1039feda0", "frozen":true, "embedded":true, "fstring":true, "bytesize":8, "value":"swapcase", "encoding":"US-ASCII", "memsize":40, "flags":{"wb_protected":true}}
{"address":"0x1019ba5f8", "type":"IMEMO", "slot_size":40, "class":"0x1039feda0", "imemo_type":"ment", "memsize":48, "flags":{"wb_protected":true}}
{"address":"0x1019ba620", "type":"STRING", "slot_size":40, "class":"0x1039feda0", "frozen":true, "embedded":true, "fstring":true, "bytesize":10, "value":"capitalize", "encoding":"US-ASCII", "memsize":40, "flags":{"wb_protected":true}}
{"address":"0x1019ba648", "type":"IMEMO", "slot_size":40, "class":"0x1039feda0", "imemo_type":"ment", "memsize":48, "flags":{"wb_protected":true}}
{"address":"0x1019ba670", "type":"STRING", "slot_size":40, "class":"0x1039feda0", "frozen":true, "embedded":true, "fstring":true, "bytesize":8, "value":"downcase", "encoding":"US-ASCII", "memsize":40, "flags":{"wb_protected":true}}
{"address":"0x1019ba698", "type":"IMEMO", "slot_size":40, "class":"0x1039feda0", "imemo_type":"ment", "memsize":48, "flags":{"wb_protected":true}}
{"address":"0x1019ba6c0", "type":"STRING", "slot_size":40, "class":"0x1039feda0", "frozen":true, "embedded":true, "fstring":true, "bytesize":6, "value":"upcase", "encoding":"US-ASCII", "memsize":40, "flags":{"wb_protected":true}}
{"address":"0x1019ba6e8", "type":"STRING", "slot_size":40, "class":"0x1039feda0", "frozen":true, "embedded":true, "fstring":true, "bytesize":4, "value":"fold", "encoding":"US-ASCII", "memsize":40, "flags":{"wb_protected":true}}
{"address":"0x1019ba710", "type":"STRING", "slot_size":40, "class":"0x1039feda0", "frozen":true, "embedded":true, "fstring":true, "bytesize":10, "value":"lithuanian", "encoding":"US-ASCII", "memsize":40, "flags":{"wb_protected":true}}
{"address":"0x1019ba738", "type":"STRING", "slot_size":40, "class":"0x1039feda0", "frozen":true, "embedded":true, "fstring":true, "bytesize":6, "value":"turkic", "encoding":"US-ASCII", "memsize":40, "flags":{"wb_protected":true}}
{"address":"0x1019ba760", "type":"STRING", "slot_size":40, "class":"0x1039feda0", "frozen":true, "embedded":true, "fstring":true, "bytesize":5, "value":"ascii", "encoding":"US-ASCII", "memsize":40, "flags":{"wb_protected":true}}
{"address":"0x1019ba788", "type":"IMEMO", "slot_size":40, "class":"0x1039feda0", "imemo_type":"ment", "memsize":48, "flags":{"wb_protected":true}}
{"address":"0x1019ba7b0", "type":"STRING", "slot_size":40, "class":"0x1039feda0", "frozen":true, "embedded":true, "fstring":true, "bytesize":6, "value":"undump", "encoding":"US-ASCII", "memsize":40, "flags":{"wb_protected":true}}
{"address":"0x1019ba7d8", "type":"IMEMO", "slot_size":40, "class":"0x1039feda0", "imemo_type":"ment", "memsize":48, "flags":{"wb_protected":true}}
{"address":"0x1019ba800", "type":"STRING", "slot_size":40, "class":"0x1039feda0", "frozen":true, "embedded":true, "fstring":true, "bytesize":4, "value":"dump", "encoding":"US-ASCII", "memsize":40, "flags":{"wb_protected":true}}
{"address":"0x1019ba828", "type":"IMEMO", "slot_size":40, "class":"0x1039feda0", "imemo_type":"ment", "memsize":48, "flags":{"wb_protected":true}}
{"address":"0x1019ba850", "type":"IMEMO", "slot_size":40, "class":"0x1039feda0", "imemo_type":"ment", "memsize":48, "flags":{"wb_protected":true}}
{"address":"0x1019ba878", "type":"IMEMO", "slot_size":40, "class":"0x1039feda0", "imemo_type":"ment", "memsize":48, "flags":{"wb_protected":true}}
{"address":"0x1019ba8a0", "type":"IMEMO", "slot_size":40, "class":"0x1039feda0", "imemo_type":"ment", "memsize":48, "flags":{"wb_protected":true}}
{"address":"0x1019ba8c8", "type":"IMEMO", "slot_size":40, "class":"0x1039feda0", "imemo_type":"ment", "memsize":48, "flags":{"wb_protected":true}}
{"address":"0x1019ba8f0", "type":"IMEMO", "slot_size":40, "class":"0x1039feda0", "imemo_type":"ment", "memsize":48, "flags":{"wb_protected":true}}
{"address":"0x1019ba918", "type":"IMEMO", "slot_size":40, "class":"0x1039feda0", "imemo_type":"ment", "memsize":48, "flags":{"wb_protected":true}}
{"address":"0x1019ba940", "type":"IMEMO", "slot_size":40, "class":"0x1039feda0", "imemo_type":"ment", "memsize":48, "flags":{"wb_protected":true}}
{"address":"0x1019ba968", "type":"IMEMO", "slot_size":40, "class":"0x1039feda0", "imemo_type":"ment", "memsize":48, "flags":{"wb_protected":true}}
{"address":"0x1019ba990", "type":"STRING", "slot_size":40, "class":"0x1039feda0", "frozen":true, "embedded":true, "fstring":true, "bytesize":6, "value":"scrub!", "encoding":"US-ASCII", "memsize":40, "flags":{"wb_protected":true}}
{"address":"0x1019ba9b8", "type":"IMEMO", "slot_size":40, "class":"0x1039feda0", "imemo_type":"ment", "memsize":48, "flags":{"wb_protected":true}}
{"address":"0x1019ba9e0", "type":"STRING", "slot_size":40, "class":"0x1039feda0", "frozen":true, "embedded":true, "fstring":true, "bytesize":5, "value":"scrub", "encoding":"US-ASCII", "memsize":40, "flags":{"wb_protected":true}}
{"address":"0x1019baa08", "type":"IMEMO", "slot_size":40, "class":"0x1039feda0", "imemo_type":"ment", "memsize":48, "flags":{"wb_protected":true}}
{"address":"0x1019baa30", "type":"STRING", "slot_size":40, "class":"0x1039feda0", "frozen":true, "embedded":true, "fstring":true, "bytesize":9, "value":"byteslice", "encoding":"US-ASCII", "memsize":40, "flags":{"wb_protected":true}}
{"address":"0x1019baa58", "type":"IMEMO", "slot_size":40, "class":"0x1039feda0", "imemo_type":"ment", "memsize":48, "flags":{"wb_protected":true}}
{"address":"0x1019baa80", "type":"STRING", "slot_size":40, "class":"0x1039feda0", "frozen":true, "embedded":true, "fstring":true, "bytesize":7, "value":"setbyte", "encoding":"US-ASCII", "memsize":40, "flags":{"wb_protected":true}}
{"address":"0x1019baaa8", "type":"IMEMO", "slot_size":40, "class":"0x1039feda0", "imemo_type":"ment", "memsize":48, "flags":{"wb_protected":true}}
{"address":"0x1019baad0", "type":"STRING", "slot_size":40, "class":"0x1039feda0", "frozen":true, "embedded":true, "fstring":true, "bytesize":7, "value":"getbyte", "encoding":"US-ASCII", "memsize":40, "flags":{"wb_protected":true}}
{"address":"0x1019baaf8", "type":"IMEMO", "slot_size":40, "class":"0x1039feda0", "imemo_type":"ment", "memsize":48, "flags":{"wb_protected":true}}
{"address":"0x1019bab20", "type":"STRING", "slot_size":40, "class":"0x1039feda0", "frozen":true, "embedded":true, "fstring":true, "bytesize":3, "value":"chr", "encoding":"US-ASCII", "memsize":40, "flags":{"wb_protected":true}}
{"address":"0x1019bab48", "type":"IMEMO", "slot_size":40, "class":"0x1039feda0", "imemo_type":"ment", "memsize":48, "flags":{"wb_protected":true}}
{"address":"0x1019bab70", "type":"STRING", "slot_size":40, "class":"0x1039feda0", "frozen":true, "embedded":true, "fstring":true, "bytesize":5, "value":"clear", "encoding":"US-ASCII", "memsize":40, "flags":{"wb_protected":true}}
{"address":"0x1019bab98", "type":"IMEMO", "slot_size":40, "class":"0x1039feda0", "imemo_type":"ment", "memsize":48, "flags":{"wb_protected":true}}
{"address":"0x1019babc0", "type":"STRING", "slot_size":40, "class":"0x1039feda0", "frozen":true, "embedded":true, "fstring":true, "bytesize":7, "value":"replace", "encoding":"US-ASCII", "memsize":40, "flags":{"wb_protected":true}}
{"address":"0x1019babe8", "type":"IMEMO", "slot_size":40, "class":"0x1039feda0", "imemo_type":"ment", "memsize":48, "flags":{"wb_protected":true}}
{"address":"0x1019bac10", "type":"STRING", "slot_size":40, "class":"0x1039feda0", "frozen":true, "embedded":true, "fstring":true, "bytesize":6, "value":"rindex", "encoding":"US-ASCII", "memsize":40, "flags":{"wb_protected":true}}
{"address":"0x1019bac38", "type":"IMEMO", "slot_size":40, "class":"0x1039feda0", "imemo_type":"ment", "memsize":48, "flags":{"wb_protected":true}}
{"address":"0x1019bac60", "type":"STRING", "slot_size":40, "class":"0x1039feda0", "frozen":true, "embedded":true, "fstring":true, "bytesize":5, "value":"index", "encoding":"US-ASCII", "memsize":40, "flags":{"wb_protected":true}}
{"address":"0x1019bac88", "type":"IMEMO", "slot_size":40, "class":"0x1039feda0", "imemo_type":"ment", "memsize":48, "flags":{"wb_protected":true}}
{"address":"0x1019bacb0", "type":"STRING", "slot_size":40, "class":"0x1039feda0", "frozen":true, "embedded":true, "fstring":true, "bytesize":4, "value":"upto", "encoding":"US-ASCII", "memsize":40, "flags":{"wb_protected":true}}
{"address":"0x1019bacd8", "type":"IMEMO", "slot_size":40, "class":"0x1039feda0", "imemo_type":"ment", "memsize":48, "flags":{"wb_protected":true}}
{"address":"0x1019bad00", "type":"STRING", "slot_size":40, "class":"0x1039feda0", "frozen":true, "embedded":true, "fstring":true, "bytesize":5, "value":"next!", "encoding":"US-ASCII", "memsize":40, "flags":{"wb_protected":true}}
{"address":"0x1019bad28", "type":"IMEMO", "slot_size":40, "class":"0x1039feda0", "imemo_type":"ment", "memsize":48, "flags":{"wb_protected":true}}
{"address":"0x1019bad50", "type":"IMEMO", "slot_size":40, "class":"0x1039feda0", "imemo_type":"ment", "memsize":48, "flags":{"wb_protected":true}}
{"address":"0x1019bad78", "type":"STRING", "slot_size":40, "class":"0x1039feda0", "frozen":true, "embedded":true, "fstring":true, "bytesize":5, "value":"succ!", "encoding":"US-ASCII", "memsize":40, "flags":{"wb_protected":true}}
{"address":"0x1019bada0", "type":"IMEMO", "slot_size":40, "class":"0x1039feda0", "imemo_type":"ment", "memsize":48, "flags":{"wb_protected":true}}
{"address":"0x1019badc8", "type":"IMEMO", "slot_size":40, "class":"0x1039feda0", "imemo_type":"ment", "memsize":48, "flags":{"wb_protected":true}}
{"address":"0x1019badf0", "type":"STRING", "slot_size":40, "class":"0x1039feda0", "frozen":true, "embedded":true, "fstring":true, "bytesize":6, "value":"match?", "encoding":"US-ASCII", "memsize":40, "flags":{"wb_protected":true}}
{"address":"0x1019bae18", "type":"IMEMO", "slot_size":40, "class":"0x1039feda0", "imemo_type":"ment", "memsize":48, "flags":{"wb_protected":true}}
{"address":"0x1019bae40", "type":"STRING", "slot_size":40, "class":"0x1039feda0", "frozen":true, "embedded":true, "fstring":true, "bytesize":5, "value":"match", "encoding":"US-ASCII", "memsize":40, "flags":{"wb_protected":true}}
{"address":"0x1019bae68", "type":"IMEMO", "slot_size":40, "class":"0x1039feda0", "imemo_type":"ment", "memsize":48, "flags":{"wb_protected":true}}
{"address":"0x1019bae90", "type":"IMEMO", "slot_size":40, "class":"0x1039feda0", "imemo_type":"ment", "memsize":48, "flags":{"wb_protected":true}}
{"address":"0x1019baeb8", "type":"IMEMO", "slot_size":40, "class":"0x1039feda0", "imemo_type":"ment", "memsize":48, "flags":{"wb_protected":true}}
{"address":"0x1019baee0", "type":"STRING", "slot_size":40, "class":"0x1039feda0", "frozen":true, "embedded":true, "fstring":true, "bytesize":8, "value":"bytesize", "encoding":"US-ASCII", "memsize":40, "flags":{"wb_protected":true}}
{"address":"0x1019baf08", "type":"IMEMO", "slot_size":40, "class":"0x1039feda0", "imemo_type":"ment", "memsize":48, "flags":{"wb_protected":true}}
{"address":"0x1019baf30", "type":"IMEMO", "slot_size":40, "class":"0x1039feda0", "imemo_type":"ment", "memsize":48, "flags":{"wb_protected":true}}
{"address":"0x1019baf58", "type":"IMEMO", "slot_size":40, "class":"0x1039feda0", "imemo_type":"ment", "memsize":48, "flags":{"wb_protected":true}}
{"address":"0x1019baf80", "type":"STRING", "slot_size":40, "class":"0x1039feda0", "frozen":true, "embedded":true, "fstring":true, "bytesize":6, "value":"insert", "encoding":"US-ASCII", "memsize":40, "flags":{"wb_protected":true}}
{"address":"0x1019bafa8", "type":"IMEMO", "slot_size":40, "class":"0x1039feda0", "imemo_type":"ment", "memsize":48, "flags":{"wb_protected":true}}
{"address":"0x1019bafd0", "type":"IMEMO", "slot_size":40, "class":"0x1039feda0", "imemo_type":"ment", "memsize":48, "flags":{"wb_protected":true}}
{"address":"0x1019baff8", "type":"IMEMO", "slot_size":40, "class":"0x1039feda0", "imemo_type":"ment", "memsize":48, "flags":{"wb_protected":true}}
{"address":"0x1019bb020", "type":"IMEMO", "slot_size":40, "class":"0x1039feda0", "imemo_type":"ment", "memsize":48, "flags":{"wb_protected":true}}
{"address":"0x1019bb048", "type":"IMEMO", "slot_size":40, "class":"0x1039feda0", "imemo_type":"ment", "memsize":48, "flags":{"wb_protected":true}}
{"address":"0x1019bb070", "type":"IMEMO", "slot_size":40, "class":"0x1039feda0", "imemo_type":"ment", "memsize":48, "flags":{"wb_protected":true}}
{"address":"0x1019bb098", "type":"STRING", "slot_size":40, "class":"0x1039feda0", "frozen":true, "embedded":true, "fstring":true, "bytesize":8, "value":"casecmp?", "encoding":"US-ASCII", "memsize":40, "flags":{"wb_protected":true}}
{"address":"0x1019bb0c0", "type":"IMEMO", "slot_size":40, "class":"0x1039feda0", "imemo_type":"ment", "memsize":48, "flags":{"wb_protected":true}}
{"address":"0x1019bb0e8", "type":"STRING", "slot_size":40, "class":"0x1039feda0", "frozen":true, "embedded":true, "fstring":true, "bytesize":7, "value":"casecmp", "encoding":"US-ASCII", "memsize":40, "flags":{"wb_protected":true}}
{"address":"0x1019bb110", "type":"IMEMO", "slot_size":40, "class":"0x1039feda0", "imemo_type":"ment", "memsize":48, "flags":{"wb_protected":true}}
{"address":"0x1019bb138", "type":"IMEMO", "slot_size":40, "class":"0x1039feda0", "imemo_type":"ment", "memsize":48, "flags":{"wb_protected":true}}
{"address":"0x1019bb160", "type":"IMEMO", "slot_size":40, "class":"0x1039feda0", "imemo_type":"ment", "memsize":48, "flags":{"wb_protected":true}}
{"address":"0x1019bb188", "type":"IMEMO", "slot_size":40, "class":"0x1039feda0", "imemo_type":"ment", "memsize":48, "flags":{"wb_protected":true}}
{"address":"0x1019bb1b0", "type":"IMEMO", "slot_size":40, "class":"0x1039feda0", "imemo_type":"ment", "memsize":48, "flags":{"wb_protected":true}}
{"address":"0x1019bb1d8", "type":"IMEMO", "slot_size":40, "class":"0x1039feda0", "imemo_type":"ment", "memsize":48, "flags":{"wb_protected":true}}
{"address":"0x1019bb200", "type":"IMEMO", "slot_size":40, "class":"0x1039feda0", "imemo_type":"ment", "memsize":48, "flags":{"wb_protected":true}}
{"address":"0x1019bb228", "type":"IMEMO", "slot_size":40, "class":"0x1039fed00", "imemo_type":"ment", "memsize":48, "flags":{"wb_protected":true}}
{"address":"0x1019bb250", "type":"STRING", "slot_size":40, "class":"0x1039feda0", "frozen":true, "embedded":true, "fstring":true, "bytesize":11, "value":"try_convert", "encoding":"US-ASCII", "memsize":40, "flags":{"wb_protected":true}}
{"address":"0x1019bb278", "type":"STRING", "slot_size":40, "class":"0x1039feda0", "frozen":true, "embedded":true, "fstring":true, "bytesize":14, "value":"slicewhen_pred", "encoding":"US-ASCII", "memsize":40, "flags":{"wb_protected":true}}
{"address":"0x1019bb2a0", "type":"STRING", "slot_size":40, "class":"0x1039feda0", "frozen":true, "embedded":true, "fstring":true, "bytesize":14, "value":"slicewhen_enum", "encoding":"US-ASCII", "memsize":40, "flags":{"wb_protected":true}}
{"address":"0x1019bb2c8", "type":"STRING", "slot_size":40, "class":"0x1039feda0", "frozen":true, "embedded":true, "fstring":true, "bytesize":15, "value":"sliceafter_pred", "encoding":"US-ASCII", "memsize":40, "flags":{"wb_protected":true}}
{"address":"0x1019bb2f0", "type":"STRING", "slot_size":40, "class":"0x1039feda0", "frozen":true, "embedded":true, "fstring":true, "bytesize":14, "value":"sliceafter_pat", "encoding":"US-ASCII", "memsize":40, "flags":{"wb_protected":true}}
{"address":"0x1019bb318", "type":"STRING", "slot_size":40, "class":"0x1039feda0", "frozen":true, "embedded":true, "fstring":true, "bytesize":15, "value":"sliceafter_enum", "encoding":"US-ASCII", "memsize":40, "flags":{"wb_protected":true}}
{"address":"0x1019bb340", "type":"STRING", "slot_size":40, "class":"0x1039feda0", "frozen":true, "embedded":true, "fstring":true, "bytesize":4, "value":"next", "encoding":"US-ASCII", "memsize":40, "flags":{"wb_protected":true}}
{"address":"0x1019bb368", "type":"STRING", "slot_size":40, "class":"0x1039feda0", "frozen":true, "embedded":true, "fstring":true, "bytesize":10, "value":"_separator", "encoding":"US-ASCII", "memsize":40, "flags":{"wb_protected":true}}
{"address":"0x1019bb390", "type":"STRING", "slot_size":40, "class":"0x1039feda0", "frozen":true, "embedded":true, "fstring":true, "bytesize":6, "value":"_alone", "encoding":"US-ASCII", "memsize":40, "flags":{"wb_protected":true}}
{"address":"0x1019bb3b8", "type":"IMEMO", "slot_size":40, "imemo_type":"ment", "references":["0x1039fee40"], "memsize":48, "flags":{"wb_protected":true}}
{"address":"0x1019bb3e0", "type":"STRING", "slot_size":40, "class":"0x1039feda0", "frozen":true, "embedded":true, "fstring":true, "bytesize":7, "value":"compact", "encoding":"US-ASCII", "memsize":40, "flags":{"wb_protected":true}}
{"address":"0x1019bb408", "type":"IMEMO", "slot_size":40, "imemo_type":"ment", "references":["0x1039fee40"], "memsize":48, "flags":{"wb_protected":true}}
{"address":"0x1019bb430", "type":"STRING", "slot_size":40, "class":"0x1039feda0", "frozen":true, "embedded":true, "fstring":true, "bytesize":4, "value":"uniq", "encoding":"US-ASCII", "memsize":40, "flags":{"wb_protected":true}}
{"address":"0x1019bb458", "type":"IMEMO", "slot_size":40, "imemo_type":"ment", "references":["0x1039fee40"], "memsize":48, "flags":{"wb_protected":true}}
{"address":"0x1019bb480", "type":"STRING", "slot_size":40, "class":"0x1039feda0", "frozen":true, "embedded":true, "fstring":true, "bytesize":3, "value":"sum", "encoding":"US-ASCII", "memsize":40, "flags":{"wb_protected":true}}
{"address":"0x1019bb4a8", "type":"IMEMO", "slot_size":40, "imemo_type":"ment", "references":["0x1039fee40"], "memsize":48, "flags":{"wb_protected":true}}
{"address":"0x1019bb4d0", "type":"STRING", "slot_size":40, "class":"0x1039feda0", "frozen":true, "embedded":true, "fstring":true, "bytesize":11, "value":"chunk_while", "encoding":"US-ASCII", "memsize":40, "flags":{"wb_protected":true}}
{"address":"0x1019bb4f8", "type":"IMEMO", "slot_size":40, "imemo_type":"ment", "references":["0x1039fee40"], "memsize":48, "flags":{"wb_protected":true}}
{"address":"0x1019bb520", "type":"STRING", "slot_size":40, "class":"0x1039feda0", "frozen":true, "embedded":true, "fstring":true, "bytesize":10, "value":"slice_when", "encoding":"US-ASCII", "memsize":40, "flags":{"wb_protected":true}}
{"address":"0x1019bb548", "type":"IMEMO", "slot_size":40, "imemo_type":"ment", "references":["0x1039fee40"], "memsize":48, "flags":{"wb_protected":true}}
{"address":"0x1019bb570", "type":"STRING", "slot_size":40, "class":"0x1039feda0", "frozen":true, "embedded":true, "fstring":true, "bytesize":11, "value":"slice_after", "encoding":"US-ASCII", "memsize":40, "flags":{"wb_protected":true}}
{"address":"0x1019bb598", "type":"IMEMO", "slot_size":40, "imemo_type":"ment", "references":["0x1039fee40"], "memsize":48, "flags":{"wb_protected":true}}
{"address":"0x1019bb5c0", "type":"STRING", "slot_size":40, "class":"0x1039feda0", "frozen":true, "embedded":true, "fstring":true, "bytesize":12, "value":"slice_before", "encoding":"US-ASCII", "memsize":40, "flags":{"wb_protected":true}}
{"address":"0x1019bb5e8", "type":"IMEMO", "slot_size":40, "imemo_type":"ment", "references":["0x1039fee40"], "memsize":48, "flags":{"wb_protected":true}}
{"address":"0x1019bb610", "type":"STRING", "slot_size":40, "class":"0x1039feda0", "frozen":true, "embedded":true, "fstring":true, "bytesize":5, "value":"chunk", "encoding":"US-ASCII", "memsize":40, "flags":{"wb_protected":true}}
{"address":"0x1019bb638", "type":"IMEMO", "slot_size":40, "imemo_type":"ment", "references":["0x1039fee40"], "memsize":48, "flags":{"wb_protected":true}}
{"address":"0x1019bb660", "type":"STRING", "slot_size":40, "class":"0x1039feda0", "frozen":true, "embedded":true, "fstring":true, "bytesize":5, "value":"cycle", "encoding":"US-ASCII", "memsize":40, "flags":{"wb_protected":true}}
{"address":"0x1019bb688", "type":"IMEMO", "slot_size":40, "imemo_type":"ment", "references":["0x1039fee40"], "memsize":48, "flags":{"wb_protected":true}}
{"address":"0x1019bb6b0", "type":"STRING", "slot_size":40, "class":"0x1039feda0", "frozen":true, "embedded":true, "fstring":true, "bytesize":10, "value":"drop_while", "encoding":"US-ASCII", "memsize":40, "flags":{"wb_protected":true}}
{"address":"0x1019bb6d8", "type":"IMEMO", "slot_size":40, "imemo_type":"ment", "references":["0x1039fee40"], "memsize":48, "flags":{"wb_protected":true}}
{"address":"0x1019bb700", "type":"STRING", "slot_size":40, "class":"0x1039feda0", "frozen":true, "embedded":true, "fstring":true, "bytesize":4, "value":"drop", "encoding":"US-ASCII", "memsize":40, "flags":{"wb_protected":true}}
{"address":"0x1019bb728", "type":"IMEMO", "slot_size":40, "imemo_type":"ment", "references":["0x1039fee40"], "memsize":48, "flags":{"wb_protected":true}}
{"address":"0x1019bb750", "type":"STRING", "slot_size":40, "class":"0x1039feda0", "frozen":true, "embedded":true, "fstring":true, "bytesize":10, "value":"take_while", "encoding":"US-ASCII", "memsize":40, "flags":{"wb_protected":true}}
{"address":"0x1019bb778", "type":"IMEMO", "slot_size":40, "imemo_type":"ment", "references":["0x1039fee40"], "memsize":48, "flags":{"wb_protected":true}}
{"address":"0x1019bb7a0", "type":"STRING", "slot_size":40, "class":"0x1039feda0", "frozen":true, "embedded":true, "fstring":true, "bytesize":4, "value":"take", "encoding":"US-ASCII", "memsize":40, "flags":{"wb_protected":true}}
{"address":"0x1019bb7c8", "type":"IMEMO", "slot_size":40, "imemo_type":"ment", "references":["0x1039fee40"], "memsize":48, "flags":{"wb_protected":true}}
{"address":"0x1019bb7f0", "type":"STRING", "slot_size":40, "class":"0x1039feda0", "frozen":true, "embedded":true, "fstring":true, "bytesize":3, "value":"zip", "encoding":"US-ASCII", "memsize":40, "flags":{"wb_protected":true}}
{"address":"0x1019bb818", "type":"IMEMO", "slot_size":40, "imemo_type":"ment", "references":["0x1039fee40"], "memsize":48, "flags":{"wb_protected":true}}
{"address":"0x1019bb840", "type":"IMEMO", "slot_size":40, "imemo_type":"ment", "references":["0x1039fee40"], "memsize":48, "flags":{"wb_protected":true}}
{"address":"0x1019bb868", "type":"STRING", "slot_size":40, "class":"0x1039feda0", "frozen":true, "embedded":true, "fstring":true, "bytesize":9, "value":"each_cons", "encoding":"US-ASCII", "memsize":40, "flags":{"wb_protected":true}}
{"address":"0x1019bb890", "type":"IMEMO", "slot_size":40, "imemo_type":"ment", "references":["0x1039fee40"], "memsize":48, "flags":{"wb_protected":true}}
{"address":"0x1019bb8b8", "type":"STRING", "slot_size":40, "class":"0x1039feda0", "frozen":true, "embedded":true, "fstring":true, "bytesize":10, "value":"each_slice", "encoding":"US-ASCII", "memsize":40, "flags":{"wb_protected":true}}
{"address":"0x1019bb8e0", "type":"IMEMO", "slot_size":40, "imemo_type":"ment", "references":["0x1039fee40"], "memsize":48, "flags":{"wb_protected":true}}
{"address":"0x1019bb908", "type":"STRING", "slot_size":40, "class":"0x1039feda0", "frozen":true, "embedded":true, "fstring":true, "bytesize":10, "value":"each_entry", "encoding":"US-ASCII", "memsize":40, "flags":{"wb_protected":true}}
{"address":"0x1019bb930", "type":"IMEMO", "slot_size":40, "imemo_type":"ment", "references":["0x1039fee40"], "memsize":48, "flags":{"wb_protected":true}}
{"address":"0x1019bb958", "type":"STRING", "slot_size":40, "class":"0x1039feda0", "frozen":true, "embedded":true, "fstring":true, "bytesize":12, "value":"reverse_each", "encoding":"US-ASCII", "memsize":40, "flags":{"wb_protected":true}}
{"address":"0x1019bb980", "type":"IMEMO", "slot_size":40, "imemo_type":"ment", "references":["0x1039fee40"], "memsize":48, "flags":{"wb_protected":true}}
{"address":"0x1019bb9a8", "type":"STRING", "slot_size":40, "class":"0x1039feda0", "frozen":true, "embedded":true, "fstring":true, "bytesize":15, "value":"each_with_index", "encoding":"US-ASCII", "memsize":40, "flags":{"wb_protected":true}}
{"address":"0x1019bb9d0", "type":"IMEMO", "slot_size":40, "imemo_type":"ment", "references":["0x1039fee40"], "memsize":48, "flags":{"wb_protected":true}}
{"address":"0x1019bb9f8", "type":"IMEMO", "slot_size":40, "imemo_type":"ment", "references":["0x1039fee40"], "memsize":48, "flags":{"wb_protected":true}}
{"address":"0x1019bba20", "type":"STRING", "slot_size":40, "class":"0x1039feda0", "frozen":true, "embedded":true, "fstring":true, "bytesize":7, "value":"member?", "encoding":"US-ASCII", "memsize":40, "flags":{"wb_protected":true}}
{"address":"0x1019bba48", "type":"IMEMO", "slot_size":40, "imemo_type":"ment", "references":["0x1039fee40"], "memsize":48, "flags":{"wb_protected":true}}
{"address":"0x1019bba70", "type":"STRING", "slot_size":40, "class":"0x1039feda0", "frozen":true, "embedded":true, "fstring":true, "bytesize":9, "value":"minmax_by", "encoding":"US-ASCII", "memsize":40, "flags":{"wb_protected":true}}
{"address":"0x1019bba98", "type":"IMEMO", "slot_size":40, "imemo_type":"ment", "references":["0x1039fee40"], "memsize":48, "flags":{"wb_protected":true}}
{"address":"0x1019bbac0", "type":"STRING", "slot_size":40, "class":"0x1039feda0", "frozen":true, "embedded":true, "fstring":true, "bytesize":6, "value":"max_by", "encoding":"US-ASCII", "memsize":40, "flags":{"wb_protected":true}}
{"address":"0x1019bbae8", "type":"IMEMO", "slot_size":40, "imemo_type":"ment", "references":["0x1039fee40"], "memsize":48, "flags":{"wb_protected":true}}
{"address":"0x1019bbb10", "type":"STRING", "slot_size":40, "class":"0x1039feda0", "frozen":true, "embedded":true, "fstring":true, "bytesize":6, "value":"min_by", "encoding":"US-ASCII", "memsize":40, "flags":{"wb_protected":true}}
{"address":"0x1019bbb38", "type":"IMEMO", "slot_size":40, "imemo_type":"ment", "references":["0x1039fee40"], "memsize":48, "flags":{"wb_protected":true}}
{"address":"0x1019bbb60", "type":"STRING", "slot_size":40, "class":"0x1039feda0", "frozen":true, "embedded":true, "fstring":true, "bytesize":6, "value":"minmax", "encoding":"US-ASCII", "memsize":40, "flags":{"wb_protected":true}}
{"address":"0x1019bbb88", "type":"IMEMO", "slot_size":40, "imemo_type":"ment", "references":["0x1039fee40"], "memsize":48, "flags":{"wb_protected":true}}
{"address":"0x1019bbbb0", "type":"IMEMO", "slot_size":40, "imemo_type":"ment", "references":["0x1039fee40"], "memsize":48, "flags":{"wb_protected":true}}
{"address":"0x1019bbbd8", "type":"IMEMO", "slot_size":40, "imemo_type":"ment", "references":["0x1039fee40"], "memsize":48, "flags":{"wb_protected":true}}
{"address":"0x1019bbc00", "type":"STRING", "slot_size":40, "class":"0x1039feda0", "frozen":true, "embedded":true, "fstring":true, "bytesize":5, "value":"none?", "encoding":"US-ASCII", "memsize":40, "flags":{"wb_protected":true}}
{"address":"0x1019bbc28", "type":"IMEMO", "slot_size":40, "imemo_type":"ment", "references":["0x1039fee40"], "memsize":48, "flags":{"wb_protected":true}}
{"address":"0x1019bbc50", "type":"STRING", "slot_size":40, "class":"0x1039feda0", "frozen":true, "embedded":true, "fstring":true, "bytesize":4, "value":"one?", "encoding":"US-ASCII", "memsize":40, "flags":{"wb_protected":true}}
{"address":"0x1019bbc78", "type":"IMEMO", "slot_size":40, "imemo_type":"ment", "references":["0x1039fee40"], "memsize":48, "flags":{"wb_protected":true}}
{"address":"0x1019bbca0", "type":"STRING", "slot_size":40, "class":"0x1039feda0", "frozen":true, "embedded":true, "fstring":true, "bytesize":4, "value":"any?", "encoding":"US-ASCII", "memsize":40, "flags":{"wb_protected":true}}
{"address":"0x1019bbcc8", "type":"IMEMO", "slot_size":40, "imemo_type":"ment", "references":["0x1039fee40"], "memsize":48, "flags":{"wb_protected":true}}
{"address":"0x1019bbcf0", "type":"STRING", "slot_size":40, "class":"0x1039feda0", "frozen":true, "embedded":true, "fstring":true, "bytesize":4, "value":"all?", "encoding":"US-ASCII", "memsize":40, "flags":{"wb_protected":true}}
{"address":"0x1019bbd18", "type":"IMEMO", "slot_size":40, "imemo_type":"ment", "references":["0x1039fee40"], "memsize":48, "flags":{"wb_protected":true}}
{"address":"0x1019bbd40", "type":"STRING", "slot_size":40, "class":"0x1039feda0", "frozen":true, "embedded":true, "fstring":true, "bytesize":5, "value":"first", "encoding":"US-ASCII", "memsize":40, "flags":{"wb_protected":true}}
{"address":"0x1019bbd68", "type":"IMEMO", "slot_size":40, "imemo_type":"ment", "references":["0x1039fee40"], "memsize":48, "flags":{"wb_protected":true}}
{"address":"0x1019bbd90", "type":"STRING", "slot_size":40, "class":"0x1039feda0", "frozen":true, "embedded":true, "fstring":true, "bytesize":5, "value":"tally", "encoding":"US-ASCII", "memsize":40, "flags":{"wb_protected":true}}
{"address":"0x1019bbdb8", "type":"IMEMO", "slot_size":40, "imemo_type":"ment", "references":["0x1039fee40"], "memsize":48, "flags":{"wb_protected":true}}
{"address":"0x1019bbde0", "type":"STRING", "slot_size":40, "class":"0x1039feda0", "frozen":true, "embedded":true, "fstring":true, "bytesize":8, "value":"group_by", "encoding":"US-ASCII", "memsize":40, "flags":{"wb_protected":true}}
{"address":"0x1019bbe08", "type":"IMEMO", "slot_size":40, "imemo_type":"ment", "references":["0x1039fee40"], "memsize":48, "flags":{"wb_protected":true}}
{"address":"0x1019bbe30", "type":"STRING", "slot_size":40, "class":"0x1039feda0", "frozen":true, "embedded":true, "fstring":true, "bytesize":9, "value":"partition", "encoding":"US-ASCII", "memsize":40, "flags":{"wb_protected":true}}
{"address":"0x1019bbe58", "type":"IMEMO", "slot_size":40, "imemo_type":"ment", "references":["0x1039fee40"], "memsize":48, "flags":{"wb_protected":true}}
{"address":"0x1019bbe80", "type":"STRING", "slot_size":40, "class":"0x1039feda0", "frozen":true, "embedded":true, "fstring":true, "bytesize":6, "value":"reduce", "encoding":"US-ASCII", "memsize":40, "flags":{"wb_protected":true}}
{"address":"0x1019bbea8", "type":"IMEMO", "slot_size":40, "imemo_type":"ment", "references":["0x1039fee40"], "memsize":48, "flags":{"wb_protected":true}}
{"address":"0x1019bbed0", "type":"STRING", "slot_size":40, "class":"0x1039feda0", "frozen":true, "embedded":true, "fstring":true, "bytesize":6, "value":"inject", "encoding":"US-ASCII", "memsize":40, "flags":{"wb_protected":true}}
{"address":"0x1019bbef8", "type":"IMEMO", "slot_size":40, "imemo_type":"ment", "references":["0x1039fee40"], "memsize":48, "flags":{"wb_protected":true}}
{"address":"0x1019bbf20", "type":"STRING", "slot_size":40, "class":"0x1039feda0", "frozen":true, "embedded":true, "fstring":true, "bytesize":14, "value":"collect_concat", "encoding":"US-ASCII", "memsize":40, "flags":{"wb_protected":true}}
{"address":"0x1019bbf48", "type":"IMEMO", "slot_size":40, "imemo_type":"ment", "references":["0x1039fee40"], "memsize":48, "flags":{"wb_protected":true}}
{"address":"0x1019bbf70", "type":"STRING", "slot_size":40, "class":"0x1039feda0", "frozen":true, "embedded":true, "fstring":true, "bytesize":8, "value":"flat_map", "encoding":"US-ASCII", "memsize":40, "flags":{"wb_protected":true}}
{"address":"0x1019bbf98", "type":"IMEMO", "slot_size":40, "imemo_type":"ment", "references":["0x1039fee40"], "memsize":48, "flags":{"wb_protected":true}}
{"address":"0x1019bbfc0", "type":"STRING", "slot_size":40, "class":"0x1039feda0", "frozen":true, "embedded":true, "fstring":true, "bytesize":3, "value":"map", "encoding":"US-ASCII", "memsize":40, "flags":{"wb_protected":true}}
{"address":"0x1019bbfe8", "type":"IMEMO", "slot_size":40, "imemo_type":"ment", "references":["0x1039fee40"], "memsize":48, "flags":{"wb_protected":true}}
{"address":"0x1019bc010", "type":"STRING", "slot_size":40, "class":"0x1039feda0", "frozen":true, "embedded":true, "fstring":true, "bytesize":7, "value":"collect", "encoding":"US-ASCII", "memsize":40, "flags":{"wb_protected":true}}
{"address":"0x1019bc038", "type":"IMEMO", "slot_size":40, "imemo_type":"ment", "references":["0x1039fee40"], "memsize":48, "flags":{"wb_protected":true}}
{"address":"0x1019bc060", "type":"STRING", "slot_size":40, "class":"0x1039feda0", "frozen":true, "embedded":true, "fstring":true, "bytesize":6, "value":"reject", "encoding":"US-ASCII", "memsize":40, "flags":{"wb_protected":true}}
{"address":"0x1019bc088", "type":"IMEMO", "slot_size":40, "imemo_type":"ment", "references":["0x1039fee40"], "memsize":48, "flags":{"wb_protected":true}}
{"address":"0x1019bc0b0", "type":"STRING", "slot_size":40, "class":"0x1039feda0", "frozen":true, "embedded":true, "fstring":true, "bytesize":10, "value":"filter_map", "encoding":"US-ASCII", "memsize":40, "flags":{"wb_protected":true}}
{"address":"0x1019bc0d8", "type":"IMEMO", "slot_size":40, "imemo_type":"ment", "references":["0x1039fee40"], "memsize":48, "flags":{"wb_protected":true}}
{"address":"0x1019bc100", "type":"STRING", "slot_size":40, "class":"0x1039feda0", "frozen":true, "embedded":true, "fstring":true, "bytesize":6, "value":"filter", "encoding":"US-ASCII", "memsize":40, "flags":{"wb_protected":true}}
{"address":"0x1019bc128", "type":"IMEMO", "slot_size":40, "imemo_type":"ment", "references":["0x1039fee40"], "memsize":48, "flags":{"wb_protected":true}}
{"address":"0x1019bc150", "type":"STRING", "slot_size":40, "class":"0x1039feda0", "frozen":true, "embedded":true, "fstring":true, "bytesize":6, "value":"select", "encoding":"US-ASCII", "memsize":40, "flags":{"wb_protected":true}}
{"address":"0x1019bc178", "type":"IMEMO", "slot_size":40, "imemo_type":"ment", "references":["0x1039fee40"], "memsize":48, "flags":{"wb_protected":true}}
{"address":"0x1019bc1a0", "type":"STRING", "slot_size":40, "class":"0x1039feda0", "frozen":true, "embedded":true, "fstring":true, "bytesize":8, "value":"find_all", "encoding":"US-ASCII", "memsize":40, "flags":{"wb_protected":true}}
{"address":"0x1019bc1c8", "type":"IMEMO", "slot_size":40, "imemo_type":"ment", "references":["0x1039fee40"], "memsize":48, "flags":{"wb_protected":true}}
{"address":"0x1019bc1f0", "type":"STRING", "slot_size":40, "class":"0x1039feda0", "frozen":true, "embedded":true, "fstring":true, "bytesize":10, "value":"find_index", "encoding":"US-ASCII", "memsize":40, "flags":{"wb_protected":true}}
{"address":"0x1019bc218", "type":"IMEMO", "slot_size":40, "imemo_type":"ment", "references":["0x1039fee40"], "memsize":48, "flags":{"wb_protected":true}}
{"address":"0x1019bc240", "type":"STRING", "slot_size":40, "class":"0x1039feda0", "frozen":true, "embedded":true, "fstring":true, "bytesize":6, "value":"detect", "encoding":"US-ASCII", "memsize":40, "flags":{"wb_protected":true}}
{"address":"0x1019bc268", "type":"IMEMO", "slot_size":40, "imemo_type":"ment", "references":["0x1039fee40"], "memsize":48, "flags":{"wb_protected":true}}
{"address":"0x1019bc290", "type":"IMEMO", "slot_size":40, "imemo_type":"ment", "references":["0x1039fee40"], "memsize":48, "flags":{"wb_protected":true}}
{"address":"0x1019bc2b8", "type":"STRING", "slot_size":40, "class":"0x1039feda0", "frozen":true, "embedded":true, "fstring":true, "bytesize":5, "value":"count", "encoding":"US-ASCII", "memsize":40, "flags":{"wb_protected":true}}
{"address":"0x1019bc2e0", "type":"IMEMO", "slot_size":40, "imemo_type":"ment", "references":["0x1039fee40"], "memsize":48, "flags":{"wb_protected":true}}
{"address":"0x1019bc308", "type":"STRING", "slot_size":40, "class":"0x1039feda0", "frozen":true, "embedded":true, "fstring":true, "bytesize":6, "value":"grep_v", "encoding":"US-ASCII", "memsize":40, "flags":{"wb_protected":true}}
{"address":"0x1019bc330", "type":"IMEMO", "slot_size":40, "imemo_type":"ment", "references":["0x1039fee40"], "memsize":48, "flags":{"wb_protected":true}}
{"address":"0x1019bc358", "type":"STRING", "slot_size":40, "class":"0x1039feda0", "frozen":true, "embedded":true, "fstring":true, "bytesize":4, "value":"grep", "encoding":"US-ASCII", "memsize":40, "flags":{"wb_protected":true}}
{"address":"0x1019bc380", "type":"IMEMO", "slot_size":40, "imemo_type":"ment", "references":["0x1039fee40"], "memsize":48, "flags":{"wb_protected":true}}
{"address":"0x1019bc3a8", "type":"STRING", "slot_size":40, "class":"0x1039feda0", "frozen":true, "embedded":true, "fstring":true, "bytesize":7, "value":"sort_by", "encoding":"US-ASCII", "memsize":40, "flags":{"wb_protected":true}}
{"address":"0x1019bc3d0", "type":"IMEMO", "slot_size":40, "imemo_type":"ment", "references":["0x1039fee40"], "memsize":48, "flags":{"wb_protected":true}}
{"address":"0x1019bc3f8", "type":"STRING", "slot_size":40, "class":"0x1039feda0", "frozen":true, "embedded":true, "fstring":true, "bytesize":4, "value":"sort", "encoding":"US-ASCII", "memsize":40, "flags":{"wb_protected":true}}
{"address":"0x1019bc420", "type":"IMEMO", "slot_size":40, "imemo_type":"ment", "references":["0x1039fee40"], "memsize":48, "flags":{"wb_protected":true}}
{"address":"0x1019bc448", "type":"IMEMO", "slot_size":40, "imemo_type":"ment", "references":["0x1039fee40"], "memsize":48, "flags":{"wb_protected":true}}
{"address":"0x1019bc470", "type":"STRING", "slot_size":40, "class":"0x1039feda0", "frozen":true, "embedded":true, "fstring":true, "bytesize":7, "value":"entries", "encoding":"US-ASCII", "memsize":40, "flags":{"wb_protected":true}}
{"address":"0x1019bc498", "type":"IMEMO", "slot_size":40, "imemo_type":"ment", "references":["0x1039fee40"], "memsize":48, "flags":{"wb_protected":true}}
{"address":"0x1019bc4c0", "type":"STRING", "slot_size":40, "class":"0x1039feda0", "frozen":true, "embedded":true, "fstring":true, "bytesize":10, "value":"Enumerable", "encoding":"US-ASCII", "memsize":40, "flags":{"wb_protected":true}}
{"address":"0x1019bc4e8", "type":"IMEMO", "slot_size":40, "imemo_type":"ment", "references":["0x1039feee0"], "memsize":48, "flags":{"wb_protected":true}}
{"address":"0x1019bc510", "type":"STRING", "slot_size":40, "class":"0x1039feda0", "frozen":true, "embedded":true, "fstring":true, "bytesize":5, "value":"clamp", "encoding":"US-ASCII", "memsize":40, "flags":{"wb_protected":true}}
{"address":"0x1019bc538", "type":"IMEMO", "slot_size":40, "imemo_type":"ment", "references":["0x1039feee0"], "memsize":48, "flags":{"wb_protected":true}}
{"address":"0x1019bc560", "type":"STRING", "slot_size":40, "class":"0x1039feda0", "frozen":true, "embedded":true, "fstring":true, "bytesize":8, "value":"between?", "encoding":"US-ASCII", "memsize":40, "flags":{"wb_protected":true}}
{"address":"0x1019bc588", "type":"IMEMO", "slot_size":40, "imemo_type":"ment", "references":["0x1039feee0"], "memsize":48, "flags":{"wb_protected":true}}
{"address":"0x1019bc5b0", "type":"IMEMO", "slot_size":40, "imemo_type":"ment", "references":["0x1039feee0"], "memsize":48, "flags":{"wb_protected":true}}
{"address":"0x1019bc5d8", "type":"IMEMO", "slot_size":40, "imemo_type":"ment", "references":["0x1039feee0"], "memsize":48, "flags":{"wb_protected":true}}
{"address":"0x1019bc600", "type":"IMEMO", "slot_size":40, "imemo_type":"ment", "references":["0x1039feee0"], "memsize":48, "flags":{"wb_protected":true}}
{"address":"0x1019bc628", "type":"IMEMO", "slot_size":40, "imemo_type":"ment", "references":["0x1039feee0"], "memsize":48, "flags":{"wb_protected":true}}
{"address":"0x1019bc650", "type":"STRING", "slot_size":40, "class":"0x1039feda0", "frozen":true, "embedded":true, "fstring":true, "bytesize":10, "value":"Comparable", "encoding":"US-ASCII", "memsize":40, "flags":{"wb_protected":true}}
{"address":"0x1019bc678", "type":"DATA", "slot_size":40, "references":["0x1039ff020", "0x1039fe940", "0x1039fe940", "0x1039f2460", "0x1039ffe80", "0x103a1d020", "0x1039f3540", "0x103a1c120", "0x1039ffe80", "0x103a1b860", "0x103a1b720", "0x103a1b5e0", "0x103a1b4a0"], "memsize":40}
{"address":"0x1019bc6a0", "type":"DATA", "slot_size":40, "class":"0x1039ff020", "frozen":true, "struct":"encoding", "memsize":40}
{"address":"0x1019bc6c8", "type":"DATA", "slot_size":40, "class":"0x1039ff020", "frozen":true, "struct":"encoding", "memsize":40}
{"address":"0x1019bc6f0", "type":"DATA", "slot_size":40, "class":"0x1039ff020", "frozen":true, "struct":"encoding", "memsize":40}
{"address":"0x1019bc718", "type":"DATA", "slot_size":40, "class":"0x1039ff020", "frozen":true, "struct":"encoding", "memsize":40}
{"address":"0x1019bc740", "type":"DATA", "slot_size":40, "class":"0x1039ff020", "frozen":true, "struct":"encoding", "memsize":40}
{"address":"0x1019bc768", "type":"DATA", "slot_size":40, "class":"0x1039ff020", "frozen":true, "struct":"encoding", "memsize":40}
{"address":"0x1019bc790", "type":"DATA", "slot_size":40, "class":"0x1039ff020", "frozen":true, "struct":"encoding", "memsize":40}
{"address":"0x1019bc7b8", "type":"DATA", "slot_size":40, "class":"0x1039ff020", "frozen":true, "struct":"encoding", "memsize":40}
{"address":"0x1019bc7e0", "type":"DATA", "slot_size":40, "class":"0x1039ff020", "frozen":true, "struct":"encoding", "memsize":40}
{"address":"0x1019bc808", "type":"DATA", "slot_size":40, "class":"0x1039ff020", "frozen":true, "struct":"encoding", "memsize":40}
{"address":"0x1019bc830", "type":"DATA", "slot_size":40, "class":"0x1039ff020", "frozen":true, "struct":"encoding", "memsize":40}
{"address":"0x1019bc858", "type":"DATA", "slot_size":40, "class":"0x1039ff020", "frozen":true, "struct":"encoding", "memsize":40}
{"address":"0x1019bc880", "type":"ARRAY", "slot_size":40, "length":103, "references":["0x1019bc858", "0x1019bc830", "0x1019bc808", "0x1019bc7e0", "0x1019bc7b8", "0x1019bc790", "0x1019bc768", "0x1019bc740", "0x1019bc718", "0x1019bc6f0", "0x1019bc6c8", "0x1019bc6a0", "0x101973900", "0x101973888", "0x101973810", "0x101973798", "0x101973748", "0x1019736f8", "0x101973658", "0x101973608", "0x1019735b8", "0x101973568", "0x101973518", "0x1019734c8", "0x101973478", "0x101973428", "0x1019733d8", "0x101973388", "0x101973338", "0x1019732e8", "0x101973298", "0x101973248", "0x1019731f8", "0x1019731a8", "0x101973158", "0x101973108", "0x1019730b8", "0x101973068", "0x101973018", "0x101972fc8", "0x101972e60", "0x101972de8", "0x101972d70", "0x101972cf8", "0x101972c80", "0x101972c08", "0x101972b90", "0x101972b18", "0x101972aa0", "0x101972a28", "0x1019729b0", "0x101972938", "0x1019728e8", "0x101972898", "0x101972848", "0x1019727f8", "0x101972780", "0x101972708", "0x101972690", "0x101972618", "0x1019725a0", "0x101972528", "0x1019724b0", "0x101972438", "0x1019723c0", "0x101972320", "0x1019722d0", "0x101972258", "0x1019721e0", "0x101972168", "0x1019720f0", "0x101972078", "0x101972000", "0x101971f88", "0x101971f10", "0x101971e98", "0x101971e20", "0x101971d80", "0x101971d30", "0x101971cb8", "0x101971c40", "0x101971ba0", "0x101971b50", "0x101971a38", "0x101971970", "0x1019718f8", "0x101971880", "0x101971808", "0x1019717b8", "0x101971678", "0x101971588", "0x101971470", "0x101971420", "0x1019712b8", "0x1019711a0", "0x101970e08", "0x101970d90", "0x101970d18", "0x101970cc8", "0x101970c78", "0x101970c50", "0x101970c28", "0x101970bb0"], "memsize":1064, "flags":{"wb_protected":true}}
{"address":"0x1019bc8a8", "type":"ARRAY", "slot_size":40, "length":0, "memsize":40, "flags":{"wb_protected":true}}
{"address":"0x1019bc8d0", "type":"IMEMO", "slot_size":40, "class":"0x1039fef80", "imemo_type":"ment", "memsize":48, "flags":{"wb_protected":true}}
{"address":"0x1019bc8f8", "type":"STRING", "slot_size":40, "class":"0x1039feda0", "frozen":true, "embedded":true, "fstring":true, "bytesize":14, "value":"locale_charmap", "encoding":"US-ASCII", "memsize":40, "flags":{"wb_protected":true}}
{"address":"0x1019bc920", "type":"IMEMO", "slot_size":40, "class":"0x1039fef80", "imemo_type":"ment", "memsize":48, "flags":{"wb_protected":true}}
{"address":"0x1019bc948", "type":"IMEMO", "slot_size":40, "class":"0x1039fef80", "imemo_type":"ment", "memsize":48, "flags":{"wb_protected":true}}
{"address":"0x1019bc970", "type":"IMEMO", "slot_size":40, "class":"0x1039fef80", "imemo_type":"ment", "memsize":48, "flags":{"wb_protected":true}}
{"address":"0x1019bc998", "type":"IMEMO", "slot_size":40, "class":"0x1039fef80", "imemo_type":"ment", "memsize":48, "flags":{"wb_protected":true}}
{"address":"0x1019bc9c0", "type":"IMEMO", "slot_size":40, "class":"0x1039fef80", "imemo_type":"ment", "memsize":48, "flags":{"wb_protected":true}}
{"address":"0x1019bc9e8", "type":"STRING", "slot_size":40, "class":"0x1039feda0", "frozen":true, "embedded":true, "fstring":true, "bytesize":5, "value":"_load", "encoding":"US-ASCII", "memsize":40, "flags":{"wb_protected":true}}
{"address":"0x1019bca10", "type":"IMEMO", "slot_size":40, "class":"0x1039ff020", "imemo_type":"ment", "memsize":48, "flags":{"wb_protected":true}}
{"address":"0x1019bca38", "type":"STRING", "slot_size":40, "class":"0x1039feda0", "frozen":true, "embedded":true, "fstring":true, "bytesize":5, "value":"_dump", "encoding":"US-ASCII", "memsize":40, "flags":{"wb_protected":true}}
{"address":"0x1019bca60", "type":"IMEMO", "slot_size":40, "class":"0x1039fef80", "imemo_type":"ment", "memsize":48, "flags":{"wb_protected":true}}
{"address":"0x1019bca88", "type":"STRING", "slot_size":40, "class":"0x1039feda0", "frozen":true, "embedded":true, "fstring":true, "bytesize":11, "value":"compatible?", "encoding":"US-ASCII", "memsize":40, "flags":{"wb_protected":true}}
{"address":"0x1019bcab0", "type":"IMEMO", "slot_size":40, "class":"0x1039fef80", "imemo_type":"ment", "memsize":48, "flags":{"wb_protected":true}}
{"address":"0x1019bcad8", "type":"STRING", "slot_size":40, "class":"0x1039feda0", "frozen":true, "embedded":true, "fstring":true, "bytesize":4, "value":"find", "encoding":"US-ASCII", "memsize":40, "flags":{"wb_protected":true}}
{"address":"0x1019bcb00", "type":"IMEMO", "slot_size":40, "class":"0x1039fef80", "imemo_type":"ment", "memsize":48, "flags":{"wb_protected":true}}
{"address":"0x1019bcb28", "type":"STRING", "slot_size":40, "class":"0x1039feda0", "frozen":true, "embedded":true, "fstring":true, "bytesize":7, "value":"aliases", "encoding":"US-ASCII", "memsize":40, "flags":{"wb_protected":true}}
{"address":"0x1019bcb50", "type":"IMEMO", "slot_size":40, "class":"0x1039fef80", "imemo_type":"ment", "memsize":48, "flags":{"wb_protected":true}}
{"address":"0x1019bcb78", "type":"STRING", "slot_size":40, "class":"0x1039feda0", "frozen":true, "embedded":true, "fstring":true, "bytesize":9, "value":"name_list", "encoding":"US-ASCII", "memsize":40, "flags":{"wb_protected":true}}
{"address":"0x1019bcba0", "type":"IMEMO", "slot_size":40, "class":"0x1039fef80", "imemo_type":"ment", "memsize":48, "flags":{"wb_protected":true}}
{"address":"0x1019bcbc8", "type":"STRING", "slot_size":40, "class":"0x1039feda0", "frozen":true, "embedded":true, "fstring":true, "bytesize":4, "value":"list", "encoding":"US-ASCII", "memsize":40, "flags":{"wb_protected":true}}
{"address":"0x1019bcbf0", "type":"IMEMO", "slot_size":40, "class":"0x1039ff020", "imemo_type":"ment", "memsize":48, "flags":{"wb_protected":true}}
{"address":"0x1019bcc18", "type":"STRING", "slot_size":40, "class":"0x1039feda0", "frozen":true, "embedded":true, "fstring":true, "bytesize":9, "value":"replicate", "encoding":"US-ASCII", "memsize":40, "flags":{"wb_protected":true}}
{"address":"0x1019bcc40", "type":"IMEMO", "slot_size":40, "class":"0x1039ff020", "imemo_type":"ment", "memsize":48, "flags":{"wb_protected":true}}
{"address":"0x1019bcc68", "type":"IMEMO", "slot_size":40, "class":"0x1039ff020", "imemo_type":"ment", "memsize":48, "flags":{"wb_protected":true}}
{"address":"0x1019bcc90", "type":"STRING", "slot_size":40, "class":"0x1039feda0", "frozen":true, "embedded":true, "fstring":true, "bytesize":6, "value":"dummy?", "encoding":"US-ASCII", "memsize":40, "flags":{"wb_protected":true}}
{"address":"0x1019bccb8", "type":"IMEMO", "slot_size":40, "class":"0x1039ff020", "imemo_type":"ment", "memsize":48, "flags":{"wb_protected":true}}
{"address":"0x1019bcce0", "type":"STRING", "slot_size":40, "class":"0x1039feda0", "frozen":true, "embedded":true, "fstring":true, "bytesize":5, "value":"names", "encoding":"US-ASCII", "memsize":40, "flags":{"wb_protected":true}}
{"address":"0x1019bcd08", "type":"IMEMO", "slot_size":40, "class":"0x1039ff020", "imemo_type":"ment", "memsize":48, "flags":{"wb_protected":true}}
{"address":"0x1019bcd30", "type":"IMEMO", "slot_size":40, "class":"0x1039ff020", "imemo_type":"ment", "memsize":48, "flags":{"wb_protected":true}}
{"address":"0x1019bcd58", "type":"IMEMO", "slot_size":40, "class":"0x1039ff020", "imemo_type":"ment", "memsize":48, "flags":{"wb_protected":true}}
{"address":"0x1019bcd80", "type":"IMEMO", "slot_size":40, "class":"0x1039fef80", "imemo_type":"ment", "memsize":48, "flags":{"wb_protected":true}}
{"address":"0x1019bcda8", "type":"STRING", "slot_size":40, "class":"0x1039feda0", "frozen":true, "embedded":true, "fstring":true, "bytesize":8, "value":"Encoding", "encoding":"US-ASCII", "memsize":40, "flags":{"wb_protected":true}}
{"address":"0x1019bcdd0", "type":"IMEMO", "slot_size":40, "class":"0x1039ff0c0", "imemo_type":"ment", "memsize":48, "flags":{"wb_protected":true}}
{"address":"0x1019bcdf8", "type":"IMEMO", "slot_size":40, "class":"0x1039ff0c0", "imemo_type":"ment", "memsize":48, "flags":{"wb_protected":true}}
{"address":"0x1019bce20", "type":"OBJECT", "slot_size":40, "class":"0x1039ff0c0", "ivars":3, "memsize":40, "flags":{"wb_protected":true}}
{"address":"0x1019bce48", "type":"IMEMO", "slot_size":40, "class":"0x1039ff160", "imemo_type":"ment", "memsize":48, "flags":{"wb_protected":true}}
{"address":"0x1019bce70", "type":"IMEMO", "slot_size":40, "class":"0x1039ff200", "imemo_type":"ment", "memsize":48, "flags":{"wb_protected":true}}
{"address":"0x1019bce98", "type":"IMEMO", "slot_size":40, "class":"0x1039ff200", "imemo_type":"ment", "memsize":48, "flags":{"wb_protected":true}}
{"address":"0x1019bcec0", "type":"IMEMO", "slot_size":40, "class":"0x1039ff200", "imemo_type":"ment", "memsize":48, "flags":{"wb_protected":true}}
{"address":"0x1019bcee8", "type":"IMEMO", "slot_size":40, "class":"0x1039ff200", "imemo_type":"ment", "memsize":48, "flags":{"wb_protected":true}}
{"address":"0x1019bcf10", "type":"IMEMO", "slot_size":40, "class":"0x1039ff200", "imemo_type":"ment", "memsize":48, "flags":{"wb_protected":true}}
{"address":"0x1019bcf38", "type":"IMEMO", "slot_size":40, "class":"0x1039ff200", "imemo_type":"ment", "memsize":48, "flags":{"wb_protected":true}}
{"address":"0x1019bcf60", "type":"STRING", "slot_size":40, "class":"0x1039feda0", "frozen":true, "fstring":true, "bytesize":5, "value":"false", "encoding":"US-ASCII", "memsize":40, "flags":{"wb_protected":true}}
{"address":"0x1019bcf88", "type":"STRING", "slot_size":40, "class":"0x1039feda0", "frozen":true, "embedded":true, "fstring":true, "bytesize":10, "value":"FalseClass", "encoding":"US-ASCII", "memsize":40, "flags":{"wb_protected":true}}
{"address":"0x1019bcfb0", "type":"IMEMO", "slot_size":40, "class":"0x1039ff2a0", "imemo_type":"ment", "memsize":48, "flags":{"wb_protected":true}}
{"address":"0x1019bcfd8", "type":"IMEMO", "slot_size":40, "class":"0x1039ff340", "imemo_type":"ment", "memsize":48, "flags":{"wb_protected":true}}
{"address":"0x1019bd000", "type":"IMEMO", "slot_size":40, "class":"0x1039ff340", "imemo_type":"ment", "memsize":48, "flags":{"wb_protected":true}}
{"address":"0x1019bd028", "type":"IMEMO", "slot_size":40, "class":"0x1039ff340", "imemo_type":"ment", "memsize":48, "flags":{"wb_protected":true}}
{"address":"0x1019bd050", "type":"IMEMO", "slot_size":40, "class":"0x1039ff340", "imemo_type":"ment", "memsize":48, "flags":{"wb_protected":true}}
{"address":"0x1019bd078", "type":"IMEMO", "slot_size":40, "class":"0x1039ff340", "imemo_type":"ment", "memsize":48, "flags":{"wb_protected":true}}
{"address":"0x1019bd0a0", "type":"IMEMO", "slot_size":40, "class":"0x1039ff340", "imemo_type":"ment", "memsize":48, "flags":{"wb_protected":true}}
{"address":"0x1019bd0c8", "type":"STRING", "slot_size":40, "class":"0x1039feda0", "frozen":true, "fstring":true, "bytesize":4, "value":"true", "encoding":"US-ASCII", "memsize":40, "flags":{"wb_protected":true}}
{"address":"0x1019bd0f0", "type":"STRING", "slot_size":40, "class":"0x1039feda0", "frozen":true, "embedded":true, "fstring":true, "bytesize":9, "value":"TrueClass", "encoding":"US-ASCII", "memsize":40, "flags":{"wb_protected":true}}
{"address":"0x1019bd118", "type":"IMEMO", "slot_size":40, "class":"0x1039ffd40", "imemo_type":"ment", "memsize":48, "flags":{"wb_protected":true}}
{"address":"0x1019bd140", "type":"IMEMO", "slot_size":40, "class":"0x1039ffd40", "imemo_type":"ment", "memsize":48, "flags":{"wb_protected":true}}
{"address":"0x1019bd168", "type":"STRING", "slot_size":40, "class":"0x1039feda0", "frozen":true, "embedded":true, "fstring":true, "bytesize":15, "value":"append_features", "encoding":"US-ASCII", "memsize":40, "flags":{"wb_protected":true}}
{"address":"0x1019bd190", "type":"IMEMO", "slot_size":40, "class":"0x1039ffd40", "imemo_type":"ment", "memsize":48, "flags":{"wb_protected":true}}
{"address":"0x1019bd1b8", "type":"STRING", "slot_size":40, "class":"0x1039feda0", "frozen":true, "embedded":true, "fstring":true, "bytesize":13, "value":"extend_object", "encoding":"US-ASCII", "memsize":40, "flags":{"wb_protected":true}}
{"address":"0x1019bd1e0", "type":"IMEMO", "slot_size":40, "class":"0x1039ffd40", "imemo_type":"ment", "memsize":48, "flags":{"wb_protected":true}}
{"address":"0x1019bd208", "type":"STRING", "slot_size":40, "class":"0x1039feda0", "frozen":true, "embedded":true, "fstring":true, "bytesize":10, "value":"subclasses", "encoding":"US-ASCII", "memsize":40, "flags":{"wb_protected":true}}
{"address":"0x1019bd230", "type":"IMEMO", "slot_size":40, "class":"0x1039ffd40", "imemo_type":"ment", "memsize":48, "flags":{"wb_protected":true}}
{"address":"0x1019bd258", "type":"STRING", "slot_size":40, "class":"0x1039feda0", "frozen":true, "embedded":true, "fstring":true, "bytesize":10, "value":"superclass", "encoding":"US-ASCII", "memsize":40, "flags":{"wb_protected":true}}
{"address":"0x1019bd280", "type":"IMEMO", "slot_size":40, "class":"0x1039ffd40", "imemo_type":"ment", "memsize":48, "flags":{"wb_protected":true}}
{"address":"0x1019bd2a8", "type":"IMEMO", "slot_size":40, "class":"0x1039ffd40", "imemo_type":"ment", "memsize":48, "flags":{"wb_protected":true}}
{"address":"0x1019bd2d0", "type":"IMEMO", "slot_size":40, "class":"0x1039ffd40", "imemo_type":"ment", "memsize":48, "flags":{"wb_protected":true}}
{"address":"0x1019bd2f8", "type":"IMEMO", "slot_size":40, "class":"0x1039ffb60", "imemo_type":"ment", "memsize":48, "flags":{"wb_protected":true}}
{"address":"0x1019bd320", "type":"IMEMO", "slot_size":40, "class":"0x1039ffde0", "imemo_type":"ment", "memsize":48, "flags":{"wb_protected":true}}
{"address":"0x1019bd348", "type":"IMEMO", "slot_size":40, "class":"0x1039ffde0", "imemo_type":"ment", "memsize":48, "flags":{"wb_protected":true}}
{"address":"0x1019bd370", "type":"IMEMO", "slot_size":40, "class":"0x1039ffde0", "imemo_type":"ment", "memsize":48, "flags":{"wb_protected":true}}
{"address":"0x1019bd398", "type":"IMEMO", "slot_size":40, "class":"0x1039ffde0", "imemo_type":"ment", "memsize":48, "flags":{"wb_protected":true}}
{"address":"0x1019bd3c0", "type":"STRING", "slot_size":40, "class":"0x1039feda0", "frozen":true, "embedded":true, "fstring":true, "bytesize":15, "value":"public_constant", "encoding":"US-ASCII", "memsize":40, "flags":{"wb_protected":true}}
{"address":"0x1019bd3e8", "type":"IMEMO", "slot_size":40, "class":"0x1039ffde0", "imemo_type":"ment", "memsize":48, "flags":{"wb_protected":true}}
{"address":"0x1019bd410", "type":"IMEMO", "slot_size":40, "class":"0x1039ffde0", "imemo_type":"ment", "memsize":48, "flags":{"wb_protected":true}}
{"address":"0x1019bd438", "type":"IMEMO", "slot_size":40, "class":"0x1039ffde0", "imemo_type":"ment", "memsize":48, "flags":{"wb_protected":true}}
{"address":"0x1019bd460", "type":"IMEMO", "slot_size":40, "class":"0x1039ffde0", "imemo_type":"ment", "memsize":48, "flags":{"wb_protected":true}}
{"address":"0x1019bd488", "type":"IMEMO", "slot_size":40, "class":"0x1039ffde0", "imemo_type":"ment", "memsize":48, "flags":{"wb_protected":true}}
{"address":"0x1019bd4b0", "type":"STRING", "slot_size":40, "class":"0x1039feda0", "frozen":true, "embedded":true, "fstring":true, "bytesize":15, "value":"class_variables", "encoding":"US-ASCII", "memsize":40, "flags":{"wb_protected":true}}
{"address":"0x1019bd4d8", "type":"IMEMO", "slot_size":40, "class":"0x1039ffde0", "imemo_type":"ment", "memsize":48, "flags":{"wb_protected":true}}
{"address":"0x1019bd500", "type":"IMEMO", "slot_size":40, "class":"0x1039ffde0", "imemo_type":"ment", "memsize":48, "flags":{"wb_protected":true}}
{"address":"0x1019bd528", "type":"STRING", "slot_size":40, "class":"0x1039feda0", "frozen":true, "embedded":true, "fstring":true, "bytesize":12, "value":"remove_const", "encoding":"US-ASCII", "memsize":40, "flags":{"wb_protected":true}}
{"address":"0x1019bd550", "type":"IMEMO", "slot_size":40, "class":"0x1039ffde0", "imemo_type":"ment", "memsize":48, "flags":{"wb_protected":true}}
{"address":"0x1019bd578", "type":"IMEMO", "slot_size":40, "class":"0x1039ffde0", "imemo_type":"ment", "memsize":48, "flags":{"wb_protected":true}}
{"address":"0x1019bd5a0", "type":"STRING", "slot_size":40, "class":"0x1039feda0", "frozen":true, "embedded":true, "fstring":true, "bytesize":14, "value":"const_defined?", "encoding":"US-ASCII", "memsize":40, "flags":{"wb_protected":true}}
{"address":"0x1019bd5c8", "type":"IMEMO", "slot_size":40, "class":"0x1039ffde0", "imemo_type":"ment", "memsize":48, "flags":{"wb_protected":true}}
{"address":"0x1019bd5f0", "type":"STRING", "slot_size":40, "class":"0x1039feda0", "frozen":true, "embedded":true, "fstring":true, "bytesize":9, "value":"const_set", "encoding":"US-ASCII", "memsize":40, "flags":{"wb_protected":true}}
{"address":"0x1019bd618", "type":"IMEMO", "slot_size":40, "class":"0x1039ffde0", "imemo_type":"ment", "memsize":48, "flags":{"wb_protected":true}}
{"address":"0x1019bd640", "type":"STRING", "slot_size":40, "class":"0x1039feda0", "frozen":true, "embedded":true, "fstring":true, "bytesize":9, "value":"const_get", "encoding":"US-ASCII", "memsize":40, "flags":{"wb_protected":true}}
{"address":"0x1019bd668", "type":"IMEMO", "slot_size":40, "class":"0x1039ffde0", "imemo_type":"ment", "memsize":48, "flags":{"wb_protected":true}}
{"address":"0x1019bd690", "type":"STRING", "slot_size":40, "class":"0x1039feda0", "frozen":true, "embedded":true, "fstring":true, "bytesize":9, "value":"constants", "encoding":"US-ASCII", "memsize":40, "flags":{"wb_protected":true}}
{"address":"0x1019bd6b8", "type":"IMEMO", "slot_size":40, "class":"0x1039ffde0", "imemo_type":"ment", "memsize":48, "flags":{"wb_protected":true}}
{"address":"0x1019bd6e0", "type":"IMEMO", "slot_size":40, "class":"0x1039ffde0", "imemo_type":"ment", "memsize":48, "flags":{"wb_protected":true}}
{"address":"0x1019bd708", "type":"IMEMO", "slot_size":40, "class":"0x1039ffde0", "imemo_type":"ment", "memsize":48, "flags":{"wb_protected":true}}
{"address":"0x1019bd730", "type":"IMEMO", "slot_size":40, "class":"0x1039ffde0", "imemo_type":"ment", "memsize":48, "flags":{"wb_protected":true}}
{"address":"0x1019bd758", "type":"IMEMO", "slot_size":40, "class":"0x1039ffde0", "imemo_type":"ment", "memsize":48, "flags":{"wb_protected":true}}
{"address":"0x1019bd780", "type":"IMEMO", "slot_size":40, "class":"0x1039ffde0", "imemo_type":"ment", "memsize":48, "flags":{"wb_protected":true}}
{"address":"0x1019bd7a8", "type":"IMEMO", "slot_size":40, "class":"0x1039ffac0", "imemo_type":"ment", "memsize":48, "flags":{"wb_protected":true}}
{"address":"0x1019bd7d0", "type":"STRING", "slot_size":40, "class":"0x1039feda0", "frozen":true, "embedded":true, "fstring":true, "bytesize":8, "value":"allocate", "encoding":"US-ASCII", "memsize":40, "flags":{"wb_protected":true}}
{"address":"0x1019bd7f8", "type":"IMEMO", "slot_size":40, "class":"0x1039ffde0", "imemo_type":"ment", "memsize":48, "flags":{"wb_protected":true}}
{"address":"0x1019bd820", "type":"STRING", "slot_size":40, "class":"0x1039feda0", "frozen":true, "embedded":true, "fstring":true, "bytesize":13, "value":"attr_accessor", "encoding":"US-ASCII", "memsize":40, "flags":{"wb_protected":true}}
{"address":"0x1019bd848", "type":"IMEMO", "slot_size":40, "class":"0x1039ffde0", "imemo_type":"ment", "memsize":48, "flags":{"wb_protected":true}}
{"address":"0x1019bd870", "type":"STRING", "slot_size":40, "class":"0x1039feda0", "frozen":true, "embedded":true, "fstring":true, "bytesize":11, "value":"attr_writer", "encoding":"US-ASCII", "memsize":40, "flags":{"wb_protected":true}}
{"address":"0x1019bd898", "type":"IMEMO", "slot_size":40, "class":"0x1039ffde0", "imemo_type":"ment", "memsize":48, "flags":{"wb_protected":true}}
{"address":"0x1019bd8c0", "type":"STRING", "slot_size":40, "class":"0x1039feda0", "frozen":true, "embedded":true, "fstring":true, "bytesize":11, "value":"attr_reader", "encoding":"US-ASCII", "memsize":40, "flags":{"wb_protected":true}}
{"address":"0x1019bd8e8", "type":"IMEMO", "slot_size":40, "class":"0x1039ffde0", "imemo_type":"ment", "memsize":48, "flags":{"wb_protected":true}}
{"address":"0x1019bd910", "type":"STRING", "slot_size":40, "class":"0x1039feda0", "frozen":true, "embedded":true, "fstring":true, "bytesize":4, "value":"attr", "encoding":"US-ASCII", "memsize":40, "flags":{"wb_protected":true}}
{"address":"0x1019bd938", "type":"IMEMO", "slot_size":40, "class":"0x1039ffde0", "imemo_type":"ment", "memsize":48, "flags":{"wb_protected":true}}
{"address":"0x1019bd960", "type":"STRING", "slot_size":40, "class":"0x1039feda0", "frozen":true, "embedded":true, "fstring":true, "bytesize":9, "value":"ancestors", "encoding":"US-ASCII", "memsize":40, "flags":{"wb_protected":true}}
{"address":"0x1019bd988", "type":"IMEMO", "slot_size":40, "class":"0x1039ffde0", "imemo_type":"ment", "memsize":48, "flags":{"wb_protected":true}}
{"address":"0x1019bd9b0", "type":"IMEMO", "slot_size":40, "class":"0x1039ffde0", "imemo_type":"ment", "memsize":48, "flags":{"wb_protected":true}}
{"address":"0x1019bd9d8", "type":"STRING", "slot_size":40, "class":"0x1039feda0", "frozen":true, "embedded":true, "fstring":true, "bytesize":8, "value":"include?", "encoding":"US-ASCII", "memsize":40, "flags":{"wb_protected":true}}
{"address":"0x1019bda00", "type":"IMEMO", "slot_size":40, "class":"0x1039ffde0", "imemo_type":"ment", "memsize":48, "flags":{"wb_protected":true}}
{"address":"0x1019bda28", "type":"IMEMO", "slot_size":40, "class":"0x1039ffde0", "imemo_type":"ment", "memsize":48, "flags":{"wb_protected":true}}
{"address":"0x1019bda50", "type":"IMEMO", "slot_size":40, "class":"0x1039ffde0", "imemo_type":"ment", "memsize":48, "flags":{"wb_protected":true}}
{"address":"0x1019bda78", "type":"IMEMO", "slot_size":40, "class":"0x1039ffde0", "imemo_type":"ment", "memsize":48, "flags":{"wb_protected":true}}
{"address":"0x1019bdaa0", "type":"IMEMO", "slot_size":40, "class":"0x1039ffde0", "imemo_type":"ment", "memsize":48, "flags":{"wb_protected":true}}
{"address":"0x1019bdac8", "type":"IMEMO", "slot_size":40, "class":"0x1039ffde0", "imemo_type":"ment", "memsize":48, "flags":{"wb_protected":true}}
{"address":"0x1019bdaf0", "type":"IMEMO", "slot_size":40, "class":"0x1039ffde0", "imemo_type":"ment", "memsize":48, "flags":{"wb_protected":true}}
{"address":"0x1019bdb18", "type":"IMEMO", "slot_size":40, "class":"0x1039ffde0", "imemo_type":"ment", "memsize":48, "flags":{"wb_protected":true}}
{"address":"0x1019bdb40", "type":"IMEMO", "slot_size":40, "class":"0x1039ffde0", "imemo_type":"ment", "memsize":48, "flags":{"wb_protected":true}}
{"address":"0x1019bdb68", "type":"IMEMO", "slot_size":40, "class":"0x1039ffde0", "imemo_type":"ment", "memsize":48, "flags":{"wb_protected":true}}
{"address":"0x1019bdb90", "type":"IMEMO", "slot_size":40, "class":"0x1039ffde0", "imemo_type":"ment", "memsize":48, "flags":{"wb_protected":true}}
{"address":"0x1019bdbb8", "type":"IMEMO", "slot_size":40, "class":"0x1039ffde0", "imemo_type":"ment", "memsize":48, "flags":{"wb_protected":true}}
{"address":"0x1019bdbe0", "type":"IMEMO", "slot_size":40, "class":"0x1039ff660", "imemo_type":"ment", "memsize":48, "flags":{"wb_protected":true}}
{"address":"0x1019bdc08", "type":"STRING", "slot_size":40, "class":"0x1039feda0", "frozen":true, "embedded":true, "fstring":true, "bytesize":3, "value":"new", "encoding":"US-ASCII", "memsize":40, "flags":{"wb_protected":true}}
{"address":"0x1019bdc30", "type":"IMEMO", "slot_size":40, "class":"0x1039ff700", "imemo_type":"ment", "memsize":48, "flags":{"wb_protected":true}}
{"address":"0x1019bdc58", "type":"IMEMO", "slot_size":40, "class":"0x1039ff700", "imemo_type":"ment", "memsize":48, "flags":{"wb_protected":true}}
{"address":"0x1019bdc80", "type":"IMEMO", "slot_size":40, "class":"0x1039ff700", "imemo_type":"ment", "memsize":48, "flags":{"wb_protected":true}}
{"address":"0x1019bdca8", "type":"IMEMO", "slot_size":40, "class":"0x1039ff700", "imemo_type":"ment", "memsize":48, "flags":{"wb_protected":true}}
{"address":"0x1019bdcd0", "type":"IMEMO", "slot_size":40, "class":"0x1039ff700", "imemo_type":"ment", "memsize":48, "flags":{"wb_protected":true}}
{"address":"0x1019bdcf8", "type":"IMEMO", "slot_size":40, "class":"0x1039ff700", "imemo_type":"ment", "memsize":48, "flags":{"wb_protected":true}}
{"address":"0x1019bdd20", "type":"IMEMO", "slot_size":40, "class":"0x1039ff700", "imemo_type":"ment", "memsize":48, "flags":{"wb_protected":true}}
{"address":"0x1019bdd48", "type":"IMEMO", "slot_size":40, "class":"0x1039ff700", "imemo_type":"ment", "memsize":48, "flags":{"wb_protected":true}}
{"address":"0x1019bdd70", "type":"STRING", "slot_size":40, "class":"0x1039feda0", "frozen":true, "embedded":true, "fstring":true, "bytesize":4, "value":"to_h", "encoding":"US-ASCII", "memsize":40, "flags":{"wb_protected":true}}
{"address":"0x1019bdd98", "type":"IMEMO", "slot_size":40, "class":"0x1039ff700", "imemo_type":"ment", "memsize":48, "flags":{"wb_protected":true}}
{"address":"0x1019bddc0", "type":"IMEMO", "slot_size":40, "class":"0x1039ff700", "imemo_type":"ment", "memsize":48, "flags":{"wb_protected":true}}
{"address":"0x1019bdde8", "type":"IMEMO", "slot_size":40, "class":"0x1039ffa20", "imemo_type":"callcache", "references":["0x1019be888"], "memsize":40, "flags":{"wb_protected":true}}
{"address":"0x1019bde10", "type":"STRING", "slot_size":40, "class":"0x1039feda0", "frozen":true, "embedded":true, "fstring":true, "bytesize":8, "value":"NilClass", "encoding":"US-ASCII", "memsize":40, "flags":{"wb_protected":true}}
{"address":"0x1019bde38", "type":"IMEMO", "slot_size":40, "class":"0x1039ff7a0", "imemo_type":"ment", "memsize":48, "flags":{"wb_protected":true}}
{"address":"0x1019bde60", "type":"IMEMO", "slot_size":40, "imemo_type":"ment", "references":["0x1039ff8e0"], "memsize":48, "flags":{"wb_protected":true}}
{"address":"0x1019bde88", "type":"STRING", "slot_size":40, "class":"0x1039feda0", "frozen":true, "embedded":true, "fstring":true, "bytesize":4, "value":"Hash", "encoding":"US-ASCII", "memsize":40, "flags":{"wb_protected":true}}
{"address":"0x1019bdeb0", "type":"IMEMO", "slot_size":40, "class":"0x1039ff7a0", "imemo_type":"ment", "memsize":48, "flags":{"wb_protected":true}}
{"address":"0x1019bded8", "type":"IMEMO", "slot_size":40, "imemo_type":"ment", "references":["0x1039ff8e0"], "memsize":48, "flags":{"wb_protected":true}}
{"address":"0x1019bdf00", "type":"STRING", "slot_size":40, "class":"0x1039feda0", "frozen":true, "embedded":true, "fstring":true, "bytesize":5, "value":"Array", "encoding":"US-ASCII", "memsize":40, "flags":{"wb_protected":true}}
{"address":"0x1019bdf28", "type":"IMEMO", "slot_size":40, "class":"0x1039ff7a0", "imemo_type":"ment", "memsize":48, "flags":{"wb_protected":true}}
{"address":"0x1019bdf50", "type":"IMEMO", "slot_size":40, "imemo_type":"ment", "references":["0x1039ff8e0"], "memsize":48, "flags":{"wb_protected":true}}
{"address":"0x1019bdf78", "type":"STRING", "slot_size":40, "class":"0x1039feda0", "frozen":true, "embedded":true, "fstring":true, "bytesize":6, "value":"String", "encoding":"US-ASCII", "memsize":40, "flags":{"wb_protected":true}}
{"address":"0x1019bdfa0", "type":"IMEMO", "slot_size":40, "class":"0x1039ff7a0", "imemo_type":"ment", "memsize":48, "flags":{"wb_protected":true}}
{"address":"0x1019bdfc8", "type":"IMEMO", "slot_size":40, "imemo_type":"ment", "references":["0x1039ff8e0"], "memsize":48, "flags":{"wb_protected":true}}
{"address":"0x1019bdff0", "type":"STRING", "slot_size":40, "class":"0x1039feda0", "frozen":true, "embedded":true, "fstring":true, "bytesize":7, "value":"Integer", "encoding":"US-ASCII", "memsize":40, "flags":{"wb_protected":true}}
{"address":"0x1019be018", "type":"IMEMO", "slot_size":40, "class":"0x1039ff7a0", "imemo_type":"ment", "memsize":48, "flags":{"wb_protected":true}}
{"address":"0x1019be040", "type":"IMEMO", "slot_size":40, "imemo_type":"ment", "references":["0x1039ff8e0"], "memsize":48, "flags":{"wb_protected":true}}
{"address":"0x1019be068", "type":"STRING", "slot_size":40, "class":"0x1039feda0", "frozen":true, "embedded":true, "fstring":true, "bytesize":6, "value":"format", "encoding":"US-ASCII", "memsize":40, "flags":{"wb_protected":true}}
{"address":"0x1019be090", "type":"IMEMO", "slot_size":40, "class":"0x1039ff7a0", "imemo_type":"ment", "memsize":48, "flags":{"wb_protected":true}}
{"address":"0x1019be0b8", "type":"IMEMO", "slot_size":40, "imemo_type":"ment", "references":["0x1039ff8e0"], "memsize":48, "flags":{"wb_protected":true}}
{"address":"0x1019be0e0", "type":"STRING", "slot_size":40, "class":"0x1039feda0", "frozen":true, "embedded":true, "fstring":true, "bytesize":7, "value":"sprintf", "encoding":"US-ASCII", "memsize":40, "flags":{"wb_protected":true}}
{"address":"0x1019be108", "type":"IMEMO", "slot_size":40, "imemo_type":"ment", "references":["0x1039ff8e0"], "memsize":48, "flags":{"wb_protected":true}}
{"address":"0x1019be130", "type":"STRING", "slot_size":40, "class":"0x1039feda0", "frozen":true, "embedded":true, "fstring":true, "bytesize":5, "value":"is_a?", "encoding":"US-ASCII", "memsize":40, "flags":{"wb_protected":true}}
{"address":"0x1019be158", "type":"IMEMO", "slot_size":40, "imemo_type":"ment", "references":["0x1039ff8e0"], "memsize":48, "flags":{"wb_protected":true}}
{"address":"0x1019be180", "type":"STRING", "slot_size":40, "class":"0x1039feda0", "frozen":true, "embedded":true, "fstring":true, "bytesize":8, "value":"kind_of?", "encoding":"US-ASCII", "memsize":40, "flags":{"wb_protected":true}}
{"address":"0x1019be1a8", "type":"IMEMO", "slot_size":40, "imemo_type":"ment", "references":["0x1039ff8e0"], "memsize":48, "flags":{"wb_protected":true}}
{"address":"0x1019be1d0", "type":"STRING", "slot_size":40, "class":"0x1039feda0", "frozen":true, "embedded":true, "fstring":true, "bytesize":12, "value":"instance_of?", "encoding":"US-ASCII", "memsize":40, "flags":{"wb_protected":true}}
{"address":"0x1019be1f8", "type":"IMEMO", "slot_size":40, "imemo_type":"ment", "references":["0x1039ff8e0"], "memsize":48, "flags":{"wb_protected":true}}
{"address":"0x1019be220", "type":"IMEMO", "slot_size":40, "imemo_type":"ment", "references":["0x1039ff8e0"], "memsize":48, "flags":{"wb_protected":true}}
{"address":"0x1019be248", "type":"IMEMO", "slot_size":40, "imemo_type":"ment", "references":["0x1039ff8e0"], "memsize":48, "flags":{"wb_protected":true}}
{"address":"0x1019be270", "type":"IMEMO", "slot_size":40, "imemo_type":"ment", "references":["0x1039ff8e0"], "memsize":48, "flags":{"wb_protected":true}}
{"address":"0x1019be298", "type":"IMEMO", "slot_size":40, "imemo_type":"ment", "references":["0x1039ff8e0"], "memsize":48, "flags":{"wb_protected":true}}
{"address":"0x1019be2c0", "type":"IMEMO", "slot_size":40, "imemo_type":"ment", "references":["0x1039ff8e0"], "memsize":48, "flags":{"wb_protected":true}}
{"address":"0x1019be2e8", "type":"STRING", "slot_size":40, "class":"0x1039feda0", "frozen":true, "embedded":true, "fstring":true, "bytesize":14, "value":"public_methods", "encoding":"US-ASCII", "memsize":40, "flags":{"wb_protected":true}}
{"address":"0x1019be310", "type":"IMEMO", "slot_size":40, "imemo_type":"ment", "references":["0x1039ff8e0"], "memsize":48, "flags":{"wb_protected":true}}
{"address":"0x1019be338", "type":"STRING", "slot_size":40, "class":"0x1039feda0", "frozen":true, "embedded":true, "fstring":true, "bytesize":15, "value":"private_methods", "encoding":"US-ASCII", "memsize":40, "flags":{"wb_protected":true}}
{"address":"0x1019be360", "type":"IMEMO", "slot_size":40, "imemo_type":"ment", "references":["0x1039ff8e0"], "memsize":48, "flags":{"wb_protected":true}}
{"address":"0x1019be388", "type":"IMEMO", "slot_size":40, "imemo_type":"ment", "references":["0x1039ff8e0"], "memsize":48, "flags":{"wb_protected":true}}
{"address":"0x1019be3b0", "type":"IMEMO", "slot_size":40, "imemo_type":"ment", "references":["0x1039ff8e0"], "memsize":48, "flags":{"wb_protected":true}}
{"address":"0x1019be3d8", "type":"STRING", "slot_size":40, "class":"0x1039feda0", "frozen":true, "embedded":true, "fstring":true, "bytesize":7, "value":"methods", "encoding":"US-ASCII", "memsize":40, "flags":{"wb_protected":true}}
{"address":"0x1019be400", "type":"IMEMO", "slot_size":40, "imemo_type":"ment", "references":["0x1039ff8e0"], "memsize":48, "flags":{"wb_protected":true}}
{"address":"0x1019be428", "type":"IMEMO", "slot_size":40, "imemo_type":"ment", "references":["0x1039ff8e0"], "memsize":48, "flags":{"wb_protected":true}}
{"address":"0x1019be450", "type":"IMEMO", "slot_size":40, "imemo_type":"ment", "references":["0x1039ff8e0"], "memsize":48, "flags":{"wb_protected":true}}
{"address":"0x1019be478", "type":"IMEMO", "slot_size":40, "imemo_type":"ment", "references":["0x1039ff8e0"], "memsize":48, "flags":{"wb_protected":true}}
{"address":"0x1019be4a0", "type":"IMEMO", "slot_size":40, "imemo_type":"ment", "references":["0x1039ff8e0"], "memsize":48, "flags":{"wb_protected":true}}
{"address":"0x1019be4c8", "type":"IMEMO", "slot_size":40, "imemo_type":"ment", "references":["0x1039ff8e0"], "memsize":48, "flags":{"wb_protected":true}}
{"address":"0x1019be4f0", "type":"IMEMO", "slot_size":40, "imemo_type":"ment", "references":["0x1039ff8e0"], "memsize":48, "flags":{"wb_protected":true}}
{"address":"0x1019be518", "type":"STRING", "slot_size":40, "class":"0x1039feda0", "frozen":true, "embedded":true, "fstring":true, "bytesize":6, "value":"itself", "encoding":"US-ASCII", "memsize":40, "flags":{"wb_protected":true}}
{"address":"0x1019be540", "type":"IMEMO", "slot_size":40, "imemo_type":"ment", "references":["0x1039ff8e0"], "memsize":48, "flags":{"wb_protected":true}}
{"address":"0x1019be568", "type":"STRING", "slot_size":40, "class":"0x1039feda0", "frozen":true, "embedded":true, "fstring":true, "bytesize":3, "value":"dup", "encoding":"US-ASCII", "memsize":40, "flags":{"wb_protected":true}}
{"address":"0x1019be590", "type":"IMEMO", "slot_size":40, "imemo_type":"ment", "references":["0x1039ff8e0"], "memsize":48, "flags":{"wb_protected":true}}
{"address":"0x1019be5b8", "type":"STRING", "slot_size":40, "class":"0x1039feda0", "frozen":true, "embedded":true, "fstring":true, "bytesize":15, "value":"singleton_class", "encoding":"US-ASCII", "memsize":40, "flags":{"wb_protected":true}}
{"address":"0x1019be5e0", "type":"IMEMO", "slot_size":40, "imemo_type":"ment", "references":["0x1039ff8e0"], "memsize":48, "flags":{"wb_protected":true}}
{"address":"0x1019be608", "type":"IMEMO", "slot_size":40, "imemo_type":"ment", "references":["0x1039ff8e0"], "memsize":48, "flags":{"wb_protected":true}}
{"address":"0x1019be630", "type":"STRING", "slot_size":40, "class":"0x1039feda0", "frozen":true, "embedded":true, "fstring":true, "bytesize":4, "value":"hash", "encoding":"US-ASCII", "memsize":40, "flags":{"wb_protected":true}}
{"address":"0x1019be658", "type":"IMEMO", "slot_size":40, "imemo_type":"ment", "references":["0x1039ff8e0"], "memsize":48, "flags":{"wb_protected":true}}
{"address":"0x1019be680", "type":"IMEMO", "slot_size":40, "imemo_type":"ment", "references":["0x1039ff8e0"], "memsize":48, "flags":{"wb_protected":true}}
{"address":"0x1019be6a8", "type":"IMEMO", "slot_size":40, "imemo_type":"ment", "references":["0x1039ff8e0"], "memsize":48, "flags":{"wb_protected":true}}
{"address":"0x1019be6d0", "type":"IMEMO", "slot_size":40, "imemo_type":"ment", "references":["0x1039ff8e0"], "memsize":48, "flags":{"wb_protected":true}}
{"address":"0x1019be6f8", "type":"IMEMO", "slot_size":40, "class":"0x1039ffde0", "imemo_type":"ment", "memsize":48, "flags":{"wb_protected":true}}
{"address":"0x1019be720", "type":"IMEMO", "slot_size":40, "class":"0x1039ffde0", "imemo_type":"ment", "memsize":48, "flags":{"wb_protected":true}}
{"address":"0x1019be748", "type":"IMEMO", "slot_size":40, "class":"0x1039ffde0", "imemo_type":"ment", "memsize":48, "flags":{"wb_protected":true}}
{"address":"0x1019be770", "type":"IMEMO", "slot_size":40, "class":"0x1039ffde0", "imemo_type":"ment", "memsize":48, "flags":{"wb_protected":true}}
{"address":"0x1019be798", "type":"IMEMO", "slot_size":40, "class":"0x1039ffde0", "imemo_type":"ment", "memsize":48, "flags":{"wb_protected":true}}
{"address":"0x1019be7c0", "type":"STRING", "slot_size":40, "class":"0x1039feda0", "frozen":true, "embedded":true, "fstring":true, "bytesize":9, "value":"prepended", "encoding":"US-ASCII", "memsize":40, "flags":{"wb_protected":true}}
{"address":"0x1019be7e8", "type":"IMEMO", "slot_size":40, "class":"0x1039ffde0", "imemo_type":"ment", "memsize":48, "flags":{"wb_protected":true}}
{"address":"0x1019be810", "type":"STRING", "slot_size":40, "class":"0x1039feda0", "frozen":true, "embedded":true, "fstring":true, "bytesize":8, "value":"extended", "encoding":"US-ASCII", "memsize":40, "flags":{"wb_protected":true}}
{"address":"0x1019be838", "type":"IMEMO", "slot_size":40, "class":"0x1039ffde0", "imemo_type":"ment", "memsize":48, "flags":{"wb_protected":true}}
{"address":"0x1019be860", "type":"STRING", "slot_size":40, "class":"0x1039feda0", "frozen":true, "embedded":true, "fstring":true, "bytesize":8, "value":"included", "encoding":"US-ASCII", "memsize":40, "flags":{"wb_protected":true}}
{"address":"0x1019be888", "type":"IMEMO", "slot_size":40, "class":"0x1039ffd40", "imemo_type":"ment", "memsize":48, "flags":{"wb_protected":true}}
{"address":"0x1019be8b0", "type":"STRING", "slot_size":40, "class":"0x1039feda0", "frozen":true, "embedded":true, "fstring":true, "bytesize":9, "value":"inherited", "encoding":"US-ASCII", "memsize":40, "flags":{"wb_protected":true}}
{"address":"0x1019be8d8", "type":"STRING", "slot_size":40, "class":"0x1039feda0", "frozen":true, "embedded":true, "fstring":true, "bytesize":6, "value":"Kernel", "encoding":"US-ASCII", "memsize":40, "flags":{"wb_protected":true}}
{"address":"0x1019be900", "type":"IMEMO", "slot_size":40, "class":"0x1039fff20", "imemo_type":"ment", "memsize":48, "flags":{"wb_protected":true}}
{"address":"0x1019be928", "type":"IMEMO", "slot_size":40, "class":"0x1039fff20", "imemo_type":"ment", "memsize":48, "flags":{"wb_protected":true}}
{"address":"0x1019be950", "type":"IMEMO", "slot_size":40, "class":"0x1039fff20", "imemo_type":"ment", "memsize":48, "flags":{"wb_protected":true}}
{"address":"0x1019be978", "type":"IMEMO", "slot_size":40, "class":"0x1039fff20", "imemo_type":"ment", "memsize":48, "flags":{"wb_protected":true}}
{"address":"0x1019be9a0", "type":"IMEMO", "slot_size":40, "class":"0x1039fff20", "imemo_type":"ment", "memsize":48, "flags":{"wb_protected":true}}
{"address":"0x1019be9c8", "type":"IMEMO", "slot_size":40, "class":"0x1039fff20", "imemo_type":"ment", "memsize":48, "flags":{"wb_protected":true}}
{"address":"0x1019be9f0", "type":"STRING", "slot_size":40, "class":"0x1039feda0", "frozen":true, "embedded":true, "fstring":true, "bytesize":6, "value":"equal?", "encoding":"US-ASCII", "memsize":40, "flags":{"wb_protected":true}}
{"address":"0x1019bea18", "type":"IMEMO", "slot_size":40, "class":"0x1039fff20", "imemo_type":"ment", "memsize":48, "flags":{"wb_protected":true}}
{"address":"0x1019bea40", "type":"IMEMO", "slot_size":40, "class":"0x1039fff20", "imemo_type":"ment", "memsize":48, "flags":{"wb_protected":true}}
{"address":"0x1019bea68", "type":"STRING", "slot_size":40, "class":"0x1039feda0", "frozen":true, "embedded":true, "fstring":true, "bytesize":10, "value":"Refinement", "encoding":"US-ASCII", "memsize":40, "flags":{"wb_protected":true}}
{"address":"0x1019bea90", "type":"STRING", "slot_size":40, "class":"0x1039feda0", "frozen":true, "embedded":true, "fstring":true, "bytesize":5, "value":"Class", "encoding":"US-ASCII", "memsize":40, "flags":{"wb_protected":true}}
{"address":"0x1019beab8", "type":"STRING", "slot_size":40, "class":"0x1039feda0", "frozen":true, "embedded":true, "fstring":true, "bytesize":6, "value":"Module", "encoding":"US-ASCII", "memsize":40, "flags":{"wb_protected":true}}
{"address":"0x1019beae0", "type":"STRING", "slot_size":40, "class":"0x1039feda0", "frozen":true, "embedded":true, "fstring":true, "bytesize":6, "value":"Object", "encoding":"US-ASCII", "memsize":40, "flags":{"wb_protected":true}}
{"address":"0x1019beb08", "type":"STRING", "slot_size":40, "class":"0x1039feda0", "frozen":true, "embedded":true, "fstring":true, "bytesize":11, "value":"BasicObject", "encoding":"US-ASCII", "memsize":40, "flags":{"wb_protected":true}}
{"address":"0x1019beb30", "type":"STRING", "slot_size":40, "class":"0x1039feda0", "frozen":true, "embedded":true, "fstring":true, "bytesize":3, "value":"dig", "encoding":"US-ASCII", "memsize":40, "flags":{"wb_protected":true}}
{"address":"0x1019beb58", "type":"STRING", "slot_size":40, "class":"0x1039feda0", "frozen":true, "embedded":true, "fstring":true, "bytesize":13, "value":"__classpath__", "encoding":"US-ASCII", "memsize":40, "flags":{"wb_protected":true}}
{"address":"0x1019beb80", "type":"STRING", "slot_size":40, "class":"0x1039feda0", "frozen":true, "embedded":true, "fstring":true, "bytesize":12, "value":"__autoload__", "encoding":"US-ASCII", "memsize":40, "flags":{"wb_protected":true}}
{"address":"0x1019beba8", "type":"STRING", "slot_size":40, "class":"0x1039feda0", "frozen":true, "embedded":true, "fstring":true, "bytesize":2, "value":"$!", "encoding":"US-ASCII", "memsize":40, "flags":{"wb_protected":true}}
{"address":"0x1019bebd0", "type":"STRING", "slot_size":40, "class":"0x1039feda0", "frozen":true, "embedded":true, "fstring":true, "bytesize":2, "value":"$~", "encoding":"US-ASCII", "memsize":40, "flags":{"wb_protected":true}}
{"address":"0x1019bebf8", "type":"STRING", "slot_size":40, "class":"0x1039feda0", "frozen":true, "embedded":true, "fstring":true, "bytesize":2, "value":"$_", "encoding":"US-ASCII", "memsize":40, "flags":{"wb_protected":true}}
{"address":"0x1019bec20", "type":"STRING", "slot_size":40, "class":"0x1039feda0", "frozen":true, "embedded":true, "fstring":true, "bytesize":12, "value":"core#sprintf", "encoding":"US-ASCII", "memsize":40, "flags":{"wb_protected":true}}
{"address":"0x1019bec48", "type":"STRING", "slot_size":40, "class":"0x1039feda0", "frozen":true, "embedded":true, "fstring":true, "bytesize":10, "value":"core#raise", "encoding":"US-ASCII", "memsize":40, "flags":{"wb_protected":true}}
{"address":"0x1019bec70", "type":"STRING", "slot_size":40, "class":"0x1039feda0", "frozen":true, "embedded":true, "fstring":true, "bytesize":7, "value":"<CFUNC>", "encoding":"US-ASCII", "memsize":40, "flags":{"wb_protected":true}}
{"address":"0x1019bec98", "type":"STRING", "slot_size":40, "class":"0x1039feda0", "frozen":true, "embedded":true, "fstring":true, "bytesize":7, "value":"<IFUNC>", "encoding":"US-ASCII", "memsize":40, "flags":{"wb_protected":true}}
{"address":"0x1019becc0", "type":"STRING", "slot_size":40, "class":"0x1039feda0", "frozen":true, "embedded":true, "fstring":true, "bytesize":11, "value":"respond_to?", "encoding":"US-ASCII", "memsize":40, "flags":{"wb_protected":true}}
{"address":"0x1019bece8", "type":"STRING", "slot_size":40, "class":"0x1039feda0", "frozen":true, "embedded":true, "fstring":true, "bytesize":4, "value":"eql?", "encoding":"US-ASCII", "memsize":40, "flags":{"wb_protected":true}}
{"address":"0x1019bed10", "type":"STRING", "slot_size":40, "class":"0x1039feda0", "frozen":true, "embedded":true, "fstring":true, "bytesize":6, "value":"empty?", "encoding":"US-ASCII", "memsize":40, "flags":{"wb_protected":true}}
{"address":"0x1019bed38", "type":"STRING", "slot_size":40, "class":"0x1039feda0", "frozen":true, "embedded":true, "fstring":true, "bytesize":0, "value":"", "encoding":"US-ASCII", "memsize":40, "flags":{"wb_protected":true}}
{"address":"0x1019bed60", "type":"STRING", "slot_size":40, "class":"0x1039feda0", "frozen":true, "embedded":true, "fstring":true, "bytesize":2, "value":"_9", "encoding":"US-ASCII", "memsize":40, "flags":{"wb_protected":true}}
{"address":"0x1019bed88", "type":"STRING", "slot_size":40, "class":"0x1039feda0", "frozen":true, "embedded":true, "fstring":true, "bytesize":2, "value":"_8", "encoding":"US-ASCII", "memsize":40, "flags":{"wb_protected":true}}
{"address":"0x1019bedb0", "type":"STRING", "slot_size":40, "class":"0x1039feda0", "frozen":true, "embedded":true, "fstring":true, "bytesize":2, "value":"_7", "encoding":"US-ASCII", "memsize":40, "flags":{"wb_protected":true}}
{"address":"0x1019bedd8", "type":"STRING", "slot_size":40, "class":"0x1039feda0", "frozen":true, "embedded":true, "fstring":true, "bytesize":2, "value":"_6", "encoding":"US-ASCII", "memsize":40, "flags":{"wb_protected":true}}
{"address":"0x1019bee00", "type":"STRING", "slot_size":40, "class":"0x1039feda0", "frozen":true, "embedded":true, "fstring":true, "bytesize":2, "value":"_5", "encoding":"US-ASCII", "memsize":40, "flags":{"wb_protected":true}}
{"address":"0x1019bee28", "type":"STRING", "slot_size":40, "class":"0x1039feda0", "frozen":true, "embedded":true, "fstring":true, "bytesize":2, "value":"_4", "encoding":"US-ASCII", "memsize":40, "flags":{"wb_protected":true}}
{"address":"0x1019bee50", "type":"STRING", "slot_size":40, "class":"0x1039feda0", "frozen":true, "embedded":true, "fstring":true, "bytesize":2, "value":"_3", "encoding":"US-ASCII", "memsize":40, "flags":{"wb_protected":true}}
{"address":"0x1019bee78", "type":"STRING", "slot_size":40, "class":"0x1039feda0", "frozen":true, "embedded":true, "fstring":true, "bytesize":2, "value":"_2", "encoding":"US-ASCII", "memsize":40, "flags":{"wb_protected":true}}
{"address":"0x1019beea0", "type":"STRING", "slot_size":40, "class":"0x1039feda0", "frozen":true, "embedded":true, "fstring":true, "bytesize":2, "value":"_1", "encoding":"US-ASCII", "memsize":40, "flags":{"wb_protected":true}}
{"address":"0x1019beec8", "type":"STRING", "slot_size":40, "class":"0x1039feda0", "frozen":true, "embedded":true, "fstring":true, "bytesize":1, "value":"_", "encoding":"US-ASCII", "memsize":40, "flags":{"wb_protected":true}}
{"address":"0x1019beef0", "type":"STRING", "slot_size":40, "class":"0x1039feda0", "frozen":true, "embedded":true, "fstring":true, "bytesize":3, "value":"nil", "encoding":"US-ASCII", "memsize":40, "flags":{"wb_protected":true}}
{"address":"0x1019bef18", "type":"STRING", "slot_size":40, "class":"0x1039feda0", "frozen":true, "embedded":true, "fstring":true, "bytesize":4, "value":"name", "encoding":"US-ASCII", "memsize":40, "flags":{"wb_protected":true}}
{"address":"0x1019bef40", "type":"STRING", "slot_size":40, "class":"0x1039feda0", "frozen":true, "embedded":true, "fstring":true, "bytesize":3, "value":"quo", "encoding":"US-ASCII", "memsize":40, "flags":{"wb_protected":true}}
{"address":"0x1019bef68", "type":"STRING", "slot_size":40, "class":"0x1039feda0", "frozen":true, "embedded":true, "fstring":true, "bytesize":4, "value":"fdiv", "encoding":"US-ASCII", "memsize":40, "flags":{"wb_protected":true}}
{"address":"0x1019bef90", "type":"STRING", "slot_size":40, "class":"0x1039feda0", "frozen":true, "embedded":true, "fstring":true, "bytesize":6, "value":"divmod", "encoding":"US-ASCII", "memsize":40, "flags":{"wb_protected":true}}
{"address":"0x1019befb8", "type":"STRING", "slot_size":40, "class":"0x1039feda0", "frozen":true, "embedded":true, "fstring":true, "bytesize":3, "value":"div", "encoding":"US-ASCII", "memsize":40, "flags":{"wb_protected":true}}
{"address":"0x1019befe0", "type":"STRING", "slot_size":40, "class":"0x1039feda0", "frozen":true, "embedded":true, "fstring":true, "bytesize":2, "value":"or", "encoding":"US-ASCII", "memsize":40, "flags":{"wb_protected":true}}
{"address":"0x1019bf008", "type":"STRING", "slot_size":40, "class":"0x1039feda0", "frozen":true, "embedded":true, "fstring":true, "bytesize":3, "value":"and", "encoding":"US-ASCII", "memsize":40, "flags":{"wb_protected":true}}
{"address":"0x1019bf030", "type":"STRING", "slot_size":40, "class":"0x1039feda0", "frozen":true, "embedded":true, "fstring":true, "bytesize":3, "value":"not", "encoding":"US-ASCII", "memsize":40, "flags":{"wb_protected":true}}
{"address":"0x1019bf058", "type":"STRING", "slot_size":40, "class":"0x1039feda0", "frozen":true, "embedded":true, "fstring":true, "bytesize":6, "value":"locals", "encoding":"US-ASCII", "memsize":40, "flags":{"wb_protected":true}}
{"address":"0x1019bf080", "type":"STRING", "slot_size":40, "class":"0x1039feda0", "frozen":true, "embedded":true, "fstring":true, "bytesize":9, "value":"exception", "encoding":"US-ASCII", "memsize":40, "flags":{"wb_protected":true}}
{"address":"0x1019bf0a8", "type":"STRING", "slot_size":40, "class":"0x1039feda0", "frozen":true, "embedded":true, "fstring":true, "bytesize":4, "value":"mesg", "encoding":"US-ASCII", "memsize":40, "flags":{"wb_protected":true}}
{"address":"0x1019bf0d0", "type":"STRING", "slot_size":40, "class":"0x1039feda0", "frozen":true, "embedded":true, "fstring":true, "bytesize":4, "value":"call", "encoding":"US-ASCII", "memsize":40, "flags":{"wb_protected":true}}
{"address":"0x1019bf0f8", "type":"STRING", "slot_size":40, "class":"0x1039feda0", "frozen":true, "embedded":true, "fstring":true, "bytesize":12, "value":"bt_locations", "encoding":"US-ASCII", "memsize":40, "flags":{"wb_protected":true}}
{"address":"0x1019bf120", "type":"STRING", "slot_size":40, "class":"0x1039feda0", "frozen":true, "embedded":true, "fstring":true, "bytesize":2, "value":"bt", "encoding":"US-ASCII", "memsize":40, "flags":{"wb_protected":true}}
{"address":"0x1019bf148", "type":"STRING", "slot_size":40, "class":"0x1039feda0", "frozen":true, "embedded":true, "fstring":true, "bytesize":4, "value":"to_r", "encoding":"US-ASCII", "memsize":40, "flags":{"wb_protected":true}}
{"address":"0x1019bf170", "type":"STRING", "slot_size":40, "class":"0x1039feda0", "frozen":true, "embedded":true, "fstring":true, "bytesize":4, "value":"to_f", "encoding":"US-ASCII", "memsize":40, "flags":{"wb_protected":true}}
{"address":"0x1019bf198", "type":"STRING", "slot_size":40, "class":"0x1039feda0", "frozen":true, "embedded":true, "fstring":true, "bytesize":4, "value":"to_i", "encoding":"US-ASCII", "memsize":40, "flags":{"wb_protected":true}}
{"address":"0x1019bf1c0", "type":"STRING", "slot_size":40, "class":"0x1039feda0", "frozen":true, "embedded":true, "fstring":true, "bytesize":4, "value":"to_s", "encoding":"US-ASCII", "memsize":40, "flags":{"wb_protected":true}}
{"address":"0x1019bf1e8", "type":"STRING", "slot_size":40, "class":"0x1039feda0", "frozen":true, "embedded":true, "fstring":true, "bytesize":4, "value":"to_a", "encoding":"US-ASCII", "memsize":40, "flags":{"wb_protected":true}}
{"address":"0x1019bf210", "type":"STRING", "slot_size":40, "class":"0x1039feda0", "frozen":true, "embedded":true, "fstring":true, "bytesize":5, "value":"to_io", "encoding":"US-ASCII", "memsize":40, "flags":{"wb_protected":true}}
{"address":"0x1019bf238", "type":"STRING", "slot_size":40, "class":"0x1039feda0", "frozen":true, "embedded":true, "fstring":true, "bytesize":7, "value":"to_proc", "encoding":"US-ASCII", "memsize":40, "flags":{"wb_protected":true}}
{"address":"0x1019bf260", "type":"STRING", "slot_size":40, "class":"0x1039feda0", "frozen":true, "embedded":true, "fstring":true, "bytesize":7, "value":"to_hash", "encoding":"US-ASCII", "memsize":40, "flags":{"wb_protected":true}}
{"address":"0x1019bf288", "type":"STRING", "slot_size":40, "class":"0x1039feda0", "frozen":true, "embedded":true, "fstring":true, "bytesize":6, "value":"to_sym", "encoding":"US-ASCII", "memsize":40, "flags":{"wb_protected":true}}
{"address":"0x1019bf2b0", "type":"STRING", "slot_size":40, "class":"0x1039feda0", "frozen":true, "embedded":true, "fstring":true, "bytesize":6, "value":"to_str", "encoding":"US-ASCII", "memsize":40, "flags":{"wb_protected":true}}
{"address":"0x1019bf2d8", "type":"STRING", "slot_size":40, "class":"0x1039feda0", "frozen":true, "embedded":true, "fstring":true, "bytesize":6, "value":"to_ary", "encoding":"US-ASCII", "memsize":40, "flags":{"wb_protected":true}}
{"address":"0x1019bf300", "type":"STRING", "slot_size":40, "class":"0x1039feda0", "frozen":true, "embedded":true, "fstring":true, "bytesize":6, "value":"to_int", "encoding":"US-ASCII", "memsize":40, "flags":{"wb_protected":true}}
{"address":"0x1019bf328", "type":"STRING", "slot_size":40, "class":"0x1039feda0", "frozen":true, "embedded":true, "fstring":true, "bytesize":14, "value":"initialize_dup", "encoding":"US-ASCII", "memsize":40, "flags":{"wb_protected":true}}
{"address":"0x1019bf350", "type":"STRING", "slot_size":40, "class":"0x1039feda0", "frozen":true, "embedded":true, "fstring":true, "bytesize":15, "value":"initialize_copy", "encoding":"US-ASCII", "memsize":40, "flags":{"wb_protected":true}}
{"address":"0x1019bf378", "type":"STRING", "slot_size":40, "class":"0x1039feda0", "frozen":true, "embedded":true, "fstring":true, "bytesize":10, "value":"initialize", "encoding":"US-ASCII", "memsize":40, "flags":{"wb_protected":true}}
{"address":"0x1019bf3a0", "type":"STRING", "slot_size":40, "class":"0x1039feda0", "frozen":true, "embedded":true, "fstring":true, "bytesize":12, "value":"__attached__", "encoding":"US-ASCII", "memsize":40, "flags":{"wb_protected":true}}
{"address":"0x1019bf3c8", "type":"STRING", "slot_size":40, "class":"0x1039feda0", "frozen":true, "embedded":true, "fstring":true, "bytesize":8, "value":"__send__", "encoding":"US-ASCII", "memsize":40, "flags":{"wb_protected":true}}
{"address":"0x1019bf3f0", "type":"STRING", "slot_size":40, "class":"0x1039feda0", "frozen":true, "embedded":true, "fstring":true, "bytesize":4, "value":"send", "encoding":"US-ASCII", "memsize":40, "flags":{"wb_protected":true}}
{"address":"0x1019bf418", "type":"STRING", "slot_size":40, "class":"0x1039feda0", "frozen":true, "embedded":true, "fstring":true, "bytesize":6, "value":"lambda", "encoding":"US-ASCII", "memsize":40, "flags":{"wb_protected":true}}
{"address":"0x1019bf440", "type":"STRING", "slot_size":40, "class":"0x1039feda0", "frozen":true, "embedded":true, "fstring":true, "bytesize":4, "value":"proc", "encoding":"US-ASCII", "memsize":40, "flags":{"wb_protected":true}}
{"address":"0x1019bf468", "type":"STRING", "slot_size":40, "class":"0x1039feda0", "frozen":true, "embedded":true, "fstring":true, "bytesize":4, "value":"each", "encoding":"US-ASCII", "memsize":40, "flags":{"wb_protected":true}}
{"address":"0x1019bf490", "type":"STRING", "slot_size":40, "class":"0x1039feda0", "frozen":true, "embedded":true, "fstring":true, "bytesize":4, "value":"succ", "encoding":"US-ASCII", "memsize":40, "flags":{"wb_protected":true}}
{"address":"0x1019bf4b8", "type":"STRING", "slot_size":40, "class":"0x1039feda0", "frozen":true, "embedded":true, "fstring":true, "bytesize":4, "value":"gets", "encoding":"US-ASCII", "memsize":40, "flags":{"wb_protected":true}}
{"address":"0x1019bf4e0", "type":"STRING", "slot_size":40, "class":"0x1039feda0", "frozen":true, "embedded":true, "fstring":true, "bytesize":4, "value":"size", "encoding":"US-ASCII", "memsize":40, "flags":{"wb_protected":true}}
{"address":"0x1019bf508", "type":"STRING", "slot_size":40, "class":"0x1039feda0", "frozen":true, "embedded":true, "fstring":true, "bytesize":6, "value":"length", "encoding":"US-ASCII", "memsize":40, "flags":{"wb_protected":true}}
{"address":"0x1019bf530", "type":"STRING", "slot_size":40, "class":"0x1039feda0", "frozen":true, "embedded":true, "fstring":true, "bytesize":14, "value":"method_removed", "encoding":"US-ASCII", "memsize":40, "flags":{"wb_protected":true}}
{"address":"0x1019bf558", "type":"STRING", "slot_size":40, "class":"0x1039feda0", "frozen":true, "embedded":true, "fstring":true, "bytesize":12, "value":"method_added", "encoding":"US-ASCII", "memsize":40, "flags":{"wb_protected":true}}
{"address":"0x1019bf580", "type":"STRING", "slot_size":40, "class":"0x1039feda0", "frozen":true, "embedded":true, "fstring":true, "bytesize":14, "value":"method_missing", "encoding":"US-ASCII", "memsize":40, "flags":{"wb_protected":true}}
{"address":"0x1019bf5a8", "type":"STRING", "slot_size":40, "class":"0x1039feda0", "frozen":true, "embedded":true, "fstring":true, "bytesize":13, "value":"const_missing", "encoding":"US-ASCII", "memsize":40, "flags":{"wb_protected":true}}
{"address":"0x1019bf5d0", "type":"STRING", "slot_size":40, "class":"0x1039feda0", "frozen":true, "embedded":true, "fstring":true, "bytesize":11, "value":"const_added", "encoding":"US-ASCII", "memsize":40, "flags":{"wb_protected":true}}
{"address":"0x1019bf5f8", "type":"STRING", "slot_size":40, "class":"0x1039feda0", "frozen":true, "embedded":true, "fstring":true, "bytesize":9, "value":"object_id", "encoding":"US-ASCII", "memsize":40, "flags":{"wb_protected":true}}
{"address":"0x1019bf620", "type":"STRING", "slot_size":40, "class":"0x1039feda0", "frozen":true, "embedded":true, "fstring":true, "bytesize":6, "value":"intern", "encoding":"US-ASCII", "memsize":40, "flags":{"wb_protected":true}}
{"address":"0x1019bf648", "type":"STRING", "slot_size":40, "class":"0x1039feda0", "frozen":true, "embedded":true, "fstring":true, "bytesize":7, "value":"inspect", "encoding":"US-ASCII", "memsize":40, "flags":{"wb_protected":true}}
{"address":"0x1019bf670", "type":"STRING", "slot_size":40, "class":"0x1039feda0", "frozen":true, "embedded":true, "fstring":true, "bytesize":4, "value":"nil?", "encoding":"US-ASCII", "memsize":40, "flags":{"wb_protected":true}}
{"address":"0x1019bf698", "type":"STRING", "slot_size":40, "class":"0x1039feda0", "frozen":true, "embedded":true, "fstring":true, "bytesize":6, "value":"freeze", "encoding":"US-ASCII", "memsize":40, "flags":{"wb_protected":true}}
{"address":"0x1019bf6c0", "type":"STRING", "slot_size":40, "class":"0x1039feda0", "frozen":true, "embedded":true, "fstring":true, "bytesize":3, "value":"min", "encoding":"US-ASCII", "memsize":40, "flags":{"wb_protected":true}}
{"address":"0x1019bf6e8", "type":"STRING", "slot_size":40, "class":"0x1039feda0", "frozen":true, "embedded":true, "fstring":true, "bytesize":3, "value":"max", "encoding":"US-ASCII", "memsize":40, "flags":{"wb_protected":true}}
{"address":"0x1019bf710", "type":"STRING", "slot_size":40, "class":"0x1039feda0", "frozen":true, "embedded":true, "fstring":true, "bytesize":2, "value":"&.", "encoding":"US-ASCII", "memsize":40, "flags":{"wb_protected":true}}
{"address":"0x1019bf738", "type":"STRING", "slot_size":40, "class":"0x1039feda0", "frozen":true, "embedded":true, "fstring":true, "bytesize":2, "value":"||", "encoding":"US-ASCII", "memsize":40, "flags":{"wb_protected":true}}
{"address":"0x1019bf760", "type":"STRING", "slot_size":40, "class":"0x1039feda0", "frozen":true, "embedded":true, "fstring":true, "bytesize":2, "value":"&&", "encoding":"US-ASCII", "memsize":40, "flags":{"wb_protected":true}}
{"address":"0x1019bf788", "type":"STRING", "slot_size":40, "class":"0x1039feda0", "frozen":true, "embedded":true, "fstring":true, "bytesize":2, "value":"::", "encoding":"US-ASCII", "memsize":40, "flags":{"wb_protected":true}}
{"address":"0x1019bf7b0", "type":"STRING", "slot_size":40, "class":"0x1039feda0", "frozen":true, "embedded":true, "fstring":true, "bytesize":3, "value":"[]=", "encoding":"US-ASCII", "memsize":40, "flags":{"wb_protected":true}}
{"address":"0x1019bf7d8", "type":"STRING", "slot_size":40, "class":"0x1039feda0", "frozen":true, "embedded":true, "fstring":true, "bytesize":2, "value":"[]", "encoding":"US-ASCII", "memsize":40, "flags":{"wb_protected":true}}
{"address":"0x1019bf800", "type":"STRING", "slot_size":40, "class":"0x1039feda0", "frozen":true, "embedded":true, "fstring":true, "bytesize":2, "value":"!~", "encoding":"US-ASCII", "memsize":40, "flags":{"wb_protected":true}}
{"address":"0x1019bf828", "type":"STRING", "slot_size":40, "class":"0x1039feda0", "frozen":true, "embedded":true, "fstring":true, "bytesize":2, "value":"=~", "encoding":"US-ASCII", "memsize":40, "flags":{"wb_protected":true}}
{"address":"0x1019bf850", "type":"STRING", "slot_size":40, "class":"0x1039feda0", "frozen":true, "embedded":true, "fstring":true, "bytesize":2, "value":"!=", "encoding":"US-ASCII", "memsize":40, "flags":{"wb_protected":true}}
{"address":"0x1019bf878", "type":"STRING", "slot_size":40, "class":"0x1039feda0", "frozen":true, "embedded":true, "fstring":true, "bytesize":3, "value":"===", "encoding":"US-ASCII", "memsize":40, "flags":{"wb_protected":true}}
{"address":"0x1019bf8a0", "type":"STRING", "slot_size":40, "class":"0x1039feda0", "frozen":true, "embedded":true, "fstring":true, "bytesize":2, "value":"==", "encoding":"US-ASCII", "memsize":40, "flags":{"wb_protected":true}}
{"address":"0x1019bf8c8", "type":"STRING", "slot_size":40, "class":"0x1039feda0", "frozen":true, "embedded":true, "fstring":true, "bytesize":2, "value":">=", "encoding":"US-ASCII", "memsize":40, "flags":{"wb_protected":true}}
{"address":"0x1019bf8f0", "type":"STRING", "slot_size":40, "class":"0x1039feda0", "frozen":true, "embedded":true, "fstring":true, "bytesize":2, "value":"<=", "encoding":"US-ASCII", "memsize":40, "flags":{"wb_protected":true}}
{"address":"0x1019bf918", "type":"STRING", "slot_size":40, "class":"0x1039feda0", "frozen":true, "embedded":true, "fstring":true, "bytesize":2, "value":">>", "encoding":"US-ASCII", "memsize":40, "flags":{"wb_protected":true}}
{"address":"0x1019bf940", "type":"STRING", "slot_size":40, "class":"0x1039feda0", "frozen":true, "embedded":true, "fstring":true, "bytesize":2, "value":"<<", "encoding":"US-ASCII", "memsize":40, "flags":{"wb_protected":true}}
{"address":"0x1019bf968", "type":"STRING", "slot_size":40, "class":"0x1039feda0", "frozen":true, "embedded":true, "fstring":true, "bytesize":3, "value":"<=>", "encoding":"US-ASCII", "memsize":40, "flags":{"wb_protected":true}}
{"address":"0x1019bf990", "type":"STRING", "slot_size":40, "class":"0x1039feda0", "frozen":true, "embedded":true, "fstring":true, "bytesize":2, "value":"**", "encoding":"US-ASCII", "memsize":40, "flags":{"wb_protected":true}}
{"address":"0x1019bf9b8", "type":"STRING", "slot_size":40, "class":"0x1039feda0", "frozen":true, "embedded":true, "fstring":true, "bytesize":2, "value":"-@", "encoding":"US-ASCII", "memsize":40, "flags":{"wb_protected":true}}
{"address":"0x1019bf9e0", "type":"STRING", "slot_size":40, "class":"0x1039feda0", "frozen":true, "embedded":true, "fstring":true, "bytesize":2, "value":"+@", "encoding":"US-ASCII", "memsize":40, "flags":{"wb_protected":true}}
{"address":"0x1019bfa08", "type":"STRING", "slot_size":40, "class":"0x1039feda0", "frozen":true, "embedded":true, "fstring":true, "bytesize":3, "value":"...", "encoding":"US-ASCII", "memsize":40, "flags":{"wb_protected":true}}
{"address":"0x1019bfa30", "type":"STRING", "slot_size":40, "class":"0x1039feda0", "frozen":true, "embedded":true, "fstring":true, "bytesize":2, "value":"..", "encoding":"US-ASCII", "memsize":40, "flags":{"wb_protected":true}}
{"address":"0x1019bfa58", "type":"STRING", "slot_size":40, "class":"0x1039feda0", "frozen":true, "embedded":true, "fstring":true, "bytesize":1, "value":"~", "encoding":"US-ASCII", "memsize":40, "flags":{"wb_protected":true}}
{"address":"0x1019bfa80", "type":"STRING", "slot_size":40, "class":"0x1039feda0", "frozen":true, "embedded":true, "fstring":true, "bytesize":1, "value":"}", "encoding":"US-ASCII", "memsize":40, "flags":{"wb_protected":true}}
{"address":"0x1019bfaa8", "type":"STRING", "slot_size":40, "class":"0x1039feda0", "frozen":true, "embedded":true, "fstring":true, "bytesize":1, "value":"|", "encoding":"US-ASCII", "memsize":40, "flags":{"wb_protected":true}}
{"address":"0x1019bfad0", "type":"STRING", "slot_size":40, "class":"0x1039feda0", "frozen":true, "embedded":true, "fstring":true, "bytesize":1, "value":"{", "encoding":"US-ASCII", "memsize":40, "flags":{"wb_protected":true}}
{"address":"0x1019bfaf8", "type":"STRING", "slot_size":40, "class":"0x1039feda0", "frozen":true, "embedded":true, "fstring":true, "bytesize":1, "value":"`", "encoding":"US-ASCII", "memsize":40, "flags":{"wb_protected":true}}
{"address":"0x1019bfb20", "type":"STRING", "slot_size":40, "class":"0x1039feda0", "frozen":true, "embedded":true, "fstring":true, "bytesize":1, "value":"^", "encoding":"US-ASCII", "memsize":40, "flags":{"wb_protected":true}}
{"address":"0x1019bfb48", "type":"STRING", "slot_size":40, "class":"0x1039feda0", "frozen":true, "embedded":true, "fstring":true, "bytesize":1, "value":"]", "encoding":"US-ASCII", "memsize":40, "flags":{"wb_protected":true}}
{"address":"0x1019bfb70", "type":"STRING", "slot_size":40, "class":"0x1039feda0", "frozen":true, "embedded":true, "fstring":true, "bytesize":1, "value":"\\", "encoding":"US-ASCII", "memsize":40, "flags":{"wb_protected":true}}
{"address":"0x1019bfb98", "type":"STRING", "slot_size":40, "class":"0x1039feda0", "frozen":true, "embedded":true, "fstring":true, "bytesize":1, "value":"[", "encoding":"US-ASCII", "memsize":40, "flags":{"wb_protected":true}}
{"address":"0x1019bfbc0", "type":"STRING", "slot_size":40, "class":"0x1039feda0", "frozen":true, "embedded":true, "fstring":true, "bytesize":1, "value":"@", "encoding":"US-ASCII", "memsize":40, "flags":{"wb_protected":true}}
{"address":"0x1019bfbe8", "type":"STRING", "slot_size":40, "class":"0x1039feda0", "frozen":true, "embedded":true, "fstring":true, "bytesize":1, "value":"?", "encoding":"US-ASCII", "memsize":40, "flags":{"wb_protected":true}}
{"address":"0x1019bfc10", "type":"STRING", "slot_size":40, "class":"0x1039feda0", "frozen":true, "embedded":true, "fstring":true, "bytesize":1, "value":">", "encoding":"US-ASCII", "memsize":40, "flags":{"wb_protected":true}}
{"address":"0x1019bfc38", "type":"STRING", "slot_size":40, "class":"0x1039feda0", "frozen":true, "embedded":true, "fstring":true, "bytesize":1, "value":"=", "encoding":"US-ASCII", "memsize":40, "flags":{"wb_protected":true}}
{"address":"0x1019bfc60", "type":"STRING", "slot_size":40, "class":"0x1039feda0", "frozen":true, "embedded":true, "fstring":true, "bytesize":1, "value":"<", "encoding":"US-ASCII", "memsize":40, "flags":{"wb_protected":true}}
{"address":"0x1019bfc88", "type":"STRING", "slot_size":40, "class":"0x1039feda0", "frozen":true, "embedded":true, "fstring":true, "bytesize":1, "value":";", "encoding":"US-ASCII", "memsize":40, "flags":{"wb_protected":true}}
{"address":"0x1019bfcb0", "type":"STRING", "slot_size":40, "class":"0x1039feda0", "frozen":true, "embedded":true, "fstring":true, "bytesize":1, "value":":", "encoding":"US-ASCII", "memsize":40, "flags":{"wb_protected":true}}
{"address":"0x1019bfcd8", "type":"STRING", "slot_size":40, "class":"0x1039feda0", "frozen":true, "embedded":true, "fstring":true, "bytesize":1, "value":"/", "encoding":"US-ASCII", "memsize":40, "flags":{"wb_protected":true}}
{"address":"0x1019bfd00", "type":"STRING", "slot_size":40, "class":"0x1039feda0", "frozen":true, "embedded":true, "fstring":true, "bytesize":1, "value":".", "encoding":"US-ASCII", "memsize":40, "flags":{"wb_protected":true}}
{"address":"0x1019bfd28", "type":"STRING", "slot_size":40, "class":"0x1039feda0", "frozen":true, "embedded":true, "fstring":true, "bytesize":1, "value":"-", "encoding":"US-ASCII", "memsize":40, "flags":{"wb_protected":true}}
{"address":"0x1019bfd50", "type":"STRING", "slot_size":40, "class":"0x1039feda0", "frozen":true, "embedded":true, "fstring":true, "bytesize":1, "value":",", "encoding":"US-ASCII", "memsize":40, "flags":{"wb_protected":true}}
{"address":"0x1019bfd78", "type":"STRING", "slot_size":40, "class":"0x1039feda0", "frozen":true, "embedded":true, "fstring":true, "bytesize":1, "value":"+", "encoding":"US-ASCII", "memsize":40, "flags":{"wb_protected":true}}
{"address":"0x1019bfda0", "type":"STRING", "slot_size":40, "class":"0x1039feda0", "frozen":true, "embedded":true, "fstring":true, "bytesize":1, "value":"*", "encoding":"US-ASCII", "memsize":40, "flags":{"wb_protected":true}}
{"address":"0x1019bfdc8", "type":"STRING", "slot_size":40, "class":"0x1039feda0", "frozen":true, "embedded":true, "fstring":true, "bytesize":1, "value":")", "encoding":"US-ASCII", "memsize":40, "flags":{"wb_protected":true}}
{"address":"0x1019bfdf0", "type":"STRING", "slot_size":40, "class":"0x1039feda0", "frozen":true, "embedded":true, "fstring":true, "bytesize":1, "value":"(", "encoding":"US-ASCII", "memsize":40, "flags":{"wb_protected":true}}
{"address":"0x1019bfe18", "type":"STRING", "slot_size":40, "class":"0x1039feda0", "frozen":true, "embedded":true, "fstring":true, "bytesize":1, "value":"'", "encoding":"US-ASCII", "memsize":40, "flags":{"wb_protected":true}}
{"address":"0x1019bfe40", "type":"STRING", "slot_size":40, "class":"0x1039feda0", "frozen":true, "embedded":true, "fstring":true, "bytesize":1, "value":"&", "encoding":"US-ASCII", "memsize":40, "flags":{"wb_protected":true}}
{"address":"0x1019bfe68", "type":"STRING", "slot_size":40, "class":"0x1039feda0", "frozen":true, "embedded":true, "fstring":true, "bytesize":1, "value":"%", "encoding":"US-ASCII", "memsize":40, "flags":{"wb_protected":true}}
{"address":"0x1019bfe90", "type":"STRING", "slot_size":40, "class":"0x1039feda0", "frozen":true, "embedded":true, "fstring":true, "bytesize":1, "value":"$", "encoding":"US-ASCII", "memsize":40, "flags":{"wb_protected":true}}
{"address":"0x1019bfeb8", "type":"STRING", "slot_size":40, "class":"0x1039feda0", "frozen":true, "embedded":true, "fstring":true, "bytesize":1, "value":"#", "encoding":"US-ASCII", "memsize":40, "flags":{"wb_protected":true}}
{"address":"0x1019bfee0", "type":"STRING", "slot_size":40, "class":"0x1039feda0", "frozen":true, "embedded":true, "fstring":true, "bytesize":1, "value":"\"", "encoding":"US-ASCII", "memsize":40, "flags":{"wb_protected":true}}
{"address":"0x1019bff08", "type":"ARRAY", "slot_size":40, "length":1024, "references":["0x1019bff30", "0x1019bfee0", "0x1019bfeb8", "0x1019bfe90", "0x1019bfe68", "0x1019bfe40", "0x1019bfe18", "0x1019bfdf0", "0x1019bfdc8", "0x1019bfda0", "0x1019bfd78", "0x1019bfd50", "0x1019bfd28", "0x1019bfd00", "0x1019bfcd8", "0x1019bfcb0", "0x1019bfc88", "0x1019bfc60", "0x1019bfc38", "0x1019bfc10", "0x1019bfbe8", "0x1019bfbc0", "0x1019bfb98", "0x1019bfb70", "0x1019bfb48", "0x1019bfb20", "0x1019bfaf8", "0x1019bfad0", "0x1019bfaa8", "0x1019bfa80", "0x1019bfa58", "0x1019bfa30", "0x1019bfa08", "0x1019bf9e0", "0x1019bf9b8", "0x1019bf990", "0x1019bf968", "0x1019bf940", "0x1019bf918", "0x1019bf8f0", "0x1019bf8c8", "0x1019bf8a0", "0x1019bf878", "0x1019bf850", "0x1019bf828", "0x1019bf800", "0x1019bf7d8", "0x1019bf7b0", "0x1019bf788", "0x1019bf760", "0x1019bf738", "0x1019bf710", "0x1019bf670", "0x1019bed38", "0x1019bed10", "0x1019bece8", "0x1019becc0", "0x1039dfd88", "0x1019bec98", "0x1019bec70", "0x1039dfd38", "0x1039dfce8", "0x1039dfc98", "0x1039dfc48", "0x1039dfbf8", "0x1039dfba8", "0x1039dfb58", "0x1039dfb08", "0x1019bec48", "0x1019bec20", "0x1019bf6e8", "0x1019bf6c0", "0x1019bf698", "0x1019bf648", "0x1019bf620", "0x1019bf5f8", "0x1019bf5d0", "0x1019bf5a8", "0x1019bf580", "0x1019bf558", "0x1039dff68", "0x1019bf530", "0x1039dff18", "0x1039dfec8", "0x1039dfe78", "0x1019bf508", "0x1019bf4e0", "0x1019bf4b8", "0x1019bf490", "0x1019bf468", "0x1019bf440", "0x1019bf418", "0x1019bf3f0", "0x1019bf3c8", "0x1019bf3a0", "0x1039dfe28", "0x1019bf378", "0x1019bf350", "0x1039dfdd8", "0x1019bf328", "0x1019bf300", "0x1019bf2d8", "0x1019bf2b0", "0x1019bf288", "0x1019bf260", "0x1019bf238", "0x1019bf210", "0x1019bf1e8", "0x1019bf1c0", "0x1019bf198", "0x1019bf170", "0x1019bf148", "0x1019bf120", "0x1019bf0f8", "0x1019bf0d0", "0x1019bf0a8", "0x1019bf080", "0x1019bf058", "0x1019bf030", "0x1019bf008", "0x1019befe0", "0x1019befb8", "0x1019bef90", "0x1019bef68", "0x1019bef40", "0x1019bef18", "0x1019beef0", "0x1019beec8", "0x1019beea0", "0x1019bee78", "0x1019bee50", "0x1019bee28", "0x1019bee00", "0x1019bedd8", "0x1019bedb0", "0x1019bed88", "0x1019bed60", "0x1019bebf8", "0x1019bebd0", "0x1019beba8", "0x1019beb80", "0x1019beb58", "0x1039dfab8", "0x1019beb30", "0x1019beb08", "0x1019beae0", "0x1019beab8", "0x1019bea90", "0x1019bea68", "0x1019be9f0", "0x1019be8d8", "0x1039dfa68", "0x1019be8b0", "0x1019be860", "0x1019be810", "0x1019be7c0", "0x1019be630", "0x1019be5b8", "0x1019be568", "0x1019be518", "0x1019be3d8", "0x1039dfa18", "0x1039df9c8", "0x1019be338", "0x1019be2e8", "0x1039df978", "0x1039df928", "0x1039df8d8", "0x1039df888", "0x1039df838", "0x1019be1d0", "0x1019be180", "0x1019be130", "0x1019be0e0", "0x1019be068", "0x1019bdff0", "0x1019bdf78", "0x1019bdf00", "0x1019bde88", "0x1019bde10", "0x1019bdd70", "0x1019bdc08", "0x1039df7e8", "0x1019bd9d8", "0x1019bd960", "0x1019bd910", "0x1019bd8c0", "0x1019bd870", "0x1019bd820", "0x1019bd7d0", "0x1039df798", "0x1039df748", "0x1039df6f8", "0x1039df6a8", "0x1019bd690", "0x1019bd640", "0x1019bd5f0", "0x1019bd5a0", "0x1039df658", "0x1019bd528", "0x1019bd4b0", "0x1039df608", "0x1039df5b8", "0x1039df568", "0x1039df518", "0x1019bd3c0", "0x1039df4c8", "0x1039df478", "0x1039df428", "0x1019bd258", "0x1019bd208", "0x1019bd1b8", "0x1019bd168", "0x1039df3d8", "0x1019bd0f0", "0x1019bcf88", "0x1019bcda8", "0x1019bcce0", "0x1019bcc90", "0x1039df388", "0x1019bcc18", "0x1019bcbc8", "0x1019bcb78", "0x1019bcb28", "0x1019bcad8", "0x1019bca88", "0x1019bca38", "0x1019bc9e8", "0x1039df338", "0x1039df2e8", "0x1039df298", "0x1039df248", "0x1019bc8f8", "0x1019bc650", "0x1019bc560", "0x1019bc510", "0x1019bc4c0", "0x1019bc470", "0x1019bc3f8", "0x1019bc3a8", "0x1019bc358", "0x1019bc308", "0x1019bc2b8", "0x1019bc240", "0x1019bc1f0", "0x1019bc1a0", "0x1019bc150", "0x1019bc100", "0x1019bc0b0", "0x1019bc060", "0x1019bc010", "0x1019bbfc0", "0x1019bbf70", "0x1019bbf20", "0x1019bbed0", "0x1019bbe80", "0x1019bbe30", "0x1019bbde0", "0x1019bbd90", "0x1019bbd40", "0x1019bbcf0", "0x1019bbca0", "0x1019bbc50", "0x1019bbc00", "0x1019bbb60", "0x1019bbb10", "0x1019bbac0", "0x1019bba70", "0x1019bba20", "0x1019bb9a8", "0x1019bb958", "0x1019bb908", "0x1019bb8b8", "0x1019bb868", "0x1039df1f8", "0x1019bb7f0", "0x1019bb7a0", "0x1019bb750", "0x1019bb700", "0x1019bb6b0", "0x1019bb660", "0x1019bb610", "0x1019bb5c0", "0x1019bb570", "0x1019bb520", "0x1019bb4d0", "0x1019bb480", "0x1019bb430", "0x1019bb3e0", "0x1019bb390", "0x1019bb368", "0x1039df1a8", "0x1039df158", "0x1019bb340", "0x1019bb318", "0x1019bb2f0", "0x1019bb2c8", "0x1039df108", "0x1039df0b8", "0x1039df068", "0x1019bb2a0", "0x1039df018", "0x1019bb278", "0x1019bb250", "0x1019bb0e8", "0x1019bb098", "0x1019baf80", "0x1019baee0", "0x1019bae40", "0x1019badf0", "0x1019bad78", "0x1019bad00", "0x1019bacb0", "0x1019bac60", "0x1019bac10", "0x1019babc0", "0x1019bab70", "0x1019bab20", "0x1019baad0", "0x1019baa80", "0x1019baa30", "0x1019ba9e0", "0x1019ba990", "0x1019ba800", "0x1019ba7b0", "0x1019ba760", "0x1019ba738", "0x1019ba710", "0x1019ba6e8", "0x1019ba6c0", "0x1019ba670", "0x1019ba620", "0x1019ba5d0", "0x1019ba580", "0x1019ba530", "0x1019ba4e0", "0x1019ba490", "0x1019ba440", "0x1019ba3f0", "0x1019ba3a0", "0x1019ba350", "0x1019ba300", "0x1019ba2b0", "0x1019ba260", "0x1039defc8", "0x1019ba1e8", "0x1019ba198", "0x1019ba148", "0x1019ba0d0", "0x1019ba080", "0x1019b9fe0", "0x1019b9f68", "0x1019b9f18", "0x1019b9ec8", "0x1019b9e78", "0x1019b9e28", "0x1019b9dd8", "0x1019b9d88", "0x1019b9d38", "0x1019b9ce8", "0x1019b9c98", "0x1019b9c48", "0x1019b9bf8", "0x1019b9ba8", "0x1019b9b58", "0x1019b9b08", "0x1019b9ab8", "0x1019b9a68", "0x1019b9a18", "0x1019b99c8", "0x1019b9978", "0x1019b9928", "0x1019b98d8", "0x1019b9888", "0x1019b9838", "0x1019b97e8", "0x1019b9798", "0x1019b9748", "0x1019b96f8", "0x1019b9680", "0x1019b9630", "0x1019b95e0", "0x1019b9590", "0x1019b9540", "0x1019b94f0", "0x1019b94a0", "0x1019b9450", "0x1039def78", "0x1019b93b0", "0x1019b9360", "0x1019b92e8", "0x1019b9298", "0x1019b9248", "0x1019b91f8", "0x1019b91a8", "0x1019b9158", "0x1039def28", "0x1019b9108", "0x1019b90e0", "0x1039deed8", "0x1039dee88", "0x1039dee38", "0x1019b9040", "0x1019b9018", "0x1019b8ff0", "0x1019b8fa0", "0x1019b8eb0", "0x1019b8aa0", "0x1019b8a50", "0x1019b8960", "0x1019b8910", "0x1019b8898"], "memsize":8232, "flags":{"wb_protected":true}}
{"address":"0x1019bff30", "type":"STRING", "slot_size":40, "class":"0x1039feda0", "frozen":true, "embedded":true, "fstring":true, "bytesize":1, "value":"!", "encoding":"US-ASCII", "memsize":40, "flags":{"wb_protected":true}}
{"address":"0x1019bff58", "type":"ARRAY", "slot_size":40, "length":5, "references":["0x1019bff08", "0x1019b8848", "0x10199bbd0", "0x10197bee8", "0x101970318"], "memsize":192, "flags":{"wb_protected":true}}
{"address":"0x1019bff80", "type":"ARRAY", "slot_size":40, "length":341, "references":["0x1019bffa8", "0x1019bff58", "0x1039ffe80", "0x1019bed38", "0x1019bd0c8", "0x1019bcf60", "0x1019bc8a8", "0x1019bc880", "0x1019bc678", "0x1019b64f8", "0x1019b6458", "0x1019b5378", "0x1019b5350", "0x1019b5328", "0x1019b5300", "0x1019b52d8", "0x1019b52b0", "0x1019b5288", "0x1019b5260", "0x1019b5238", "0x1019b5210", "0x1019b5080", "0x1019b5030", "0x1019b4fb8", "0x1019b4f68", "0x1039fbb00", "0x1039fbb00", "0x1039fbb00", "0x1039fbb00", "0x1039fbb00", "0x1039fbb00", "0x1039fbb00", "0x1039fbb00", "0x1039fbb00", "0x1039fbb00", "0x1039fbb00", "0x1039fbb00", "0x1039fbb00", "0x1039fbb00", "0x1039fbb00", "0x1039fbb00", "0x1039fbb00", "0x1039fbb00", "0x1039fbb00", "0x1039fbb00", "0x1039fbb00", "0x1039fbb00", "0x1039fbb00", "0x1039fbb00", "0x1039fbb00", "0x1039fbb00", "0x1039fbb00", "0x1039fbb00", "0x1039fbb00", "0x1039fbb00", "0x1039fbb00", "0x1039fbb00", "0x1039fbb00", "0x1039fbb00", "0x1039fbb00", "0x1039fbb00", "0x1039fbb00", "0x1039fbb00", "0x1039fbb00", "0x1039fbb00", "0x1039f8900", "0x1039fbb00", "0x1039fbb00", "0x1039fbb00", "0x1039fbb00", "0x1039fbb00", "0x1039fbb00", "0x1039fbb00", "0x1039fbb00", "0x1039fb380", "0x1039fbb00", "0x10199ed30", "0x1039f1e20", "0x1039f1d80", "0x1039f1ce0", "0x1039f1b00", "0x10199b3d8", "0x10199a168", "0x10199a118", "0x10199a0c8", "0x101999678", "0x1019bfcd8", "0x1019bfcd8", "0x1019bfcb0", "0x1039f11a0", "0x101997558", "0x101994f10", "0x1019bed38", "0x103a1ff00", "0x101992d00", "0x101992738", "0x101990cd0", "0x103a1f000", "0x101990730", "0x1019901e0", "0x10197efa8", "0x103a1d480", "0x103a1d340", "0x10197de78", "0x10197ddd8", "0x10197bf10", "0x10197be70", "0x10197bd08", "0x10197bce0", "0x10197a778", "0x10197a5e8", "0x1019782c0", "0x1019782c0", "0x1019782c0", "0x103a1bea0", "0x103a1be00", "0x103a1bc20", "0x1019743a0", "0x101974300", "0x1019742b0", "0x101974260", "0x101974238", "0x1019741c0", "0x101974170", "0x101974120", "0x1019742b0", "0x103a1b220", "0x101999628", "0x103a1ae60", "0x101973b58", "0x1019bc858", "0x1019bc830", "0x1019bc808", "0x101973900", "0x101973900", "0x101973888", "0x101973888", "0x101973810", "0x101973810", "0x101973798", "0x101973748", "0x1019736f8", "0x1019736f8", "0x1019bc6c8", "0x101973658", "0x101973608", "0x1019735b8", "0x101973568", "0x101973518", "0x1019734c8", "0x101973478", "0x101973428", "0x1019733d8", "0x101973388", "0x101973338", "0x1019732e8", "0x101973298", "0x101973248", "0x1019731f8", "0x1019731a8", "0x101973158", "0x101973108", "0x1019730b8", "0x101973068", "0x101973018", "0x101972fc8", "0x101972fc8", "0x1019bc7e0", "0x1019bc7b8", "0x1019bc790", "0x1019bc768", "0x1019bc6a0", "0x1019bc6a0", "0x101972e60", "0x101972e60", "0x101972de8", "0x101972de8", "0x101972d70", "0x101972d70", "0x101972cf8", "0x101972cf8", "0x101972c80", "0x101972c80", "0x101972c08", "0x101972c08", "0x1019bc858", "0x101972b90", "0x101972b90", "0x101972b18", "0x101972b18", "0x101972aa0", "0x101972aa0", "0x101972a28", "0x101972a28", "0x1019729b0", "0x1019729b0", "0x101972938", "0x1019728e8", "0x101972898", "0x101972848", "0x1019727f8", "0x1019727f8", "0x101972780", "0x101972780", "0x101972708", "0x101972708", "0x101972690", "0x101972690", "0x101972618", "0x101972618", "0x1019725a0", "0x1019725a0", "0x101972528", "0x101972528", "0x1019724b0", "0x1019724b0", "0x101972438", "0x101972438", "0x1019723c0", "0x1019723c0", "0x1019723c0", "0x101972320", "0x1019722d0", "0x1019722d0", "0x101972258", "0x101972258", "0x1019721e0", "0x1019721e0", "0x101972168", "0x101972168", "0x1019720f0", "0x1019720f0", "0x101972078", "0x101972078", "0x101972000", "0x101972000", "0x101971f88", "0x101971f88", "0x101971f10", "0x101971f10", "0x101971e98", "0x101971e98", "0x101971e20", "0x101973888", "0x101973888", "0x101971d80", "0x101971d30", "0x101971d30", "0x101971cb8", "0x101971cb8", "0x1019bc6c8", "0x1019bc6c8", "0x101971c40", "0x101971c40", "0x101971c40", "0x101971ba0", "0x101971b50", "0x101971b50", "0x101973658", "0x101973658", "0x101973608", "0x101973608", "0x101971a38", "0x101971a38", "0x101971a38", "0x101971a38", "0x101971970", "0x101973568", "0x1019718f8", "0x1019718f8", "0x101971880", "0x101971880", "0x101971808", "0x1019717b8", "0x101973518", "0x1019734c8", "0x101973478", "0x101973428", "0x1019733d8", "0x101973388", "0x101971678", "0x101971678", "0x101971678", "0x101973338", "0x1019732e8", "0x101971588", "0x101971588", "0x101971588", "0x101973298", "0x101973248", "0x1019731f8", "0x101971470", "0x101971420", "0x101971420", "0x101971420", "0x1019731a8", "0x101973158", "0x101973108", "0x1019730b8", "0x101973068", "0x1019712b8", "0x1019712b8", "0x1019712b8", "0x1019712b8", "0x1019bc808", "0x1019bc808", "0x1019711a0", "0x1019711a0", "0x1019bc830", "0x1019bc6f0", "0x1019bc6f0", "0x1019bc6f0", "0x1019bc740", "0x1019bc718", "0x1019bc7e0", "0x1019bc790", "0x1019bc768", "0x1019bc6a0", "0x1019bc6a0", "0x1019bc6a0", "0x1019bc6a0", "0x1019bc6a0", "0x101972e60", "0x101972de8", "0x101972d70", "0x101972cf8", "0x101972c80", "0x101972c08", "0x101970e08", "0x101970e08", "0x101970d90", "0x101970d90", "0x101970d18", "0x101970cc8", "0x101970c78", "0x101970c50", "0x101970c50", "0x101970c28", "0x101970c28", "0x101970bb0", "0x101970bb0"], "memsize":8232, "flags":{"wb_protected":true}}
{"address":"0x1019bffa8", "type":"HASH", "slot_size":40, "size":0, "memsize":192, "flags":{"wb_protected":true}}
{"address":"0x1019bffd0", "type":"ARRAY", "slot_size":40, "length":1, "references":["0x1019bff80"], "memsize":1064, "flags":{"wb_protected":true}}
{"address":"0x1039d8088", "type":"STRING", "slot_size":80, "class":"0x1039feda0", "frozen":true, "embedded":true, "fstring":true, "bytesize":21, "value":"allocation_generation", "encoding":"US-ASCII", "memsize":80, "flags":{"wb_protected":true}}
{"address":"0x1039d80d8", "type":"STRING", "slot_size":80, "class":"0x1039feda0", "frozen":true, "embedded":true, "fstring":true, "bytesize":20, "value":"allocation_method_id", "encoding":"US-ASCII", "memsize":80, "flags":{"wb_protected":true}}
{"address":"0x1039d8128", "type":"STRING", "slot_size":80, "class":"0x1039feda0", "frozen":true, "embedded":true, "fstring":true, "bytesize":21, "value":"allocation_class_path", "encoding":"US-ASCII", "memsize":80, "flags":{"wb_protected":true}}
{"address":"0x1039d8178", "type":"STRING", "slot_size":80, "class":"0x1039feda0", "frozen":true, "embedded":true, "fstring":true, "bytesize":21, "value":"allocation_sourceline", "encoding":"US-ASCII", "memsize":80, "flags":{"wb_protected":true}}
{"address":"0x1039d81c8", "type":"STRING", "slot_size":80, "class":"0x1039feda0", "frozen":true, "embedded":true, "fstring":true, "bytesize":21, "value":"allocation_sourcefile", "encoding":"US-ASCII", "memsize":80, "flags":{"wb_protected":true}}
{"address":"0x1039d8218", "type":"STRING", "slot_size":80, "class":"0x1039feda0", "frozen":true, "embedded":true, "fstring":true, "bytesize":36, "value":"trace_object_allocations_debug_start", "encoding":"US-ASCII", "memsize":80, "flags":{"wb_protected":true}}
{"address":"0x1039d8268", "type":"STRING", "slot_size":80, "class":"0x1039feda0", "frozen":true, "embedded":true, "fstring":true, "bytesize":30, "value":"trace_object_allocations_clear", "encoding":"US-ASCII", "memsize":80, "flags":{"wb_protected":true}}
{"address":"0x1039d82b8", "type":"STRING", "slot_size":80, "class":"0x1039feda0", "frozen":true, "embedded":true, "fstring":true, "bytesize":29, "value":"trace_object_allocations_stop", "encoding":"US-ASCII", "memsize":80, "flags":{"wb_protected":true}}
{"address":"0x1039d8308", "type":"STRING", "slot_size":80, "class":"0x1039feda0", "frozen":true, "embedded":true, "fstring":true, "bytesize":30, "value":"trace_object_allocations_start", "encoding":"US-ASCII", "memsize":80, "flags":{"wb_protected":true}}
{"address":"0x1039d8358", "type":"STRING", "slot_size":80, "class":"0x1039feda0", "frozen":true, "embedded":true, "fstring":true, "bytesize":24, "value":"trace_object_allocations", "encoding":"US-ASCII", "memsize":80, "flags":{"wb_protected":true}}
{"address":"0x1039d83a8", "type":"STRING", "slot_size":80, "class":"0x1039feda0", "frozen":true, "embedded":true, "fstring":true, "bytesize":18, "value":"internal_object_id", "encoding":"US-ASCII", "memsize":80, "flags":{"wb_protected":true}}
{"address":"0x1039d83f8", "type":"STRING", "slot_size":80, "class":"0x1039feda0", "frozen":true, "embedded":true, "fstring":true, "bytesize":34, "value":"ObjectSpace::InternalObjectWrapper", "encoding":"US-ASCII", "memsize":80, "flags":{"wb_protected":true}}
{"address":"0x1039d8448", "type":"STRING", "slot_size":80, "class":"0x1039feda0", "frozen":true, "embedded":true, "fstring":true, "bytesize":21, "value":"InternalObjectWrapper", "encoding":"US-ASCII", "memsize":80, "flags":{"wb_protected":true}}
{"address":"0x1039d8498", "type":"STRING", "slot_size":80, "class":"0x1039feda0", "frozen":true, "embedded":true, "fstring":true, "bytesize":17, "value":"internal_super_of", "encoding":"US-ASCII", "memsize":80, "flags":{"wb_protected":true}}
{"address":"0x1039d84e8", "type":"STRING", "slot_size":80, "class":"0x1039feda0", "frozen":true, "embedded":true, "fstring":true, "bytesize":17, "value":"internal_class_of", "encoding":"US-ASCII", "memsize":80, "flags":{"wb_protected":true}}
{"address":"0x1039d8538", "type":"STRING", "slot_size":80, "class":"0x1039feda0", "frozen":true, "embedded":true, "fstring":true, "bytesize":27, "value":"reachable_objects_from_root", "encoding":"US-ASCII", "memsize":80, "flags":{"wb_protected":true}}
{"address":"0x1039d8588", "type":"STRING", "slot_size":80, "class":"0x1039feda0", "frozen":true, "embedded":true, "fstring":true, "bytesize":22, "value":"reachable_objects_from", "encoding":"US-ASCII", "memsize":80, "flags":{"wb_protected":true}}
{"address":"0x1039d85d8", "type":"STRING", "slot_size":80, "class":"0x1039feda0", "frozen":true, "embedded":true, "fstring":true, "bytesize":19, "value":"count_imemo_objects", "encoding":"US-ASCII", "memsize":80, "flags":{"wb_protected":true}}
{"address":"0x1039d8628", "type":"STRING", "slot_size":80, "class":"0x1039feda0", "frozen":true, "embedded":true, "fstring":true, "bytesize":19, "value":"count_tdata_objects", "encoding":"US-ASCII", "memsize":80, "flags":{"wb_protected":true}}
{"address":"0x1039d8678", "type":"STRING", "slot_size":80, "class":"0x1039feda0", "frozen":true, "embedded":true, "fstring":true, "bytesize":18, "value":"count_objects_size", "encoding":"US-ASCII", "memsize":80, "flags":{"wb_protected":true}}
{"address":"0x1039d86c8", "type":"STRING", "slot_size":80, "class":"0x1039feda0", "frozen":true, "embedded":true, "fstring":true, "bytesize":21, "value":"wrong output option: ", "encoding":"UTF-8", "memsize":80, "flags":{"wb_protected":true}}
{"address":"0x1039d8718", "type":"STRING", "slot_size":80, "class":"0x1039feda0", "embedded":true, "bytesize":36, "value":"    return nil if output == :stdout\n", "encoding":"UTF-8", "memsize":80, "flags":{"wb_protected":true}}
{"address":"0x1039d8768", "type":"STRING", "slot_size":80, "class":"0x1039feda0", "embedded":true, "bytesize":38, "value":"    ret = _dump_all(out, full, since)\n", "encoding":"UTF-8", "memsize":80, "flags":{"wb_protected":true}}
{"address":"0x1039d87b8", "type":"STRING", "slot_size":80, "class":"0x1039feda0", "embedded":true, "bytesize":21, "value":"wrong output option: ", "encoding":"UTF-8", "memsize":80, "flags":{"wb_protected":true}}
{"address":"0x1039d8808", "type":"STRING", "slot_size":80, "class":"0x1039feda0", "embedded":true, "bytesize":17, "value":"    when :string\n", "encoding":"UTF-8", "memsize":80, "flags":{"wb_protected":true}}
{"address":"0x1039d8858", "type":"STRING", "slot_size":80, "class":"0x1039feda0", "embedded":true, "bytesize":17, "value":"    when :stdout\n", "encoding":"UTF-8", "memsize":80, "flags":{"wb_protected":true}}
{"address":"0x1039d88a8", "type":"STRING", "slot_size":80, "class":"0x1039feda0", "embedded":true, "bytesize":42, "value":"      Tempfile.create(%w(rubyheap .json))\n", "encoding":"UTF-8", "memsize":80, "flags":{"wb_protected":true}}
{"address":"0x1039d88f8", "type":"STRING", "slot_size":80, "class":"0x1039feda0", "embedded":true, "bytesize":25, "value":"      require 'tempfile'\n", "encoding":"UTF-8", "memsize":80, "flags":{"wb_protected":true}}
{"address":"0x1039d8948", "type":"STRING", "slot_size":80, "class":"0x1039feda0", "embedded":true, "bytesize":20, "value":"    when :file, nil\n", "encoding":"UTF-8", "memsize":80, "flags":{"wb_protected":true}}
{"address":"0x1039d8998", "type":"STRING", "slot_size":80, "class":"0x1039feda0", "embedded":true, "bytesize":22, "value":"    out = case output\n", "encoding":"UTF-8", "memsize":80, "flags":{"wb_protected":true}}
{"address":"0x1039d89e8", "type":"STRING", "slot_size":80, "class":"0x1039feda0", "embedded":true, "bytesize":55, "value":"  def dump_all(output: :file, full: false, since: nil)\n", "encoding":"UTF-8", "memsize":80, "flags":{"wb_protected":true}}
{"address":"0x1039d8a38", "type":"STRING", "slot_size":80, "class":"0x1039feda0", "embedded":true, "bytesize":55, "value":"  #  This method is only expected to work with C Ruby.\n", "encoding":"UTF-8", "memsize":80, "flags":{"wb_protected":true}}
{"address":"0x1039d8a88", "type":"STRING", "slot_size":80, "class":"0x1039feda0", "embedded":true, "bytesize":16, "value":"  #  GC::count.\n", "encoding":"UTF-8", "memsize":80, "flags":{"wb_protected":true}}
{"address":"0x1039d8ad8", "type":"STRING", "slot_size":80, "class":"0x1039feda0", "embedded":true, "bytesize":54, "value":"  #  _since_ must be a non-negative integer or +nil+.\n", "encoding":"UTF-8", "memsize":80, "flags":{"wb_protected":true}}
{"address":"0x1039d8b28", "type":"STRING", "slot_size":80, "class":"0x1039feda0", "embedded":true, "bytesize":49, "value":"  #  Dump the contents of the ruby heap as JSON.\n", "encoding":"UTF-8", "memsize":80, "flags":{"wb_protected":true}}
{"address":"0x1039d8b78", "type":"STRING", "slot_size":80, "class":"0x1039feda0", "embedded":true, "bytesize":27, "value":"ObjectSpace.dump_all(output", "encoding":"UTF-8", "memsize":80, "flags":{"wb_protected":true}}
{"address":"0x1039d8bc8", "type":"STRING", "slot_size":80, "class":"0x1039feda0", "embedded":true, "bytesize":45, "value":"  #    ObjectSpace.dump_all(output: :string,\n", "encoding":"UTF-8", "memsize":80, "flags":{"wb_protected":true}}
{"address":"0x1039d8c18", "type":"STRING", "slot_size":80, "class":"0x1039feda0", "embedded":true, "bytesize":36, "value":"  #    ObjectSpace.dump_all(output:\n", "encoding":"UTF-8", "memsize":80, "flags":{"wb_protected":true}}
{"address":"0x1039d8c68", "type":"STRING", "slot_size":80, "class":"0x1039feda0", "embedded":true, "bytesize":54, "value":"  #    ObjectSpace.dump_all(output: :stdout) # => nil\n", "encoding":"UTF-8", "memsize":80, "flags":{"wb_protected":true}}
{"address":"0x1039d8cb8", "type":"STRING", "slot_size":80, "class":"0x1039feda0", "embedded":true, "bytesize":36, "value":"    return nil if output == :stdout\n", "encoding":"UTF-8", "memsize":80, "flags":{"wb_protected":true}}
{"address":"0x1039d8d08", "type":"STRING", "slot_size":80, "class":"0x1039feda0", "embedded":true, "bytesize":26, "value":"    ret = _dump(obj, out)\n", "encoding":"UTF-8", "memsize":80, "flags":{"wb_protected":true}}
{"address":"0x1039d8d58", "type":"STRING", "slot_size":80, "class":"0x1039feda0", "embedded":true, "bytesize":21, "value":"wrong output option: ", "encoding":"UTF-8", "memsize":80, "flags":{"wb_protected":true}}
{"address":"0x1039d8da8", "type":"STRING", "slot_size":80, "class":"0x1039feda0", "embedded":true, "bytesize":17, "value":"    when :string\n", "encoding":"UTF-8", "memsize":80, "flags":{"wb_protected":true}}
{"address":"0x1039d8df8", "type":"STRING", "slot_size":80, "class":"0x1039feda0", "embedded":true, "bytesize":17, "value":"    when :stdout\n", "encoding":"UTF-8", "memsize":80, "flags":{"wb_protected":true}}
{"address":"0x1039d8e48", "type":"STRING", "slot_size":80, "class":"0x1039feda0", "embedded":true, "bytesize":41, "value":"      Tempfile.create(%w(rubyobj .json))\n", "encoding":"UTF-8", "memsize":80, "flags":{"wb_protected":true}}
{"address":"0x1039d8e98", "type":"STRING", "slot_size":80, "class":"0x1039feda0", "embedded":true, "bytesize":25, "value":"      require 'tempfile'\n", "encoding":"UTF-8", "memsize":80, "flags":{"wb_protected":true}}
{"address":"0x1039d8ee8", "type":"STRING", "slot_size":80, "class":"0x1039feda0", "embedded":true, "bytesize":20, "value":"    when :file, nil\n", "encoding":"UTF-8", "memsize":80, "flags":{"wb_protected":true}}
{"address":"0x1039d8f38", "type":"STRING", "slot_size":80, "class":"0x1039feda0", "embedded":true, "bytesize":22, "value":"    out = case output\n", "encoding":"UTF-8", "memsize":80, "flags":{"wb_protected":true}}
{"address":"0x1039d8f88", "type":"STRING", "slot_size":80, "class":"0x1039feda0", "embedded":true, "bytesize":33, "value":"  def dump(obj, output: :string)\n", "encoding":"UTF-8", "memsize":80, "flags":{"wb_protected":true}}
{"address":"0x1039d8fd8", "type":"STRING", "slot_size":80, "class":"0x1039feda0", "embedded":true, "bytesize":54, "value":"  # This method is only expected to work with C Ruby.\n", "encoding":"UTF-8", "memsize":80, "flags":{"wb_protected":true}}
{"address":"0x1039d9028", "type":"STRING", "slot_size":80, "class":"0x1039feda0", "embedded":true, "bytesize":48, "value":"  # Dump the contents of a ruby object as JSON.\n", "encoding":"UTF-8", "memsize":80, "flags":{"wb_protected":true}}
{"address":"0x1039d9078", "type":"STRING", "slot_size":80, "class":"0x1039feda0", "embedded":true, "bytesize":18, "value":"  module_function\n", "encoding":"UTF-8", "memsize":80, "flags":{"wb_protected":true}}
{"address":"0x1039d90c8", "type":"STRING", "slot_size":80, "class":"0x1039feda0", "embedded":true, "bytesize":23, "value":"    private :_dump_all\n", "encoding":"UTF-8", "memsize":80, "flags":{"wb_protected":true}}
{"address":"0x1039d9118", "type":"STRING", "slot_size":80, "class":"0x1039feda0", "embedded":true, "bytesize":19, "value":"    private :_dump\n", "encoding":"UTF-8", "memsize":80, "flags":{"wb_protected":true}}
{"address":"0x1039d9168", "type":"STRING", "slot_size":80, "class":"0x1039feda0", "embedded":true, "bytesize":16, "value":"  class << self\n", "encoding":"UTF-8", "memsize":80, "flags":{"wb_protected":true}}
{"address":"0x1039d91b8", "type":"STRING", "slot_size":80, "class":"0x1039feda0", "embedded":true, "bytesize":19, "value":"module ObjectSpace\n", "encoding":"UTF-8", "memsize":80, "flags":{"wb_protected":true}}
{"address":"0x1039d9208", "type":"STRING", "slot_size":80, "class":"0x1039feda0", "embedded":true, "bytesize":22, "value":"require 'objspace.so'\n", "encoding":"UTF-8", "memsize":80, "flags":{"wb_protected":true}}
{"address":"0x1039d9258", "type":"STRING", "slot_size":80, "class":"0x1039feda0", "embedded":true, "bytesize":21, "value":"frozen_string_literal", "encoding":"UTF-8", "memsize":80, "flags":{"wb_protected":true}}
{"address":"0x1039d92a8", "type":"STRING", "slot_size":80, "class":"0x1039feda0", "embedded":true, "bytesize":30, "value":"# frozen_string_literal: true\n", "encoding":"UTF-8", "memsize":80, "flags":{"wb_protected":true}}
{"address":"0x1039d92f8", "type":"STRING", "slot_size":80, "class":"0x1039feda0", "frozen":true, "embedded":true, "fstring":true, "bytesize":55, "value":"/Users/jemmaissroff/src/github.com/Shopify/ruby/test.rb", "encoding":"UTF-8", "memsize":80, "flags":{"wb_protected":true}}
{"address":"0x1039d9348", "type":"STRING", "slot_size":80, "class":"0x1039feda0", "frozen":true, "embedded":true, "fstring":true, "bytesize":27, "value":"debug_frozen_string_literal", "encoding":"US-ASCII", "memsize":80, "flags":{"wb_protected":true}}
{"address":"0x1039d9398", "type":"STRING", "slot_size":80, "class":"0x1039feda0", "frozen":true, "embedded":true, "fstring":true, "bytesize":21, "value":"frozen_string_literal", "encoding":"US-ASCII", "memsize":80, "flags":{"wb_protected":true}}
{"address":"0x1039d93e8", "type":"STRING", "slot_size":80, "class":"0x1039feda0", "frozen":true, "embedded":true, "fstring":true, "bytesize":24, "value":"instructions_unification", "encoding":"US-ASCII", "memsize":80, "flags":{"wb_protected":true}}
{"address":"0x1039d9438", "type":"STRING", "slot_size":80, "class":"0x1039feda0", "frozen":true, "embedded":true, "fstring":true, "bytesize":20, "value":"operands_unification", "encoding":"US-ASCII", "memsize":80, "flags":{"wb_protected":true}}
{"address":"0x1039d9488", "type":"STRING", "slot_size":80, "class":"0x1039feda0", "frozen":true, "embedded":true, "fstring":true, "bytesize":23, "value":"specialized_instruction", "encoding":"US-ASCII", "memsize":80, "flags":{"wb_protected":true}}
{"address":"0x1039d94d8", "type":"STRING", "slot_size":80, "class":"0x1039feda0", "frozen":true, "embedded":true, "fstring":true, "bytesize":21, "value":"tailcall_optimization", "encoding":"US-ASCII", "memsize":80, "flags":{"wb_protected":true}}
{"address":"0x1039d9528", "type":"STRING", "slot_size":80, "class":"0x1039feda0", "frozen":true, "embedded":true, "fstring":true, "bytesize":21, "value":"peephole_optimization", "encoding":"US-ASCII", "memsize":80, "flags":{"wb_protected":true}}
{"address":"0x1039d9578", "type":"STRING", "slot_size":80, "class":"0x1039feda0", "frozen":true, "embedded":true, "fstring":true, "bytesize":18, "value":"inline_const_cache", "encoding":"US-ASCII", "memsize":80, "flags":{"wb_protected":true}}
{"address":"0x1039d95c8", "type":"STRING", "slot_size":80, "class":"0x1039feda0", "embedded":true, "bytesize":55, "value":"/Users/jemmaissroff/src/github.com/Shopify/ruby/test.rb", "encoding":"UTF-8", "memsize":80, "flags":{"wb_protected":true}}
{"address":"0x1039d9618", "type":"STRING", "slot_size":80, "class":"0x1039feda0", "frozen":true, "embedded":true, "bytesize":16, "value":"coverage_enabled", "encoding":"US-ASCII", "memsize":80, "flags":{"wb_protected":true}}
{"address":"0x1039d9668", "type":"STRING", "slot_size":80, "class":"0x1039feda0", "embedded":true, "bytesize":34, "value":"  ObjectSpace.dump_all(output: f)\n", "encoding":"UTF-8", "memsize":80, "flags":{"wb_protected":true}}
{"address":"0x1039d96b8", "type":"STRING", "slot_size":80, "class":"0x1039feda0", "embedded":true, "bytesize":34, "value":"File.open(\"out.json\", \"w\") do |f|\n", "encoding":"UTF-8", "memsize":80, "flags":{"wb_protected":true}}
{"address":"0x1039d9708", "type":"STRING", "slot_size":80, "class":"0x1039feda0", "embedded":true, "bytesize":19, "value":"require \"objspace\"\n", "encoding":"UTF-8", "memsize":80, "flags":{"wb_protected":true}}
{"address":"0x1039d9758", "type":"STRING", "slot_size":80, "class":"0x1039feda0", "frozen":true, "embedded":true, "fstring":true, "bytesize":30, "value":"`did_you_mean' was not loaded.", "encoding":"UTF-8", "memsize":80, "flags":{"wb_protected":true}}
{"address":"0x1039d97a8", "type":"STRING", "slot_size":80, "class":"0x1039feda0", "frozen":true, "embedded":true, "fstring":true, "bytesize":33, "value":"`error_highlight' was not loaded.", "encoding":"UTF-8", "memsize":80, "flags":{"wb_protected":true}}
{"address":"0x1039d97f8", "type":"STRING", "slot_size":80, "class":"0x1039feda0", "frozen":true, "embedded":true, "fstring":true, "bytesize":32, "value":"rescue in <internal:gem_prelude>", "memsize":80, "flags":{"wb_protected":true}}
{"address":"0x1039d9848", "type":"STRING", "slot_size":80, "class":"0x1039feda0", "frozen":true, "embedded":true, "fstring":true, "bytesize":22, "value":"<internal:gem_prelude>", "encoding":"US-ASCII", "memsize":80, "flags":{"wb_protected":true}}
{"address":"0x1039d9898", "type":"STRING", "slot_size":80, "class":"0x1039feda0", "frozen":true, "embedded":true, "fstring":true, "bytesize":27, "value":"`RubyGems' were not loaded.", "encoding":"UTF-8", "memsize":80, "flags":{"wb_protected":true}}
{"address":"0x1039d98e8", "type":"STRING", "slot_size":80, "class":"0x1039feda0", "frozen":true, "embedded":true, "fstring":true, "bytesize":18, "value":"<internal:prelude>", "encoding":"US-ASCII", "memsize":80, "flags":{"wb_protected":true}}
{"address":"0x1039d9938", "type":"STRING", "slot_size":80, "class":"0x1039feda0", "frozen":true, "embedded":true, "fstring":true, "bytesize":16, "value":"<module:Marshal>", "memsize":80, "flags":{"wb_protected":true}}
{"address":"0x1039d9988", "type":"STRING", "slot_size":80, "class":"0x1039feda0", "frozen":true, "embedded":true, "fstring":true, "bytesize":18, "value":"<internal:marshal>", "encoding":"US-ASCII", "memsize":80, "flags":{"wb_protected":true}}
{"address":"0x1039d99d8", "type":"STRING", "slot_size":80, "class":"0x1039feda0", "frozen":true, "embedded":true, "fstring":true, "bytesize":16, "value":"<class:NilClass>", "memsize":80, "flags":{"wb_protected":true}}
{"address":"0x1039d9a28", "type":"STRING", "slot_size":80, "class":"0x1039feda0", "frozen":true, "embedded":true, "fstring":true, "bytesize":19, "value":"<internal:nilclass>", "encoding":"US-ASCII", "memsize":80, "flags":{"wb_protected":true}}
{"address":"0x1039d9a78", "type":"STRING", "slot_size":80, "class":"0x1039feda0", "frozen":true, "embedded":true, "fstring":true, "bytesize":16, "value":"<internal:timev>", "encoding":"US-ASCII", "memsize":80, "flags":{"wb_protected":true}}
{"address":"0x1039d9ac8", "type":"STRING", "slot_size":80, "class":"0x1039feda0", "frozen":true, "embedded":true, "fstring":true, "bytesize":17, "value":"<internal:kernel>", "encoding":"US-ASCII", "memsize":80, "flags":{"wb_protected":true}}
{"address":"0x1039d9b18", "type":"STRING", "slot_size":80, "class":"0x1039feda0", "frozen":true, "embedded":true, "fstring":true, "bytesize":16, "value":"<internal:array>", "encoding":"US-ASCII", "memsize":80, "flags":{"wb_protected":true}}
{"address":"0x1039d9b68", "type":"STRING", "slot_size":80, "class":"0x1039feda0", "frozen":true, "embedded":true, "fstring":true, "bytesize":18, "value":"<internal:warning>", "encoding":"US-ASCII", "memsize":80, "flags":{"wb_protected":true}}
{"address":"0x1039d9bb8", "type":"STRING", "slot_size":80, "class":"0x1039feda0", "frozen":true, "embedded":true, "fstring":true, "bytesize":18, "value":"<class:TracePoint>", "memsize":80, "flags":{"wb_protected":true}}
{"address":"0x1039d9c08", "type":"STRING", "slot_size":80, "class":"0x1039feda0", "frozen":true, "embedded":true, "fstring":true, "bytesize":20, "value":"instruction_sequence", "encoding":"US-ASCII", "memsize":80, "flags":{"wb_protected":true}}
{"address":"0x1039d9c58", "type":"STRING", "slot_size":80, "class":"0x1039feda0", "frozen":true, "embedded":true, "fstring":true, "bytesize":16, "value":"raised_exception", "encoding":"US-ASCII", "memsize":80, "flags":{"wb_protected":true}}
{"address":"0x1039d9ca8", "type":"STRING", "slot_size":80, "class":"0x1039feda0", "frozen":true, "embedded":true, "fstring":true, "bytesize":22, "value":"<internal:trace_point>", "encoding":"US-ASCII", "memsize":80, "flags":{"wb_protected":true}}
{"address":"0x1039d9cf8", "type":"STRING", "slot_size":80, "class":"0x1039feda0", "frozen":true, "embedded":true, "fstring":true, "bytesize":27, "value":"<module:AbstractSyntaxTree>", "memsize":80, "flags":{"wb_protected":true}}
{"address":"0x1039d9d48", "type":"STRING", "slot_size":80, "class":"0x1039feda0", "frozen":true, "embedded":true, "fstring":true, "bytesize":18, "value":"<internal:numeric>", "encoding":"US-ASCII", "memsize":80, "flags":{"wb_protected":true}}
{"address":"0x1039d9d98", "type":"STRING", "slot_size":80, "class":"0x1039feda0", "frozen":true, "embedded":true, "fstring":true, "bytesize":19, "value":"<class:RemoteError>", "memsize":80, "flags":{"wb_protected":true}}
{"address":"0x1039d9de8", "type":"STRING", "slot_size":80, "class":"0x1039feda0", "frozen":true, "embedded":true, "fstring":true, "bytesize":44, "value":"specify at least one ractor or `yield_value`", "encoding":"UTF-8", "memsize":80, "flags":{"wb_protected":true}}
{"address":"0x1039d9e38", "type":"STRING", "slot_size":80, "class":"0x1039feda0", "frozen":true, "embedded":true, "fstring":true, "bytesize":17, "value":"yield_unspecified", "encoding":"US-ASCII", "memsize":80, "flags":{"wb_protected":true}}
{"address":"0x1039d9e88", "type":"STRING", "slot_size":80, "class":"0x1039feda0", "frozen":true, "embedded":true, "fstring":true, "bytesize":17, "value":"<internal:ractor>", "encoding":"US-ASCII", "memsize":80, "flags":{"wb_protected":true}}
{"address":"0x1039d9ed8", "type":"STRING", "slot_size":80, "class":"0x1039feda0", "frozen":true, "embedded":true, "fstring":true, "bytesize":27, "value":"must be called with a block", "encoding":"UTF-8", "memsize":80, "flags":{"wb_protected":true}}
{"address":"0x1039d9f28", "type":"STRING", "slot_size":80, "class":"0x1039feda0", "frozen":true, "embedded":true, "fstring":true, "bytesize":20, "value":"<module:ObjectSpace>", "memsize":80, "flags":{"wb_protected":true}}
{"address":"0x1039d9f78", "type":"STRING", "slot_size":80, "class":"0x1039feda0", "frozen":true, "embedded":true, "fstring":true, "bytesize":18, "value":"measure_total_time", "encoding":"US-ASCII", "memsize":80, "flags":{"wb_protected":true}}
{"address":"0x1039d9fc8", "type":"STRING", "slot_size":80, "class":"0x1039feda0", "frozen":true, "embedded":true, "fstring":true, "bytesize":19, "value":"measure_total_time=", "encoding":"US-ASCII", "memsize":80, "flags":{"wb_protected":true}}
{"address":"0x1039da018", "type":"STRING", "slot_size":80, "class":"0x1039feda0", "frozen":true, "embedded":true, "fstring":true, "bytesize":28, "value":"verify_compaction_references", "encoding":"US-ASCII", "memsize":80, "flags":{"wb_protected":true}}
{"address":"0x1039da068", "type":"STRING", "slot_size":80, "class":"0x1039feda0", "frozen":true, "embedded":true, "fstring":true, "bytesize":19, "value":"latest_compact_info", "encoding":"US-ASCII", "memsize":80, "flags":{"wb_protected":true}}
{"address":"0x1039da0b8", "type":"STRING", "slot_size":80, "class":"0x1039feda0", "embedded":true, "bytesize":53, "value":"/Users/jemmaissroff/.rubies/ruby-trunk/lib/ruby/3.2.0", "encoding":"UTF-8", "references":["0x1039da0b8"], "memsize":96, "flags":{"wb_protected":true}}
{"address":"0x1039da108", "type":"STRING", "slot_size":80, "class":"0x1039feda0", "frozen":true, "embedded":true, "fstring":true, "bytesize":51, "value":"/Users/jemmaissroff/src/github.com/Shopify/ruby/lib", "encoding":"UTF-8", "memsize":80, "flags":{"wb_protected":true}}
{"address":"0x1039da158", "type":"STRING", "slot_size":80, "class":"0x1039feda0", "frozen":true, "embedded":true, "fstring":true, "bytesize":47, "value":"/Users/jemmaissroff/src/github.com/Shopify/ruby", "encoding":"UTF-8", "memsize":80, "flags":{"wb_protected":true}}
{"address":"0x1039da1a8", "type":"STRING", "slot_size":80, "class":"0x1039feda0", "frozen":true, "embedded":true, "bytesize":24, "value":"enc/trans/transdb.bundle", "memsize":80, "flags":{"wb_protected":true}}
{"address":"0x1039da1f8", "type":"STRING", "slot_size":80, "class":"0x1039feda0", "frozen":true, "embedded":true, "bytesize":20, "value":"enc/trans/transdb.so", "memsize":80, "flags":{"wb_protected":true}}
{"address":"0x1039da248", "type":"STRING", "slot_size":80, "class":"0x1039feda0", "frozen":true, "embedded":true, "fstring":true, "bytesize":26, "value":"STATELESS_ISO_2022_JP_KDDI", "encoding":"US-ASCII", "memsize":80, "flags":{"wb_protected":true}}
{"address":"0x1039da298", "type":"STRING", "slot_size":80, "class":"0x1039feda0", "frozen":true, "embedded":true, "fstring":true, "bytesize":26, "value":"Stateless_ISO_2022_JP_KDDI", "encoding":"US-ASCII", "memsize":80, "flags":{"wb_protected":true}}
{"address":"0x1039da2e8", "type":"STRING", "slot_size":80, "class":"0x1039feda0", "frozen":true, "embedded":true, "fstring":true, "bytesize":16, "value":"ISO_2022_JP_KDDI", "encoding":"US-ASCII", "memsize":80, "flags":{"wb_protected":true}}
{"address":"0x1039da338", "type":"STRING", "slot_size":80, "class":"0x1039feda0", "frozen":true, "embedded":true, "fstring":true, "bytesize":21, "value":"STATELESS_ISO_2022_JP", "encoding":"US-ASCII", "memsize":80, "flags":{"wb_protected":true}}
{"address":"0x1039da388", "type":"STRING", "slot_size":80, "class":"0x1039feda0", "frozen":true, "embedded":true, "fstring":true, "bytesize":21, "value":"Stateless_ISO_2022_JP", "encoding":"US-ASCII", "memsize":80, "flags":{"wb_protected":true}}
{"address":"0x1039da3d8", "type":"STRING", "slot_size":80, "class":"0x1039feda0", "frozen":true, "embedded":true, "fstring":true, "bytesize":53, "value":"/Users/jemmaissroff/.rubies/ruby-trunk/lib/ruby/3.2.0", "memsize":80, "flags":{"wb_protected":true}}
{"address":"0x1039da428", "type":"STRING", "slot_size":80, "class":"0x1039feda0", "embedded":true, "bytesize":53, "value":"/Users/jemmaissroff/.rubies/ruby-trunk/lib/ruby/3.2.0", "memsize":80, "flags":{"wb_protected":true}}
{"address":"0x1039da478", "type":"STRING", "slot_size":80, "class":"0x1039feda0", "embedded":true, "bytesize":51, "value":"/Users/jemmaissroff/src/github.com/Shopify/ruby/lib", "memsize":80, "flags":{"wb_protected":true}}
{"address":"0x1039da4c8", "type":"STRING", "slot_size":80, "class":"0x1039feda0", "frozen":true, "embedded":true, "fstring":true, "bytesize":51, "value":"/Users/jemmaissroff/src/github.com/Shopify/ruby/lib", "memsize":80, "flags":{"wb_protected":true}}
{"address":"0x1039da518", "type":"STRING", "slot_size":80, "class":"0x1039feda0", "embedded":true, "bytesize":51, "value":"/Users/jemmaissroff/src/github.com/Shopify/ruby/lib", "memsize":80, "flags":{"wb_protected":true}}
{"address":"0x1039da568", "type":"STRING", "slot_size":80, "class":"0x1039feda0", "frozen":true, "embedded":true, "fstring":true, "bytesize":47, "value":"/Users/jemmaissroff/src/github.com/Shopify/ruby", "memsize":80, "flags":{"wb_protected":true}}
{"address":"0x1039da5b8", "type":"STRING", "slot_size":80, "class":"0x1039feda0", "embedded":true, "bytesize":47, "value":"/Users/jemmaissroff/src/github.com/Shopify/ruby", "memsize":80, "flags":{"wb_protected":true}}
{"address":"0x1039da608", "type":"STRING", "slot_size":80, "class":"0x1039feda0", "frozen":true, "embedded":true, "fstring":true, "bytesize":16, "value":"RUBY_DESCRIPTION", "encoding":"US-ASCII", "memsize":80, "flags":{"wb_protected":true}}
{"address":"0x1039da658", "type":"STRING", "slot_size":80, "class":"0x1039feda0", "frozen":true, "embedded":true, "bytesize":53, "value":"/Users/jemmaissroff/.rubies/ruby-trunk/lib/ruby/3.2.0", "references":["0x1039da658"], "memsize":96, "flags":{"wb_protected":true}}
{"address":"0x1039da6a8", "type":"STRING", "slot_size":80, "class":"0x1039feda0", "frozen":true, "embedded":true, "fstring":true, "bytesize":18, "value":"@gem_prelude_index", "encoding":"US-ASCII", "memsize":80, "flags":{"wb_protected":true}}
{"address":"0x1039da6f8", "type":"STRING", "slot_size":80, "class":"0x1039feda0", "frozen":true, "embedded":true, "bytesize":51, "value":"/Users/jemmaissroff/src/github.com/Shopify/ruby/lib", "memsize":80, "flags":{"wb_protected":true}}
{"address":"0x1039da748", "type":"STRING", "slot_size":80, "class":"0x1039feda0", "frozen":true, "embedded":true, "bytesize":51, "value":"/Users/jemmaissroff/src/github.com/Shopify/ruby/lib", "memsize":80, "flags":{"wb_protected":true}}
{"address":"0x1039da798", "type":"STRING", "slot_size":80, "class":"0x1039feda0", "frozen":true, "embedded":true, "bytesize":47, "value":"/Users/jemmaissroff/src/github.com/Shopify/ruby", "memsize":80, "flags":{"wb_protected":true}}
{"address":"0x1039da7e8", "type":"STRING", "slot_size":80, "class":"0x1039feda0", "frozen":true, "embedded":true, "bytesize":38, "value":"/Users/jemmaissroff/.rubies/ruby-trunk", "memsize":80, "flags":{"wb_protected":true}}
{"address":"0x1039da838", "type":"STRING", "slot_size":80, "class":"0x1039feda0", "frozen":true, "embedded":true, "fstring":true, "bytesize":32, "value":"RubyVM::AbstractSyntaxTree::Node", "encoding":"US-ASCII", "memsize":80, "flags":{"wb_protected":true}}
{"address":"0x1039da888", "type":"STRING", "slot_size":80, "class":"0x1039feda0", "embedded":true, "bytesize":32, "value":"RubyVM::AbstractSyntaxTree::Node", "encoding":"US-ASCII", "memsize":80, "flags":{"wb_protected":true}}
{"address":"0x1039da8d8", "type":"STRING", "slot_size":80, "class":"0x1039feda0", "frozen":true, "embedded":true, "fstring":true, "bytesize":26, "value":"RubyVM::AbstractSyntaxTree", "encoding":"US-ASCII", "memsize":80, "flags":{"wb_protected":true}}
{"address":"0x1039da928", "type":"STRING", "slot_size":80, "class":"0x1039feda0", "frozen":true, "embedded":true, "fstring":true, "bytesize":18, "value":"AbstractSyntaxTree", "encoding":"US-ASCII", "memsize":80, "flags":{"wb_protected":true}}
{"address":"0x1039da978", "type":"STRING", "slot_size":80, "class":"0x1039feda0", "frozen":true, "embedded":true, "fstring":true, "bytesize":19, "value":"RUBY_ENGINE_VERSION", "encoding":"US-ASCII", "memsize":80, "flags":{"wb_protected":true}}
{"address":"0x1039da9c8", "type":"STRING", "slot_size":80, "class":"0x1039feda0", "frozen":true, "embedded":true, "fstring":true, "bytesize":17, "value":"RUBY_RELEASE_DATE", "encoding":"US-ASCII", "memsize":80, "flags":{"wb_protected":true}}
{"address":"0x1039daa18", "type":"STRING", "slot_size":80, "class":"0x1039feda0", "frozen":true, "embedded":true, "fstring":true, "bytesize":19, "value":"Complex::compatible", "encoding":"US-ASCII", "memsize":80, "flags":{"wb_protected":true}}
{"address":"0x1039daa68", "type":"STRING", "slot_size":80, "class":"0x1039feda0", "frozen":true, "embedded":true, "fstring":true, "bytesize":20, "value":"Rational::compatible", "encoding":"US-ASCII", "memsize":80, "flags":{"wb_protected":true}}
{"address":"0x1039daab8", "type":"STRING", "slot_size":80, "class":"0x1039feda0", "frozen":true, "embedded":true, "fstring":true, "bytesize":17, "value":"current_scheduler", "encoding":"US-ASCII", "memsize":80, "flags":{"wb_protected":true}}
{"address":"0x1039dab08", "type":"STRING", "slot_size":80, "class":"0x1039feda0", "frozen":true, "embedded":true, "fstring":true, "bytesize":16, "value":"re_exchangeable?", "encoding":"US-ASCII", "memsize":80, "flags":{"wb_protected":true}}
{"address":"0x1039dab58", "type":"STRING", "slot_size":80, "class":"0x1039feda0", "frozen":true, "embedded":true, "fstring":true, "bytesize":16, "value":"change_privilege", "encoding":"US-ASCII", "memsize":80, "flags":{"wb_protected":true}}
{"address":"0x1039daba8", "type":"STRING", "slot_size":80, "class":"0x1039feda0", "frozen":true, "embedded":true, "fstring":true, "bytesize":23, "value":"CLOCK_UPTIME_RAW_APPROX", "encoding":"US-ASCII", "memsize":80, "flags":{"wb_protected":true}}
{"address":"0x1039dabf8", "type":"STRING", "slot_size":80, "class":"0x1039feda0", "frozen":true, "embedded":true, "fstring":true, "bytesize":16, "value":"CLOCK_UPTIME_RAW", "encoding":"US-ASCII", "memsize":80, "flags":{"wb_protected":true}}
{"address":"0x1039dac48", "type":"STRING", "slot_size":80, "class":"0x1039feda0", "frozen":true, "embedded":true, "fstring":true, "bytesize":26, "value":"CLOCK_MONOTONIC_RAW_APPROX", "encoding":"US-ASCII", "memsize":80, "flags":{"wb_protected":true}}
{"address":"0x1039dac98", "type":"STRING", "slot_size":80, "class":"0x1039feda0", "frozen":true, "embedded":true, "fstring":true, "bytesize":19, "value":"CLOCK_MONOTONIC_RAW", "encoding":"US-ASCII", "memsize":80, "flags":{"wb_protected":true}}
{"address":"0x1039dace8", "type":"STRING", "slot_size":80, "class":"0x1039feda0", "frozen":true, "embedded":true, "fstring":true, "bytesize":23, "value":"CLOCK_THREAD_CPUTIME_ID", "encoding":"US-ASCII", "memsize":80, "flags":{"wb_protected":true}}
{"address":"0x1039dad38", "type":"STRING", "slot_size":80, "class":"0x1039feda0", "frozen":true, "embedded":true, "fstring":true, "bytesize":24, "value":"CLOCK_PROCESS_CPUTIME_ID", "encoding":"US-ASCII", "memsize":80, "flags":{"wb_protected":true}}
{"address":"0x1039dad88", "type":"STRING", "slot_size":80, "class":"0x1039feda0", "frozen":true, "embedded":true, "fstring":true, "bytesize":40, "value":"MACH_ABSOLUTE_TIME_BASED_CLOCK_MONOTONIC", "encoding":"US-ASCII", "memsize":80, "flags":{"wb_protected":true}}
{"address":"0x1039dadd8", "type":"STRING", "slot_size":80, "class":"0x1039feda0", "frozen":true, "embedded":true, "fstring":true, "bytesize":36, "value":"CLOCK_BASED_CLOCK_PROCESS_CPUTIME_ID", "encoding":"US-ASCII", "memsize":80, "flags":{"wb_protected":true}}
{"address":"0x1039dae28", "type":"STRING", "slot_size":80, "class":"0x1039feda0", "frozen":true, "embedded":true, "fstring":true, "bytesize":40, "value":"GETRUSAGE_BASED_CLOCK_PROCESS_CPUTIME_ID", "encoding":"US-ASCII", "memsize":80, "flags":{"wb_protected":true}}
{"address":"0x1039dae78", "type":"STRING", "slot_size":80, "class":"0x1039feda0", "frozen":true, "embedded":true, "fstring":true, "bytesize":36, "value":"TIMES_BASED_CLOCK_PROCESS_CPUTIME_ID", "encoding":"US-ASCII", "memsize":80, "flags":{"wb_protected":true}}
{"address":"0x1039daec8", "type":"STRING", "slot_size":80, "class":"0x1039feda0", "frozen":true, "embedded":true, "fstring":true, "bytesize":27, "value":"TIMES_BASED_CLOCK_MONOTONIC", "encoding":"US-ASCII", "memsize":80, "flags":{"wb_protected":true}}
{"address":"0x1039daf18", "type":"STRING", "slot_size":80, "class":"0x1039feda0", "frozen":true, "embedded":true, "fstring":true, "bytesize":25, "value":"TIME_BASED_CLOCK_REALTIME", "encoding":"US-ASCII", "memsize":80, "flags":{"wb_protected":true}}
{"address":"0x1039daf68", "type":"STRING", "slot_size":80, "class":"0x1039feda0", "frozen":true, "embedded":true, "fstring":true, "bytesize":33, "value":"GETTIMEOFDAY_BASED_CLOCK_REALTIME", "encoding":"US-ASCII", "memsize":80, "flags":{"wb_protected":true}}
{"address":"0x1039dafb8", "type":"STRING", "slot_size":80, "class":"0x1039feda0", "frozen":true, "embedded":true, "fstring":true, "bytesize":17, "value":"float_millisecond", "encoding":"US-ASCII", "memsize":80, "flags":{"wb_protected":true}}
{"address":"0x1039db008", "type":"STRING", "slot_size":80, "class":"0x1039feda0", "frozen":true, "embedded":true, "fstring":true, "bytesize":17, "value":"float_microsecond", "encoding":"US-ASCII", "memsize":80, "flags":{"wb_protected":true}}
{"address":"0x1039db058", "type":"STRING", "slot_size":80, "class":"0x1039feda0", "frozen":true, "embedded":true, "fstring":true, "bytesize":25, "value":"Thread::ConditionVariable", "encoding":"US-ASCII", "memsize":80, "flags":{"wb_protected":true}}
{"address":"0x1039db0a8", "type":"STRING", "slot_size":80, "class":"0x1039feda0", "frozen":true, "embedded":true, "fstring":true, "bytesize":17, "value":"ConditionVariable", "encoding":"US-ASCII", "memsize":80, "flags":{"wb_protected":true}}
{"address":"0x1039db0f8", "type":"STRING", "slot_size":80, "class":"0x1039feda0", "frozen":true, "embedded":true, "fstring":true, "bytesize":18, "value":"Thread::SizedQueue", "encoding":"US-ASCII", "memsize":80, "flags":{"wb_protected":true}}
{"address":"0x1039db148", "type":"STRING", "slot_size":80, "class":"0x1039feda0", "frozen":true, "embedded":true, "fstring":true, "bytesize":16, "value":"ClosedQueueError", "encoding":"US-ASCII", "memsize":80, "flags":{"wb_protected":true}}
{"address":"0x1039db198", "type":"STRING", "slot_size":80, "class":"0x1039feda0", "frozen":true, "embedded":true, "fstring":true, "bytesize":16, "value":"native_thread_id", "encoding":"US-ASCII", "memsize":80, "flags":{"wb_protected":true}}
{"address":"0x1039db1e8", "type":"STRING", "slot_size":80, "class":"0x1039feda0", "frozen":true, "embedded":true, "fstring":true, "bytesize":16, "value":"thread_variable?", "encoding":"US-ASCII", "memsize":80, "flags":{"wb_protected":true}}
{"address":"0x1039db238", "type":"STRING", "slot_size":80, "class":"0x1039feda0", "frozen":true, "embedded":true, "fstring":true, "bytesize":16, "value":"thread_variables", "encoding":"US-ASCII", "memsize":80, "flags":{"wb_protected":true}}
{"address":"0x1039db288", "type":"STRING", "slot_size":80, "class":"0x1039feda0", "frozen":true, "embedded":true, "fstring":true, "bytesize":19, "value":"thread_variable_set", "encoding":"US-ASCII", "memsize":80, "flags":{"wb_protected":true}}
{"address":"0x1039db2d8", "type":"STRING", "slot_size":80, "class":"0x1039feda0", "frozen":true, "embedded":true, "fstring":true, "bytesize":19, "value":"thread_variable_get", "encoding":"US-ASCII", "memsize":80, "flags":{"wb_protected":true}}
{"address":"0x1039db328", "type":"STRING", "slot_size":80, "class":"0x1039feda0", "frozen":true, "embedded":true, "fstring":true, "bytesize":18, "value":"pending_interrupt?", "encoding":"US-ASCII", "memsize":80, "flags":{"wb_protected":true}}
{"address":"0x1039db378", "type":"STRING", "slot_size":80, "class":"0x1039feda0", "frozen":true, "embedded":true, "fstring":true, "bytesize":16, "value":"handle_interrupt", "encoding":"US-ASCII", "memsize":80, "flags":{"wb_protected":true}}
{"address":"0x1039db3c8", "type":"STRING", "slot_size":80, "class":"0x1039feda0", "frozen":true, "embedded":true, "fstring":true, "bytesize":16, "value":"ignore_deadlock=", "encoding":"US-ASCII", "memsize":80, "flags":{"wb_protected":true}}
{"address":"0x1039db418", "type":"STRING", "slot_size":80, "class":"0x1039feda0", "frozen":true, "embedded":true, "fstring":true, "bytesize":20, "value":"report_on_exception=", "encoding":"US-ASCII", "memsize":80, "flags":{"wb_protected":true}}
{"address":"0x1039db468", "type":"STRING", "slot_size":80, "class":"0x1039feda0", "frozen":true, "embedded":true, "fstring":true, "bytesize":19, "value":"report_on_exception", "encoding":"US-ASCII", "memsize":80, "flags":{"wb_protected":true}}
{"address":"0x1039db4b8", "type":"STRING", "slot_size":80, "class":"0x1039feda0", "frozen":true, "embedded":true, "fstring":true, "bytesize":19, "value":"abort_on_exception=", "encoding":"US-ASCII", "memsize":80, "flags":{"wb_protected":true}}
{"address":"0x1039db508", "type":"STRING", "slot_size":80, "class":"0x1039feda0", "frozen":true, "embedded":true, "fstring":true, "bytesize":18, "value":"abort_on_exception", "encoding":"US-ASCII", "memsize":80, "flags":{"wb_protected":true}}
{"address":"0x1039db558", "type":"STRING", "slot_size":80, "class":"0x1039feda0", "frozen":true, "embedded":true, "fstring":true, "bytesize":27, "value":"load_from_binary_extra_data", "encoding":"US-ASCII", "memsize":80, "flags":{"wb_protected":true}}
{"address":"0x1039db5a8", "type":"STRING", "slot_size":80, "class":"0x1039feda0", "frozen":true, "embedded":true, "fstring":true, "bytesize":16, "value":"load_from_binary", "encoding":"US-ASCII", "memsize":80, "flags":{"wb_protected":true}}
{"address":"0x1039db5f8", "type":"STRING", "slot_size":80, "class":"0x1039feda0", "frozen":true, "embedded":true, "fstring":true, "bytesize":27, "value":"RubyVM::InstructionSequence", "encoding":"US-ASCII", "memsize":80, "flags":{"wb_protected":true}}
{"address":"0x1039db648", "type":"STRING", "slot_size":80, "class":"0x1039feda0", "frozen":true, "embedded":true, "fstring":true, "bytesize":19, "value":"InstructionSequence", "encoding":"US-ASCII", "memsize":80, "flags":{"wb_protected":true}}
{"address":"0x1039db698", "type":"STRING", "slot_size":80, "class":"0x1039feda0", "frozen":true, "embedded":true, "fstring":true, "bytesize":16, "value":"caller_locations", "encoding":"US-ASCII", "memsize":80, "flags":{"wb_protected":true}}
{"address":"0x1039db6e8", "type":"STRING", "slot_size":80, "class":"0x1039feda0", "frozen":true, "embedded":true, "fstring":true, "bytesize":27, "value":"Thread::Backtrace::Location", "encoding":"US-ASCII", "memsize":80, "flags":{"wb_protected":true}}
{"address":"0x1039db738", "type":"STRING", "slot_size":80, "class":"0x1039feda0", "embedded":true, "bytesize":27, "value":"Thread::Backtrace::Location", "encoding":"US-ASCII", "memsize":80, "flags":{"wb_protected":true}}
{"address":"0x1039db788", "type":"STRING", "slot_size":80, "class":"0x1039feda0", "frozen":true, "embedded":true, "fstring":true, "bytesize":17, "value":"Thread::Backtrace", "encoding":"US-ASCII", "memsize":80, "flags":{"wb_protected":true}}
{"address":"0x1039db7d8", "type":"STRING", "slot_size":80, "class":"0x1039feda0", "frozen":true, "embedded":true, "fstring":true, "bytesize":16, "value":"TOPLEVEL_BINDING", "encoding":"US-ASCII", "memsize":80, "flags":{"wb_protected":true}}
{"address":"0x1039db828", "type":"STRING", "slot_size":80, "class":"0x1039feda0", "frozen":true, "embedded":true, "fstring":true, "bytesize":24, "value":"fiber_machine_stack_size", "encoding":"US-ASCII", "memsize":80, "flags":{"wb_protected":true}}
{"address":"0x1039db878", "type":"STRING", "slot_size":80, "class":"0x1039feda0", "frozen":true, "embedded":true, "fstring":true, "bytesize":19, "value":"fiber_vm_stack_size", "encoding":"US-ASCII", "memsize":80, "flags":{"wb_protected":true}}
{"address":"0x1039db8c8", "type":"STRING", "slot_size":80, "class":"0x1039feda0", "frozen":true, "embedded":true, "fstring":true, "bytesize":25, "value":"thread_machine_stack_size", "encoding":"US-ASCII", "memsize":80, "flags":{"wb_protected":true}}
{"address":"0x1039db918", "type":"STRING", "slot_size":80, "class":"0x1039feda0", "frozen":true, "embedded":true, "fstring":true, "bytesize":20, "value":"thread_vm_stack_size", "encoding":"US-ASCII", "memsize":80, "flags":{"wb_protected":true}}
{"address":"0x1039db968", "type":"STRING", "slot_size":80, "class":"0x1039feda0", "frozen":true, "embedded":true, "fstring":true, "bytesize":17, "value":"INSTRUCTION_NAMES", "encoding":"US-ASCII", "memsize":80, "flags":{"wb_protected":true}}
{"address":"0x1039db9b8", "type":"STRING", "slot_size":80, "class":"0x1039feda0", "frozen":true, "embedded":true, "fstring":true, "bytesize":16, "value":"ensure_shareable", "encoding":"US-ASCII", "memsize":80, "flags":{"wb_protected":true}}
{"address":"0x1039dba08", "type":"STRING", "slot_size":80, "class":"0x1039feda0", "frozen":true, "embedded":true, "fstring":true, "bytesize":19, "value":"make_shareable_copy", "encoding":"US-ASCII", "memsize":80, "flags":{"wb_protected":true}}
{"address":"0x1039dba58", "type":"STRING", "slot_size":80, "class":"0x1039feda0", "frozen":true, "embedded":true, "fstring":true, "bytesize":18, "value":"RubyVM::FrozenCore", "encoding":"US-ASCII", "memsize":80, "flags":{"wb_protected":true}}
{"address":"0x1039dbaa8", "type":"STRING", "slot_size":80, "class":"0x1039feda0", "frozen":true, "embedded":true, "fstring":true, "bytesize":18, "value":"keep_script_lines=", "encoding":"US-ASCII", "memsize":80, "flags":{"wb_protected":true}}
{"address":"0x1039dbaf8", "type":"STRING", "slot_size":80, "class":"0x1039feda0", "frozen":true, "embedded":true, "fstring":true, "bytesize":17, "value":"keep_script_lines", "encoding":"US-ASCII", "memsize":80, "flags":{"wb_protected":true}}
{"address":"0x1039dbb48", "type":"STRING", "slot_size":80, "class":"0x1039feda0", "frozen":true, "embedded":true, "fstring":true, "bytesize":19, "value":"Ractor::MovedObject", "encoding":"US-ASCII", "memsize":80, "flags":{"wb_protected":true}}
{"address":"0x1039dbb98", "type":"STRING", "slot_size":80, "class":"0x1039feda0", "frozen":true, "embedded":true, "fstring":true, "bytesize":19, "value":"Ractor::UnsafeError", "encoding":"US-ASCII", "memsize":80, "flags":{"wb_protected":true}}
{"address":"0x1039dbbe8", "type":"STRING", "slot_size":80, "class":"0x1039feda0", "frozen":true, "embedded":true, "fstring":true, "bytesize":19, "value":"Ractor::ClosedError", "encoding":"US-ASCII", "memsize":80, "flags":{"wb_protected":true}}
{"address":"0x1039dbc38", "type":"STRING", "slot_size":80, "class":"0x1039feda0", "frozen":true, "embedded":true, "fstring":true, "bytesize":18, "value":"Ractor::MovedError", "encoding":"US-ASCII", "memsize":80, "flags":{"wb_protected":true}}
{"address":"0x1039dbc88", "type":"STRING", "slot_size":80, "class":"0x1039feda0", "frozen":true, "embedded":true, "fstring":true, "bytesize":19, "value":"Ractor::RemoteError", "encoding":"US-ASCII", "memsize":80, "flags":{"wb_protected":true}}
{"address":"0x1039dbcd8", "type":"STRING", "slot_size":80, "class":"0x1039feda0", "frozen":true, "embedded":true, "fstring":true, "bytesize":22, "value":"Ractor::IsolationError", "encoding":"US-ASCII", "memsize":80, "flags":{"wb_protected":true}}
{"address":"0x1039dbd28", "type":"STRING", "slot_size":80, "class":"0x1039feda0", "frozen":true, "embedded":true, "fstring":true, "bytesize":30, "value":"Enumerator::ArithmeticSequence", "encoding":"US-ASCII", "memsize":80, "flags":{"wb_protected":true}}
{"address":"0x1039dbd78", "type":"STRING", "slot_size":80, "class":"0x1039feda0", "frozen":true, "embedded":true, "fstring":true, "bytesize":18, "value":"ArithmeticSequence", "encoding":"US-ASCII", "memsize":80, "flags":{"wb_protected":true}}
{"address":"0x1039dbdc8", "type":"STRING", "slot_size":80, "class":"0x1039feda0", "frozen":true, "embedded":true, "fstring":true, "bytesize":17, "value":"Enumerator::Chain", "encoding":"US-ASCII", "memsize":80, "flags":{"wb_protected":true}}
{"address":"0x1039dbe18", "type":"STRING", "slot_size":80, "class":"0x1039feda0", "frozen":true, "embedded":true, "fstring":true, "bytesize":20, "value":"Enumerator::Producer", "encoding":"US-ASCII", "memsize":80, "flags":{"wb_protected":true}}
{"address":"0x1039dbe68", "type":"STRING", "slot_size":80, "class":"0x1039feda0", "frozen":true, "embedded":true, "fstring":true, "bytesize":19, "value":"Enumerator::Yielder", "encoding":"US-ASCII", "memsize":80, "flags":{"wb_protected":true}}
{"address":"0x1039dbeb8", "type":"STRING", "slot_size":80, "class":"0x1039feda0", "frozen":true, "embedded":true, "fstring":true, "bytesize":21, "value":"Enumerator::Generator", "encoding":"US-ASCII", "memsize":80, "flags":{"wb_protected":true}}
{"address":"0x1039dbf08", "type":"STRING", "slot_size":80, "class":"0x1039feda0", "frozen":true, "embedded":true, "fstring":true, "bytesize":22, "value":"_enumerable_with_index", "encoding":"US-ASCII", "memsize":80, "flags":{"wb_protected":true}}
{"address":"0x1039dbf58", "type":"STRING", "slot_size":80, "class":"0x1039feda0", "frozen":true, "embedded":true, "fstring":true, "bytesize":16, "value":"_enumerable_uniq", "encoding":"US-ASCII", "memsize":80, "flags":{"wb_protected":true}}
{"address":"0x1039dbfa8", "type":"STRING", "slot_size":80, "class":"0x1039feda0", "frozen":true, "embedded":true, "fstring":true, "bytesize":22, "value":"_enumerable_drop_while", "encoding":"US-ASCII", "memsize":80, "flags":{"wb_protected":true}}
{"address":"0x1039dbff8", "type":"STRING", "slot_size":80, "class":"0x1039feda0", "frozen":true, "embedded":true, "fstring":true, "bytesize":16, "value":"_enumerable_drop", "encoding":"US-ASCII", "memsize":80, "flags":{"wb_protected":true}}
{"address":"0x1039dc048", "type":"STRING", "slot_size":80, "class":"0x1039feda0", "frozen":true, "embedded":true, "fstring":true, "bytesize":22, "value":"_enumerable_take_while", "encoding":"US-ASCII", "memsize":80, "flags":{"wb_protected":true}}
{"address":"0x1039dc098", "type":"STRING", "slot_size":80, "class":"0x1039feda0", "frozen":true, "embedded":true, "fstring":true, "bytesize":16, "value":"_enumerable_take", "encoding":"US-ASCII", "memsize":80, "flags":{"wb_protected":true}}
{"address":"0x1039dc0e8", "type":"STRING", "slot_size":80, "class":"0x1039feda0", "frozen":true, "embedded":true, "fstring":true, "bytesize":18, "value":"_enumerable_grep_v", "encoding":"US-ASCII", "memsize":80, "flags":{"wb_protected":true}}
{"address":"0x1039dc138", "type":"STRING", "slot_size":80, "class":"0x1039feda0", "frozen":true, "embedded":true, "fstring":true, "bytesize":16, "value":"_enumerable_grep", "encoding":"US-ASCII", "memsize":80, "flags":{"wb_protected":true}}
{"address":"0x1039dc188", "type":"STRING", "slot_size":80, "class":"0x1039feda0", "frozen":true, "embedded":true, "fstring":true, "bytesize":18, "value":"_enumerable_reject", "encoding":"US-ASCII", "memsize":80, "flags":{"wb_protected":true}}
{"address":"0x1039dc1d8", "type":"STRING", "slot_size":80, "class":"0x1039feda0", "frozen":true, "embedded":true, "fstring":true, "bytesize":22, "value":"_enumerable_filter_map", "encoding":"US-ASCII", "memsize":80, "flags":{"wb_protected":true}}
{"address":"0x1039dc228", "type":"STRING", "slot_size":80, "class":"0x1039feda0", "frozen":true, "embedded":true, "fstring":true, "bytesize":18, "value":"_enumerable_filter", "encoding":"US-ASCII", "memsize":80, "flags":{"wb_protected":true}}
{"address":"0x1039dc278", "type":"STRING", "slot_size":80, "class":"0x1039feda0", "frozen":true, "embedded":true, "fstring":true, "bytesize":20, "value":"_enumerable_find_all", "encoding":"US-ASCII", "memsize":80, "flags":{"wb_protected":true}}
{"address":"0x1039dc2c8", "type":"STRING", "slot_size":80, "class":"0x1039feda0", "frozen":true, "embedded":true, "fstring":true, "bytesize":18, "value":"_enumerable_select", "encoding":"US-ASCII", "memsize":80, "flags":{"wb_protected":true}}
{"address":"0x1039dc318", "type":"STRING", "slot_size":80, "class":"0x1039feda0", "frozen":true, "embedded":true, "fstring":true, "bytesize":26, "value":"_enumerable_collect_concat", "encoding":"US-ASCII", "memsize":80, "flags":{"wb_protected":true}}
{"address":"0x1039dc368", "type":"STRING", "slot_size":80, "class":"0x1039feda0", "frozen":true, "embedded":true, "fstring":true, "bytesize":20, "value":"_enumerable_flat_map", "encoding":"US-ASCII", "memsize":80, "flags":{"wb_protected":true}}
{"address":"0x1039dc3b8", "type":"STRING", "slot_size":80, "class":"0x1039feda0", "frozen":true, "embedded":true, "fstring":true, "bytesize":19, "value":"_enumerable_collect", "encoding":"US-ASCII", "memsize":80, "flags":{"wb_protected":true}}
{"address":"0x1039dc408", "type":"STRING", "slot_size":80, "class":"0x1039feda0", "frozen":true, "embedded":true, "fstring":true, "bytesize":16, "value":"Enumerator::Lazy", "encoding":"US-ASCII", "memsize":80, "flags":{"wb_protected":true}}
{"address":"0x1039dc458", "type":"STRING", "slot_size":80, "class":"0x1039feda0", "frozen":true, "embedded":true, "fstring":true, "bytesize":42, "value":"verify_transient_heap_internal_consistency", "encoding":"US-ASCII", "memsize":80, "flags":{"wb_protected":true}}
{"address":"0x1039dc4a8", "type":"STRING", "slot_size":80, "class":"0x1039feda0", "frozen":true, "embedded":true, "fstring":true, "bytesize":27, "value":"verify_internal_consistency", "encoding":"US-ASCII", "memsize":80, "flags":{"wb_protected":true}}
{"address":"0x1039dc4f8", "type":"STRING", "slot_size":80, "class":"0x1039feda0", "frozen":true, "embedded":true, "fstring":true, "bytesize":20, "value":"ObjectSpace::WeakMap", "encoding":"US-ASCII", "memsize":80, "flags":{"wb_protected":true}}
{"address":"0x1039dc548", "type":"STRING", "slot_size":80, "class":"0x1039feda0", "frozen":true, "embedded":true, "fstring":true, "bytesize":21, "value":"shape_transition_tree", "encoding":"US-ASCII", "memsize":80, "flags":{"wb_protected":true}}
{"address":"0x1039dc598", "type":"STRING", "slot_size":80, "class":"0x1039feda0", "frozen":true, "embedded":true, "fstring":true, "bytesize":18, "value":"undefine_finalizer", "encoding":"US-ASCII", "memsize":80, "flags":{"wb_protected":true}}
{"address":"0x1039dc5e8", "type":"STRING", "slot_size":80, "class":"0x1039feda0", "frozen":true, "embedded":true, "fstring":true, "bytesize":16, "value":"define_finalizer", "encoding":"US-ASCII", "memsize":80, "flags":{"wb_protected":true}}
{"address":"0x1039dc638", "type":"STRING", "slot_size":80, "class":"0x1039feda0", "frozen":true, "embedded":true, "fstring":true, "bytesize":18, "value":"INTERNAL_CONSTANTS", "encoding":"US-ASCII", "memsize":80, "flags":{"wb_protected":true}}
{"address":"0x1039dc688", "type":"STRING", "slot_size":80, "class":"0x1039feda0", "frozen":true, "embedded":true, "fstring":true, "bytesize":24, "value":"RVARGC_MAX_ALLOCATE_SIZE", "encoding":"US-ASCII", "memsize":80, "flags":{"wb_protected":true}}
{"address":"0x1039dc6d8", "type":"STRING", "slot_size":80, "class":"0x1039feda0", "frozen":true, "embedded":true, "fstring":true, "bytesize":21, "value":"HEAP_PAGE_BITMAP_SIZE", "encoding":"US-ASCII", "memsize":80, "flags":{"wb_protected":true}}
{"address":"0x1039dc728", "type":"STRING", "slot_size":80, "class":"0x1039feda0", "frozen":true, "embedded":true, "fstring":true, "bytesize":19, "value":"HEAP_PAGE_OBJ_LIMIT", "encoding":"US-ASCII", "memsize":80, "flags":{"wb_protected":true}}
{"address":"0x1039dc778", "type":"STRING", "slot_size":80, "class":"0x1039feda0", "frozen":true, "embedded":true, "fstring":true, "bytesize":17, "value":"Math::DomainError", "encoding":"US-ASCII", "memsize":80, "flags":{"wb_protected":true}}
{"address":"0x1039dc7c8", "type":"STRING", "slot_size":80, "class":"0x1039feda0", "frozen":true, "embedded":true, "fstring":true, "bytesize":23, "value":"local_variable_defined?", "encoding":"US-ASCII", "memsize":80, "flags":{"wb_protected":true}}
{"address":"0x1039dc818", "type":"STRING", "slot_size":80, "class":"0x1039feda0", "frozen":true, "embedded":true, "fstring":true, "bytesize":18, "value":"local_variable_set", "encoding":"US-ASCII", "memsize":80, "flags":{"wb_protected":true}}
{"address":"0x1039dc868", "type":"STRING", "slot_size":80, "class":"0x1039feda0", "frozen":true, "embedded":true, "fstring":true, "bytesize":18, "value":"local_variable_get", "encoding":"US-ASCII", "memsize":80, "flags":{"wb_protected":true}}
{"address":"0x1039dc8b8", "type":"STRING", "slot_size":80, "class":"0x1039feda0", "frozen":true, "embedded":true, "fstring":true, "bytesize":23, "value":"define_singleton_method", "encoding":"US-ASCII", "memsize":80, "flags":{"wb_protected":true}}
{"address":"0x1039dc908", "type":"STRING", "slot_size":80, "class":"0x1039feda0", "frozen":true, "embedded":true, "fstring":true, "bytesize":22, "value":"public_instance_method", "encoding":"US-ASCII", "memsize":80, "flags":{"wb_protected":true}}
{"address":"0x1039dc958", "type":"STRING", "slot_size":80, "class":"0x1039feda0", "frozen":true, "embedded":true, "fstring":true, "bytesize":16, "value":"singleton_method", "encoding":"US-ASCII", "memsize":80, "flags":{"wb_protected":true}}
{"address":"0x1039dc9a8", "type":"STRING", "slot_size":80, "class":"0x1039feda0", "frozen":true, "embedded":true, "fstring":true, "bytesize":16, "value":"SystemStackError", "encoding":"US-ASCII", "memsize":80, "flags":{"wb_protected":true}}
{"address":"0x1039dc9f8", "type":"STRING", "slot_size":80, "class":"0x1039feda0", "frozen":true, "embedded":true, "fstring":true, "bytesize":16, "value":"require_relative", "encoding":"US-ASCII", "memsize":80, "flags":{"wb_protected":true}}
{"address":"0x1039dca48", "type":"STRING", "slot_size":80, "class":"0x1039feda0", "frozen":true, "embedded":true, "fstring":true, "bytesize":16, "value":"$LOADED_FEATURES", "encoding":"US-ASCII", "memsize":80, "flags":{"wb_protected":true}}
{"address":"0x1039dca98", "type":"STRING", "slot_size":80, "class":"0x1039feda0", "frozen":true, "embedded":true, "fstring":true, "bytesize":20, "value":"resolve_feature_path", "encoding":"US-ASCII", "memsize":80, "flags":{"wb_protected":true}}
{"address":"0x1039dcae8", "type":"STRING", "slot_size":80, "class":"0x1039feda0", "frozen":true, "embedded":true, "fstring":true, "bytesize":17, "value":"Random::Formatter", "encoding":"US-ASCII", "memsize":80, "flags":{"wb_protected":true}}
{"address":"0x1039dcb38", "type":"STRING", "slot_size":80, "class":"0x1039feda0", "frozen":true, "embedded":true, "fstring":true, "bytesize":28, "value":"IO::Buffer::InvalidatedError", "encoding":"US-ASCII", "memsize":80, "flags":{"wb_protected":true}}
{"address":"0x1039dcb88", "type":"STRING", "slot_size":80, "class":"0x1039feda0", "frozen":true, "embedded":true, "fstring":true, "bytesize":16, "value":"InvalidatedError", "encoding":"US-ASCII", "memsize":80, "flags":{"wb_protected":true}}
{"address":"0x1039dcbd8", "type":"STRING", "slot_size":80, "class":"0x1039feda0", "frozen":true, "embedded":true, "fstring":true, "bytesize":23, "value":"IO::Buffer::AccessError", "encoding":"US-ASCII", "memsize":80, "flags":{"wb_protected":true}}
{"address":"0x1039dcc28", "type":"STRING", "slot_size":80, "class":"0x1039feda0", "frozen":true, "embedded":true, "fstring":true, "bytesize":27, "value":"IO::Buffer::AllocationError", "encoding":"US-ASCII", "memsize":80, "flags":{"wb_protected":true}}
{"address":"0x1039dcc78", "type":"STRING", "slot_size":80, "class":"0x1039feda0", "frozen":true, "embedded":true, "fstring":true, "bytesize":23, "value":"IO::Buffer::LockedError", "encoding":"US-ASCII", "memsize":80, "flags":{"wb_protected":true}}
{"address":"0x1039dccc8", "type":"STRING", "slot_size":80, "class":"0x1039feda0", "frozen":true, "embedded":true, "fstring":true, "bytesize":16, "value":"executable_real?", "encoding":"US-ASCII", "memsize":80, "flags":{"wb_protected":true}}
{"address":"0x1039dcd18", "type":"STRING", "slot_size":80, "class":"0x1039feda0", "frozen":true, "embedded":true, "fstring":true, "bytesize":19, "value":"set_encoding_by_bom", "encoding":"US-ASCII", "memsize":80, "flags":{"wb_protected":true}}
{"address":"0x1039dcd68", "type":"STRING", "slot_size":80, "class":"0x1039feda0", "frozen":true, "embedded":true, "fstring":true, "bytesize":17, "value":"internal_encoding", "encoding":"US-ASCII", "memsize":80, "flags":{"wb_protected":true}}
{"address":"0x1039dcdb8", "type":"STRING", "slot_size":80, "class":"0x1039feda0", "frozen":true, "embedded":true, "fstring":true, "bytesize":17, "value":"external_encoding", "encoding":"US-ASCII", "memsize":80, "flags":{"wb_protected":true}}
{"address":"0x1039dce08", "type":"STRING", "slot_size":80, "class":"0x1039feda0", "frozen":true, "embedded":true, "fstring":true, "bytesize":27, "value":"IO::EINPROGRESSWaitWritable", "encoding":"US-ASCII", "memsize":80, "flags":{"wb_protected":true}}
{"address":"0x1039dce58", "type":"STRING", "slot_size":80, "class":"0x1039feda0", "frozen":true, "embedded":true, "fstring":true, "bytesize":23, "value":"EINPROGRESSWaitWritable", "encoding":"US-ASCII", "memsize":80, "flags":{"wb_protected":true}}
{"address":"0x1039dcea8", "type":"STRING", "slot_size":80, "class":"0x1039feda0", "frozen":true, "embedded":true, "fstring":true, "bytesize":27, "value":"IO::EINPROGRESSWaitReadable", "encoding":"US-ASCII", "memsize":80, "flags":{"wb_protected":true}}
{"address":"0x1039dcef8", "type":"STRING", "slot_size":80, "class":"0x1039feda0", "frozen":true, "embedded":true, "fstring":true, "bytesize":23, "value":"EINPROGRESSWaitReadable", "encoding":"US-ASCII", "memsize":80, "flags":{"wb_protected":true}}
{"address":"0x1039dcf48", "type":"STRING", "slot_size":80, "class":"0x1039feda0", "frozen":true, "embedded":true, "fstring":true, "bytesize":23, "value":"EWOULDBLOCKWaitWritable", "encoding":"US-ASCII", "memsize":80, "flags":{"wb_protected":true}}
{"address":"0x1039dcf98", "type":"STRING", "slot_size":80, "class":"0x1039feda0", "frozen":true, "embedded":true, "fstring":true, "bytesize":23, "value":"EWOULDBLOCKWaitReadable", "encoding":"US-ASCII", "memsize":80, "flags":{"wb_protected":true}}
{"address":"0x1039dcfe8", "type":"STRING", "slot_size":80, "class":"0x1039feda0", "frozen":true, "embedded":true, "fstring":true, "bytesize":22, "value":"IO::EAGAINWaitWritable", "encoding":"US-ASCII", "memsize":80, "flags":{"wb_protected":true}}
{"address":"0x1039dd038", "type":"STRING", "slot_size":80, "class":"0x1039feda0", "frozen":true, "embedded":true, "fstring":true, "bytesize":18, "value":"EAGAINWaitWritable", "encoding":"US-ASCII", "memsize":80, "flags":{"wb_protected":true}}
{"address":"0x1039dd088", "type":"STRING", "slot_size":80, "class":"0x1039feda0", "frozen":true, "embedded":true, "fstring":true, "bytesize":22, "value":"IO::EAGAINWaitReadable", "encoding":"US-ASCII", "memsize":80, "flags":{"wb_protected":true}}
{"address":"0x1039dd0d8", "type":"STRING", "slot_size":80, "class":"0x1039feda0", "frozen":true, "embedded":true, "fstring":true, "bytesize":18, "value":"EAGAINWaitReadable", "encoding":"US-ASCII", "memsize":80, "flags":{"wb_protected":true}}
{"address":"0x1039dd128", "type":"STRING", "slot_size":80, "class":"0x1039feda0", "frozen":true, "embedded":true, "fstring":true, "bytesize":16, "value":"IO::WaitWritable", "encoding":"US-ASCII", "memsize":80, "flags":{"wb_protected":true}}
{"address":"0x1039dd178", "type":"STRING", "slot_size":80, "class":"0x1039feda0", "frozen":true, "embedded":true, "fstring":true, "bytesize":16, "value":"IO::WaitReadable", "encoding":"US-ASCII", "memsize":80, "flags":{"wb_protected":true}}
{"address":"0x1039dd1c8", "type":"STRING", "slot_size":80, "class":"0x1039feda0", "frozen":true, "embedded":true, "fstring":true, "bytesize":17, "value":"incomplete_input?", "encoding":"US-ASCII", "memsize":80, "flags":{"wb_protected":true}}
{"address":"0x1039dd218", "type":"STRING", "slot_size":80, "class":"0x1039feda0", "frozen":true, "embedded":true, "fstring":true, "bytesize":24, "value":"XML_ATTR_QUOTE_DECORATOR", "encoding":"US-ASCII", "memsize":80, "flags":{"wb_protected":true}}
{"address":"0x1039dd268", "type":"STRING", "slot_size":80, "class":"0x1039feda0", "frozen":true, "embedded":true, "fstring":true, "bytesize":26, "value":"XML_ATTR_CONTENT_DECORATOR", "encoding":"US-ASCII", "memsize":80, "flags":{"wb_protected":true}}
{"address":"0x1039dd2b8", "type":"STRING", "slot_size":80, "class":"0x1039feda0", "frozen":true, "embedded":true, "fstring":true, "bytesize":18, "value":"XML_TEXT_DECORATOR", "encoding":"US-ASCII", "memsize":80, "flags":{"wb_protected":true}}
{"address":"0x1039dd308", "type":"STRING", "slot_size":80, "class":"0x1039feda0", "frozen":true, "embedded":true, "fstring":true, "bytesize":20, "value":"CR_NEWLINE_DECORATOR", "encoding":"US-ASCII", "memsize":80, "flags":{"wb_protected":true}}
{"address":"0x1039dd358", "type":"STRING", "slot_size":80, "class":"0x1039feda0", "frozen":true, "embedded":true, "fstring":true, "bytesize":22, "value":"CRLF_NEWLINE_DECORATOR", "encoding":"US-ASCII", "memsize":80, "flags":{"wb_protected":true}}
{"address":"0x1039dd3a8", "type":"STRING", "slot_size":80, "class":"0x1039feda0", "frozen":true, "embedded":true, "fstring":true, "bytesize":27, "value":"UNIVERSAL_NEWLINE_DECORATOR", "encoding":"US-ASCII", "memsize":80, "flags":{"wb_protected":true}}
{"address":"0x1039dd3f8", "type":"STRING", "slot_size":80, "class":"0x1039feda0", "frozen":true, "embedded":true, "fstring":true, "bytesize":17, "value":"UNDEF_HEX_CHARREF", "encoding":"US-ASCII", "memsize":80, "flags":{"wb_protected":true}}
{"address":"0x1039dd448", "type":"STRING", "slot_size":80, "class":"0x1039feda0", "frozen":true, "embedded":true, "fstring":true, "bytesize":17, "value":"primitive_errinfo", "encoding":"US-ASCII", "memsize":80, "flags":{"wb_protected":true}}
{"address":"0x1039dd498", "type":"STRING", "slot_size":80, "class":"0x1039feda0", "frozen":true, "embedded":true, "fstring":true, "bytesize":17, "value":"primitive_convert", "encoding":"US-ASCII", "memsize":80, "flags":{"wb_protected":true}}
{"address":"0x1039dd4e8", "type":"STRING", "slot_size":80, "class":"0x1039feda0", "frozen":true, "embedded":true, "fstring":true, "bytesize":20, "value":"asciicompat_encoding", "encoding":"US-ASCII", "memsize":80, "flags":{"wb_protected":true}}
{"address":"0x1039dd538", "type":"STRING", "slot_size":80, "class":"0x1039feda0", "frozen":true, "embedded":true, "fstring":true, "bytesize":19, "value":"Encoding::Converter", "encoding":"US-ASCII", "memsize":80, "flags":{"wb_protected":true}}
{"address":"0x1039dd588", "type":"STRING", "slot_size":80, "class":"0x1039feda0", "frozen":true, "embedded":true, "fstring":true, "bytesize":32, "value":"Encoding::ConverterNotFoundError", "encoding":"US-ASCII", "memsize":80, "flags":{"wb_protected":true}}
{"address":"0x1039dd5d8", "type":"STRING", "slot_size":80, "class":"0x1039feda0", "frozen":true, "embedded":true, "fstring":true, "bytesize":22, "value":"ConverterNotFoundError", "encoding":"US-ASCII", "memsize":80, "flags":{"wb_protected":true}}
{"address":"0x1039dd628", "type":"STRING", "slot_size":80, "class":"0x1039feda0", "frozen":true, "embedded":true, "fstring":true, "bytesize":34, "value":"Encoding::InvalidByteSequenceError", "encoding":"US-ASCII", "memsize":80, "flags":{"wb_protected":true}}
{"address":"0x1039dd678", "type":"STRING", "slot_size":80, "class":"0x1039feda0", "frozen":true, "embedded":true, "fstring":true, "bytesize":24, "value":"InvalidByteSequenceError", "encoding":"US-ASCII", "memsize":80, "flags":{"wb_protected":true}}
{"address":"0x1039dd6c8", "type":"STRING", "slot_size":80, "class":"0x1039feda0", "frozen":true, "embedded":true, "fstring":true, "bytesize":34, "value":"Encoding::UndefinedConversionError", "encoding":"US-ASCII", "memsize":80, "flags":{"wb_protected":true}}
{"address":"0x1039dd718", "type":"STRING", "slot_size":80, "class":"0x1039feda0", "frozen":true, "embedded":true, "fstring":true, "bytesize":24, "value":"UndefinedConversionError", "encoding":"US-ASCII", "memsize":80, "flags":{"wb_protected":true}}
{"address":"0x1039dd768", "type":"STRING", "slot_size":80, "class":"0x1039feda0", "frozen":true, "embedded":true, "fstring":true, "bytesize":17, "value":"universal_newline", "encoding":"US-ASCII", "memsize":80, "flags":{"wb_protected":true}}
{"address":"0x1039dd7b8", "type":"STRING", "slot_size":80, "class":"0x1039feda0", "frozen":true, "embedded":true, "fstring":true, "bytesize":19, "value":"source_buffer_empty", "encoding":"US-ASCII", "memsize":80, "flags":{"wb_protected":true}}
{"address":"0x1039dd808", "type":"STRING", "slot_size":80, "class":"0x1039feda0", "frozen":true, "embedded":true, "fstring":true, "bytesize":23, "value":"destination_buffer_full", "encoding":"US-ASCII", "memsize":80, "flags":{"wb_protected":true}}
{"address":"0x1039dd858", "type":"STRING", "slot_size":80, "class":"0x1039feda0", "frozen":true, "embedded":true, "fstring":true, "bytesize":20, "value":"undefined_conversion", "encoding":"US-ASCII", "memsize":80, "flags":{"wb_protected":true}}
{"address":"0x1039dd8a8", "type":"STRING", "slot_size":80, "class":"0x1039feda0", "frozen":true, "embedded":true, "fstring":true, "bytesize":21, "value":"invalid_byte_sequence", "encoding":"US-ASCII", "memsize":80, "flags":{"wb_protected":true}}
{"address":"0x1039dd8f8", "type":"STRING", "slot_size":80, "class":"0x1039feda0", "frozen":true, "embedded":true, "fstring":true, "bytesize":20, "value":"source_encoding_name", "encoding":"US-ASCII", "memsize":80, "flags":{"wb_protected":true}}
{"address":"0x1039dd948", "type":"STRING", "slot_size":80, "class":"0x1039feda0", "frozen":true, "embedded":true, "fstring":true, "bytesize":16, "value":"incomplete_input", "encoding":"US-ASCII", "memsize":80, "flags":{"wb_protected":true}}
{"address":"0x1039dd998", "type":"STRING", "slot_size":80, "class":"0x1039feda0", "frozen":true, "embedded":true, "fstring":true, "bytesize":25, "value":"destination_encoding_name", "encoding":"US-ASCII", "memsize":80, "flags":{"wb_protected":true}}
{"address":"0x1039dd9e8", "type":"STRING", "slot_size":80, "class":"0x1039feda0", "frozen":true, "embedded":true, "fstring":true, "bytesize":20, "value":"destination_encoding", "encoding":"US-ASCII", "memsize":80, "flags":{"wb_protected":true}}
{"address":"0x1039dda38", "type":"STRING", "slot_size":80, "class":"0x1039feda0", "frozen":true, "embedded":true, "fstring":true, "bytesize":16, "value":"__keyword_init__", "encoding":"US-ASCII", "memsize":80, "flags":{"wb_protected":true}}
{"address":"0x1039dda88", "type":"STRING", "slot_size":80, "class":"0x1039feda0", "frozen":true, "embedded":true, "fstring":true, "bytesize":16, "value":"__members_back__", "encoding":"US-ASCII", "memsize":80, "flags":{"wb_protected":true}}
{"address":"0x1039ddad8", "type":"STRING", "slot_size":80, "class":"0x1039feda0", "frozen":true, "embedded":true, "fstring":true, "bytesize":19, "value":"ruby2_keywords_hash", "encoding":"US-ASCII", "memsize":80, "flags":{"wb_protected":true}}
{"address":"0x1039ddb28", "type":"STRING", "slot_size":80, "class":"0x1039feda0", "frozen":true, "embedded":true, "fstring":true, "bytesize":20, "value":"ruby2_keywords_hash?", "encoding":"US-ASCII", "memsize":80, "flags":{"wb_protected":true}}
{"address":"0x1039ddb78", "type":"STRING", "slot_size":80, "class":"0x1039feda0", "frozen":true, "embedded":true, "fstring":true, "bytesize":16, "value":"deconstruct_keys", "encoding":"US-ASCII", "memsize":80, "flags":{"wb_protected":true}}
{"address":"0x1039ddbc8", "type":"STRING", "slot_size":80, "class":"0x1039feda0", "frozen":true, "embedded":true, "fstring":true, "bytesize":20, "value":"compare_by_identity?", "encoding":"US-ASCII", "memsize":80, "flags":{"wb_protected":true}}
{"address":"0x1039ddc18", "type":"STRING", "slot_size":80, "class":"0x1039feda0", "frozen":true, "embedded":true, "fstring":true, "bytesize":19, "value":"compare_by_identity", "encoding":"US-ASCII", "memsize":80, "flags":{"wb_protected":true}}
{"address":"0x1039ddc68", "type":"STRING", "slot_size":80, "class":"0x1039feda0", "frozen":true, "embedded":true, "fstring":true, "bytesize":17, "value":"transform_values!", "encoding":"US-ASCII", "memsize":80, "flags":{"wb_protected":true}}
{"address":"0x1039ddcb8", "type":"STRING", "slot_size":80, "class":"0x1039feda0", "frozen":true, "embedded":true, "fstring":true, "bytesize":16, "value":"transform_values", "encoding":"US-ASCII", "memsize":80, "flags":{"wb_protected":true}}
{"address":"0x1039ddd08", "type":"STRING", "slot_size":80, "class":"0x1039feda0", "frozen":true, "embedded":true, "fstring":true, "bytesize":20, "value":"repeated_combination", "encoding":"US-ASCII", "memsize":80, "flags":{"wb_protected":true}}
{"address":"0x1039ddd58", "type":"STRING", "slot_size":80, "class":"0x1039feda0", "frozen":true, "embedded":true, "fstring":true, "bytesize":20, "value":"repeated_permutation", "encoding":"US-ASCII", "memsize":80, "flags":{"wb_protected":true}}
{"address":"0x1039ddda8", "type":"STRING", "slot_size":80, "class":"0x1039feda0", "frozen":true, "embedded":true, "fstring":true, "bytesize":19, "value":"Errno::ETOOMANYREFS", "encoding":"US-ASCII", "memsize":80, "flags":{"wb_protected":true}}
{"address":"0x1039dddf8", "type":"STRING", "slot_size":80, "class":"0x1039feda0", "frozen":true, "embedded":true, "fstring":true, "bytesize":16, "value":"Errno::ETIMEDOUT", "encoding":"US-ASCII", "memsize":80, "flags":{"wb_protected":true}}
{"address":"0x1039dde48", "type":"STRING", "slot_size":80, "class":"0x1039feda0", "frozen":true, "embedded":true, "fstring":true, "bytesize":22, "value":"Errno::ESOCKTNOSUPPORT", "encoding":"US-ASCII", "memsize":80, "flags":{"wb_protected":true}}
{"address":"0x1039dde98", "type":"STRING", "slot_size":80, "class":"0x1039feda0", "frozen":true, "embedded":true, "fstring":true, "bytesize":16, "value":"Errno::ESHUTDOWN", "encoding":"US-ASCII", "memsize":80, "flags":{"wb_protected":true}}
{"address":"0x1039ddee8", "type":"STRING", "slot_size":80, "class":"0x1039feda0", "frozen":true, "embedded":true, "fstring":true, "bytesize":17, "value":"Errno::ESHLIBVERS", "encoding":"US-ASCII", "memsize":80, "flags":{"wb_protected":true}}
{"address":"0x1039ddf38", "type":"STRING", "slot_size":80, "class":"0x1039feda0", "frozen":true, "embedded":true, "fstring":true, "bytesize":19, "value":"Errno::ERPCMISMATCH", "encoding":"US-ASCII", "memsize":80, "flags":{"wb_protected":true}}
{"address":"0x1039ddf88", "type":"STRING", "slot_size":80, "class":"0x1039feda0", "frozen":true, "embedded":true, "fstring":true, "bytesize":17, "value":"Errno::EPROTOTYPE", "encoding":"US-ASCII", "memsize":80, "flags":{"wb_protected":true}}
{"address":"0x1039ddfd8", "type":"STRING", "slot_size":80, "class":"0x1039feda0", "frozen":true, "embedded":true, "fstring":true, "bytesize":22, "value":"Errno::EPROTONOSUPPORT", "encoding":"US-ASCII", "memsize":80, "flags":{"wb_protected":true}}
{"address":"0x1039de028", "type":"STRING", "slot_size":80, "class":"0x1039feda0", "frozen":true, "embedded":true, "fstring":true, "bytesize":19, "value":"Errno::EPROGUNAVAIL", "encoding":"US-ASCII", "memsize":80, "flags":{"wb_protected":true}}
{"address":"0x1039de078", "type":"STRING", "slot_size":80, "class":"0x1039feda0", "frozen":true, "embedded":true, "fstring":true, "bytesize":20, "value":"Errno::EPROGMISMATCH", "encoding":"US-ASCII", "memsize":80, "flags":{"wb_protected":true}}
{"address":"0x1039de0c8", "type":"STRING", "slot_size":80, "class":"0x1039feda0", "frozen":true, "embedded":true, "fstring":true, "bytesize":19, "value":"Errno::EPROCUNAVAIL", "encoding":"US-ASCII", "memsize":80, "flags":{"wb_protected":true}}
{"address":"0x1039de118", "type":"STRING", "slot_size":80, "class":"0x1039feda0", "frozen":true, "embedded":true, "fstring":true, "bytesize":19, "value":"Errno::EPFNOSUPPORT", "encoding":"US-ASCII", "memsize":80, "flags":{"wb_protected":true}}
{"address":"0x1039de168", "type":"STRING", "slot_size":80, "class":"0x1039feda0", "frozen":true, "embedded":true, "fstring":true, "bytesize":17, "value":"Errno::EOWNERDEAD", "encoding":"US-ASCII", "memsize":80, "flags":{"wb_protected":true}}
{"address":"0x1039de1b8", "type":"STRING", "slot_size":80, "class":"0x1039feda0", "frozen":true, "embedded":true, "fstring":true, "bytesize":16, "value":"Errno::EOVERFLOW", "encoding":"US-ASCII", "memsize":80, "flags":{"wb_protected":true}}
{"address":"0x1039de208", "type":"STRING", "slot_size":80, "class":"0x1039feda0", "frozen":true, "embedded":true, "fstring":true, "bytesize":17, "value":"Errno::EOPNOTSUPP", "encoding":"US-ASCII", "memsize":80, "flags":{"wb_protected":true}}
{"address":"0x1039de258", "type":"STRING", "slot_size":80, "class":"0x1039feda0", "frozen":true, "embedded":true, "fstring":true, "bytesize":22, "value":"Errno::ENOTRECOVERABLE", "encoding":"US-ASCII", "memsize":80, "flags":{"wb_protected":true}}
{"address":"0x1039de2a8", "type":"STRING", "slot_size":80, "class":"0x1039feda0", "frozen":true, "embedded":true, "fstring":true, "bytesize":16, "value":"Errno::ENOTEMPTY", "encoding":"US-ASCII", "memsize":80, "flags":{"wb_protected":true}}
{"address":"0x1039de2f8", "type":"STRING", "slot_size":80, "class":"0x1039feda0", "frozen":true, "embedded":true, "fstring":true, "bytesize":18, "value":"Errno::ENOPROTOOPT", "encoding":"US-ASCII", "memsize":80, "flags":{"wb_protected":true}}
{"address":"0x1039de348", "type":"STRING", "slot_size":80, "class":"0x1039feda0", "frozen":true, "embedded":true, "fstring":true, "bytesize":16, "value":"Errno::ENOPOLICY", "encoding":"US-ASCII", "memsize":80, "flags":{"wb_protected":true}}
{"address":"0x1039de398", "type":"STRING", "slot_size":80, "class":"0x1039feda0", "frozen":true, "embedded":true, "fstring":true, "bytesize":18, "value":"Errno::ENETUNREACH", "encoding":"US-ASCII", "memsize":80, "flags":{"wb_protected":true}}
{"address":"0x1039de3e8", "type":"STRING", "slot_size":80, "class":"0x1039feda0", "frozen":true, "embedded":true, "fstring":true, "bytesize":16, "value":"Errno::ENETRESET", "encoding":"US-ASCII", "memsize":80, "flags":{"wb_protected":true}}
{"address":"0x1039de438", "type":"STRING", "slot_size":80, "class":"0x1039feda0", "frozen":true, "embedded":true, "fstring":true, "bytesize":16, "value":"Errno::ENEEDAUTH", "encoding":"US-ASCII", "memsize":80, "flags":{"wb_protected":true}}
{"address":"0x1039de488", "type":"STRING", "slot_size":80, "class":"0x1039feda0", "frozen":true, "embedded":true, "fstring":true, "bytesize":19, "value":"Errno::ENAMETOOLONG", "encoding":"US-ASCII", "memsize":80, "flags":{"wb_protected":true}}
{"address":"0x1039de4d8", "type":"STRING", "slot_size":80, "class":"0x1039feda0", "frozen":true, "embedded":true, "fstring":true, "bytesize":16, "value":"Errno::EMULTIHOP", "encoding":"US-ASCII", "memsize":80, "flags":{"wb_protected":true}}
{"address":"0x1039de528", "type":"STRING", "slot_size":80, "class":"0x1039feda0", "frozen":true, "embedded":true, "fstring":true, "bytesize":18, "value":"Errno::EINPROGRESS", "encoding":"US-ASCII", "memsize":80, "flags":{"wb_protected":true}}
{"address":"0x1039de578", "type":"STRING", "slot_size":80, "class":"0x1039feda0", "frozen":true, "embedded":true, "fstring":true, "bytesize":19, "value":"Errno::EHOSTUNREACH", "encoding":"US-ASCII", "memsize":80, "flags":{"wb_protected":true}}
{"address":"0x1039de5c8", "type":"STRING", "slot_size":80, "class":"0x1039feda0", "frozen":true, "embedded":true, "fstring":true, "bytesize":16, "value":"Errno::EHOSTDOWN", "encoding":"US-ASCII", "memsize":80, "flags":{"wb_protected":true}}
{"address":"0x1039de618", "type":"STRING", "slot_size":80, "class":"0x1039feda0", "frozen":true, "embedded":true, "fstring":true, "bytesize":19, "value":"Errno::EDESTADDRREQ", "encoding":"US-ASCII", "memsize":80, "flags":{"wb_protected":true}}
{"address":"0x1039de668", "type":"STRING", "slot_size":80, "class":"0x1039feda0", "frozen":true, "embedded":true, "fstring":true, "bytesize":17, "value":"Errno::ECONNRESET", "encoding":"US-ASCII", "memsize":80, "flags":{"wb_protected":true}}
{"address":"0x1039de6b8", "type":"STRING", "slot_size":80, "class":"0x1039feda0", "frozen":true, "embedded":true, "fstring":true, "bytesize":19, "value":"Errno::ECONNREFUSED", "encoding":"US-ASCII", "memsize":80, "flags":{"wb_protected":true}}
{"address":"0x1039de708", "type":"STRING", "slot_size":80, "class":"0x1039feda0", "frozen":true, "embedded":true, "fstring":true, "bytesize":19, "value":"Errno::ECONNABORTED", "encoding":"US-ASCII", "memsize":80, "flags":{"wb_protected":true}}
{"address":"0x1039de758", "type":"STRING", "slot_size":80, "class":"0x1039feda0", "frozen":true, "embedded":true, "fstring":true, "bytesize":16, "value":"Errno::ECANCELED", "encoding":"US-ASCII", "memsize":80, "flags":{"wb_protected":true}}
{"address":"0x1039de7a8", "type":"STRING", "slot_size":80, "class":"0x1039feda0", "frozen":true, "embedded":true, "fstring":true, "bytesize":16, "value":"Errno::EBADMACHO", "encoding":"US-ASCII", "memsize":80, "flags":{"wb_protected":true}}
{"address":"0x1039de7f8", "type":"STRING", "slot_size":80, "class":"0x1039feda0", "frozen":true, "embedded":true, "fstring":true, "bytesize":19, "value":"Errno::EAFNOSUPPORT", "encoding":"US-ASCII", "memsize":80, "flags":{"wb_protected":true}}
{"address":"0x1039de848", "type":"STRING", "slot_size":80, "class":"0x1039feda0", "frozen":true, "embedded":true, "fstring":true, "bytesize":20, "value":"Errno::EADDRNOTAVAIL", "encoding":"US-ASCII", "memsize":80, "flags":{"wb_protected":true}}
{"address":"0x1039de898", "type":"STRING", "slot_size":80, "class":"0x1039feda0", "frozen":true, "embedded":true, "fstring":true, "bytesize":17, "value":"Errno::EADDRINUSE", "encoding":"US-ASCII", "memsize":80, "flags":{"wb_protected":true}}
{"address":"0x1039de8e8", "type":"STRING", "slot_size":80, "class":"0x1039feda0", "frozen":true, "embedded":true, "fstring":true, "bytesize":16, "value":"FloatDomainError", "encoding":"US-ASCII", "memsize":80, "flags":{"wb_protected":true}}
{"address":"0x1039de938", "type":"STRING", "slot_size":80, "class":"0x1039feda0", "frozen":true, "embedded":true, "fstring":true, "bytesize":17, "value":"ZeroDivisionError", "encoding":"US-ASCII", "memsize":80, "flags":{"wb_protected":true}}
{"address":"0x1039de988", "type":"STRING", "slot_size":80, "class":"0x1039feda0", "frozen":true, "embedded":true, "fstring":true, "bytesize":20, "value":"private_class_method", "encoding":"US-ASCII", "memsize":80, "flags":{"wb_protected":true}}
{"address":"0x1039de9d8", "type":"STRING", "slot_size":80, "class":"0x1039feda0", "frozen":true, "embedded":true, "fstring":true, "bytesize":19, "value":"public_class_method", "encoding":"US-ASCII", "memsize":80, "flags":{"wb_protected":true}}
{"address":"0x1039dea28", "type":"STRING", "slot_size":80, "class":"0x1039feda0", "frozen":true, "embedded":true, "fstring":true, "bytesize":25, "value":"protected_method_defined?", "encoding":"US-ASCII", "memsize":80, "flags":{"wb_protected":true}}
{"address":"0x1039dea78", "type":"STRING", "slot_size":80, "class":"0x1039feda0", "frozen":true, "embedded":true, "fstring":true, "bytesize":23, "value":"private_method_defined?", "encoding":"US-ASCII", "memsize":80, "flags":{"wb_protected":true}}
{"address":"0x1039deac8", "type":"STRING", "slot_size":80, "class":"0x1039feda0", "frozen":true, "embedded":true, "fstring":true, "bytesize":22, "value":"public_method_defined?", "encoding":"US-ASCII", "memsize":80, "flags":{"wb_protected":true}}
{"address":"0x1039deb18", "type":"STRING", "slot_size":80, "class":"0x1039feda0", "frozen":true, "embedded":true, "fstring":true, "bytesize":18, "value":"UncaughtThrowError", "encoding":"US-ASCII", "memsize":80, "flags":{"wb_protected":true}}
{"address":"0x1039deb68", "type":"STRING", "slot_size":80, "class":"0x1039feda0", "frozen":true, "embedded":true, "fstring":true, "bytesize":16, "value":"used_refinements", "encoding":"US-ASCII", "memsize":80, "flags":{"wb_protected":true}}
{"address":"0x1039debb8", "type":"STRING", "slot_size":80, "class":"0x1039feda0", "frozen":true, "embedded":true, "fstring":true, "bytesize":16, "value":"global_variables", "encoding":"US-ASCII", "memsize":80, "flags":{"wb_protected":true}}
{"address":"0x1039dec08", "type":"STRING", "slot_size":80, "class":"0x1039feda0", "frozen":true, "embedded":true, "fstring":true, "bytesize":25, "value":"NoMatchingPatternKeyError", "encoding":"US-ASCII", "memsize":80, "flags":{"wb_protected":true}}
{"address":"0x1039dec58", "type":"STRING", "slot_size":80, "class":"0x1039feda0", "frozen":true, "embedded":true, "fstring":true, "bytesize":22, "value":"NoMatchingPatternError", "encoding":"US-ASCII", "memsize":80, "flags":{"wb_protected":true}}
{"address":"0x1039deca8", "type":"STRING", "slot_size":80, "class":"0x1039feda0", "frozen":true, "embedded":true, "fstring":true, "bytesize":28, "value":"Encoding::CompatibilityError", "encoding":"US-ASCII", "memsize":80, "flags":{"wb_protected":true}}
{"address":"0x1039decf8", "type":"STRING", "slot_size":80, "class":"0x1039feda0", "frozen":true, "embedded":true, "fstring":true, "bytesize":18, "value":"CompatibilityError", "encoding":"US-ASCII", "memsize":80, "flags":{"wb_protected":true}}
{"address":"0x1039ded48", "type":"STRING", "slot_size":80, "class":"0x1039feda0", "frozen":true, "embedded":true, "fstring":true, "bytesize":18, "value":"NameError::message", "encoding":"US-ASCII", "memsize":80, "flags":{"wb_protected":true}}
{"address":"0x1039ded98", "type":"STRING", "slot_size":80, "class":"0x1039feda0", "frozen":true, "embedded":true, "fstring":true, "bytesize":19, "value":"NotImplementedError", "encoding":"US-ASCII", "memsize":80, "flags":{"wb_protected":true}}
{"address":"0x1039dede8", "type":"STRING", "slot_size":80, "class":"0x1039feda0", "frozen":true, "embedded":true, "fstring":true, "bytesize":19, "value":"backtrace_locations", "encoding":"US-ASCII", "memsize":80, "flags":{"wb_protected":true}}
{"address":"0x1039dee38", "type":"STRING", "slot_size":80, "class":"0x1039feda0", "frozen":true, "embedded":true, "fstring":true, "bytesize":19, "value":"unicode_normalized?", "encoding":"US-ASCII", "memsize":80, "flags":{"wb_protected":true}}
{"address":"0x1039dee88", "type":"STRING", "slot_size":80, "class":"0x1039feda0", "frozen":true, "embedded":true, "fstring":true, "bytesize":18, "value":"unicode_normalize!", "encoding":"US-ASCII", "memsize":80, "flags":{"wb_protected":true}}
{"address":"0x1039deed8", "type":"STRING", "slot_size":80, "class":"0x1039feda0", "frozen":true, "embedded":true, "fstring":true, "bytesize":17, "value":"unicode_normalize", "encoding":"US-ASCII", "memsize":80, "flags":{"wb_protected":true}}
{"address":"0x1039def28", "type":"STRING", "slot_size":80, "class":"0x1039feda0", "frozen":true, "embedded":true, "fstring":true, "bytesize":16, "value":"UnicodeNormalize", "encoding":"US-ASCII", "memsize":80, "flags":{"wb_protected":true}}
{"address":"0x1039def78", "type":"STRING", "slot_size":80, "class":"0x1039feda0", "frozen":true, "embedded":true, "fstring":true, "bytesize":21, "value":"each_grapheme_cluster", "encoding":"US-ASCII", "memsize":80, "flags":{"wb_protected":true}}
{"address":"0x1039defc8", "type":"STRING", "slot_size":80, "class":"0x1039feda0", "frozen":true, "embedded":true, "fstring":true, "bytesize":17, "value":"grapheme_clusters", "encoding":"US-ASCII", "memsize":80, "flags":{"wb_protected":true}}
{"address":"0x1039df018", "type":"STRING", "slot_size":80, "class":"0x1039feda0", "frozen":true, "embedded":true, "fstring":true, "bytesize":18, "value":"slicewhen_inverted", "encoding":"US-ASCII", "memsize":80, "flags":{"wb_protected":true}}
{"address":"0x1039df068", "type":"STRING", "slot_size":80, "class":"0x1039feda0", "frozen":true, "embedded":true, "fstring":true, "bytesize":20, "value":"slicebefore_sep_pred", "encoding":"US-ASCII", "memsize":80, "flags":{"wb_protected":true}}
{"address":"0x1039df0b8", "type":"STRING", "slot_size":80, "class":"0x1039feda0", "frozen":true, "embedded":true, "fstring":true, "bytesize":19, "value":"slicebefore_sep_pat", "encoding":"US-ASCII", "memsize":80, "flags":{"wb_protected":true}}
{"address":"0x1039df108", "type":"STRING", "slot_size":80, "class":"0x1039feda0", "frozen":true, "embedded":true, "fstring":true, "bytesize":22, "value":"slicebefore_enumerable", "encoding":"US-ASCII", "memsize":80, "flags":{"wb_protected":true}}
{"address":"0x1039df158", "type":"STRING", "slot_size":80, "class":"0x1039feda0", "frozen":true, "embedded":true, "fstring":true, "bytesize":16, "value":"chunk_enumerable", "encoding":"US-ASCII", "memsize":80, "flags":{"wb_protected":true}}
{"address":"0x1039df1a8", "type":"STRING", "slot_size":80, "class":"0x1039feda0", "frozen":true, "embedded":true, "fstring":true, "bytesize":16, "value":"chunk_categorize", "encoding":"US-ASCII", "memsize":80, "flags":{"wb_protected":true}}
{"address":"0x1039df1f8", "type":"STRING", "slot_size":80, "class":"0x1039feda0", "frozen":true, "embedded":true, "fstring":true, "bytesize":16, "value":"each_with_object", "encoding":"US-ASCII", "memsize":80, "flags":{"wb_protected":true}}
{"address":"0x1039df248", "type":"STRING", "slot_size":80, "class":"0x1039feda0", "frozen":true, "embedded":true, "fstring":true, "bytesize":17, "value":"default_internal=", "encoding":"US-ASCII", "memsize":80, "flags":{"wb_protected":true}}
{"address":"0x1039df298", "type":"STRING", "slot_size":80, "class":"0x1039feda0", "frozen":true, "embedded":true, "fstring":true, "bytesize":16, "value":"default_internal", "encoding":"US-ASCII", "memsize":80, "flags":{"wb_protected":true}}
{"address":"0x1039df2e8", "type":"STRING", "slot_size":80, "class":"0x1039feda0", "frozen":true, "embedded":true, "fstring":true, "bytesize":17, "value":"default_external=", "encoding":"US-ASCII", "memsize":80, "flags":{"wb_protected":true}}
{"address":"0x1039df338", "type":"STRING", "slot_size":80, "class":"0x1039feda0", "frozen":true, "embedded":true, "fstring":true, "bytesize":16, "value":"default_external", "encoding":"US-ASCII", "memsize":80, "flags":{"wb_protected":true}}
{"address":"0x1039df388", "type":"STRING", "slot_size":80, "class":"0x1039feda0", "frozen":true, "embedded":true, "fstring":true, "bytesize":17, "value":"ascii_compatible?", "encoding":"US-ASCII", "memsize":80, "flags":{"wb_protected":true}}
{"address":"0x1039df3d8", "type":"STRING", "slot_size":80, "class":"0x1039feda0", "frozen":true, "embedded":true, "fstring":true, "bytesize":16, "value":"prepend_features", "encoding":"US-ASCII", "memsize":80, "flags":{"wb_protected":true}}
{"address":"0x1039df428", "type":"STRING", "slot_size":80, "class":"0x1039feda0", "frozen":true, "embedded":true, "fstring":true, "bytesize":16, "value":"singleton_class?", "encoding":"US-ASCII", "memsize":80, "flags":{"wb_protected":true}}
{"address":"0x1039df478", "type":"STRING", "slot_size":80, "class":"0x1039feda0", "frozen":true, "embedded":true, "fstring":true, "bytesize":18, "value":"deprecate_constant", "encoding":"US-ASCII", "memsize":80, "flags":{"wb_protected":true}}
{"address":"0x1039df4c8", "type":"STRING", "slot_size":80, "class":"0x1039feda0", "frozen":true, "embedded":true, "fstring":true, "bytesize":16, "value":"private_constant", "encoding":"US-ASCII", "memsize":80, "flags":{"wb_protected":true}}
{"address":"0x1039df518", "type":"STRING", "slot_size":80, "class":"0x1039feda0", "frozen":true, "embedded":true, "fstring":true, "bytesize":23, "value":"class_variable_defined?", "encoding":"US-ASCII", "memsize":80, "flags":{"wb_protected":true}}
{"address":"0x1039df568", "type":"STRING", "slot_size":80, "class":"0x1039feda0", "frozen":true, "embedded":true, "fstring":true, "bytesize":18, "value":"class_variable_set", "encoding":"US-ASCII", "memsize":80, "flags":{"wb_protected":true}}
{"address":"0x1039df5b8", "type":"STRING", "slot_size":80, "class":"0x1039feda0", "frozen":true, "embedded":true, "fstring":true, "bytesize":18, "value":"class_variable_get", "encoding":"US-ASCII", "memsize":80, "flags":{"wb_protected":true}}
{"address":"0x1039df608", "type":"STRING", "slot_size":80, "class":"0x1039feda0", "frozen":true, "embedded":true, "fstring":true, "bytesize":21, "value":"remove_class_variable", "encoding":"US-ASCII", "memsize":80, "flags":{"wb_protected":true}}
{"address":"0x1039df658", "type":"STRING", "slot_size":80, "class":"0x1039feda0", "frozen":true, "embedded":true, "fstring":true, "bytesize":21, "value":"const_source_location", "encoding":"US-ASCII", "memsize":80, "flags":{"wb_protected":true}}
{"address":"0x1039df6a8", "type":"STRING", "slot_size":80, "class":"0x1039feda0", "frozen":true, "embedded":true, "fstring":true, "bytesize":24, "value":"private_instance_methods", "encoding":"US-ASCII", "memsize":80, "flags":{"wb_protected":true}}
{"address":"0x1039df6f8", "type":"STRING", "slot_size":80, "class":"0x1039feda0", "frozen":true, "embedded":true, "fstring":true, "bytesize":26, "value":"protected_instance_methods", "encoding":"US-ASCII", "memsize":80, "flags":{"wb_protected":true}}
{"address":"0x1039df748", "type":"STRING", "slot_size":80, "class":"0x1039feda0", "frozen":true, "embedded":true, "fstring":true, "bytesize":23, "value":"public_instance_methods", "encoding":"US-ASCII", "memsize":80, "flags":{"wb_protected":true}}
{"address":"0x1039df798", "type":"STRING", "slot_size":80, "class":"0x1039feda0", "frozen":true, "embedded":true, "fstring":true, "bytesize":16, "value":"instance_methods", "encoding":"US-ASCII", "memsize":80, "flags":{"wb_protected":true}}
{"address":"0x1039df7e8", "type":"STRING", "slot_size":80, "class":"0x1039feda0", "frozen":true, "embedded":true, "fstring":true, "bytesize":16, "value":"included_modules", "encoding":"US-ASCII", "memsize":80, "flags":{"wb_protected":true}}
{"address":"0x1039df838", "type":"STRING", "slot_size":80, "class":"0x1039feda0", "frozen":true, "embedded":true, "fstring":true, "bytesize":24, "value":"remove_instance_variable", "encoding":"US-ASCII", "memsize":80, "flags":{"wb_protected":true}}
{"address":"0x1039df888", "type":"STRING", "slot_size":80, "class":"0x1039feda0", "frozen":true, "embedded":true, "fstring":true, "bytesize":26, "value":"instance_variable_defined?", "encoding":"US-ASCII", "memsize":80, "flags":{"wb_protected":true}}
{"address":"0x1039df8d8", "type":"STRING", "slot_size":80, "class":"0x1039feda0", "frozen":true, "embedded":true, "fstring":true, "bytesize":21, "value":"instance_variable_set", "encoding":"US-ASCII", "memsize":80, "flags":{"wb_protected":true}}
{"address":"0x1039df928", "type":"STRING", "slot_size":80, "class":"0x1039feda0", "frozen":true, "embedded":true, "fstring":true, "bytesize":21, "value":"instance_variable_get", "encoding":"US-ASCII", "memsize":80, "flags":{"wb_protected":true}}
{"address":"0x1039df978", "type":"STRING", "slot_size":80, "class":"0x1039feda0", "frozen":true, "embedded":true, "fstring":true, "bytesize":18, "value":"instance_variables", "encoding":"US-ASCII", "memsize":80, "flags":{"wb_protected":true}}
{"address":"0x1039df9c8", "type":"STRING", "slot_size":80, "class":"0x1039feda0", "frozen":true, "embedded":true, "fstring":true, "bytesize":17, "value":"protected_methods", "encoding":"US-ASCII", "memsize":80, "flags":{"wb_protected":true}}
{"address":"0x1039dfa18", "type":"STRING", "slot_size":80, "class":"0x1039feda0", "frozen":true, "embedded":true, "fstring":true, "bytesize":17, "value":"singleton_methods", "encoding":"US-ASCII", "memsize":80, "flags":{"wb_protected":true}}
{"address":"0x1039dfa68", "type":"STRING", "slot_size":80, "class":"0x1039feda0", "frozen":true, "embedded":true, "fstring":true, "bytesize":17, "value":"__refined_class__", "encoding":"US-ASCII", "memsize":80, "flags":{"wb_protected":true}}
{"address":"0x1039dfab8", "type":"STRING", "slot_size":80, "class":"0x1039feda0", "frozen":true, "embedded":true, "fstring":true, "bytesize":17, "value":"__tmp_classpath__", "encoding":"US-ASCII", "memsize":80, "flags":{"wb_protected":true}}
{"address":"0x1039dfb08", "type":"STRING", "slot_size":80, "class":"0x1039feda0", "frozen":true, "embedded":true, "fstring":true, "bytesize":19, "value":"core#hash_merge_kwd", "encoding":"US-ASCII", "memsize":80, "flags":{"wb_protected":true}}
{"address":"0x1039dfb58", "type":"STRING", "slot_size":80, "class":"0x1039feda0", "frozen":true, "embedded":true, "fstring":true, "bytesize":19, "value":"core#hash_merge_ptr", "encoding":"US-ASCII", "memsize":80, "flags":{"wb_protected":true}}
{"address":"0x1039dfba8", "type":"STRING", "slot_size":80, "class":"0x1039feda0", "frozen":true, "embedded":true, "fstring":true, "bytesize":16, "value":"core#set_postexe", "encoding":"US-ASCII", "memsize":80, "flags":{"wb_protected":true}}
{"address":"0x1039dfbf8", "type":"STRING", "slot_size":80, "class":"0x1039feda0", "frozen":true, "embedded":true, "fstring":true, "bytesize":28, "value":"core#define_singleton_method", "encoding":"US-ASCII", "memsize":80, "flags":{"wb_protected":true}}
{"address":"0x1039dfc48", "type":"STRING", "slot_size":80, "class":"0x1039feda0", "frozen":true, "embedded":true, "fstring":true, "bytesize":18, "value":"core#define_method", "encoding":"US-ASCII", "memsize":80, "flags":{"wb_protected":true}}
{"address":"0x1039dfc98", "type":"STRING", "slot_size":80, "class":"0x1039feda0", "frozen":true, "embedded":true, "fstring":true, "bytesize":17, "value":"core#undef_method", "encoding":"US-ASCII", "memsize":80, "flags":{"wb_protected":true}}
{"address":"0x1039dfce8", "type":"STRING", "slot_size":80, "class":"0x1039feda0", "frozen":true, "embedded":true, "fstring":true, "bytesize":23, "value":"core#set_variable_alias", "encoding":"US-ASCII", "memsize":80, "flags":{"wb_protected":true}}
{"address":"0x1039dfd38", "type":"STRING", "slot_size":80, "class":"0x1039feda0", "frozen":true, "embedded":true, "fstring":true, "bytesize":21, "value":"core#set_method_alias", "encoding":"US-ASCII", "memsize":80, "flags":{"wb_protected":true}}
{"address":"0x1039dfd88", "type":"STRING", "slot_size":80, "class":"0x1039feda0", "frozen":true, "embedded":true, "fstring":true, "bytesize":19, "value":"respond_to_missing?", "encoding":"US-ASCII", "memsize":80, "flags":{"wb_protected":true}}
{"address":"0x1039dfdd8", "type":"STRING", "slot_size":80, "class":"0x1039feda0", "frozen":true, "embedded":true, "fstring":true, "bytesize":16, "value":"initialize_clone", "encoding":"US-ASCII", "memsize":80, "flags":{"wb_protected":true}}
{"address":"0x1039dfe28", "type":"STRING", "slot_size":80, "class":"0x1039feda0", "frozen":true, "embedded":true, "fstring":true, "bytesize":17, "value":"__recursive_key__", "encoding":"US-ASCII", "memsize":80, "flags":{"wb_protected":true}}
{"address":"0x1039dfe78", "type":"STRING", "slot_size":80, "class":"0x1039feda0", "frozen":true, "embedded":true, "fstring":true, "bytesize":26, "value":"singleton_method_undefined", "encoding":"US-ASCII", "memsize":80, "flags":{"wb_protected":true}}
{"address":"0x1039dfec8", "type":"STRING", "slot_size":80, "class":"0x1039feda0", "frozen":true, "embedded":true, "fstring":true, "bytesize":16, "value":"method_undefined", "encoding":"US-ASCII", "memsize":80, "flags":{"wb_protected":true}}
{"address":"0x1039dff18", "type":"STRING", "slot_size":80, "class":"0x1039feda0", "frozen":true, "embedded":true, "fstring":true, "bytesize":24, "value":"singleton_method_removed", "encoding":"US-ASCII", "memsize":80, "flags":{"wb_protected":true}}
{"address":"0x1039dff68", "type":"STRING", "slot_size":80, "class":"0x1039feda0", "frozen":true, "embedded":true, "fstring":true, "bytesize":22, "value":"singleton_method_added", "encoding":"US-ASCII", "memsize":80, "flags":{"wb_protected":true}}
{"address":"0x1039f0020", "type":"CLASS", "slot_size":160, "class":"0x1039ffb60", "superclass":"0x1039f0160", "real_class_name":"Class", "singleton":true, "references":["0x1039f0160", "0x1019935e8", "0x101993520", "0x1019934f8", "0x101993598", "0x101993548", "0x101993610", "0x101993638", "0x101993660", "0x1039f00c0"], "memsize":744, "flags":{"wb_protected":true}}
{"address":"0x1039f00c0", "type":"CLASS", "slot_size":160, "class":"0x1039f0020", "superclass":"0x1039f0200", "name":"Random", "references":["0x1039f0200", "0x101993700", "0x1019936b0", "0x101993778", "0x101993750", "0x1019937a0", "0x101993688", "0x101993908", "0x1039f0200", "0x103a1ff00"], "memsize":704, "flags":{"wb_protected":true}}
{"address":"0x1039f0160", "type":"CLASS", "slot_size":160, "class":"0x103a1fdc0", "superclass":"0x103a1fd20", "real_class_name":"Class", "singleton":true, "references":["0x103a1fd20", "0x1019be888", "0x1019938e0", "0x1039f0200"], "memsize":616, "flags":{"wb_protected":true}}
{"address":"0x1039f0200", "type":"CLASS", "slot_size":160, "class":"0x1039f0160", "superclass":"0x103a1fe60", "name":"Random::Base", "references":["0x103a1fe60", "0x1019937c8", "0x101993818", "0x101993868", "0x101993840", "0x101993890"], "memsize":616, "flags":{"wb_protected":true}}
{"address":"0x1039f02a0", "type":"CLASS", "slot_size":160, "class":"0x1039ffb60", "superclass":"0x1039ffa20", "real_class_name":"Class", "singleton":true, "references":["0x1039ffa20", "0x101993a48", "0x1039f0340"], "memsize":552, "flags":{"wb_protected":true}}
{"address":"0x1039f0340", "type":"CLASS", "slot_size":160, "class":"0x1039f02a0", "superclass":"0x1039ffe80", "name":"Time::tm", "references":["0x1039ffe80", "0x101993cc8", "0x101993ca0", "0x101993c50", "0x101993c00", "0x101993b10", "0x101993a98", "0x101993cf0", "0x101993d40", "0x101993bd8", "0x101993bb0", "0x101993b88", "0x101993e30", "0x101993c28", "0x101993c78", "0x101993ea8", "0x101993ef8", "0x101993f48", "0x101993f70", "0x101993fc0", "0x101993e80", "0x101993ae8", "0x101993f98", "0x101993b60", "0x101993d18", "0x101993b38", "0x101993f20", "0x101993ed0", "0x101993e58", "0x101993e08", "0x101993de0", "0x101993db8", "0x101993d90", "0x101993d68", "0x101993fe8"], "memsize":1512, "flags":{"wb_protected":true}}
{"address":"0x1039f03e0", "type":"CLASS", "slot_size":160, "class":"0x1039ff520", "superclass":"0x1039ff480", "real_class_name":"Class", "singleton":true, "references":["0x1039ff480", "0x1039f0520"], "memsize":488, "flags":{"wb_protected":true}}
{"address":"0x1039f0480", "type":"ICLASS", "slot_size":160, "class":"0x1039feee0", "superclass":"0x1039ffe80", "references":["0x1039ffe80"], "memsize":160, "flags":{"wb_protected":true}}
{"address":"0x1039f0520", "type":"CLASS", "slot_size":160, "class":"0x1039f03e0", "superclass":"0x1039ffa20", "real_class_name":"Class", "singleton":true, "references":["0x1039ffa20", "0x101958bc8", "0x101958b78", "0x101994060", "0x101994e98", "0x101994e48", "0x101994df8", "0x101994da8", "0x1019be950", "0x101958ba0", "0x1019be770", "0x101958b28", "0x1039f05c0"], "memsize":912, "flags":{"wb_protected":true}}
{"address":"0x1039f05c0", "type":"CLASS", "slot_size":160, "class":"0x1039f0520", "superclass":"0x1039f0480", "name":"Time", "references":["0x1039f0480", "0x101994cb8", "0x101994d08", "0x101994650", "0x101994ce0", "0x101994150", "0x1019941c8", "0x101994790", "0x101994808", "0x101994880", "0x1019948a8", "0x1019948f8", "0x1019946c8", "0x101994bc8", "0x1019949c0", "0x1019948d0", "0x101994998", "0x101994c40", "0x101994bf0", "0x101994b78", "0x101994b28", "0x101994ad8", "0x101994a60", "0x101994830", "0x1019947b8", "0x1019946f0", "0x101994a10", "0x101994740", "0x101994600", "0x101994560", "0x101994510", "0x1019944c0", "0x101994470", "0x101994420", "0x1019945b0", "0x1019943d0", "0x101994678", "0x101994330", "0x101994380", "0x101994290", "0x101994c90", "0x1019941f0", "0x101994240", "0x1019942e0", "0x101994178", "0x101994100", "0x1019940b0", "0x101994088", "0x101958b50", "0x1019949e8", "0x101994a38", "0x101994d80", "0x101994d58", "0x101994d30", "0x101994948", "0x101994920", "0x101994970", "0x101994ab0", "0x101994ee8", "0x1039f0340"], "memsize":2624, "flags":{"wb_protected":true}}
{"address":"0x1039f0660", "type":"ICLASS", "slot_size":160, "class":"0x1039fee40", "superclass":"0x1039ffe80", "references":["0x1039ffe80"], "memsize":160, "flags":{"wb_protected":true}}
{"address":"0x1039f0700", "type":"CLASS", "slot_size":160, "class":"0x103a19100", "superclass":"0x1039ffa20", "real_class_name":"Class", "singleton":true, "references":["0x1039ffa20", "0x1019953e8", "0x101995910", "0x1019958c0", "0x101995640", "0x1019955f0", "0x1019955a0", "0x101995550", "0x101995500", "0x1019954b0", "0x101995410", "0x101995460", "0x101995960", "0x101995988", "0x10195c390", "0x10195c368", "0x1019953c0", "0x10195c430", "0x101995488", "0x1019be950", "0x10195c408", "0x1019be770", "0x10195c3b8", "0x1039f07a0"], "memsize":1168, "flags":{"wb_protected":true}}
{"address":"0x1039f07a0", "type":"CLASS", "slot_size":160, "class":"0x1039f0700", "superclass":"0x1039f0660", "name":"Dir", "references":["0x1039f0660", "0x1019957a8", "0x101995780", "0x10195c3e0", "0x1019957f8", "0x101995730", "0x101995708", "0x101995848", "0x101995820", "0x101995758", "0x1019956e0", "0x1019956b8", "0x101995870", "0x101995898", "0x101995690", "0x1019957d0", "0x1019959b0"], "memsize":1000, "flags":{"wb_protected":true}}
{"address":"0x1039f0840", "type":"ICLASS", "slot_size":160, "class":"0x1039feee0", "superclass":"0x1039ffe80", "references":["0x1039ffe80"], "memsize":160, "flags":{"wb_protected":true}}
{"address":"0x1039f08e0", "type":"CLASS", "slot_size":160, "class":"0x1039ffb60", "superclass":"0x1039fd180", "real_class_name":"Class", "singleton":true, "references":["0x1039fd180", "0x1039f0980"], "memsize":488, "flags":{"wb_protected":true}}
{"address":"0x1039f0980", "type":"CLASS", "slot_size":160, "class":"0x1039f08e0", "superclass":"0x1039fd220", "name":"IO::Buffer::InvalidatedError", "references":["0x1039fd220", "0x1039dcb38"], "memsize":488, "flags":{"wb_protected":true}}
{"address":"0x1039f0a20", "type":"CLASS", "slot_size":160, "class":"0x1039ffb60", "superclass":"0x1039fd180", "real_class_name":"Class", "singleton":true, "references":["0x1039fd180", "0x1039f0ac0"], "memsize":488, "flags":{"wb_protected":true}}
{"address":"0x1039f0ac0", "type":"CLASS", "slot_size":160, "class":"0x1039f0a20", "superclass":"0x1039fd220", "name":"IO::Buffer::AccessError", "references":["0x1039fd220", "0x1039dcbd8"], "memsize":488, "flags":{"wb_protected":true}}
{"address":"0x1039f0b60", "type":"CLASS", "slot_size":160, "class":"0x1039ffb60", "superclass":"0x1039fd180", "real_class_name":"Class", "singleton":true, "references":["0x1039fd180", "0x1039f0c00"], "memsize":488, "flags":{"wb_protected":true}}
{"address":"0x1039f0c00", "type":"CLASS", "slot_size":160, "class":"0x1039f0b60", "superclass":"0x1039fd220", "name":"IO::Buffer::AllocationError", "references":["0x1039fd220", "0x1039dcc28"], "memsize":488, "flags":{"wb_protected":true}}
{"address":"0x1039f0ca0", "type":"CLASS", "slot_size":160, "class":"0x1039ffb60", "superclass":"0x1039fd180", "real_class_name":"Class", "singleton":true, "references":["0x1039fd180", "0x1039f0d40"], "memsize":488, "flags":{"wb_protected":true}}
{"address":"0x1039f0d40", "type":"CLASS", "slot_size":160, "class":"0x1039f0ca0", "superclass":"0x1039fd220", "name":"IO::Buffer::LockedError", "references":["0x1039fd220", "0x1039dcc78"], "memsize":488, "flags":{"wb_protected":true}}
{"address":"0x1039f0de0", "type":"CLASS", "slot_size":160, "class":"0x1039ffb60", "superclass":"0x1039ffa20", "real_class_name":"Class", "singleton":true, "references":["0x1039ffa20", "0x101996568", "0x1019965e0", "0x1039f0e80"], "memsize":552, "flags":{"wb_protected":true}}
{"address":"0x1039f0e80", "type":"CLASS", "slot_size":160, "class":"0x1039f0de0", "superclass":"0x1039f0840", "name":"IO::Buffer", "references":["0x1039f0840", "0x101995b18", "0x101995ac8", "0x101995a78", "0x101996540", "0x101995fa0", "0x1019964a0", "0x1019964c8", "0x101996428", "0x1019963d8", "0x1019961d0", "0x101995a28", "0x1019959d8", "0x101995f28", "0x1019961f8", "0x101996180", "0x101996130", "0x1019960e0", "0x101996090", "0x101996040", "0x101995ff0", "0x101995f50", "0x101995fc8", "0x101995ed8", "0x101996518", "0x101995a50", "0x101995a00", "0x101996478", "0x101995bb8", "0x101995b68", "0x101996748", "0x1039f0d40", "0x1039f0c00", "0x1039f0ac0", "0x1039f0980"], "memsize":2048, "flags":{"wb_protected":true}}
{"address":"0x1039f0f20", "type":"ICLASS", "slot_size":160, "class":"0x1039feee0", "superclass":"0x1039ffe80", "references":["0x1039ffe80"], "memsize":160, "flags":{"wb_protected":true}}
{"address":"0x1039f0fc0", "type":"CLASS", "slot_size":160, "class":"0x1039ffb60", "superclass":"0x1039ffa20", "real_class_name":"Class", "singleton":true, "references":["0x1039ffa20", "0x1039f1060"], "memsize":488, "flags":{"wb_protected":true}}
{"address":"0x1039f1060", "type":"CLASS", "slot_size":160, "class":"0x1039f0fc0", "superclass":"0x1039f0f20", "name":"File::Stat", "references":["0x1039f0f20", "0x101997350", "0x101996e50", "0x101997300", "0x1019972b0", "0x101997260", "0x101997210", "0x1019971c0", "0x101997170", "0x101997120", "0x1019970d0", "0x101997080", "0x101997030", "0x101996fe0", "0x101996fb8", "0x101996f68", "0x101996f18", "0x1019973a0", "0x101997378", "0x101996e00", "0x101996dd8", "0x101996db0", "0x101996d88", "0x101996d60", "0x101996d38", "0x101996d10", "0x101996ce8", "0x101996cc0", "0x101996c98", "0x101996c48", "0x101996c20", "0x101996bf8", "0x101996bd0", "0x101996ba8", "0x101996b80", "0x101996b58", "0x101996b30", "0x101996b08", "0x101996c70", "0x101996ae0", "0x101996ab8", "0x101996e28", "0x101996ef0", "0x101996ec8", "0x101996ea0", "0x101996e78", "0x1019973c8"], "memsize":2536, "flags":{"wb_protected":true}}
{"address":"0x1039f1100", "type":"ICLASS", "slot_size":160, "class":"0x1039f11a0", "superclass":"0x1039f1ec0", "references":["0x1039f1ec0"], "memsize":160, "flags":{"wb_protected":true}}
{"address":"0x1039f11a0", "type":"MODULE", "slot_size":160, "class":"0x1039ffde0", "name":"File::Constants", "references":["0x101997878", "0x101997558"], "memsize":1536, "flags":{"wb_protected":true}}
{"address":"0x1039f1240", "type":"CLASS", "slot_size":160, "class":"0x1039ffac0", "superclass":"0x1039ffde0", "real_class_name":"Module", "singleton":true, "references":["0x1039ffde0", "0x101998d18", "0x101999420", "0x101999380", "0x1019992e0", "0x101999240", "0x1019991a0", "0x101999100", "0x101999060", "0x101998fc0", "0x101998f20", "0x101998ea8", "0x101998e08", "0x101998c78", "0x101998b60", "0x101998ac0", "0x101998a20", "0x101998980", "0x1019988e0", "0x101998840", "0x1019987a0", "0x101998700", "0x101998d90", "0x101998660", "0x1019985c0", "0x101998520", "0x101998c00", "0x1039f1420"], "memsize":1512, "flags":{"wb_protected":true}}
{"address":"0x1039f12e0", "type":"CLASS", "slot_size":160, "class":"0x1039ffb60", "superclass":"0x1039f1f60", "real_class_name":"Class", "singleton":true, "references":["0x1039f1f60", "0x1019981d8", "0x101998188", "0x101998138", "0x1019980e8", "0x101998098", "0x101998048", "0x101997ff8", "0x101997fa8", "0x101997f30", "0x101997ee0", "0x101997e68", "0x101998318", "0x101997e18", "0x101997dc8", "0x101997eb8", "0x101997d28", "0x101997d78", "0x101997c88", "0x101997cd8", "0x101997be8", "0x101997c38", "0x101997bc0", "0x101995370", "0x101995320", "0x101998cf0", "0x101997b48", "0x101998bd8", "0x101997b20", "0x101997f80", "0x1019993f8", "0x101999358", "0x1019992b8", "0x101999218", "0x101999178", "0x1019990d8", "0x101999038", "0x101998f98", "0x101998ef8", "0x101998e80", "0x101998de0", "0x101998c50", "0x101998b38", "0x101998a98", "0x1019989f8", "0x101998958", "0x1019988b8", "0x101998818", "0x101998778", "0x1019986d8", "0x101998d68", "0x101998638", "0x101998598", "0x1019984f8", "0x1019984a8", "0x101998458", "0x1019983b8", "0x101998368", "0x101998408", "0x1019982c8", "0x101998278", "0x101998228", "0x10199b798", "0x101955810", "0x1039f1380"], "memsize":2664, "flags":{"wb_protected":true}}
{"address":"0x1039f1380", "type":"CLASS", "slot_size":160, "class":"0x1039f12e0", "superclass":"0x1039f2000", "name":"File", "references":["0x1039f2000", "0x101997968", "0x101996a90", "0x1019974b8", "0x101997508", "0x1019978f0", "0x101997a80", "0x101997940", "0x1019979b8", "0x101997a58", "0x101997a30", "0x101997a08", "0x1019979e0", "0x101997990", "0x101996a90", "0x1019557c0", "0x10199a2f8", "0x101970930", "0x1019994c0", "0x1039f11a0", "0x1019bfcd8", "0x1019bfcd8", "0x1019bfcb0", "0x1039f1060"], "memsize":1320, "flags":{"wb_protected":true}}
{"address":"0x1039f1420", "type":"MODULE", "slot_size":160, "class":"0x1039f1240", "name":"FileTest", "references":["0x101998d40", "0x101999448", "0x1019993a8", "0x101999308", "0x101999268", "0x1019991c8", "0x101999128", "0x101999088", "0x101998fe8", "0x101998f48", "0x101998ed0", "0x101998e30", "0x101998ca0", "0x101998b88", "0x101998ae8", "0x101998a48", "0x1019989a8", "0x101998908", "0x101998868", "0x1019987c8", "0x101998728", "0x101998db8", "0x101998688", "0x1019985e8", "0x101998548", "0x101998c28", "0x1019994e8"], "memsize":1512, "flags":{"wb_protected":true}}
{"address":"0x1039f14c0", "type":"ICLASS", "slot_size":160, "class":"0x1039fee40", "superclass":"0x1039ffe80", "references":["0x1039ffe80"], "memsize":160, "flags":{"wb_protected":true}}
{"address":"0x1039f1560", "type":"CLASS", "slot_size":160, "class":"0x1039ffd40", "superclass":"0x1039f14c0", "name":"ARGF.class", "references":["0x1039f14c0", "0x101999cb8", "0x1019998f8", "0x101999bf0", "0x1019997e0", "0x1019997b8", "0x101999bc8", "0x101999ba0", "0x101999b78", "0x101999b50", "0x101999a10", "0x101999f60", "0x101999b28", "0x101999b00", "0x101999ad8", "0x101999ab0", "0x101999a88", "0x101999830", "0x101999808", "0x101999c68", "0x101999e20", "0x101999a38", "0x101999fd8", "0x101999fb0", "0x1019996c8", "0x1019996f0", "0x101999e98", "0x101999c90", "0x101999f88", "0x101999f10", "0x101999ec0", "0x101999ce0", "0x101999e48", "0x101999858", "0x101999920", "0x1019998a8", "0x101999718", "0x101999768", "0x101999df8", "0x101999dd0", "0x101999da8", "0x101999d80", "0x101999d58", "0x101999a60", "0x101999c18", "0x101999d30", "0x1019996a0", "0x101999ee8", "0x101999970", "0x1019999e8", "0x1019999c0", "0x101999998", "0x101999c40", "0x101999fd8", "0x101999650", "0x10199a000"], "memsize":2664, "flags":{"wb_protected":true}}
{"address":"0x1039f1600", "type":"ICLASS", "slot_size":160, "class":"0x1039f1d80", "superclass":"0x1039f9080", "references":["0x1039f9080"], "memsize":160, "flags":{"wb_protected":true}}
{"address":"0x1039f16a0", "type":"CLASS", "slot_size":160, "class":"0x1039ffb60", "superclass":"0x1039f8fe0", "real_class_name":"Class", "singleton":true, "references":["0x1039f8fe0", "0x1039f1740"], "memsize":488, "flags":{"wb_protected":true}}
{"address":"0x1039f1740", "type":"CLASS", "slot_size":160, "class":"0x1039f16a0", "superclass":"0x1039f1600", "name":"IO::EINPROGRESSWaitWritable", "references":["0x1039f1600", "0x1039dce08"], "memsize":488, "flags":{"wb_protected":true}}
{"address":"0x1039f17e0", "type":"ICLASS", "slot_size":160, "class":"0x1039f1e20", "superclass":"0x1039f9080", "references":["0x1039f9080"], "memsize":160, "flags":{"wb_protected":true}}
{"address":"0x1039f1880", "type":"CLASS", "slot_size":160, "class":"0x1039ffb60", "superclass":"0x1039f8fe0", "real_class_name":"Class", "singleton":true, "references":["0x1039f8fe0", "0x1039f1920"], "memsize":488, "flags":{"wb_protected":true}}
{"address":"0x1039f1920", "type":"CLASS", "slot_size":160, "class":"0x1039f1880", "superclass":"0x1039f17e0", "name":"IO::EINPROGRESSWaitReadable", "references":["0x1039f17e0", "0x1039dcea8"], "memsize":488, "flags":{"wb_protected":true}}
{"address":"0x1039f19c0", "type":"ICLASS", "slot_size":160, "class":"0x1039f1d80", "superclass":"0x1039fb380", "references":["0x1039fb380"], "memsize":160, "flags":{"wb_protected":true}}
{"address":"0x1039f1a60", "type":"CLASS", "slot_size":160, "class":"0x1039ffb60", "superclass":"0x1039fb2e0", "real_class_name":"Class", "singleton":true, "references":["0x1039fb2e0", "0x1039f1b00"], "memsize":488, "flags":{"wb_protected":true}}
{"address":"0x1039f1b00", "type":"CLASS", "slot_size":160, "class":"0x1039f1a60", "superclass":"0x1039f19c0", "name":"IO::EAGAINWaitWritable", "references":["0x1039f19c0", "0x1039dcfe8"], "memsize":488, "flags":{"wb_protected":true}}
{"address":"0x1039f1ba0", "type":"ICLASS", "slot_size":160, "class":"0x1039f1e20", "superclass":"0x1039fb380", "references":["0x1039fb380"], "memsize":160, "flags":{"wb_protected":true}}
{"address":"0x1039f1c40", "type":"CLASS", "slot_size":160, "class":"0x1039ffb60", "superclass":"0x1039fb2e0", "real_class_name":"Class", "singleton":true, "references":["0x1039fb2e0", "0x1039f1ce0"], "memsize":488, "flags":{"wb_protected":true}}
{"address":"0x1039f1ce0", "type":"CLASS", "slot_size":160, "class":"0x1039f1c40", "superclass":"0x1039f1ba0", "name":"IO::EAGAINWaitReadable", "references":["0x1039f1ba0", "0x1039dd088"], "memsize":488, "flags":{"wb_protected":true}}
{"address":"0x1039f1d80", "type":"MODULE", "slot_size":160, "class":"0x1039ffde0", "name":"IO::WaitWritable", "references":["0x1039dd128"], "memsize":512, "flags":{"wb_protected":true}}
{"address":"0x1039f1e20", "type":"MODULE", "slot_size":160, "class":"0x1039ffde0", "name":"IO::WaitReadable", "references":["0x1039dd178"], "memsize":512, "flags":{"wb_protected":true}}
{"address":"0x1039f1ec0", "type":"ICLASS", "slot_size":160, "class":"0x1039fee40", "superclass":"0x1039ffe80", "references":["0x1039ffe80"], "memsize":160, "flags":{"wb_protected":true}}
{"address":"0x1039f1f60", "type":"CLASS", "slot_size":160, "class":"0x1039ffb60", "superclass":"0x1039ffa20", "real_class_name":"Class", "singleton":true, "references":["0x1039ffa20", "0x10199b630", "0x10199b608", "0x10199b590", "0x10199b748", "0x10199b6f8", "0x10199b6a8", "0x10199b658", "0x10199b5b8", "0x10199b540", "0x10199b4c8", "0x10199b4a0", "0x10199b450", "0x10199b7c0", "0x10199b798", "0x10199b518", "0x1019be888", "0x101999498", "0x1019bdb90", "0x101955658", "0x1019be770", "0x10195c9d0", "0x1039f2000"], "memsize":1208, "flags":{"wb_protected":true}}
{"address":"0x1039f2000", "type":"CLASS", "slot_size":160, "class":"0x1039f1f60", "superclass":"0x1039f1100", "name":"IO", "references":["0x1039f1100", "0x10199adc0", "0x10199ab40", "0x10199b2e8", "0x10199b130", "0x10199b0e0", "0x10199b090", "0x10199b040", "0x10199af78", "0x10199af28", "0x10199aed8", "0x10199ae88", "0x10199ae38", "0x10199ade8", "0x10199ac58", "0x10199ac08", "0x10199abb8", "0x10199ab68", "0x10199aac8", "0x10199ad48", "0x10199aca8", "0x10199a370", "0x10199aa78", "0x10199a960", "0x10199a910", "0x10199a8c0", "0x10199a870", "0x10199a820", "0x10199a7d0", "0x10199a780", "0x10199a730", "0x10199a6e0", "0x10199a690", "0x10199ad20", "0x10199a640", "0x10199b220", "0x10199a5a0", "0x10199a5f0", "0x10199a4d8", "0x10199a528", "0x10199a438", "0x10199a488", "0x10199b428", "0x10199b338", "0x10199a398", "0x10199a348", "0x10199a3e8", "0x10199a2d0", "0x10199a280", "0x10199a320", "0x10199afc8", "0x10199aff0", "0x10199a230", "0x10195c9f8", "0x10195c9a8", "0x10199b1f8", "0x10199b1d0", "0x10199b1a8", "0x10199b180", "0x10199ad70", "0x10199a578", "0x10199acd0", "0x10199ab18", "0x10199ad98", "0x10199a2f8", "0x10199b018", "0x101997aa8", "0x10199b248", "0x10199b2c0", "0x10199b298", "0x10199b270", "0x10199acf8", "0x10199ba40", "0x1039f1e20", "0x1039f1d80", "0x1039f1ce0", "0x1039f1b00", "0x1039f1ce0", "0x1039f1b00", "0x1039f1920", "0x1039f1740", "0x1039f0e80"], "memsize":3072, "flags":{"wb_protected":true}}
{"address":"0x1039f20a0", "type":"CLASS", "slot_size":160, "class":"0x1039ffb60", "superclass":"0x1039f21e0", "real_class_name":"Class", "singleton":true, "references":["0x1039f21e0", "0x1039f2140"], "memsize":488, "flags":{"wb_protected":true}}
{"address":"0x1039f2140", "type":"CLASS", "slot_size":160, "class":"0x1039f20a0", "superclass":"0x1039f2280", "name":"EOFError", "references":["0x1039f2280", "0x10199c0f8"], "memsize":488, "flags":{"wb_protected":true}}
{"address":"0x1039f21e0", "type":"CLASS", "slot_size":160, "class":"0x1039ffb60", "superclass":"0x1039fe260", "real_class_name":"Class", "singleton":true, "references":["0x1039fe260", "0x1019be888", "0x10199c0d0", "0x1039f2280"], "memsize":616, "flags":{"wb_protected":true}}
{"address":"0x1039f2280", "type":"CLASS", "slot_size":160, "class":"0x1039f21e0", "superclass":"0x1039fe300", "name":"IOError", "references":["0x1039fe300", "0x101993200", "0x10197a750", "0x10199c120"], "memsize":616, "flags":{"wb_protected":true}}
{"address":"0x1039f2320", "type":"ICLASS", "slot_size":160, "class":"0x1039fee40", "superclass":"0x1039ffe80", "references":["0x1039ffe80"], "memsize":160, "flags":{"wb_protected":true}}
{"address":"0x1039f23c0", "type":"CLASS", "slot_size":160, "class":"0x1039ffb60", "superclass":"0x1039ffa20", "real_class_name":"Class", "singleton":true, "references":["0x1039ffa20", "0x1039f2460"], "memsize":488, "flags":{"wb_protected":true}}
{"address":"0x1039f2460", "type":"CLASS", "slot_size":160, "class":"0x1039f23c0", "superclass":"0x1039f2320", "name":"Range", "references":["0x1039f2320", "0x10199c4e0", "0x10199c5a8", "0x10199c580", "0x10199c558", "0x10199c530", "0x10199c2d8", "0x10199c288", "0x10199c2b0", "0x10199c148", "0x10199c508", "0x10199c1c0", "0x10199c418", "0x10199c3f0", "0x10199c440", "0x10199c468", "0x10199c3c8", "0x10199c350", "0x10199c378", "0x10199c328", "0x10199c260", "0x10199c210", "0x10199c1e8", "0x10199c170", "0x10199c3a0", "0x10199c300", "0x10199c490", "0x10199c4b8", "0x10199c5d0", "0x10199c5f8", "0x10199c5f8"], "memsize":1512, "flags":{"wb_protected":true}}
{"address":"0x1039f2500", "type":"CLASS", "slot_size":160, "class":"0x1039ffac0", "superclass":"0x1039ffde0", "real_class_name":"Module", "singleton":true, "references":["0x1039ffde0", "0x101958510", "0x101958498", "0x10199c6c0", "0x1019be950", "0x1019584e8", "0x1039f25a0"], "memsize":680, "flags":{"wb_protected":true}}
{"address":"0x1039f25a0", "type":"MODULE", "slot_size":160, "class":"0x1039f2500", "name":"Marshal", "references":["0x10199c6e8", "0x10199c878"], "memsize":640, "flags":{"wb_protected":true}}
{"address":"0x1039f2640", "type":"CLASS", "slot_size":160, "class":"0x1039ffb60", "superclass":"0x1039ffa20", "real_class_name":"Class", "singleton":true, "references":["0x1039ffa20", "0x10199cf58", "0x10199cf08", "0x1039f26e0"], "memsize":552, "flags":{"wb_protected":true}}
{"address":"0x1039f26e0", "type":"CLASS", "slot_size":160, "class":"0x1039f2640", "superclass":"0x1039ffe80", "name":"Encoding::Converter", "references":["0x1039ffe80", "0x10199cee0", "0x10199ce18", "0x10199ce68", "0x10199cdf0", "0x10199ce40", "0x10199ceb8", "0x10199cd28", "0x10199ccd8", "0x10199cc88", "0x10199cc38", "0x10199cda0", "0x10199cd50", "0x10199cb98", "0x10199cbe8", "0x10199cb70", "0x1039dd538"], "memsize":1536, "flags":{"wb_protected":true}}
{"address":"0x1039f2780", "type":"CLASS", "slot_size":160, "class":"0x1039ffb60", "superclass":"0x1039fcc80", "real_class_name":"Class", "singleton":true, "references":["0x1039fcc80", "0x1039f2820"], "memsize":488, "flags":{"wb_protected":true}}
{"address":"0x1039f2820", "type":"CLASS", "slot_size":160, "class":"0x1039f2780", "superclass":"0x1039fcd20", "name":"Encoding::ConverterNotFoundError", "references":["0x1039fcd20", "0x1039dd588"], "memsize":488, "flags":{"wb_protected":true}}
{"address":"0x1039f28c0", "type":"CLASS", "slot_size":160, "class":"0x1039ffb60", "superclass":"0x1039fcc80", "real_class_name":"Class", "singleton":true, "references":["0x1039fcc80", "0x1039f2960"], "memsize":488, "flags":{"wb_protected":true}}
{"address":"0x1039f2960", "type":"CLASS", "slot_size":160, "class":"0x1039f28c0", "superclass":"0x1039fcd20", "name":"Encoding::InvalidByteSequenceError", "references":["0x1039fcd20", "0x10199c8a0", "0x10199c918", "0x10199c968", "0x10199c8f0", "0x10199c8c8", "0x10199c940", "0x10199c990", "0x1039dd628"], "memsize":744, "flags":{"wb_protected":true}}
{"address":"0x1039f2a00", "type":"CLASS", "slot_size":160, "class":"0x1039ffb60", "superclass":"0x1039fcc80", "real_class_name":"Class", "singleton":true, "references":["0x1039fcc80", "0x1039f2aa0"], "memsize":488, "flags":{"wb_protected":true}}
{"address":"0x1039f2aa0", "type":"CLASS", "slot_size":160, "class":"0x1039f2a00", "superclass":"0x1039fcd20", "name":"Encoding::UndefinedConversionError", "references":["0x1039fcd20", "0x10199c9b8", "0x10199ca08", "0x10199ca58", "0x10199c9e0", "0x10199ca30", "0x1039dd6c8"], "memsize":616, "flags":{"wb_protected":true}}
{"address":"0x1039f2b40", "type":"CLASS", "slot_size":160, "class":"0x1039ffb60", "superclass":"0x1039ffa20", "real_class_name":"Class", "singleton":true, "references":["0x1039ffa20", "0x10199d908", "0x10199d8e0", "0x1039f2be0"], "memsize":552, "flags":{"wb_protected":true}}
{"address":"0x1039f2be0", "type":"CLASS", "slot_size":160, "class":"0x1039f2b40", "superclass":"0x1039ffe80", "name":"MatchData", "references":["0x1039ffe80", "0x10199d430", "0x10199d8b8", "0x10199d3e0", "0x10199d598", "0x10199d660", "0x10199d4d0", "0x10199d638", "0x10199d5c0", "0x10199d6d8", "0x10199d408", "0x10199d868", "0x10199d7a0", "0x10199d750", "0x10199d700", "0x10199d688", "0x10199d5e8", "0x10199d548", "0x10199d4f8", "0x10199d458", "0x10199d4a8", "0x10199d7f0", "0x10199d818", "0x10199d840", "0x10199d930"], "memsize":1512, "flags":{"wb_protected":true}}
{"address":"0x1039f2c80", "type":"CLASS", "slot_size":160, "class":"0x1039ffb60", "superclass":"0x1039ffa20", "real_class_name":"Class", "singleton":true, "references":["0x1039ffa20", "0x10199de08", "0x10199de58", "0x10199dde0", "0x10199df20", "0x10199ded0", "0x10199de80", "0x1039f2d20"], "memsize":616, "flags":{"wb_protected":true}}
{"address":"0x1039f2d20", "type":"CLASS", "slot_size":160, "class":"0x1039f2c80", "superclass":"0x1039ffe80", "name":"Regexp", "references":["0x1039ffe80", "0x10199dd68", "0x10199ddb8", "0x10199dd90", "0x10199dae8", "0x10199dd18", "0x10199dcc8", "0x10199dc00", "0x10199dcf0", "0x10199dc28", "0x10199dbb0", "0x10199db60", "0x10199db10", "0x10199da98", "0x10199da20", "0x10199dc78", "0x10199dc50", "0x10199dd40", "0x10199da70", "0x10199dca0", "0x10199df70"], "memsize":1152, "flags":{"wb_protected":true}}
{"address":"0x1039f2dc0", "type":"CLASS", "slot_size":160, "class":"0x1039ffb60", "superclass":"0x1039fe260", "real_class_name":"Class", "singleton":true, "references":["0x1039fe260", "0x1039f2e60"], "memsize":488, "flags":{"wb_protected":true}}
{"address":"0x1039f2e60", "type":"CLASS", "slot_size":160, "class":"0x1039f2dc0", "superclass":"0x1039fe300", "name":"RegexpError", "references":["0x1039fe300", "0x10199e060"], "memsize":488, "flags":{"wb_protected":true}}
{"address":"0x1039f2f00", "type":"ICLASS", "slot_size":160, "class":"0x1039fee40", "superclass":"0x1039ffe80", "references":["0x1039ffe80"], "memsize":160, "flags":{"wb_protected":true}}
{"address":"0x1039f2fa0", "type":"CLASS", "slot_size":160, "class":"0x1039ffb60", "superclass":"0x1039ffa20", "real_class_name":"Class", "singleton":true, "references":["0x1039ffa20", "0x10199e448", "0x1019be888", "0x101977690", "0x1039f3040"], "memsize":680, "flags":{"wb_protected":true}}
{"address":"0x1039f3040", "type":"CLASS", "slot_size":160, "class":"0x1039f2fa0", "superclass":"0x1039f2f00", "name":"Struct", "references":["0x1039f2f00", "0x10199e380", "0x10199e420", "0x10199e3f8", "0x10199e100", "0x10199e3d0", "0x10199e150", "0x10199e308", "0x10199e330", "0x10199e1f0", "0x10199e1c8", "0x10199e2e0", "0x10199e1a0", "0x10199e3a8", "0x10199e178", "0x10199e0b0", "0x10199e218", "0x10199e358", "0x10199e2b8", "0x10199e0d8", "0x10199e268", "0x10199e290", "0x10199e240", "0x10199e088", "0x10199e470"], "memsize":1512, "flags":{"wb_protected":true}}
{"address":"0x1039f30e0", "type":"ICLASS", "slot_size":160, "class":"0x1039fee40", "superclass":"0x1039ffe80", "references":["0x1039ffe80"], "memsize":160, "flags":{"wb_protected":true}}
{"address":"0x1039f3180", "type":"CLASS", "slot_size":160, "class":"0x1039ffa20", "superclass":"0x1039f30e0", "real_class_name":"Object", "singleton":true, "references":["0x1039f30e0", "0x10199e588", "0x10199e858", "0x10199ed08", "0x10199ecb8", "0x10199e628", "0x10199e7e0", "0x10199e740", "0x10199e970", "0x10199eb00", "0x10199e9c0", "0x10199e8f8", "0x10199ece0", "0x10199e808", "0x10199e830", "0x10199ec68", "0x10199e9e8", "0x10199e560", "0x10199e510", "0x10199e538", "0x10199e4e8", "0x10199ea60", "0x10199ea10", "0x10199eb78", "0x10199e768", "0x10199eba0", "0x10199eab0", "0x10199e880", "0x10199e8a8", "0x10199e600", "0x10199e5d8", "0x10199e650", "0x10199ea88", "0x10199ea38", "0x10199ead8", "0x10199ebc8", "0x10199e8d0", "0x10199ec90", "0x10199ebf0", "0x10199ec18", "0x10199ec40", "0x10199eb50", "0x10199e5b0", "0x10199e7b8", "0x10199e790", "0x10199e718", "0x10199eb28", "0x10199e998", "0x10199e948", "0x10199e920", "0x10199e6f0", "0x10199e6c8", "0x10199e6a0", "0x10199e678", "0x10199ed30"], "memsize":2536, "flags":{"wb_protected":true}}
{"address":"0x1039f3220", "type":"ICLASS", "slot_size":160, "class":"0x1039fee40", "superclass":"0x1039ffe80", "references":["0x1039ffe80"], "memsize":160, "flags":{"wb_protected":true}}
{"address":"0x1039f32c0", "type":"CLASS", "slot_size":160, "class":"0x1039ffb60", "superclass":"0x1039ffa20", "real_class_name":"Class", "singleton":true, "references":["0x1039ffa20", "0x10199fcd0", "0x10199fca8", "0x10199ed80", "0x10199ed58", "0x1039f3360"], "memsize":616, "flags":{"wb_protected":true}}
{"address":"0x1039f3360", "type":"CLASS", "slot_size":160, "class":"0x1039f32c0", "superclass":"0x1039f3220", "name":"Hash", "references":["0x1039f3220", "0x10199faa0", "0x10199ee70", "0x10199eda8", "0x10199f0c8", "0x10199ee98", "0x10199ee48", "0x10199edf8", "0x10199faf0", "0x10199f898", "0x10199fac8", "0x10199fa28", "0x10199fbb8", "0x10199f820", "0x10199fa78", "0x10199f078", "0x10199f208", "0x10199f2d0", "0x10199fb68", "0x10199fa50", "0x10199f848", "0x10199f870", "0x10199ee20", "0x10199f708", "0x10199edd0", "0x10199f4d8", "0x10199fc80", "0x10199fc58", "0x10199f410", "0x10199f3c0", "0x10199fbe0", "0x10199fb18", "0x10199f550", "0x10199fb90", "0x10199fb40", "0x10199f370", "0x10199f460", "0x10199f140", "0x10199f118", "0x10199f488", "0x10199f0a0", "0x10199f0f0", "0x10199f438", "0x10199f3e8", "0x10199f4b0", "0x10199f398", "0x10199f9b0", "0x10199fc08", "0x10199f9d8", "0x10199f960", "0x10199f910", "0x10199f8c0", "0x10199f7d0", "0x10199f780", "0x10199f730", "0x10199f6b8", "0x10199f668", "0x10199f640", "0x10199f618", "0x10199f5c8", "0x10199f578", "0x10199f500", "0x10199f348", "0x10199f2f8", "0x10199f280", "0x10199f230", "0x10199f1b8", "0x10199f168", "0x10199f000", "0x10199efb0", "0x10199f050", "0x10199ef10", "0x10199ef60", "0x10199eec0", "0x10199eee8", "0x1019bde88"], "memsize":2536, "flags":{"wb_protected":true}}
{"address":"0x1039f3400", "type":"ICLASS", "slot_size":160, "class":"0x1039fee40", "superclass":"0x1039ffe80", "references":["0x1039ffe80"], "memsize":160, "flags":{"wb_protected":true}}
{"address":"0x1039f34a0", "type":"CLASS", "slot_size":160, "class":"0x1039ffb60", "superclass":"0x1039ffa20", "real_class_name":"Class", "singleton":true, "references":["0x1039ffa20", "0x1019b1458", "0x1019b1430", "0x1019be770", "0x10195a090", "0x1039f3540"], "memsize":680, "flags":{"wb_protected":true}}
{"address":"0x1039f3540", "type":"CLASS", "slot_size":160, "class":"0x1039f34a0", "superclass":"0x1039f3400", "name":"Array", "references":["0x1039f3400", "0x1019b12a0", "0x1019b1340", "0x1019b0530", "0x1019b0378", "0x1019b03c8", "0x1019b03f0", "0x1019b03a0", "0x1019b1200", "0x1019b11b0", "0x1019b1138", "0x1019b10c0", "0x1019b1070", "0x1019b1020", "0x1019b0fd0", "0x1019b0f58", "0x1019b0f08", "0x1019b0eb8", "0x1019b0e68", "0x1019b0e18", "0x1019b0d50", "0x1019b0be8", "0x1019b0b48", "0x1019b0af8", "0x1019b0a80", "0x1019b0a30", "0x1019b09b8", "0x1019b0940", "0x1019b08c8", "0x1019b0850", "0x1019b0800", "0x1019b07b0", "0x1019b0738", "0x1019b06e8", "0x1019b0670", "0x1019b05f8", "0x1019b0ad0", "0x1019b0558", "0x1019b0468", "0x1019b0260", "0x1019b01e8", "0x1019b0418", "0x1019b0148", "0x1019b0c88", "0x1019b0918", "0x1019b08a0", "0x1019b0120", "0x1019b06c0", "0x1019b0a08", "0x1019b0990", "0x1019b0058", "0x1019b0198", "0x1019b0008", "0x1019b00a8", "0x10199feb0", "0x1019b0030", "0x10199fd20", "0x1019b1188", "0x10199fe10", "0x10199fe60", "0x10199fe38", "0x10199fde8", "0x1019b02d8", "0x10199fdc0", "0x1019597a8", "0x10195a0b8", "0x1019b0d28", "0x1019597f8", "0x1019597d0", "0x1019b0648", "0x10199ff78", "0x10199ffa0", "0x10199ff50", "0x10199ff28", "0x1019b0350", "0x1019b00f8", "0x10199ff00", "0x10199fd70", "0x1019b02b0", "0x1019b0238", "0x1019b0508", "0x1019b0fa8", "0x1019b12f0", "0x1019b1278", "0x1019b1250", "0x1019b0dc8", "0x1019b0cb0", "0x1019b12c8", "0x1019b0c60", "0x1019b0c38", "0x1019b05d0", "0x1019b05a8", "0x1019b0328", "0x1019b0300", "0x1019b13b8", "0x1019b0d00", "0x1019b0cd8", "0x1019b0da0", "0x1019b0b98", "0x1019b1110", "0x1019b0df0", "0x1019b0bc0", "0x1019b1408", "0x1019b13e0", "0x1019b1318", "0x1019b1368", "0x1019b1390", "0x1019b0788", "0x1019b04e0", "0x1019b04b8", "0x10199fd98", "0x1019bdf00"], "memsize":4584, "flags":{"wb_protected":true}}
{"address":"0x1039f35e0", "type":"CLASS", "slot_size":160, "class":"0x1039ffb60", "superclass":"0x1039fc780", "real_class_name":"Class", "singleton":true, "references":["0x1039fc780", "0x1039f3680"], "memsize":488, "flags":{"wb_protected":true}}
{"address":"0x1039f3680", "type":"CLASS", "slot_size":160, "class":"0x1039f35e0", "superclass":"0x1039fc820", "name":"Errno::EXDEV", "references":["0x1039fc820", "0x1019b14a8"], "memsize":576, "flags":{"wb_protected":true}}
{"address":"0x1039f3720", "type":"CLASS", "slot_size":160, "class":"0x1039ffb60", "superclass":"0x1039fc780", "real_class_name":"Class", "singleton":true, "references":["0x1039fc780", "0x1039f37c0"], "memsize":488, "flags":{"wb_protected":true}}
{"address":"0x1039f37c0", "type":"CLASS", "slot_size":160, "class":"0x1039f3720", "superclass":"0x1039fc820", "name":"Errno::EUSERS", "references":["0x1039fc820", "0x1019b1548"], "memsize":576, "flags":{"wb_protected":true}}
{"address":"0x1039f3860", "type":"CLASS", "slot_size":160, "class":"0x1039ffb60", "superclass":"0x1039fc780", "real_class_name":"Class", "singleton":true, "references":["0x1039fc780", "0x1039f3900"], "memsize":488, "flags":{"wb_protected":true}}
{"address":"0x1039f3900", "type":"CLASS", "slot_size":160, "class":"0x1039f3860", "superclass":"0x1039fc820", "name":"Errno::ETXTBSY", "references":["0x1039fc820", "0x1019b1610"], "memsize":576, "flags":{"wb_protected":true}}
{"address":"0x1039f39a0", "type":"CLASS", "slot_size":160, "class":"0x1039ffb60", "superclass":"0x1039fc780", "real_class_name":"Class", "singleton":true, "references":["0x1039fc780", "0x1039f3a40"], "memsize":488, "flags":{"wb_protected":true}}
{"address":"0x1039f3a40", "type":"CLASS", "slot_size":160, "class":"0x1039f39a0", "superclass":"0x1039fc820", "name":"Errno::ETOOMANYREFS", "references":["0x1039fc820", "0x1039ddda8"], "memsize":576, "flags":{"wb_protected":true}}
{"address":"0x1039f3ae0", "type":"CLASS", "slot_size":160, "class":"0x1039ffb60", "superclass":"0x1039fc780", "real_class_name":"Class", "singleton":true, "references":["0x1039fc780", "0x1039f3b80"], "memsize":488, "flags":{"wb_protected":true}}
{"address":"0x1039f3b80", "type":"CLASS", "slot_size":160, "class":"0x1039f3ae0", "superclass":"0x1039fc820", "name":"Errno::ETIMEDOUT", "references":["0x1039fc820", "0x1039dddf8"], "memsize":576, "flags":{"wb_protected":true}}
{"address":"0x1039f3c20", "type":"CLASS", "slot_size":160, "class":"0x1039ffb60", "superclass":"0x1039fc780", "real_class_name":"Class", "singleton":true, "references":["0x1039fc780", "0x1039f3cc0"], "memsize":488, "flags":{"wb_protected":true}}
{"address":"0x1039f3cc0", "type":"CLASS", "slot_size":160, "class":"0x1039f3c20", "superclass":"0x1039fc820", "name":"Errno::ETIME", "references":["0x1039fc820", "0x1019b1728"], "memsize":576, "flags":{"wb_protected":true}}
{"address":"0x1039f3d60", "type":"CLASS", "slot_size":160, "class":"0x1039ffb60", "superclass":"0x1039fc780", "real_class_name":"Class", "singleton":true, "references":["0x1039fc780", "0x1039f3e00"], "memsize":488, "flags":{"wb_protected":true}}
{"address":"0x1039f3e00", "type":"CLASS", "slot_size":160, "class":"0x1039f3d60", "superclass":"0x1039fc820", "name":"Errno::ESTALE", "references":["0x1039fc820", "0x1019b17c8"], "memsize":576, "flags":{"wb_protected":true}}
{"address":"0x1039f3ea0", "type":"CLASS", "slot_size":160, "class":"0x1039ffb60", "superclass":"0x1039fc780", "real_class_name":"Class", "singleton":true, "references":["0x1039fc780", "0x1039f3f40"], "memsize":488, "flags":{"wb_protected":true}}
{"address":"0x1039f3f40", "type":"CLASS", "slot_size":160, "class":"0x1039f3ea0", "superclass":"0x1039fc820", "name":"Errno::ESRCH", "references":["0x1039fc820", "0x1019b1868"], "memsize":576, "flags":{"wb_protected":true}}
{"address":"0x1039f3fe0", "type":"CLASS", "slot_size":160, "class":"0x1039ffb60", "superclass":"0x1039fc780", "real_class_name":"Class", "singleton":true, "references":["0x1039fc780", "0x1039f4080"], "memsize":488, "flags":{"wb_protected":true}}
{"address":"0x1039f4080", "type":"CLASS", "slot_size":160, "class":"0x1039f3fe0", "superclass":"0x1039fc820", "name":"Errno::ESPIPE", "references":["0x1039fc820", "0x1019b18e0"], "memsize":576, "flags":{"wb_protected":true}}
{"address":"0x1039f4120", "type":"CLASS", "slot_size":160, "class":"0x1039ffb60", "superclass":"0x1039fc780", "real_class_name":"Class", "singleton":true, "references":["0x1039fc780", "0x1039f41c0"], "memsize":488, "flags":{"wb_protected":true}}
{"address":"0x1039f41c0", "type":"CLASS", "slot_size":160, "class":"0x1039f4120", "superclass":"0x1039fc820", "name":"Errno::ESOCKTNOSUPPORT", "references":["0x1039fc820", "0x1039dde48"], "memsize":576, "flags":{"wb_protected":true}}
{"address":"0x1039f4260", "type":"CLASS", "slot_size":160, "class":"0x1039ffb60", "superclass":"0x1039fc780", "real_class_name":"Class", "singleton":true, "references":["0x1039fc780", "0x1039f4300"], "memsize":488, "flags":{"wb_protected":true}}
{"address":"0x1039f4300", "type":"CLASS", "slot_size":160, "class":"0x1039f4260", "superclass":"0x1039fc820", "name":"Errno::ESHUTDOWN", "references":["0x1039fc820", "0x1039dde98"], "memsize":576, "flags":{"wb_protected":true}}
{"address":"0x1039f43a0", "type":"CLASS", "slot_size":160, "class":"0x1039ffb60", "superclass":"0x1039fc780", "real_class_name":"Class", "singleton":true, "references":["0x1039fc780", "0x1039f4440"], "memsize":488, "flags":{"wb_protected":true}}
{"address":"0x1039f4440", "type":"CLASS", "slot_size":160, "class":"0x1039f43a0", "superclass":"0x1039fc820", "name":"Errno::ESHLIBVERS", "references":["0x1039fc820", "0x1039ddee8"], "memsize":576, "flags":{"wb_protected":true}}
{"address":"0x1039f44e0", "type":"CLASS", "slot_size":160, "class":"0x1039ffb60", "superclass":"0x1039fc780", "real_class_name":"Class", "singleton":true, "references":["0x1039fc780", "0x1039f4580"], "memsize":488, "flags":{"wb_protected":true}}
{"address":"0x1039f4580", "type":"CLASS", "slot_size":160, "class":"0x1039f44e0", "superclass":"0x1039fc820", "name":"Errno::ERPCMISMATCH", "references":["0x1039fc820", "0x1039ddf38"], "memsize":576, "flags":{"wb_protected":true}}
{"address":"0x1039f4620", "type":"CLASS", "slot_size":160, "class":"0x1039ffb60", "superclass":"0x1039fc780", "real_class_name":"Class", "singleton":true, "references":["0x1039fc780", "0x1039f46c0"], "memsize":488, "flags":{"wb_protected":true}}
{"address":"0x1039f46c0", "type":"CLASS", "slot_size":160, "class":"0x1039f4620", "superclass":"0x1039fc820", "name":"Errno::EROFS", "references":["0x1039fc820", "0x1019b1a98"], "memsize":576, "flags":{"wb_protected":true}}
{"address":"0x1039f4760", "type":"CLASS", "slot_size":160, "class":"0x1039ffb60", "superclass":"0x1039fc780", "real_class_name":"Class", "singleton":true, "references":["0x1039fc780", "0x1039f4800"], "memsize":488, "flags":{"wb_protected":true}}
{"address":"0x1039f4800", "type":"CLASS", "slot_size":160, "class":"0x1039f4760", "superclass":"0x1039fc820", "name":"Errno::EREMOTE", "references":["0x1039fc820", "0x1019b1b88"], "memsize":576, "flags":{"wb_protected":true}}
{"address":"0x1039f48a0", "type":"CLASS", "slot_size":160, "class":"0x1039ffb60", "superclass":"0x1039fc780", "real_class_name":"Class", "singleton":true, "references":["0x1039fc780", "0x1039f4940"], "memsize":488, "flags":{"wb_protected":true}}
{"address":"0x1039f4940", "type":"CLASS", "slot_size":160, "class":"0x1039f48a0", "superclass":"0x1039fc820", "name":"Errno::ERANGE", "references":["0x1039fc820", "0x1019b1c28"], "memsize":576, "flags":{"wb_protected":true}}
{"address":"0x1039f49e0", "type":"CLASS", "slot_size":160, "class":"0x1039ffb60", "superclass":"0x1039fc780", "real_class_name":"Class", "singleton":true, "references":["0x1039fc780", "0x1039f4a80"], "memsize":488, "flags":{"wb_protected":true}}
{"address":"0x1039f4a80", "type":"CLASS", "slot_size":160, "class":"0x1039f49e0", "superclass":"0x1039fc820", "name":"Errno::EPWROFF", "references":["0x1039fc820", "0x1019b1cc8"], "memsize":576, "flags":{"wb_protected":true}}
{"address":"0x1039f4b20", "type":"CLASS", "slot_size":160, "class":"0x1039ffb60", "superclass":"0x1039fc780", "real_class_name":"Class", "singleton":true, "references":["0x1039fc780", "0x1039f4bc0"], "memsize":488, "flags":{"wb_protected":true}}
{"address":"0x1039f4bc0", "type":"CLASS", "slot_size":160, "class":"0x1039f4b20", "superclass":"0x1039fc820", "name":"Errno::EPROTOTYPE", "references":["0x1039fc820", "0x1039ddf88"], "memsize":576, "flags":{"wb_protected":true}}
{"address":"0x1039f4c60", "type":"CLASS", "slot_size":160, "class":"0x1039ffb60", "superclass":"0x1039fc780", "real_class_name":"Class", "singleton":true, "references":["0x1039fc780", "0x1039f4d00"], "memsize":488, "flags":{"wb_protected":true}}
{"address":"0x1039f4d00", "type":"CLASS", "slot_size":160, "class":"0x1039f4c60", "superclass":"0x1039fc820", "name":"Errno::EPROTONOSUPPORT", "references":["0x1039fc820", "0x1039ddfd8"], "memsize":576, "flags":{"wb_protected":true}}
{"address":"0x1039f4da0", "type":"CLASS", "slot_size":160, "class":"0x1039ffb60", "superclass":"0x1039fc780", "real_class_name":"Class", "singleton":true, "references":["0x1039fc780", "0x1039f4e40"], "memsize":488, "flags":{"wb_protected":true}}
{"address":"0x1039f4e40", "type":"CLASS", "slot_size":160, "class":"0x1039f4da0", "superclass":"0x1039fc820", "name":"Errno::EPROTO", "references":["0x1039fc820", "0x1019b1de0"], "memsize":576, "flags":{"wb_protected":true}}
{"address":"0x1039f4ee0", "type":"CLASS", "slot_size":160, "class":"0x1039ffb60", "superclass":"0x1039fc780", "real_class_name":"Class", "singleton":true, "references":["0x1039fc780", "0x1039f4f80"], "memsize":488, "flags":{"wb_protected":true}}
{"address":"0x1039f4f80", "type":"CLASS", "slot_size":160, "class":"0x1039f4ee0", "superclass":"0x1039fc820", "name":"Errno::EPROGUNAVAIL", "references":["0x1039fc820", "0x1039de028"], "memsize":576, "flags":{"wb_protected":true}}
{"address":"0x1039f5020", "type":"CLASS", "slot_size":160, "class":"0x1039ffb60", "superclass":"0x1039fc780", "real_class_name":"Class", "singleton":true, "references":["0x1039fc780", "0x1039f50c0"], "memsize":488, "flags":{"wb_protected":true}}
{"address":"0x1039f50c0", "type":"CLASS", "slot_size":160, "class":"0x1039f5020", "superclass":"0x1039fc820", "name":"Errno::EPROGMISMATCH", "references":["0x1039fc820", "0x1039de078"], "memsize":576, "flags":{"wb_protected":true}}
{"address":"0x1039f5160", "type":"CLASS", "slot_size":160, "class":"0x1039ffb60", "superclass":"0x1039fc780", "real_class_name":"Class", "singleton":true, "references":["0x1039fc780", "0x1039f5200"], "memsize":488, "flags":{"wb_protected":true}}
{"address":"0x1039f5200", "type":"CLASS", "slot_size":160, "class":"0x1039f5160", "superclass":"0x1039fc820", "name":"Errno::EPROCUNAVAIL", "references":["0x1039fc820", "0x1039de0c8"], "memsize":576, "flags":{"wb_protected":true}}
{"address":"0x1039f52a0", "type":"CLASS", "slot_size":160, "class":"0x1039ffb60", "superclass":"0x1039fc780", "real_class_name":"Class", "singleton":true, "references":["0x1039fc780", "0x1039f5340"], "memsize":488, "flags":{"wb_protected":true}}
{"address":"0x1039f5340", "type":"CLASS", "slot_size":160, "class":"0x1039f52a0", "superclass":"0x1039fc820", "name":"Errno::EPROCLIM", "references":["0x1039fc820", "0x1019b1f48"], "memsize":576, "flags":{"wb_protected":true}}
{"address":"0x1039f53e0", "type":"CLASS", "slot_size":160, "class":"0x1039ffb60", "superclass":"0x1039fc780", "real_class_name":"Class", "singleton":true, "references":["0x1039fc780", "0x1039f5480"], "memsize":488, "flags":{"wb_protected":true}}
{"address":"0x1039f5480", "type":"CLASS", "slot_size":160, "class":"0x1039f53e0", "superclass":"0x1039fc820", "name":"Errno::EPIPE", "references":["0x1039fc820", "0x1019b1fc0"], "memsize":576, "flags":{"wb_protected":true}}
{"address":"0x1039f5520", "type":"CLASS", "slot_size":160, "class":"0x1039ffb60", "superclass":"0x1039fc780", "real_class_name":"Class", "singleton":true, "references":["0x1039fc780", "0x1039f55c0"], "memsize":488, "flags":{"wb_protected":true}}
{"address":"0x1039f55c0", "type":"CLASS", "slot_size":160, "class":"0x1039f5520", "superclass":"0x1039fc820", "name":"Errno::EPFNOSUPPORT", "references":["0x1039fc820", "0x1039de118"], "memsize":576, "flags":{"wb_protected":true}}
{"address":"0x1039f5660", "type":"CLASS", "slot_size":160, "class":"0x1039ffb60", "superclass":"0x1039fc780", "real_class_name":"Class", "singleton":true, "references":["0x1039fc780", "0x1039f5700"], "memsize":488, "flags":{"wb_protected":true}}
{"address":"0x1039f5700", "type":"CLASS", "slot_size":160, "class":"0x1039f5660", "superclass":"0x1039fc820", "name":"Errno::EPERM", "references":["0x1039fc820", "0x1019b2088"], "memsize":576, "flags":{"wb_protected":true}}
{"address":"0x1039f57a0", "type":"CLASS", "slot_size":160, "class":"0x1039ffb60", "superclass":"0x1039fc780", "real_class_name":"Class", "singleton":true, "references":["0x1039fc780", "0x1039f5840"], "memsize":488, "flags":{"wb_protected":true}}
{"address":"0x1039f5840", "type":"CLASS", "slot_size":160, "class":"0x1039f57a0", "superclass":"0x1039fc820", "name":"Errno::EOWNERDEAD", "references":["0x1039fc820", "0x1039de168"], "memsize":576, "flags":{"wb_protected":true}}
{"address":"0x1039f58e0", "type":"CLASS", "slot_size":160, "class":"0x1039ffb60", "superclass":"0x1039fc780", "real_class_name":"Class", "singleton":true, "references":["0x1039fc780", "0x1039f5980"], "memsize":488, "flags":{"wb_protected":true}}
{"address":"0x1039f5980", "type":"CLASS", "slot_size":160, "class":"0x1039f58e0", "superclass":"0x1039fc820", "name":"Errno::EOVERFLOW", "references":["0x1039fc820", "0x1039de1b8"], "memsize":576, "flags":{"wb_protected":true}}
{"address":"0x1039f5a20", "type":"CLASS", "slot_size":160, "class":"0x1039ffb60", "superclass":"0x1039fc780", "real_class_name":"Class", "singleton":true, "references":["0x1039fc780", "0x1039f5ac0"], "memsize":488, "flags":{"wb_protected":true}}
{"address":"0x1039f5ac0", "type":"CLASS", "slot_size":160, "class":"0x1039f5a20", "superclass":"0x1039fc820", "name":"Errno::EOPNOTSUPP", "references":["0x1039fc820", "0x1039de208"], "memsize":576, "flags":{"wb_protected":true}}
{"address":"0x1039f5b60", "type":"CLASS", "slot_size":160, "class":"0x1039ffb60", "superclass":"0x1039fc780", "real_class_name":"Class", "singleton":true, "references":["0x1039fc780", "0x1039f5c00"], "memsize":488, "flags":{"wb_protected":true}}
{"address":"0x1039f5c00", "type":"CLASS", "slot_size":160, "class":"0x1039f5b60", "superclass":"0x1039fc820", "name":"Errno::ENXIO", "references":["0x1039fc820", "0x1019b21f0"], "memsize":576, "flags":{"wb_protected":true}}
{"address":"0x1039f5ca0", "type":"CLASS", "slot_size":160, "class":"0x1039ffb60", "superclass":"0x1039fc780", "real_class_name":"Class", "singleton":true, "references":["0x1039fc780", "0x1039f5d40"], "memsize":488, "flags":{"wb_protected":true}}
{"address":"0x1039f5d40", "type":"CLASS", "slot_size":160, "class":"0x1039f5ca0", "superclass":"0x1039fc820", "name":"Errno::ENOTTY", "references":["0x1039fc820", "0x1019b2290"], "memsize":576, "flags":{"wb_protected":true}}
{"address":"0x1039f5de0", "type":"CLASS", "slot_size":160, "class":"0x1039ffb60", "superclass":"0x1039fc780", "real_class_name":"Class", "singleton":true, "references":["0x1039fc780", "0x1039f5e80"], "memsize":488, "flags":{"wb_protected":true}}
{"address":"0x1039f5e80", "type":"CLASS", "slot_size":160, "class":"0x1039f5de0", "superclass":"0x1039fc820", "name":"Errno::ENOTSUP", "references":["0x1039fc820", "0x1019b2308"], "memsize":576, "flags":{"wb_protected":true}}
{"address":"0x1039f5f20", "type":"CLASS", "slot_size":160, "class":"0x1039ffb60", "superclass":"0x1039fc780", "real_class_name":"Class", "singleton":true, "references":["0x1039fc780", "0x1039f5fc0"], "memsize":488, "flags":{"wb_protected":true}}
{"address":"0x1039f5fc0", "type":"CLASS", "slot_size":160, "class":"0x1039f5f20", "superclass":"0x1039fc820", "name":"Errno::ENOTSOCK", "references":["0x1039fc820", "0x1019b2380"], "memsize":576, "flags":{"wb_protected":true}}
{"address":"0x1039f6060", "type":"CLASS", "slot_size":160, "class":"0x1039ffb60", "superclass":"0x1039fc780", "real_class_name":"Class", "singleton":true, "references":["0x1039fc780", "0x1039f6100"], "memsize":488, "flags":{"wb_protected":true}}
{"address":"0x1039f6100", "type":"CLASS", "slot_size":160, "class":"0x1039f6060", "superclass":"0x1039fc820", "name":"Errno::ENOTRECOVERABLE", "references":["0x1039fc820", "0x1039de258"], "memsize":576, "flags":{"wb_protected":true}}
{"address":"0x1039f61a0", "type":"CLASS", "slot_size":160, "class":"0x1039ffb60", "superclass":"0x1039fc780", "real_class_name":"Class", "singleton":true, "references":["0x1039fc780", "0x1039f6240"], "memsize":488, "flags":{"wb_protected":true}}
{"address":"0x1039f6240", "type":"CLASS", "slot_size":160, "class":"0x1039f61a0", "superclass":"0x1039fc820", "name":"Errno::ENOTEMPTY", "references":["0x1039fc820", "0x1039de2a8"], "memsize":576, "flags":{"wb_protected":true}}
{"address":"0x1039f62e0", "type":"CLASS", "slot_size":160, "class":"0x1039ffb60", "superclass":"0x1039fc780", "real_class_name":"Class", "singleton":true, "references":["0x1039fc780", "0x1039f6380"], "memsize":488, "flags":{"wb_protected":true}}
{"address":"0x1039f6380", "type":"CLASS", "slot_size":160, "class":"0x1039f62e0", "superclass":"0x1039fc820", "name":"Errno::ENOTDIR", "references":["0x1039fc820", "0x1019b24c0"], "memsize":576, "flags":{"wb_protected":true}}
{"address":"0x1039f6420", "type":"CLASS", "slot_size":160, "class":"0x1039ffb60", "superclass":"0x1039fc780", "real_class_name":"Class", "singleton":true, "references":["0x1039fc780", "0x1039f64c0"], "memsize":488, "flags":{"wb_protected":true}}
{"address":"0x1039f64c0", "type":"CLASS", "slot_size":160, "class":"0x1039f6420", "superclass":"0x1039fc820", "name":"Errno::ENOTCONN", "references":["0x1039fc820", "0x1019b2538"], "memsize":576, "flags":{"wb_protected":true}}
{"address":"0x1039f6560", "type":"CLASS", "slot_size":160, "class":"0x1039ffb60", "superclass":"0x1039fc780", "real_class_name":"Class", "singleton":true, "references":["0x1039fc780", "0x1039f6600"], "memsize":488, "flags":{"wb_protected":true}}
{"address":"0x1039f6600", "type":"CLASS", "slot_size":160, "class":"0x1039f6560", "superclass":"0x1039fc820", "name":"Errno::ENOTBLK", "references":["0x1039fc820", "0x1019b25d8"], "memsize":576, "flags":{"wb_protected":true}}
{"address":"0x1039f66a0", "type":"CLASS", "slot_size":160, "class":"0x1039ffb60", "superclass":"0x1039fc780", "real_class_name":"Class", "singleton":true, "references":["0x1039fc780", "0x1039f6740"], "memsize":488, "flags":{"wb_protected":true}}
{"address":"0x1039f6740", "type":"CLASS", "slot_size":160, "class":"0x1039f66a0", "superclass":"0x1039fc820", "name":"Errno::ENOSYS", "references":["0x1039fc820", "0x1019b2650"], "memsize":576, "flags":{"wb_protected":true}}
{"address":"0x1039f67e0", "type":"CLASS", "slot_size":160, "class":"0x1039ffb60", "superclass":"0x1039fc780", "real_class_name":"Class", "singleton":true, "references":["0x1039fc780", "0x1039f6880"], "memsize":488, "flags":{"wb_protected":true}}
{"address":"0x1039f6880", "type":"CLASS", "slot_size":160, "class":"0x1039f67e0", "superclass":"0x1039fc820", "name":"Errno::ENOSTR", "references":["0x1039fc820", "0x1019b26c8"], "memsize":576, "flags":{"wb_protected":true}}
{"address":"0x1039f6920", "type":"CLASS", "slot_size":160, "class":"0x1039ffb60", "superclass":"0x1039fc780", "real_class_name":"Class", "singleton":true, "references":["0x1039fc780", "0x1039f69c0"], "memsize":488, "flags":{"wb_protected":true}}
{"address":"0x1039f69c0", "type":"CLASS", "slot_size":160, "class":"0x1039f6920", "superclass":"0x1039fc820", "name":"Errno::ENOSR", "references":["0x1039fc820", "0x1019b2740"], "memsize":576, "flags":{"wb_protected":true}}
{"address":"0x1039f6a60", "type":"CLASS", "slot_size":160, "class":"0x1039ffb60", "superclass":"0x1039fc780", "real_class_name":"Class", "singleton":true, "references":["0x1039fc780", "0x1039f6b00"], "memsize":488, "flags":{"wb_protected":true}}
{"address":"0x1039f6b00", "type":"CLASS", "slot_size":160, "class":"0x1039f6a60", "superclass":"0x1039fc820", "name":"Errno::ENOSPC", "references":["0x1039fc820", "0x1019b27b8"], "memsize":576, "flags":{"wb_protected":true}}
{"address":"0x1039f6ba0", "type":"CLASS", "slot_size":160, "class":"0x1039ffb60", "superclass":"0x1039fc780", "real_class_name":"Class", "singleton":true, "references":["0x1039fc780", "0x1039f6c40"], "memsize":488, "flags":{"wb_protected":true}}
{"address":"0x1039f6c40", "type":"CLASS", "slot_size":160, "class":"0x1039f6ba0", "superclass":"0x1039fc820", "name":"Errno::ENOPROTOOPT", "references":["0x1039fc820", "0x1039de2f8"], "memsize":576, "flags":{"wb_protected":true}}
{"address":"0x1039f6ce0", "type":"CLASS", "slot_size":160, "class":"0x1039ffb60", "superclass":"0x1039fc780", "real_class_name":"Class", "singleton":true, "references":["0x1039fc780", "0x1039f6d80"], "memsize":488, "flags":{"wb_protected":true}}
{"address":"0x1039f6d80", "type":"CLASS", "slot_size":160, "class":"0x1039f6ce0", "superclass":"0x1039fc820", "name":"Errno::ENOPOLICY", "references":["0x1039fc820", "0x1039de348"], "memsize":576, "flags":{"wb_protected":true}}
{"address":"0x1039f6e20", "type":"CLASS", "slot_size":160, "class":"0x1039ffb60", "superclass":"0x1039fc780", "real_class_name":"Class", "singleton":true, "references":["0x1039fc780", "0x1039f6ec0"], "memsize":488, "flags":{"wb_protected":true}}
{"address":"0x1039f6ec0", "type":"CLASS", "slot_size":160, "class":"0x1039f6e20", "superclass":"0x1039fc820", "name":"Errno::ENOMSG", "references":["0x1039fc820", "0x1019b2920"], "memsize":576, "flags":{"wb_protected":true}}
{"address":"0x1039f6f60", "type":"CLASS", "slot_size":160, "class":"0x1039ffb60", "superclass":"0x1039fc780", "real_class_name":"Class", "singleton":true, "references":["0x1039fc780", "0x1039f7000"], "memsize":488, "flags":{"wb_protected":true}}
{"address":"0x1039f7000", "type":"CLASS", "slot_size":160, "class":"0x1039f6f60", "superclass":"0x1039fc820", "name":"Errno::ENOMEM", "references":["0x1039fc820", "0x1019b2998"], "memsize":576, "flags":{"wb_protected":true}}
{"address":"0x1039f70a0", "type":"CLASS", "slot_size":160, "class":"0x1039ffb60", "superclass":"0x1039fc780", "real_class_name":"Class", "singleton":true, "references":["0x1039fc780", "0x1039f7140"], "memsize":488, "flags":{"wb_protected":true}}
{"address":"0x1039f7140", "type":"CLASS", "slot_size":160, "class":"0x1039f70a0", "superclass":"0x1039fc820", "name":"Errno::ENOLINK", "references":["0x1039fc820", "0x1019b2a38"], "memsize":576, "flags":{"wb_protected":true}}
{"address":"0x1039f71e0", "type":"CLASS", "slot_size":160, "class":"0x1039ffb60", "superclass":"0x1039fc780", "real_class_name":"Class", "singleton":true, "references":["0x1039fc780", "0x1039f7280"], "memsize":488, "flags":{"wb_protected":true}}
{"address":"0x1039f7280", "type":"CLASS", "slot_size":160, "class":"0x1039f71e0", "superclass":"0x1039fc820", "name":"Errno::ENOLCK", "references":["0x1039fc820", "0x1019b2ab0"], "memsize":576, "flags":{"wb_protected":true}}
{"address":"0x1039f7320", "type":"CLASS", "slot_size":160, "class":"0x1039ffb60", "superclass":"0x1039fc780", "real_class_name":"Class", "singleton":true, "references":["0x1039fc780", "0x1039f73c0"], "memsize":488, "flags":{"wb_protected":true}}
{"address":"0x1039f73c0", "type":"CLASS", "slot_size":160, "class":"0x1039f7320", "superclass":"0x1039fc820", "name":"Errno::ENOEXEC", "references":["0x1039fc820", "0x1019b2b50"], "memsize":576, "flags":{"wb_protected":true}}
{"address":"0x1039f7460", "type":"CLASS", "slot_size":160, "class":"0x1039ffb60", "superclass":"0x1039fc780", "real_class_name":"Class", "singleton":true, "references":["0x1039fc780", "0x1039f7500"], "memsize":488, "flags":{"wb_protected":true}}
{"address":"0x1039f7500", "type":"CLASS", "slot_size":160, "class":"0x1039f7460", "superclass":"0x1039fc820", "name":"Errno::ENOENT", "references":["0x1039fc820", "0x1019b2bc8"], "memsize":576, "flags":{"wb_protected":true}}
{"address":"0x1039f75a0", "type":"CLASS", "slot_size":160, "class":"0x1039ffb60", "superclass":"0x1039fc780", "real_class_name":"Class", "singleton":true, "references":["0x1039fc780", "0x1039f7640"], "memsize":488, "flags":{"wb_protected":true}}
{"address":"0x1039f7640", "type":"CLASS", "slot_size":160, "class":"0x1039f75a0", "superclass":"0x1039fc820", "name":"Errno::ENODEV", "references":["0x1039fc820", "0x1019b2c40"], "memsize":576, "flags":{"wb_protected":true}}
{"address":"0x1039f76e0", "type":"CLASS", "slot_size":160, "class":"0x1039ffb60", "superclass":"0x1039fc780", "real_class_name":"Class", "singleton":true, "references":["0x1039fc780", "0x1039f7780"], "memsize":488, "flags":{"wb_protected":true}}
{"address":"0x1039f7780", "type":"CLASS", "slot_size":160, "class":"0x1039f76e0", "superclass":"0x1039fc820", "name":"Errno::ENODATA", "references":["0x1039fc820", "0x1019b2cb8"], "memsize":576, "flags":{"wb_protected":true}}
{"address":"0x1039f7820", "type":"CLASS", "slot_size":160, "class":"0x1039ffb60", "superclass":"0x1039fc780", "real_class_name":"Class", "singleton":true, "references":["0x1039fc780", "0x1039f78c0"], "memsize":488, "flags":{"wb_protected":true}}
{"address":"0x1039f78c0", "type":"CLASS", "slot_size":160, "class":"0x1039f7820", "superclass":"0x1039fc820", "name":"Errno::ENOBUFS", "references":["0x1039fc820", "0x1019b2d58"], "memsize":576, "flags":{"wb_protected":true}}
{"address":"0x1039f7960", "type":"CLASS", "slot_size":160, "class":"0x1039ffb60", "superclass":"0x1039fc780", "real_class_name":"Class", "singleton":true, "references":["0x1039fc780", "0x1039f7a00"], "memsize":488, "flags":{"wb_protected":true}}
{"address":"0x1039f7a00", "type":"CLASS", "slot_size":160, "class":"0x1039f7960", "superclass":"0x1039fc820", "name":"Errno::ENOATTR", "references":["0x1039fc820", "0x1019b2dd0"], "memsize":576, "flags":{"wb_protected":true}}
{"address":"0x1039f7aa0", "type":"CLASS", "slot_size":160, "class":"0x1039ffb60", "superclass":"0x1039fc780", "real_class_name":"Class", "singleton":true, "references":["0x1039fc780", "0x1039f7b40"], "memsize":488, "flags":{"wb_protected":true}}
{"address":"0x1039f7b40", "type":"CLASS", "slot_size":160, "class":"0x1039f7aa0", "superclass":"0x1039fc820", "name":"Errno::ENFILE", "references":["0x1039fc820", "0x1019b2e70"], "memsize":576, "flags":{"wb_protected":true}}
{"address":"0x1039f7be0", "type":"CLASS", "slot_size":160, "class":"0x1039ffb60", "superclass":"0x1039fc780", "real_class_name":"Class", "singleton":true, "references":["0x1039fc780", "0x1039f7c80"], "memsize":488, "flags":{"wb_protected":true}}
{"address":"0x1039f7c80", "type":"CLASS", "slot_size":160, "class":"0x1039f7be0", "superclass":"0x1039fc820", "name":"Errno::ENETUNREACH", "references":["0x1039fc820", "0x1039de398"], "memsize":576, "flags":{"wb_protected":true}}
{"address":"0x1039f7d20", "type":"CLASS", "slot_size":160, "class":"0x1039ffb60", "superclass":"0x1039fc780", "real_class_name":"Class", "singleton":true, "references":["0x1039fc780", "0x1039f7dc0"], "memsize":488, "flags":{"wb_protected":true}}
{"address":"0x1039f7dc0", "type":"CLASS", "slot_size":160, "class":"0x1039f7d20", "superclass":"0x1039fc820", "name":"Errno::ENETRESET", "references":["0x1039fc820", "0x1039de3e8"], "memsize":576, "flags":{"wb_protected":true}}
{"address":"0x1039f7e60", "type":"CLASS", "slot_size":160, "class":"0x1039ffb60", "superclass":"0x1039fc780", "real_class_name":"Class", "singleton":true, "references":["0x1039fc780", "0x1039f7f00"], "memsize":488, "flags":{"wb_protected":true}}
{"address":"0x1039f7f00", "type":"CLASS", "slot_size":160, "class":"0x1039f7e60", "superclass":"0x1039fc820", "name":"Errno::ENETDOWN", "references":["0x1039fc820", "0x1019b2f88"], "memsize":576, "flags":{"wb_protected":true}}
{"address":"0x1039f7fa0", "type":"CLASS", "slot_size":160, "class":"0x1039ffb60", "superclass":"0x1039fc780", "real_class_name":"Class", "singleton":true, "references":["0x1039fc780", "0x1039f8040"], "memsize":488, "flags":{"wb_protected":true}}
{"address":"0x1039f8040", "type":"CLASS", "slot_size":160, "class":"0x1039f7fa0", "superclass":"0x1039fc820", "name":"Errno::ENEEDAUTH", "references":["0x1039fc820", "0x1039de438"], "memsize":576, "flags":{"wb_protected":true}}
{"address":"0x1039f80e0", "type":"CLASS", "slot_size":160, "class":"0x1039ffb60", "superclass":"0x1039fc780", "real_class_name":"Class", "singleton":true, "references":["0x1039fc780", "0x1039f8180"], "memsize":488, "flags":{"wb_protected":true}}
{"address":"0x1039f8180", "type":"CLASS", "slot_size":160, "class":"0x1039f80e0", "superclass":"0x1039fc820", "name":"Errno::ENAMETOOLONG", "references":["0x1039fc820", "0x1039de488"], "memsize":576, "flags":{"wb_protected":true}}
{"address":"0x1039f8220", "type":"CLASS", "slot_size":160, "class":"0x1039ffb60", "superclass":"0x1039fc780", "real_class_name":"Class", "singleton":true, "references":["0x1039fc780", "0x1039f82c0"], "memsize":488, "flags":{"wb_protected":true}}
{"address":"0x1039f82c0", "type":"CLASS", "slot_size":160, "class":"0x1039f8220", "superclass":"0x1039fc820", "name":"Errno::EMULTIHOP", "references":["0x1039fc820", "0x1039de4d8"], "memsize":576, "flags":{"wb_protected":true}}
{"address":"0x1039f8360", "type":"CLASS", "slot_size":160, "class":"0x1039ffb60", "superclass":"0x1039fc780", "real_class_name":"Class", "singleton":true, "references":["0x1039fc780", "0x1039f8400"], "memsize":488, "flags":{"wb_protected":true}}
{"address":"0x1039f8400", "type":"CLASS", "slot_size":160, "class":"0x1039f8360", "superclass":"0x1039fc820", "name":"Errno::EMSGSIZE", "references":["0x1039fc820", "0x1019b3118"], "memsize":576, "flags":{"wb_protected":true}}
{"address":"0x1039f84a0", "type":"CLASS", "slot_size":160, "class":"0x1039ffb60", "superclass":"0x1039fc780", "real_class_name":"Class", "singleton":true, "references":["0x1039fc780", "0x1039f8540"], "memsize":488, "flags":{"wb_protected":true}}
{"address":"0x1039f8540", "type":"CLASS", "slot_size":160, "class":"0x1039f84a0", "superclass":"0x1039fc820", "name":"Errno::EMLINK", "references":["0x1039fc820", "0x1019b3190"], "memsize":576, "flags":{"wb_protected":true}}
{"address":"0x1039f85e0", "type":"CLASS", "slot_size":160, "class":"0x1039ffb60", "superclass":"0x1039fc780", "real_class_name":"Class", "singleton":true, "references":["0x1039fc780", "0x1039f8680"], "memsize":488, "flags":{"wb_protected":true}}
{"address":"0x1039f8680", "type":"CLASS", "slot_size":160, "class":"0x1039f85e0", "superclass":"0x1039fc820", "name":"Errno::EMFILE", "references":["0x1039fc820", "0x1019b3208"], "memsize":576, "flags":{"wb_protected":true}}
{"address":"0x1039f8720", "type":"CLASS", "slot_size":160, "class":"0x1039ffb60", "superclass":"0x1039fc780", "real_class_name":"Class", "singleton":true, "references":["0x1039fc780", "0x1039f87c0"], "memsize":488, "flags":{"wb_protected":true}}
{"address":"0x1039f87c0", "type":"CLASS", "slot_size":160, "class":"0x1039f8720", "superclass":"0x1039fc820", "name":"Errno::ELOOP", "references":["0x1039fc820", "0x1019b32a8"], "memsize":576, "flags":{"wb_protected":true}}
{"address":"0x1039f8860", "type":"CLASS", "slot_size":160, "class":"0x1039ffb60", "superclass":"0x1039fc780", "real_class_name":"Class", "singleton":true, "references":["0x1039fc780", "0x1039f8900"], "memsize":488, "flags":{"wb_protected":true}}
{"address":"0x1039f8900", "type":"CLASS", "slot_size":160, "class":"0x1039f8860", "superclass":"0x1039fc820", "name":"Errno::ELAST", "references":["0x1039fc820", "0x1019b3410"], "memsize":576, "flags":{"wb_protected":true}}
{"address":"0x1039f89a0", "type":"CLASS", "slot_size":160, "class":"0x1039ffb60", "superclass":"0x1039fc780", "real_class_name":"Class", "singleton":true, "references":["0x1039fc780", "0x1039f8a40"], "memsize":488, "flags":{"wb_protected":true}}
{"address":"0x1039f8a40", "type":"CLASS", "slot_size":160, "class":"0x1039f89a0", "superclass":"0x1039fc820", "name":"Errno::EISDIR", "references":["0x1039fc820", "0x1019b35c8"], "memsize":576, "flags":{"wb_protected":true}}
{"address":"0x1039f8ae0", "type":"CLASS", "slot_size":160, "class":"0x1039ffb60", "superclass":"0x1039fc780", "real_class_name":"Class", "singleton":true, "references":["0x1039fc780", "0x1039f8b80"], "memsize":488, "flags":{"wb_protected":true}}
{"address":"0x1039f8b80", "type":"CLASS", "slot_size":160, "class":"0x1039f8ae0", "superclass":"0x1039fc820", "name":"Errno::EISCONN", "references":["0x1039fc820", "0x1019b3640"], "memsize":576, "flags":{"wb_protected":true}}
{"address":"0x1039f8c20", "type":"CLASS", "slot_size":160, "class":"0x1039ffb60", "superclass":"0x1039fc780", "real_class_name":"Class", "singleton":true, "references":["0x1039fc780", "0x1039f8cc0"], "memsize":488, "flags":{"wb_protected":true}}
{"address":"0x1039f8cc0", "type":"CLASS", "slot_size":160, "class":"0x1039f8c20", "superclass":"0x1039fc820", "name":"Errno::EIO", "references":["0x1039fc820", "0x1019b36e0"], "memsize":576, "flags":{"wb_protected":true}}
{"address":"0x1039f8d60", "type":"CLASS", "slot_size":160, "class":"0x1039ffb60", "superclass":"0x1039fc780", "real_class_name":"Class", "singleton":true, "references":["0x1039fc780", "0x1039f8e00"], "memsize":488, "flags":{"wb_protected":true}}
{"address":"0x1039f8e00", "type":"CLASS", "slot_size":160, "class":"0x1039f8d60", "superclass":"0x1039fc820", "name":"Errno::EINVAL", "references":["0x1039fc820", "0x1019b3758"], "memsize":576, "flags":{"wb_protected":true}}
{"address":"0x1039f8ea0", "type":"CLASS", "slot_size":160, "class":"0x1039ffb60", "superclass":"0x1039fc780", "real_class_name":"Class", "singleton":true, "references":["0x1039fc780", "0x1039f8f40"], "memsize":488, "flags":{"wb_protected":true}}
{"address":"0x1039f8f40", "type":"CLASS", "slot_size":160, "class":"0x1039f8ea0", "superclass":"0x1039fc820", "name":"Errno::EINTR", "references":["0x1039fc820", "0x1019b37d0"], "memsize":576, "flags":{"wb_protected":true}}
{"address":"0x1039f8fe0", "type":"CLASS", "slot_size":160, "class":"0x1039ffb60", "superclass":"0x1039fc780", "real_class_name":"Class", "singleton":true, "references":["0x1039fc780", "0x1019be888", "0x10199b810", "0x1039f9080"], "memsize":616, "flags":{"wb_protected":true}}
{"address":"0x1039f9080", "type":"CLASS", "slot_size":160, "class":"0x1039f8fe0", "superclass":"0x1039fc820", "name":"Errno::EINPROGRESS", "references":["0x1039fc820", "0x1039de528"], "memsize":576, "flags":{"wb_protected":true}}
{"address":"0x1039f9120", "type":"CLASS", "slot_size":160, "class":"0x1039ffb60", "superclass":"0x1039fc780", "real_class_name":"Class", "singleton":true, "references":["0x1039fc780", "0x1039f91c0"], "memsize":488, "flags":{"wb_protected":true}}
{"address":"0x1039f91c0", "type":"CLASS", "slot_size":160, "class":"0x1039f9120", "superclass":"0x1039fc820", "name":"Errno::EILSEQ", "references":["0x1039fc820", "0x1019b3898"], "memsize":576, "flags":{"wb_protected":true}}
{"address":"0x1039f9260", "type":"CLASS", "slot_size":160, "class":"0x1039ffb60", "superclass":"0x1039fc780", "real_class_name":"Class", "singleton":true, "references":["0x1039fc780", "0x1039f9300"], "memsize":488, "flags":{"wb_protected":true}}
{"address":"0x1039f9300", "type":"CLASS", "slot_size":160, "class":"0x1039f9260", "superclass":"0x1039fc820", "name":"Errno::EIDRM", "references":["0x1039fc820", "0x1019b3910"], "memsize":576, "flags":{"wb_protected":true}}
{"address":"0x1039f93a0", "type":"CLASS", "slot_size":160, "class":"0x1039ffb60", "superclass":"0x1039fc780", "real_class_name":"Class", "singleton":true, "references":["0x1039fc780", "0x1039f9440"], "memsize":488, "flags":{"wb_protected":true}}
{"address":"0x1039f9440", "type":"CLASS", "slot_size":160, "class":"0x1039f93a0", "superclass":"0x1039fc820", "name":"Errno::EHOSTUNREACH", "references":["0x1039fc820", "0x1039de578"], "memsize":576, "flags":{"wb_protected":true}}
{"address":"0x1039f94e0", "type":"CLASS", "slot_size":160, "class":"0x1039ffb60", "superclass":"0x1039fc780", "real_class_name":"Class", "singleton":true, "references":["0x1039fc780", "0x1039f9580"], "memsize":488, "flags":{"wb_protected":true}}
{"address":"0x1039f9580", "type":"CLASS", "slot_size":160, "class":"0x1039f94e0", "superclass":"0x1039fc820", "name":"Errno::EHOSTDOWN", "references":["0x1039fc820", "0x1039de5c8"], "memsize":576, "flags":{"wb_protected":true}}
{"address":"0x1039f9620", "type":"CLASS", "slot_size":160, "class":"0x1039ffb60", "superclass":"0x1039fc780", "real_class_name":"Class", "singleton":true, "references":["0x1039fc780", "0x1039f96c0"], "memsize":488, "flags":{"wb_protected":true}}
{"address":"0x1039f96c0", "type":"CLASS", "slot_size":160, "class":"0x1039f9620", "superclass":"0x1039fc820", "name":"Errno::EFTYPE", "references":["0x1039fc820", "0x1019b3a50"], "memsize":576, "flags":{"wb_protected":true}}
{"address":"0x1039f9760", "type":"CLASS", "slot_size":160, "class":"0x1039ffb60", "superclass":"0x1039fc780", "real_class_name":"Class", "singleton":true, "references":["0x1039fc780", "0x1039f9800"], "memsize":488, "flags":{"wb_protected":true}}
{"address":"0x1039f9800", "type":"CLASS", "slot_size":160, "class":"0x1039f9760", "superclass":"0x1039fc820", "name":"Errno::EFBIG", "references":["0x1039fc820", "0x1019b3ac8"], "memsize":576, "flags":{"wb_protected":true}}
{"address":"0x1039f98a0", "type":"CLASS", "slot_size":160, "class":"0x1039ffb60", "superclass":"0x1039fc780", "real_class_name":"Class", "singleton":true, "references":["0x1039fc780", "0x1039f9940"], "memsize":488, "flags":{"wb_protected":true}}
{"address":"0x1039f9940", "type":"CLASS", "slot_size":160, "class":"0x1039f98a0", "superclass":"0x1039fc820", "name":"Errno::EFAULT", "references":["0x1039fc820", "0x1019b3b40"], "memsize":576, "flags":{"wb_protected":true}}
{"address":"0x1039f99e0", "type":"CLASS", "slot_size":160, "class":"0x1039ffb60", "superclass":"0x1039fc780", "real_class_name":"Class", "singleton":true, "references":["0x1039fc780", "0x1039f9a80"], "memsize":488, "flags":{"wb_protected":true}}
{"address":"0x1039f9a80", "type":"CLASS", "slot_size":160, "class":"0x1039f99e0", "superclass":"0x1039fc820", "name":"Errno::EEXIST", "references":["0x1039fc820", "0x1019b3bb8"], "memsize":576, "flags":{"wb_protected":true}}
{"address":"0x1039f9b20", "type":"CLASS", "slot_size":160, "class":"0x1039ffb60", "superclass":"0x1039fc780", "real_class_name":"Class", "singleton":true, "references":["0x1039fc780", "0x1039f9bc0"], "memsize":488, "flags":{"wb_protected":true}}
{"address":"0x1039f9bc0", "type":"CLASS", "slot_size":160, "class":"0x1039f9b20", "superclass":"0x1039fc820", "name":"Errno::EDQUOT", "references":["0x1039fc820", "0x1019b3c30"], "memsize":576, "flags":{"wb_protected":true}}
{"address":"0x1039f9c60", "type":"CLASS", "slot_size":160, "class":"0x1039ffb60", "superclass":"0x1039fc780", "real_class_name":"Class", "singleton":true, "references":["0x1039fc780", "0x1039f9d00"], "memsize":488, "flags":{"wb_protected":true}}
{"address":"0x1039f9d00", "type":"CLASS", "slot_size":160, "class":"0x1039f9c60", "superclass":"0x1039fc820", "name":"Errno::EDOM", "references":["0x1039fc820", "0x1019b3cf8"], "memsize":576, "flags":{"wb_protected":true}}
{"address":"0x1039f9da0", "type":"CLASS", "slot_size":160, "class":"0x1039ffb60", "superclass":"0x1039fc780", "real_class_name":"Class", "singleton":true, "references":["0x1039fc780", "0x1039f9e40"], "memsize":488, "flags":{"wb_protected":true}}
{"address":"0x1039f9e40", "type":"CLASS", "slot_size":160, "class":"0x1039f9da0", "superclass":"0x1039fc820", "name":"Errno::EDEVERR", "references":["0x1039fc820", "0x1019b3d70"], "memsize":576, "flags":{"wb_protected":true}}
{"address":"0x1039f9ee0", "type":"CLASS", "slot_size":160, "class":"0x1039ffb60", "superclass":"0x1039fc780", "real_class_name":"Class", "singleton":true, "references":["0x1039fc780", "0x1039f9f80"], "memsize":488, "flags":{"wb_protected":true}}
{"address":"0x1039f9f80", "type":"CLASS", "slot_size":160, "class":"0x1039f9ee0", "superclass":"0x1039fc820", "name":"Errno::EDESTADDRREQ", "references":["0x1039fc820", "0x1039de618"], "memsize":576, "flags":{"wb_protected":true}}
{"address":"0x1039fa020", "type":"CLASS", "slot_size":160, "class":"0x1039ffb60", "superclass":"0x1039fc780", "real_class_name":"Class", "singleton":true, "references":["0x1039fc780", "0x1039fa0c0"], "memsize":488, "flags":{"wb_protected":true}}
{"address":"0x1039fa0c0", "type":"CLASS", "slot_size":160, "class":"0x1039fa020", "superclass":"0x1039fc820", "name":"Errno::EDEADLK", "references":["0x1039fc820", "0x1019b3e60"], "memsize":576, "flags":{"wb_protected":true}}
{"address":"0x1039fa160", "type":"CLASS", "slot_size":160, "class":"0x1039ffb60", "superclass":"0x1039fc780", "real_class_name":"Class", "singleton":true, "references":["0x1039fc780", "0x1039fa200"], "memsize":488, "flags":{"wb_protected":true}}
{"address":"0x1039fa200", "type":"CLASS", "slot_size":160, "class":"0x1039fa160", "superclass":"0x1039fc820", "name":"Errno::ECONNRESET", "references":["0x1039fc820", "0x1039de668"], "memsize":576, "flags":{"wb_protected":true}}
{"address":"0x1039fa2a0", "type":"CLASS", "slot_size":160, "class":"0x1039ffb60", "superclass":"0x1039fc780", "real_class_name":"Class", "singleton":true, "references":["0x1039fc780", "0x1039fa340"], "memsize":488, "flags":{"wb_protected":true}}
{"address":"0x1039fa340", "type":"CLASS", "slot_size":160, "class":"0x1039fa2a0", "superclass":"0x1039fc820", "name":"Errno::ECONNREFUSED", "references":["0x1039fc820", "0x1039de6b8"], "memsize":576, "flags":{"wb_protected":true}}
{"address":"0x1039fa3e0", "type":"CLASS", "slot_size":160, "class":"0x1039ffb60", "superclass":"0x1039fc780", "real_class_name":"Class", "singleton":true, "references":["0x1039fc780", "0x1039fa480"], "memsize":488, "flags":{"wb_protected":true}}
{"address":"0x1039fa480", "type":"CLASS", "slot_size":160, "class":"0x1039fa3e0", "superclass":"0x1039fc820", "name":"Errno::ECONNABORTED", "references":["0x1039fc820", "0x1039de708"], "memsize":576, "flags":{"wb_protected":true}}
{"address":"0x1039fa520", "type":"CLASS", "slot_size":160, "class":"0x1039ffb60", "superclass":"0x1039fc780", "real_class_name":"Class", "singleton":true, "references":["0x1039fc780", "0x1039fa5c0"], "memsize":488, "flags":{"wb_protected":true}}
{"address":"0x1039fa5c0", "type":"CLASS", "slot_size":160, "class":"0x1039fa520", "superclass":"0x1039fc820", "name":"Errno::ECHILD", "references":["0x1039fc820", "0x1019b4018"], "memsize":576, "flags":{"wb_protected":true}}
{"address":"0x1039fa660", "type":"CLASS", "slot_size":160, "class":"0x1039ffb60", "superclass":"0x1039fc780", "real_class_name":"Class", "singleton":true, "references":["0x1039fc780", "0x1039fa700"], "memsize":488, "flags":{"wb_protected":true}}
{"address":"0x1039fa700", "type":"CLASS", "slot_size":160, "class":"0x1039fa660", "superclass":"0x1039fc820", "name":"Errno::ECANCELED", "references":["0x1039fc820", "0x1039de758"], "memsize":576, "flags":{"wb_protected":true}}
{"address":"0x1039fa7a0", "type":"CLASS", "slot_size":160, "class":"0x1039ffb60", "superclass":"0x1039fc780", "real_class_name":"Class", "singleton":true, "references":["0x1039fc780", "0x1039fa840"], "memsize":488, "flags":{"wb_protected":true}}
{"address":"0x1039fa840", "type":"CLASS", "slot_size":160, "class":"0x1039fa7a0", "superclass":"0x1039fc820", "name":"Errno::EBUSY", "references":["0x1039fc820", "0x1019b4108"], "memsize":576, "flags":{"wb_protected":true}}
{"address":"0x1039fa8e0", "type":"CLASS", "slot_size":160, "class":"0x1039ffb60", "superclass":"0x1039fc780", "real_class_name":"Class", "singleton":true, "references":["0x1039fc780", "0x1039fa980"], "memsize":488, "flags":{"wb_protected":true}}
{"address":"0x1039fa980", "type":"CLASS", "slot_size":160, "class":"0x1039fa8e0", "superclass":"0x1039fc820", "name":"Errno::EBADRPC", "references":["0x1039fc820", "0x1019b41f8"], "memsize":576, "flags":{"wb_protected":true}}
{"address":"0x1039faa20", "type":"CLASS", "slot_size":160, "class":"0x1039ffb60", "superclass":"0x1039fc780", "real_class_name":"Class", "singleton":true, "references":["0x1039fc780", "0x1039faac0"], "memsize":488, "flags":{"wb_protected":true}}
{"address":"0x1039faac0", "type":"CLASS", "slot_size":160, "class":"0x1039faa20", "superclass":"0x1039fc820", "name":"Errno::EBADMSG", "references":["0x1039fc820", "0x1019b4298"], "memsize":576, "flags":{"wb_protected":true}}
{"address":"0x1039fab60", "type":"CLASS", "slot_size":160, "class":"0x1039ffb60", "superclass":"0x1039fc780", "real_class_name":"Class", "singleton":true, "references":["0x1039fc780", "0x1039fac00"], "memsize":488, "flags":{"wb_protected":true}}
{"address":"0x1039fac00", "type":"CLASS", "slot_size":160, "class":"0x1039fab60", "superclass":"0x1039fc820", "name":"Errno::EBADMACHO", "references":["0x1039fc820", "0x1039de7a8"], "memsize":576, "flags":{"wb_protected":true}}
{"address":"0x1039faca0", "type":"CLASS", "slot_size":160, "class":"0x1039ffb60", "superclass":"0x1039fc780", "real_class_name":"Class", "singleton":true, "references":["0x1039fc780", "0x1039fad40"], "memsize":488, "flags":{"wb_protected":true}}
{"address":"0x1039fad40", "type":"CLASS", "slot_size":160, "class":"0x1039faca0", "superclass":"0x1039fc820", "name":"Errno::EBADF", "references":["0x1039fc820", "0x1019b4388"], "memsize":576, "flags":{"wb_protected":true}}
{"address":"0x1039fade0", "type":"CLASS", "slot_size":160, "class":"0x1039ffb60", "superclass":"0x1039fc780", "real_class_name":"Class", "singleton":true, "references":["0x1039fc780", "0x1039fae80"], "memsize":488, "flags":{"wb_protected":true}}
{"address":"0x1039fae80", "type":"CLASS", "slot_size":160, "class":"0x1039fade0", "superclass":"0x1039fc820", "name":"Errno::EBADEXEC", "references":["0x1039fc820", "0x1019b4400"], "memsize":576, "flags":{"wb_protected":true}}
{"address":"0x1039faf20", "type":"CLASS", "slot_size":160, "class":"0x1039ffb60", "superclass":"0x1039fc780", "real_class_name":"Class", "singleton":true, "references":["0x1039fc780", "0x1039fafc0"], "memsize":488, "flags":{"wb_protected":true}}
{"address":"0x1039fafc0", "type":"CLASS", "slot_size":160, "class":"0x1039faf20", "superclass":"0x1039fc820", "name":"Errno::EBADARCH", "references":["0x1039fc820", "0x1019b44a0"], "memsize":576, "flags":{"wb_protected":true}}
{"address":"0x1039fb060", "type":"CLASS", "slot_size":160, "class":"0x1039ffb60", "superclass":"0x1039fc780", "real_class_name":"Class", "singleton":true, "references":["0x1039fc780", "0x1039fb100"], "memsize":488, "flags":{"wb_protected":true}}
{"address":"0x1039fb100", "type":"CLASS", "slot_size":160, "class":"0x1039fb060", "superclass":"0x1039fc820", "name":"Errno::EAUTH", "references":["0x1039fc820", "0x1019b4518"], "memsize":576, "flags":{"wb_protected":true}}
{"address":"0x1039fb1a0", "type":"CLASS", "slot_size":160, "class":"0x1039ffb60", "superclass":"0x1039fc780", "real_class_name":"Class", "singleton":true, "references":["0x1039fc780", "0x1039fb240"], "memsize":488, "flags":{"wb_protected":true}}
{"address":"0x1039fb240", "type":"CLASS", "slot_size":160, "class":"0x1039fb1a0", "superclass":"0x1039fc820", "name":"Errno::EALREADY", "references":["0x1039fc820", "0x1019b4590"], "memsize":576, "flags":{"wb_protected":true}}
{"address":"0x1039fb2e0", "type":"CLASS", "slot_size":160, "class":"0x1039ffb60", "superclass":"0x1039fc780", "real_class_name":"Class", "singleton":true, "references":["0x1039fc780", "0x1019be888", "0x10199b888", "0x1039fb380"], "memsize":616, "flags":{"wb_protected":true}}
{"address":"0x1039fb380", "type":"CLASS", "slot_size":160, "class":"0x1039fb2e0", "superclass":"0x1039fc820", "name":"Errno::EAGAIN", "references":["0x1039fc820", "0x1019b4608"], "memsize":576, "flags":{"wb_protected":true}}
{"address":"0x1039fb420", "type":"CLASS", "slot_size":160, "class":"0x1039ffb60", "superclass":"0x1039fc780", "real_class_name":"Class", "singleton":true, "references":["0x1039fc780", "0x1039fb4c0"], "memsize":488, "flags":{"wb_protected":true}}
{"address":"0x1039fb4c0", "type":"CLASS", "slot_size":160, "class":"0x1039fb420", "superclass":"0x1039fc820", "name":"Errno::EAFNOSUPPORT", "references":["0x1039fc820", "0x1039de7f8"], "memsize":576, "flags":{"wb_protected":true}}
{"address":"0x1039fb560", "type":"CLASS", "slot_size":160, "class":"0x1039ffb60", "superclass":"0x1039fc780", "real_class_name":"Class", "singleton":true, "references":["0x1039fc780", "0x1039fb600"], "memsize":488, "flags":{"wb_protected":true}}
{"address":"0x1039fb600", "type":"CLASS", "slot_size":160, "class":"0x1039fb560", "superclass":"0x1039fc820", "name":"Errno::EADDRNOTAVAIL", "references":["0x1039fc820", "0x1039de848"], "memsize":576, "flags":{"wb_protected":true}}
{"address":"0x1039fb6a0", "type":"CLASS", "slot_size":160, "class":"0x1039ffb60", "superclass":"0x1039fc780", "real_class_name":"Class", "singleton":true, "references":["0x1039fc780", "0x1039fb740"], "memsize":488, "flags":{"wb_protected":true}}
{"address":"0x1039fb740", "type":"CLASS", "slot_size":160, "class":"0x1039fb6a0", "superclass":"0x1039fc820", "name":"Errno::EADDRINUSE", "references":["0x1039fc820", "0x1039de898"], "memsize":576, "flags":{"wb_protected":true}}
{"address":"0x1039fb7e0", "type":"CLASS", "slot_size":160, "class":"0x1039ffb60", "superclass":"0x1039fc780", "real_class_name":"Class", "singleton":true, "references":["0x1039fc780", "0x1039fb880"], "memsize":488, "flags":{"wb_protected":true}}
{"address":"0x1039fb880", "type":"CLASS", "slot_size":160, "class":"0x1039fb7e0", "superclass":"0x1039fc820", "name":"Errno::EACCES", "references":["0x1039fc820", "0x1019b4798"], "memsize":576, "flags":{"wb_protected":true}}
{"address":"0x1039fb920", "type":"CLASS", "slot_size":160, "class":"0x1039ffb60", "superclass":"0x1039fc780", "real_class_name":"Class", "singleton":true, "references":["0x1039fc780", "0x1039fb9c0"], "memsize":488, "flags":{"wb_protected":true}}
{"address":"0x1039fb9c0", "type":"CLASS", "slot_size":160, "class":"0x1039fb920", "superclass":"0x1039fc820", "name":"Errno::E2BIG", "references":["0x1039fc820", "0x1019b4810"], "memsize":576, "flags":{"wb_protected":true}}
{"address":"0x1039fba60", "type":"CLASS", "slot_size":160, "class":"0x1039ffb60", "superclass":"0x1039fc780", "real_class_name":"Class", "singleton":true, "references":["0x1039fc780", "0x1039fbb00"], "memsize":488, "flags":{"wb_protected":true}}
{"address":"0x1039fbb00", "type":"CLASS", "slot_size":160, "class":"0x1039fba60", "superclass":"0x1039fc820", "name":"Errno::NOERROR", "references":["0x1039fc820", "0x1019b48b0"], "memsize":576, "flags":{"wb_protected":true}}
{"address":"0x1039fbba0", "type":"CLASS", "slot_size":160, "class":"0x1039ffb60", "superclass":"0x1039fbec0", "real_class_name":"Class", "singleton":true, "references":["0x1039fbec0", "0x1019b51c0", "0x1019be770", "0x10195ce80", "0x1039fbc40"], "memsize":680, "flags":{"wb_protected":true}}
{"address":"0x1039fbc40", "type":"CLASS", "slot_size":160, "class":"0x1039fbba0", "superclass":"0x1039fbf60", "name":"Float", "references":["0x1039fbf60", "0x1019b4bd0", "0x1019743f0", "0x1019743c8", "0x1019b4d38", "0x1019b4cc0", "0x10195ce08", "0x1019b4c20", "0x1019b4c70", "0x1019b4d10", "0x1019b4ce8", "0x1019b4a90", "0x1019b4a40", "0x1019b49f0", "0x1019b49a0", "0x1019b4950", "0x1019b4bf8", "0x1019b4db0", "0x1019b4e50", "0x1019b4ea0", "0x1019b4ef0", "0x1019b4e78", "0x1019b4e28", "0x1019b4c48", "0x1019b4c98", "0x1019b4b80", "0x1019b4f18", "0x1019b4ba8", "0x10195cea8", "0x101975598", "0x1019b4d60", "0x1019b4dd8", "0x1019b4e00", "0x1019b4ec8", "0x1019b4d88", "0x101975688", "0x101975660", "0x101975570", "0x10195ce30", "0x10195ce58", "0x1019b4b58", "0x1019b4b30", "0x1019b4b08", "0x1019b4ae0", "0x10195cde0", "0x101974418", "0x10195cdb8", "0x10195cd90", "0x1019b51e8", "0x1019b5080", "0x1019b5030", "0x1019b4fb8", "0x1019b4f68"], "memsize":3072, "flags":{"wb_protected":true}}
{"address":"0x1039fbce0", "type":"CLASS", "slot_size":160, "class":"0x1039ffb60", "superclass":"0x1039fbec0", "real_class_name":"Class", "singleton":true, "references":["0x1039fbec0", "0x1019b5c10", "0x1019b5bc0", "0x1019b5b98", "0x1019be770", "0x10195d0d8", "0x1039fbd80"], "memsize":680, "flags":{"wb_protected":true}}
{"address":"0x1039fbd80", "type":"CLASS", "slot_size":160, "class":"0x1039fbce0", "superclass":"0x1039fbf60", "name":"Integer", "references":["0x1039fbf60", "0x1019b5a58", "0x1019b59e0", "0x1019b5990", "0x1019b58f0", "0x1019b55d0", "0x1019b53a0", "0x1019b5620", "0x1019b57d8", "0x1019b5418", "0x1019b5940", "0x1019b54e0", "0x1019b5530", "0x1019b5580", "0x1019b55a8", "0x10195d088", "0x1019b53f0", "0x10195cef8", "0x1019b5440", "0x1019757c8", "0x10195d0b0", "0x10195d100", "0x1019b5a30", "0x10195d060", "0x10195d038", "0x1019b58c8", "0x10195cfc0", "0x1019b56e8", "0x1019b54b8", "0x1019b5760", "0x1019b57b0", "0x1019b5b48", "0x1019b5788", "0x1019b5738", "0x10195cf70", "0x1019b5968", "0x1019b5508", "0x1019b5558", "0x10195cf98", "0x10195cf20", "0x1019b5b70", "0x10195cf48", "0x1019b58a0", "0x1019755e8", "0x1019b5710", "0x1019b5670", "0x1019b5648", "0x1019b5468", "0x1019b4928", "0x10195d010", "0x1019b56c0", "0x1019b5698", "0x1019756d8", "0x1019756b0", "0x1019755c0", "0x101975818", "0x1019b5878", "0x1019b5850", "0x1019b5800", "0x1019b5828", "0x101975778", "0x1019b5490", "0x10195cfe8", "0x1019b5af8", "0x1019b5aa8", "0x1019bdff0"], "memsize":2536, "flags":{"wb_protected":true}}
{"address":"0x1039fbe20", "type":"ICLASS", "slot_size":160, "class":"0x1039feee0", "superclass":"0x1039ffe80", "references":["0x1039ffe80"], "memsize":160, "flags":{"wb_protected":true}}
{"address":"0x1039fbec0", "type":"CLASS", "slot_size":160, "class":"0x1039ffb60", "superclass":"0x1039ffa20", "real_class_name":"Class", "singleton":true, "references":["0x1039ffa20", "0x1019be888", "0x1019b5c38", "0x1019be770", "0x10195d1c8", "0x1039fbf60"], "memsize":656, "flags":{"wb_protected":true}}
{"address":"0x1039fbf60", "type":"CLASS", "slot_size":160, "class":"0x1039fbec0", "superclass":"0x1039fbe20", "name":"Numeric", "references":["0x1039fbe20", "0x1019745f8", "0x1019745d0", "0x1019b6228", "0x101974580", "0x1019b61b0", "0x1019b6188", "0x101974508", "0x1019b6160", "0x101974670", "0x101974468", "0x101974530", "0x1019b5c60", "0x1019745a8", "0x101974440", "0x10195d1f0", "0x1019744b8", "0x101974558", "0x10195d178", "0x10195d150", "0x1019b6138", "0x1019b6098", "0x1019b62c8", "0x1019b5f30", "0x1019b60e8", "0x1019b60c0", "0x1019b6110", "0x101975700", "0x1019b62a0", "0x10195d1a0", "0x1019b6250", "0x1019b61d8", "0x1019b6048", "0x101975750", "0x101975728", "0x1019b5fa8", "0x1019b5ff8", "0x1019b5ee0", "0x1019b5f58", "0x1019b5e40", "0x1019b5e90", "0x1019b5da0", "0x1019b5df0", "0x1019b5d00", "0x1019b5d50", "0x1019744e0", "0x1019b5cb0", "0x101974490", "0x1019b62f0"], "memsize":2536, "flags":{"wb_protected":true}}
{"address":"0x1039fc000", "type":"CLASS", "slot_size":160, "class":"0x1039ffb60", "superclass":"0x1039fdc20", "real_class_name":"Class", "singleton":true, "references":["0x1039fdc20", "0x1039fc0a0"], "memsize":488, "flags":{"wb_protected":true}}
{"address":"0x1039fc0a0", "type":"CLASS", "slot_size":160, "class":"0x1039fc000", "superclass":"0x1039fdcc0", "name":"FloatDomainError", "references":["0x1039fdcc0", "0x1039de8e8"], "memsize":488, "flags":{"wb_protected":true}}
{"address":"0x1039fc140", "type":"CLASS", "slot_size":160, "class":"0x1039ffb60", "superclass":"0x1039fe260", "real_class_name":"Class", "singleton":true, "references":["0x1039fe260", "0x1039fc1e0"], "memsize":488, "flags":{"wb_protected":true}}
{"address":"0x1039fc1e0", "type":"CLASS", "slot_size":160, "class":"0x1039fc140", "superclass":"0x1039fe300", "name":"ZeroDivisionError", "references":["0x1039fe300", "0x1039de938"], "memsize":488, "flags":{"wb_protected":true}}
{"address":"0x1039fc280", "type":"CLASS", "slot_size":160, "class":"0x1039ffb60", "superclass":"0x1039fdfe0", "real_class_name":"Class", "singleton":true, "references":["0x1039fdfe0", "0x1039fc320"], "memsize":488, "flags":{"wb_protected":true}}
{"address":"0x1039fc320", "type":"CLASS", "slot_size":160, "class":"0x1039fc280", "superclass":"0x1039fe080", "name":"UncaughtThrowError", "references":["0x1039fe080", "0x1019b6c28", "0x1019b6ca0", "0x1019b6c50", "0x1019b6cf0", "0x1039deb18"], "memsize":616, "flags":{"wb_protected":true}}
{"address":"0x1039fc3c0", "type":"CLASS", "slot_size":160, "class":"0x1039ffb60", "superclass":"0x1039fed00", "real_class_name":"Class", "singleton":true, "references":["0x1039fed00", "0x1039fc460"], "memsize":488, "flags":{"wb_protected":true}}
{"address":"0x1039fc460", "type":"CLASS", "slot_size":160, "class":"0x1039fc3c0", "superclass":"0x1039feda0", "name":"Warning::buffer", "references":["0x1039feda0", "0x1019b7a88", "0x1019b7b00"], "memsize":552, "flags":{"wb_protected":true}}
{"address":"0x1039fc500", "type":"ICLASS", "slot_size":160, "class":"0x1039fc640", "superclass":"0x1039ffde0", "references":["0x1039ffde0"], "memsize":160, "flags":{"wb_protected":true}}
{"address":"0x1039fc5a0", "type":"CLASS", "slot_size":160, "class":"0x1039ffac0", "superclass":"0x1039fc500", "real_class_name":"Module", "singleton":true, "references":["0x1039fc500", "0x1019b7bf0", "0x1019b7bc8", "0x1039fc640"], "memsize":552, "flags":{"wb_protected":true}}
{"address":"0x1039fc640", "type":"MODULE", "slot_size":160, "class":"0x1039fc5a0", "name":"Warning", "references":["0x1019b7b78", "0x1019b7c18", "0x1039fc460"], "memsize":640, "flags":{"wb_protected":true}}
{"address":"0x1039fc6e0", "type":"MODULE", "slot_size":160, "class":"0x1039ffde0", "name":"Errno", "references":["0x1019b7c40", "0x1039f6740", "0x1039f6600", "0x1039fbb00", "0x1039f64c0", "0x1039f6380", "0x1039f6240", "0x1039fbb00", "0x1039f6100", "0x1039f5fc0", "0x1039f5e80", "0x1039f5d40", "0x1039fbb00", "0x1039f5c00", "0x1039f5ac0", "0x1039f5980", "0x1039f5840", "0x1039f5700", "0x1039f55c0", "0x1039f5480", "0x1039f5340", "0x1039f5200", "0x1039f50c0", "0x1039f4f80", "0x1039f4e40", "0x1039f4d00", "0x1039f4bc0", "0x1039f4a80", "0x1039f8900", "0x1039f4940", "0x1039fbb00", "0x1039f4800", "0x1039fbb00", "0x1039fbb00", "0x1039fbb00", "0x1039f46c0", "0x1039f4580", "0x1039f4440", "0x1039f4300", "0x1039f41c0", "0x1039f4080", "0x1039f3f40", "0x1039fbb00", "0x1039f3e00", "0x1039fbb00", "0x1039f3cc0", "0x1039f3b80", "0x1039f3a40", "0x1039f3900", "0x1039fbb00", "0x1039fbb00", "0x1039f37c0", "0x1039fb380", "0x1039f3680", "0x1039fbb00", "0x1039fbb00", "0x1039fb9c0", "0x1039fb880", "0x1039fb740", "0x1039fb600", "0x1039fbb00", "0x1039fb4c0", "0x1039fb380", "0x1039fb240", "0x1039fb100", "0x1039fafc0", "0x1039fbb00", "0x1039fae80", "0x1039fad40", "0x1039fbb00", "0x1039fac00", "0x1039faac0", "0x1039fbb00", "0x1039fa980", "0x1039fbb00", "0x1039fbb00", "0x1039fbb00", "0x1039fa840", "0x1039fa700", "0x1039fbb00", "0x1039fa5c0", "0x1039fbb00", "0x1039fbb00", "0x1039fa480", "0x1039fa340", "0x1039fa200", "0x1039fa0c0", "0x1039fbb00", "0x1039f9f80", "0x1039f9e40", "0x1039f9d00", "0x1039fbb00", "0x1039fbb00", "0x1039f9bc0", "0x1039f9a80", "0x1039f9940", "0x1039f9800", "0x1039f96c0", "0x1039f9580", "0x1039f9440", "0x1039fbb00", "0x1039f9300", "0x1039f91c0", "0x1039f9080", "0x1039f8f40", "0x1039f8e00", "0x1039f8cc0", "0x1039fbb00", "0x1039f8b80", "0x1039f8a40", "0x1039fbb00", "0x1039fbb00", "0x1039fbb00", "0x1039fbb00", "0x1039fbb00", "0x1039fbb00", "0x1039fbb00", "0x1039fbb00", "0x1039f8900", "0x1039fbb00", "0x1039fbb00", "0x1039fbb00", "0x1039fbb00", "0x1039fbb00", "0x1039fbb00", "0x1039f87c0", "0x1039fbb00", "0x1039f8680", "0x1039f8540", "0x1039f8400", "0x1039f82c0", "0x1039f8180", "0x1039fbb00", "0x1039f8040", "0x1039f7f00", "0x1039f7dc0", "0x1039f7c80", "0x1039f7b40", "0x1039fbb00", "0x1039f7a00", "0x1039f78c0", "0x1039fbb00", "0x1039f7780", "0x1039f7640", "0x1039f7500", "0x1039f73c0", "0x1039fbb00", "0x1039f7280", "0x1039f7140", "0x1039fbb00", "0x1039f7000", "0x1039f6ec0", "0x1039fbb00", "0x1039fbb00", "0x1039f6d80", "0x1039f6c40", "0x1039f6b00", "0x1039f69c0", "0x1039f6880"], "memsize":4608, "flags":{"wb_protected":true}}
{"address":"0x1039fc780", "type":"CLASS", "slot_size":160, "class":"0x1039ffb60", "superclass":"0x1039fe260", "real_class_name":"Class", "singleton":true, "references":["0x1039fe260", "0x1019b7c68", "0x1019be888", "0x1019b4888", "0x1039fc820"], "memsize":680, "flags":{"wb_protected":true}}
{"address":"0x1039fc820", "type":"CLASS", "slot_size":160, "class":"0x1039fc780", "superclass":"0x1039fe300", "name":"SystemCallError", "references":["0x1039fe300", "0x1019b7ce0", "0x1019b7c90", "0x1019b7d08"], "memsize":552, "flags":{"wb_protected":true}}
{"address":"0x1039fc8c0", "type":"CLASS", "slot_size":160, "class":"0x1039ffb60", "superclass":"0x1039fca00", "real_class_name":"Class", "singleton":true, "references":["0x1039fca00", "0x1039fc960"], "memsize":488, "flags":{"wb_protected":true}}
{"address":"0x1039fc960", "type":"CLASS", "slot_size":160, "class":"0x1039fc8c0", "superclass":"0x1039fcaa0", "name":"NoMatchingPatternKeyError", "references":["0x1039fcaa0", "0x1019b7da8", "0x1019b7d58", "0x1019b7d30", "0x1039dec08"], "memsize":552, "flags":{"wb_protected":true}}
{"address":"0x1039fca00", "type":"CLASS", "slot_size":160, "class":"0x1039ffb60", "superclass":"0x1039fe260", "real_class_name":"Class", "singleton":true, "references":["0x1039fe260", "0x1019be888", "0x1019b7dd0", "0x1039fcaa0"], "memsize":616, "flags":{"wb_protected":true}}
{"address":"0x1039fcaa0", "type":"CLASS", "slot_size":160, "class":"0x1039fca00", "superclass":"0x1039fe300", "name":"NoMatchingPatternError", "references":["0x1039fe300", "0x1039dec58"], "memsize":488, "flags":{"wb_protected":true}}
{"address":"0x1039fcb40", "type":"CLASS", "slot_size":160, "class":"0x1039ffb60", "superclass":"0x1039fcc80", "real_class_name":"Class", "singleton":true, "references":["0x1039fcc80", "0x1039fcbe0"], "memsize":488, "flags":{"wb_protected":true}}
{"address":"0x1039fcbe0", "type":"CLASS", "slot_size":160, "class":"0x1039fcb40", "superclass":"0x1039fcd20", "name":"Encoding::CompatibilityError", "references":["0x1039fcd20", "0x1039deca8"], "memsize":488, "flags":{"wb_protected":true}}
{"address":"0x1039fcc80", "type":"CLASS", "slot_size":160, "class":"0x1039ffb60", "superclass":"0x1039fe260", "real_class_name":"Class", "singleton":true, "references":["0x1039fe260", "0x1019be888", "0x1019b7df8", "0x1039fcd20"], "memsize":616, "flags":{"wb_protected":true}}
{"address":"0x1039fcd20", "type":"CLASS", "slot_size":160, "class":"0x1039fcc80", "superclass":"0x1039fe300", "name":"EncodingError", "references":["0x1039fe300", "0x1019b7e48"], "memsize":488, "flags":{"wb_protected":true}}
{"address":"0x1039fcdc0", "type":"CLASS", "slot_size":160, "class":"0x1039ffb60", "superclass":"0x1039fe8a0", "real_class_name":"Class", "singleton":true, "references":["0x1039fe8a0", "0x1039fce60"], "memsize":488, "flags":{"wb_protected":true}}
{"address":"0x1039fce60", "type":"CLASS", "slot_size":160, "class":"0x1039fcdc0", "superclass":"0x1039fe940", "name":"NoMemoryError", "references":["0x1039fe940", "0x101993200", "0x101990708", "0x1019b7e70"], "memsize":616, "flags":{"wb_protected":true}}
{"address":"0x1039fcf00", "type":"CLASS", "slot_size":160, "class":"0x1039ffb60", "superclass":"0x1039fe8a0", "real_class_name":"Class", "singleton":true, "references":["0x1039fe8a0", "0x1039fcfa0"], "memsize":488, "flags":{"wb_protected":true}}
{"address":"0x1039fcfa0", "type":"CLASS", "slot_size":160, "class":"0x1039fcf00", "superclass":"0x1039fe940", "name":"SecurityError", "references":["0x1039fe940", "0x1019b7e98"], "memsize":488, "flags":{"wb_protected":true}}
{"address":"0x1039fd040", "type":"CLASS", "slot_size":160, "class":"0x1039ffb60", "superclass":"0x1039fd180", "real_class_name":"Class", "singleton":true, "references":["0x1039fd180", "0x1039fd0e0"], "memsize":488, "flags":{"wb_protected":true}}
{"address":"0x1039fd0e0", "type":"CLASS", "slot_size":160, "class":"0x1039fd040", "superclass":"0x1039fd220", "name":"FrozenError", "references":["0x1039fd220", "0x1019b7ee8", "0x1019b7ec0", "0x1019b7f38"], "memsize":552, "flags":{"wb_protected":true}}
{"address":"0x1039fd180", "type":"CLASS", "slot_size":160, "class":"0x1039ffb60", "superclass":"0x1039fe260", "real_class_name":"Class", "singleton":true, "references":["0x1039fe260", "0x1019be888", "0x1019b7f10", "0x1039fd220"], "memsize":616, "flags":{"wb_protected":true}}
{"address":"0x1039fd220", "type":"CLASS", "slot_size":160, "class":"0x1039fd180", "superclass":"0x1039fe300", "name":"RuntimeError", "references":["0x1039fe300", "0x1019b7f60"], "memsize":488, "flags":{"wb_protected":true}}
{"address":"0x1039fd2c0", "type":"CLASS", "slot_size":160, "class":"0x1039ffb60", "superclass":"0x1039fd540", "real_class_name":"Class", "singleton":true, "references":["0x1039fd540", "0x1039fd360"], "memsize":488, "flags":{"wb_protected":true}}
{"address":"0x1039fd360", "type":"CLASS", "slot_size":160, "class":"0x1039fd2c0", "superclass":"0x1039fd5e0", "name":"NoMethodError", "references":["0x1039fd5e0", "0x1019b8028", "0x1019b7fd8", "0x1019b7f88", "0x1019b8078"], "memsize":552, "flags":{"wb_protected":true}}
{"address":"0x1039fd400", "type":"CLASS", "slot_size":160, "class":"0x1039ffb60", "superclass":"0x1039ffa20", "real_class_name":"Class", "singleton":true, "references":["0x1039ffa20", "0x1019b80a0", "0x1039fd4a0"], "memsize":552, "flags":{"wb_protected":true}}
{"address":"0x1039fd4a0", "type":"CLASS", "slot_size":160, "class":"0x1039fd400", "superclass":"0x1039ffe80", "name":"NameError::message", "references":["0x1039ffe80", "0x1019b80f0", "0x1019b8118", "0x1019b8140", "0x1019b80c8", "0x1039ded48"], "memsize":616, "flags":{"wb_protected":true}}
{"address":"0x1039fd540", "type":"CLASS", "slot_size":160, "class":"0x1039ffb60", "superclass":"0x1039fe260", "real_class_name":"Class", "singleton":true, "references":["0x1039fe260", "0x1019be888", "0x1019b8050", "0x1039fd5e0"], "memsize":616, "flags":{"wb_protected":true}}
{"address":"0x1039fd5e0", "type":"CLASS", "slot_size":160, "class":"0x1039fd540", "superclass":"0x1039fe300", "name":"NameError", "references":["0x1039fe300", "0x1019b8190", "0x1019b8208", "0x1019b8230", "0x1019b81e0", "0x1019b8258", "0x1039fd4a0"], "memsize":704, "flags":{"wb_protected":true}}
{"address":"0x1039fd680", "type":"CLASS", "slot_size":160, "class":"0x1039ffb60", "superclass":"0x1039fdae0", "real_class_name":"Class", "singleton":true, "references":["0x1039fdae0", "0x1039fd720"], "memsize":488, "flags":{"wb_protected":true}}
{"address":"0x1039fd720", "type":"CLASS", "slot_size":160, "class":"0x1039fd680", "superclass":"0x1039fdb80", "name":"NotImplementedError", "references":["0x1039fdb80", "0x1039ded98"], "memsize":488, "flags":{"wb_protected":true}}
{"address":"0x1039fd7c0", "type":"STRING", "slot_size":160, "class":"0x1039feda0", "embedded":true, "bytesize":5, "value":"@path", "memsize":160, "flags":{"wb_protected":true}}
{"address":"0x1039fd860", "type":"CLASS", "slot_size":160, "class":"0x1039ffb60", "superclass":"0x1039fdae0", "real_class_name":"Class", "singleton":true, "references":["0x1039fdae0", "0x1039fd900"], "memsize":488, "flags":{"wb_protected":true}}
{"address":"0x1039fd900", "type":"CLASS", "slot_size":160, "class":"0x1039fd860", "superclass":"0x1039fdb80", "name":"LoadError", "references":["0x1039fdb80", "0x1019b8280", "0x1019b82f8"], "memsize":552, "flags":{"wb_protected":true}}
{"address":"0x1039fd9a0", "type":"CLASS", "slot_size":160, "class":"0x1039ffb60", "superclass":"0x1039fdae0", "real_class_name":"Class", "singleton":true, "references":["0x1039fdae0", "0x1039fda40"], "memsize":488, "flags":{"wb_protected":true}}
{"address":"0x1039fda40", "type":"CLASS", "slot_size":160, "class":"0x1039fd9a0", "superclass":"0x1039fdb80", "name":"SyntaxError", "references":["0x1039fdb80", "0x1019b8320", "0x1019b8370"], "memsize":552, "flags":{"wb_protected":true}}
{"address":"0x1039fdae0", "type":"CLASS", "slot_size":160, "class":"0x1039ffb60", "superclass":"0x1039fe8a0", "real_class_name":"Class", "singleton":true, "references":["0x1039fe8a0", "0x1019be888", "0x1019b8348", "0x1039fdb80"], "memsize":616, "flags":{"wb_protected":true}}
{"address":"0x1039fdb80", "type":"CLASS", "slot_size":160, "class":"0x1039fdae0", "superclass":"0x1039fe940", "name":"ScriptError", "references":["0x1039fe940", "0x1019b8398"], "memsize":488, "flags":{"wb_protected":true}}
{"address":"0x1039fdc20", "type":"CLASS", "slot_size":160, "class":"0x1039ffb60", "superclass":"0x1039fe260", "real_class_name":"Class", "singleton":true, "references":["0x1039fe260", "0x1019be888", "0x1019b6318", "0x1039fdcc0"], "memsize":616, "flags":{"wb_protected":true}}
{"address":"0x1039fdcc0", "type":"CLASS", "slot_size":160, "class":"0x1039fdc20", "superclass":"0x1039fe300", "name":"RangeError", "references":["0x1039fe300", "0x1019b83c0"], "memsize":488, "flags":{"wb_protected":true}}
{"address":"0x1039fdd60", "type":"CLASS", "slot_size":160, "class":"0x1039ffb60", "superclass":"0x1039fdea0", "real_class_name":"Class", "singleton":true, "references":["0x1039fdea0", "0x1039fde00"], "memsize":488, "flags":{"wb_protected":true}}
{"address":"0x1039fde00", "type":"CLASS", "slot_size":160, "class":"0x1039fdd60", "superclass":"0x1039fdf40", "name":"KeyError", "references":["0x1039fdf40", "0x1019b8488", "0x1019b8438", "0x1019b83e8", "0x1019b84d8"], "memsize":552, "flags":{"wb_protected":true}}
{"address":"0x1039fdea0", "type":"CLASS", "slot_size":160, "class":"0x1039ffb60", "superclass":"0x1039fe260", "real_class_name":"Class", "singleton":true, "references":["0x1039fe260", "0x1019be888", "0x1019b84b0", "0x1039fdf40"], "memsize":616, "flags":{"wb_protected":true}}
{"address":"0x1039fdf40", "type":"CLASS", "slot_size":160, "class":"0x1039fdea0", "superclass":"0x1039fe300", "name":"IndexError", "references":["0x1039fe300", "0x1019b8500"], "memsize":488, "flags":{"wb_protected":true}}
{"address":"0x1039fdfe0", "type":"CLASS", "slot_size":160, "class":"0x1039ffb60", "superclass":"0x1039fe260", "real_class_name":"Class", "singleton":true, "references":["0x1039fe260", "0x1019be888", "0x1019b6d18", "0x1039fe080"], "memsize":616, "flags":{"wb_protected":true}}
{"address":"0x1039fe080", "type":"CLASS", "slot_size":160, "class":"0x1039fdfe0", "superclass":"0x1039fe300", "name":"ArgumentError", "references":["0x1039fe300", "0x1019b8528"], "memsize":488, "flags":{"wb_protected":true}}
{"address":"0x1039fe120", "type":"CLASS", "slot_size":160, "class":"0x1039ffb60", "superclass":"0x1039fe260", "real_class_name":"Class", "singleton":true, "references":["0x1039fe260", "0x1039fe1c0"], "memsize":488, "flags":{"wb_protected":true}}
{"address":"0x1039fe1c0", "type":"CLASS", "slot_size":160, "class":"0x1039fe120", "superclass":"0x1039fe300", "name":"TypeError", "references":["0x1039fe300", "0x1019b8578"], "memsize":488, "flags":{"wb_protected":true}}
{"address":"0x1039fe260", "type":"CLASS", "slot_size":160, "class":"0x1039ffb60", "superclass":"0x1039fe8a0", "real_class_name":"Class", "singleton":true, "references":["0x1039fe8a0", "0x1019be888", "0x1019b8550", "0x1039fe300"], "memsize":616, "flags":{"wb_protected":true}}
{"address":"0x1039fe300", "type":"CLASS", "slot_size":160, "class":"0x1039fe260", "superclass":"0x1039fe940", "name":"StandardError", "references":["0x1039fe940", "0x1019b85a0"], "memsize":488, "flags":{"wb_protected":true}}
{"address":"0x1039fe3a0", "type":"CLASS", "slot_size":160, "class":"0x1039ffb60", "superclass":"0x1039fe4e0", "real_class_name":"Class", "singleton":true, "references":["0x1039fe4e0", "0x1039fe440"], "memsize":488, "flags":{"wb_protected":true}}
{"address":"0x1039fe440", "type":"CLASS", "slot_size":160, "class":"0x1039fe3a0", "superclass":"0x1039fe580", "name":"Interrupt", "references":["0x1039fe580", "0x101993160", "0x1019b85f0"], "memsize":552, "flags":{"wb_protected":true}}
{"address":"0x1039fe4e0", "type":"CLASS", "slot_size":160, "class":"0x1039ffb60", "superclass":"0x1039fe8a0", "real_class_name":"Class", "singleton":true, "references":["0x1039fe8a0", "0x1019be888", "0x1019b85c8", "0x1039fe580"], "memsize":616, "flags":{"wb_protected":true}}
{"address":"0x1039fe580", "type":"CLASS", "slot_size":160, "class":"0x1039fe4e0", "superclass":"0x1039fe940", "name":"SignalException", "references":["0x1039fe940", "0x101993228", "0x1019931d8", "0x101993188", "0x1019b8618"], "memsize":552, "flags":{"wb_protected":true}}
{"address":"0x1039fe620", "type":"CLASS", "slot_size":160, "class":"0x1039ffb60", "superclass":"0x1039fe8a0", "real_class_name":"Class", "singleton":true, "references":["0x1039fe8a0", "0x1039fe6c0"], "memsize":488, "flags":{"wb_protected":true}}
{"address":"0x1039fe6c0", "type":"CLASS", "slot_size":160, "class":"0x1039fe620", "superclass":"0x1039fe940", "name":"fatal", "references":["0x1039fe940", "0x1019b8640"], "memsize":576, "flags":{"wb_protected":true}}
{"address":"0x1039fe760", "type":"CLASS", "slot_size":160, "class":"0x1039ffb60", "superclass":"0x1039fe8a0", "real_class_name":"Class", "singleton":true, "references":["0x1039fe8a0", "0x1039fe800"], "memsize":488, "flags":{"wb_protected":true}}
{"address":"0x1039fe800", "type":"CLASS", "slot_size":160, "class":"0x1039fe760", "superclass":"0x1039fe940", "name":"SystemExit", "references":["0x1039fe940", "0x1019b8708", "0x1019b86b8", "0x1019b8668", "0x1019b8758"], "memsize":552, "flags":{"wb_protected":true}}
{"address":"0x1039fe8a0", "type":"CLASS", "slot_size":160, "class":"0x1039ffb60", "superclass":"0x1039ffa20", "real_class_name":"Class", "singleton":true, "references":["0x1039ffa20", "0x1019b8a78", "0x1019b8a28", "0x1019be888", "0x1019b8730", "0x1039fe940"], "memsize":680, "flags":{"wb_protected":true}}
{"address":"0x1039fe940", "type":"CLASS", "slot_size":160, "class":"0x1039fe8a0", "superclass":"0x1039ffe80", "name":"Exception", "references":["0x1039ffe80", "0x1019b8820", "0x1019b87d0", "0x1019b8780", "0x101993200", "0x1019b89b0", "0x1019b88c0", "0x1019b8988", "0x1019b67a0", "0x1019b8a00", "0x1019b6778", "0x1019b6750", "0x1019b8938", "0x1019b88e8", "0x1019b8870", "0x1019b8aa0"], "memsize":1000, "flags":{"wb_protected":true}}
{"address":"0x1039fe9e0", "type":"ICLASS", "slot_size":160, "class":"0x1039feee0", "superclass":"0x1039ffe80", "references":["0x1039ffe80"], "memsize":160, "flags":{"wb_protected":true}}
{"address":"0x1039fea80", "type":"CLASS", "slot_size":160, "class":"0x1039ffb60", "superclass":"0x1039ffa20", "real_class_name":"Class", "singleton":true, "references":["0x1039ffa20", "0x1019b8fc8", "0x1019b8f78", "0x1039feb20"], "memsize":552, "flags":{"wb_protected":true}}
{"address":"0x1039feb20", "type":"CLASS", "slot_size":160, "class":"0x1039fea80", "superclass":"0x1039fe9e0", "name":"Symbol", "references":["0x1039fe9e0", "0x1019b8b18", "0x1019b8af0", "0x1019b8d70", "0x1019b8d98", "0x1019b8e10", "0x1019b8f50", "0x1019b8de8", "0x1019b8f28", "0x1019b8cf8", "0x1019b8ed8", "0x1019b8cd0", "0x1019b8d48", "0x1019b8d20", "0x1019b8c08", "0x1019b8be0", "0x1019b8c30", "0x1019b8e60", "0x1019b8ca8", "0x1019b8ac8", "0x1019b8f00", "0x1019b8e38", "0x1019b8b90", "0x1019b8bb8", "0x1019b8b40", "0x1019b8b68", "0x1019b8c80", "0x1019b8e88", "0x1019b8c58", "0x1019b8dc0", "0x10197f4a8", "0x1019b6f20", "0x10197f4d0", "0x10197f480", "0x1019b8f28", "0x1019556f8", "0x1019b8ff0"], "memsize":1800, "flags":{"wb_protected":true}}
{"address":"0x1039febc0", "type":"MODULE", "slot_size":160, "class":"0x1039ffde0", "name":"UnicodeNormalize", "references":["0x1039def28"], "memsize":488, "flags":{"wb_protected":true}}
{"address":"0x1039fec60", "type":"ICLASS", "slot_size":160, "class":"0x1039feee0", "superclass":"0x1039ffe80", "references":["0x1039ffe80"], "memsize":160, "flags":{"wb_protected":true}}
{"address":"0x1039fed00", "type":"CLASS", "slot_size":160, "class":"0x1039ffb60", "superclass":"0x1039ffa20", "real_class_name":"Class", "singleton":true, "references":["0x1039ffa20", "0x1019bb228", "0x1019be888", "0x1019b7ad8", "0x1019be770", "0x10195a018", "0x1039feda0"], "memsize":720, "flags":{"wb_protected":true}}
{"address":"0x1039feda0", "type":"CLASS", "slot_size":160, "class":"0x1039fed00", "superclass":"0x1039fec60", "name":"String", "references":["0x1039fec60", "0x1019bb110", "0x10199cfd0", "0x101974648", "0x101975548", "0x1019b9f90", "0x1019baff8", "0x1019bb020", "0x1019bb048", "0x10195a040", "0x101959ff0", "0x1019b96a8", "0x1019b9310", "0x1019b93d8", "0x1019ba918", "0x1019ba8f0", "0x1019bb1b0", "0x1019ba0f8", "0x1019bad28", "0x1019bb188", "0x1019bb160", "0x1019bae68", "0x1019bafd0", "0x1019bafa8", "0x1019bb0c0", "0x1019bb070", "0x1019baf58", "0x1019baeb8", "0x1019bae18", "0x1019bae90", "0x1019bb138", "0x1019bad50", "0x1019badc8", "0x1019bac88", "0x1019bacd8", "0x1019babe8", "0x1019bac38", "0x1019bab48", "0x1019bab98", "0x1019baaa8", "0x1019baaf8", "0x1019baa08", "0x1019baa58", "0x1019ba968", "0x1019ba9b8", "0x1019ba788", "0x1019ba7d8", "0x1019ba940", "0x1019ba828", "0x1019ba648", "0x1019ba5f8", "0x1019ba698", "0x1019ba5a8", "0x1019ba558", "0x1019ba508", "0x1019ba4b8", "0x1019ba468", "0x1019ba418", "0x1019ba378", "0x1019ba328", "0x1019baf30", "0x1019baf08", "0x1019ba238", "0x1019bada0", "0x1019ba210", "0x1019ba170", "0x1019ba2d8", "0x1019ba3c8", "0x1019ba0a8", "0x1019ba058", "0x1019ba1c0", "0x1019bb200", "0x1019bb1d8", "0x1019b9e50", "0x1019b9ef0", "0x1019b9fb8", "0x1019ba288", "0x1019ba850", "0x1019ba008", "0x1019b9cc0", "0x1019b9f40", "0x1019ba120", "0x1019b9ea0", "0x1019ba878", "0x1019ba8c8", "0x1019ba8a0", "0x1019b9d60", "0x1019b9d10", "0x1019b9b80", "0x1019b9e00", "0x1019b9db0", "0x1019b9bd0", "0x1019b9a40", "0x1019b9b30", "0x1019ba030", "0x1019b9c20", "0x1019b9900", "0x1019b99f0", "0x1019b99a0", "0x1019b9ae0", "0x1019b9c70", "0x1019b98b0", "0x1019b9860", "0x1019b9810", "0x1019b9950", "0x1019b9770", "0x1019b9a90", "0x1019b96d0", "0x1019b9658", "0x1019b97c0", "0x1019b95b8", "0x1019b9720", "0x1019b9518", "0x1019b94c8", "0x1019b9608", "0x1019b9428", "0x1019b9568", "0x1019b9388", "0x1019b9338", "0x1019b9478", "0x1019b9270", "0x1019b9400", "0x1019b91d0", "0x1019b9180", "0x1019b92c0", "0x1019b9090", "0x1019b9220", "0x10199d020", "0x1019b90b8", "0x1019b9130", "0x1019b9068", "0x101955798", "0x1019b6f20", "0x10197f4d0", "0x10197f480", "0x101979a58", "0x1019bdf78"], "memsize":4856, "flags":{"wb_protected":true}}
{"address":"0x1039fee40", "type":"MODULE", "slot_size":160, "class":"0x1039ffde0", "name":"Enumerable", "references":["0x1019bb4f8", "0x1019bb4a8", "0x1019bb458", "0x1019bb408", "0x1019bb3b8", "0x10197fae8", "0x1019bc420", "0x1019bb9d0", "0x1019bbb88", "0x1019bbbb0", "0x1019bc268", "0x1019bc498", "0x10197fbb0", "0x1019bc448", "0x1019bc3d0", "0x1019bc380", "0x1019bc330", "0x1019bc2e0", "0x1019bc290", "0x1019bc218", "0x1019bc1c8", "0x1019bc178", "0x1019bc128", "0x1019bc0d8", "0x1019bc088", "0x1019bc038", "0x1019bbfe8", "0x1019bbf98", "0x1019bbf48", "0x1019bbef8", "0x1019bbea8", "0x1019bbe58", "0x1019bbe08", "0x1019bbdb8", "0x1019bbd68", "0x1019bbd18", "0x1019bbcc8", "0x1019bbc78", "0x1019bbc28", "0x1019bbbd8", "0x1019bbb38", "0x1019bbae8", "0x1019bba98", "0x1019bba48", "0x1019bb9f8", "0x1019bb980", "0x1019bb930", "0x1019bb8e0", "0x1019bb890", "0x1019bb840", "0x1019bb818", "0x1019bb7c8", "0x1019bb778", "0x1019bb728", "0x1019bb6d8", "0x1019bb688", "0x1019bb638", "0x1019bb5e8", "0x1019bb598", "0x1019bb548", "0x1019bc4c0"], "memsize":2560, "flags":{"wb_protected":true}}
{"address":"0x1039feee0", "type":"MODULE", "slot_size":160, "class":"0x1039ffde0", "name":"Comparable", "references":["0x1019bc4e8", "0x1019bc588", "0x1019bc5d8", "0x1019bc628", "0x1019bc5b0", "0x1019bc600", "0x1019bc538", "0x1019bc650"], "memsize":768, "flags":{"wb_protected":true}}
{"address":"0x1039fef80", "type":"CLASS", "slot_size":160, "class":"0x1039ffb60", "superclass":"0x1039ffa20", "real_class_name":"Class", "singleton":true, "references":["0x1039ffa20", "0x1019bcba0", "0x1019bcb50", "0x1019bcb00", "0x1019bcab0", "0x1019bca60", "0x1019bc9c0", "0x1019bc998", "0x1019bc970", "0x1019bc948", "0x1019bc920", "0x1019bc8d0", "0x1019bcd80", "0x1019be748", "0x101973978", "0x1039ff020"], "memsize":1128, "flags":{"wb_protected":true}}
{"address":"0x1039ff020", "type":"CLASS", "slot_size":160, "class":"0x1039fef80", "superclass":"0x1039ffe80", "name":"Encoding", "references":["0x1039ffe80", "0x1019bcd58", "0x1019bcd08", "0x1019bcbf0", "0x1019bcc68", "0x1019bca10", "0x1019bcd30", "0x1019bccb8", "0x1019bcc40", "0x101970908", "0x10197f4d0", "0x10197f480", "0x1019b6f20", "0x1019bcda8", "0x1039fcbe0", "0x1019bc858", "0x101973a90", "0x1019bc858", "0x101973a90", "0x1019bc830", "0x101973a90", "0x1019bc808", "0x101973a90", "0x101973900", "0x101973a90", "0x101973900", "0x101973a90", "0x101973888", "0x101973a90", "0x101973888", "0x101973a90", "0x101973810", "0x101973a90", "0x101973810", "0x101973a90", "0x101973798", "0x101973a90", "0x101973748", "0x101973a90", "0x1019736f8", "0x101973a90", "0x1019736f8", "0x101973a90", "0x1019bc6c8", "0x101973a90", "0x101973658", "0x101973a90", "0x101973608", "0x101973a90", "0x1019735b8", "0x101973a90", "0x101973568", "0x101973a90", "0x101973518", "0x101973a90", "0x1019734c8", "0x101973a90", "0x101973478", "0x101973a90", "0x101973428", "0x101973a90", "0x1019733d8", "0x101973a90", "0x101973388", "0x101973a90", "0x101973338", "0x101973a90", "0x1019732e8", "0x101973a90", "0x101973298", "0x101973a90", "0x101973248", "0x101973a90", "0x1019731f8", "0x101973a90", "0x1019731a8", "0x101973a90", "0x101973158", "0x101973a90", "0x101973108", "0x101973a90", "0x1019730b8", "0x101973a90", "0x101973068", "0x101973a90", "0x101973018", "0x101973a90", "0x101972fc8", "0x101973a90", "0x101972fc8", "0x101973a90", "0x1019bc7e0", "0x101973a90", "0x1019bc7b8", "0x101973a90", "0x1019bc790", "0x101973a90", "0x1019bc768", "0x101973a90", "0x1019bc6a0", "0x101973a90", "0x1019bc6a0", "0x101973a90", "0x101972e60", "0x101973a90", "0x101972e60", "0x101973a90", "0x101972de8", "0x101973a90", "0x101972de8", "0x101973a90", "0x101972d70", "0x101973a90", "0x101972d70", "0x101973a90", "0x101972cf8", "0x101973a90", "0x101972cf8", "0x101973a90", "0x101972c80", "0x101973a90", "0x101972c80", "0x101973a90", "0x101972c08", "0x101973a90", "0x101972c08", "0x101973a90", "0x101972b90", "0x101973a90", "0x101972b90", "0x101973a90", "0x101972b18", "0x101973a90", "0x101972b18", "0x101973a90", "0x101972aa0", "0x101973a90", "0x101972aa0", "0x101973a90", "0x101972a28", "0x101973a90", "0x101972a28", "0x101973a90", "0x1019729b0", "0x101973a90", "0x1019729b0", "0x101973a90", "0x101972938", "0x101973a90", "0x1019728e8", "0x101973a90", "0x101972898", "0x101973a90", "0x101972848", "0x101973a90", "0x1019727f8", "0x101973a90", "0x1019727f8", "0x101973a90", "0x101972780", "0x101973a90", "0x101972780", "0x101973a90", "0x101972708", "0x101973a90", "0x101972708", "0x101973a90", "0x101972690", "0x101973a90", "0x101972690", "0x101973a90", "0x101972618", "0x101973a90", "0x101972618", "0x101973a90", "0x1019725a0", "0x101973a90", "0x1019725a0", "0x101973a90", "0x101972528", "0x101973a90", "0x101972528", "0x101973a90", "0x1019724b0", "0x101973a90", "0x1019724b0", "0x101973a90", "0x101972438", "0x101973a90", "0x101972438", "0x101973a90", "0x1019723c0", "0x101973a90", "0x1019723c0", "0x101973a90", "0x1019723c0", "0x101973a90", "0x101972320", "0x101973a90", "0x1019722d0", "0x101973a90", "0x1019722d0", "0x101973a90", "0x101972258", "0x101973a90", "0x101972258", "0x101973a90", "0x1019721e0", "0x101973a90", "0x1019721e0", "0x101973a90", "0x101972168", "0x101973a90", "0x101972168", "0x101973a90", "0x1019720f0", "0x101973a90", "0x1019720f0", "0x101973a90", "0x101972078", "0x101973a90", "0x101972078", "0x101973a90", "0x101972000", "0x101973a90", "0x101972000", "0x101973a90", "0x101971f88", "0x101973a90", "0x101971f88", "0x101973a90", "0x101971f10", "0x101973a90", "0x101971f10", "0x101973a90", "0x101971e98", "0x101973a90", "0x101971e98", "0x101973a90", "0x101971e20", "0x101973a90", "0x101973888", "0x101973a90", "0x101973888", "0x101973a90", "0x101971d80", "0x101973a90", "0x101971d30", "0x101973a90", "0x101971d30", "0x101973a90", "0x101971cb8", "0x101973a90", "0x101971cb8", "0x101973a90", "0x1019bc6c8", "0x101973a90", "0x1019bc6c8", "0x101973a90", "0x101971c40", "0x101973a90", "0x101971c40", "0x101973a90", "0x101971c40", "0x101973a90", "0x101971ba0", "0x101973a90", "0x101971b50", "0x101973a90", "0x101971b50", "0x101973a90", "0x101973658", "0x101973a90", "0x101973658", "0x101973a90", "0x101973608", "0x101973a90", "0x101973608", "0x101973a90", "0x101971a38", "0x101973a90", "0x101971a38", "0x101973a90", "0x101971a38", "0x101973a90", "0x101971a38", "0x101973a90", "0x101971970", "0x101973a90", "0x101973568", "0x101973a90", "0x1019718f8", "0x101973a90", "0x1019718f8", "0x101973a90", "0x101971880", "0x101973a90", "0x101971880", "0x101973a90", "0x101971808", "0x101973a90", "0x1019717b8", "0x101973a90", "0x101973518", "0x101973a90", "0x1019734c8", "0x101973a90", "0x101973478", "0x101973a90", "0x101973428", "0x101973a90", "0x1019733d8", "0x101973a90", "0x101973388", "0x101973a90", "0x101971678", "0x101973a90", "0x101971678", "0x101973a90", "0x101971678", "0x101973a90", "0x101973338", "0x101973a90", "0x1019732e8", "0x101973a90", "0x101971588", "0x101973a90", "0x101971588", "0x101973a90", "0x1039f2aa0", "0x1039f2960", "0x1039f2820", "0x101971588", "0x101973a90", "0x101973298", "0x101973a90", "0x1039f26e0", "0x1019731f8", "0x101973a90", "0x101971470", "0x101973a90", "0x101973248", "0x101973a90", "0x101971420", "0x101973a90", "0x101971420", "0x101973a90", "0x101971420", "0x101973a90", "0x101973158", "0x101973a90", "0x101973108", "0x101973a90", "0x1019731a8", "0x101973a90", "0x101973068", "0x101973a90", "0x1019712b8", "0x101973a90", "0x1019730b8", "0x101973a90", "0x1019712b8", "0x101973a90", "0x1019712b8", "0x101973a90", "0x1019712b8", "0x101973a90", "0x1019bc808", "0x101973a90", "0x1019711a0", "0x101973a90", "0x1019bc808", "0x101973a90", "0x1019bc830", "0x101973a90", "0x1019bc6f0", "0x101973a90", "0x1019711a0", "0x101973a90", "0x1019bc6f0", "0x101973a90", "0x1019bc740", "0x101973a90", "0x1019bc6f0", "0x101973a90", "0x1019bc7e0", "0x101973a90", "0x1019bc790", "0x101973a90", "0x1019bc718", "0x101973a90", "0x1019bc6a0", "0x101973a90", "0x1019bc6a0", "0x101973a90", "0x1019bc768", "0x101973a90", "0x1019bc6a0", "0x101973a90", "0x1019bc6a0", "0x101973a90", "0x1019bc6a0", "0x101973a90", "0x101972de8", "0x101973a90", "0x101972d70", "0x101973a90", "0x101972e60", "0x101973a90", "0x101972c80", "0x101973a90", "0x101972c08", "0x101973a90", "0x101972cf8", "0x101973a90", "0x101970e08", "0x101973a90", "0x101970d90", "0x101973a90", "0x101970e08", "0x101973a90", "0x101970d18", "0x101973a90", "0x101970cc8", "0x101973a90", "0x101970d90", "0x101973a90", "0x101970c50", "0x101973a90", "0x101970c50", "0x101973a90", "0x101970c78", "0x101973a90", "0x101970c28", "0x101973a90", "0x101970bb0", "0x101973a90", "0x101970c28", "0x101973a90", "0x101970bb0", "0x101973a90"], "memsize":9208, "flags":{"wb_protected":true}}
{"address":"0x1039ff0c0", "type":"CLASS", "slot_size":160, "class":"0x1039ffa20", "superclass":"0x1039ffe80", "real_class_name":"Object", "singleton":true, "references":["0x1039ffe80", "0x1019bcdf8", "0x101991bd0", "0x1019b6818", "0x1019b67f0", "0x1019b67c8", "0x1019b66b0", "0x1019b6688", "0x1019bcdd0", "0x1019574a8", "0x101957480", "0x1019bce20"], "memsize":872, "flags":{"wb_protected":true}}
{"address":"0x1039ff160", "type":"CLASS", "slot_size":160, "class":"0x1039ffb60", "superclass":"0x1039ffa20", "real_class_name":"Class", "singleton":true, "references":["0x1039ffa20", "0x1019bce48", "0x1039ff200"], "memsize":552, "flags":{"wb_protected":true}}
{"address":"0x1039ff200", "type":"CLASS", "slot_size":160, "class":"0x1039ff160", "superclass":"0x1039ffe80", "name":"FalseClass", "references":["0x1039ffe80", "0x1019bcf38", "0x1019bce70", "0x1019bcec0", "0x1019bcf10", "0x1019bcee8", "0x1019bce98", "0x10197f480", "0x10197bdf8", "0x10197f4d0", "0x1019bcf88"], "memsize":776, "flags":{"wb_protected":true}}
{"address":"0x1039ff2a0", "type":"CLASS", "slot_size":160, "class":"0x1039ffb60", "superclass":"0x1039ffa20", "real_class_name":"Class", "singleton":true, "references":["0x1039ffa20", "0x1019bcfb0", "0x1039ff340"], "memsize":552, "flags":{"wb_protected":true}}
{"address":"0x1039ff340", "type":"CLASS", "slot_size":160, "class":"0x1039ff2a0", "superclass":"0x1039ffe80", "name":"TrueClass", "references":["0x1039ffe80", "0x1019bd0a0", "0x1019bcfd8", "0x1019bd028", "0x1019bd078", "0x1019bd050", "0x1019bd000", "0x1019bd0f0"], "memsize":616, "flags":{"wb_protected":true}}
{"address":"0x1039ff3e0", "type":"CLASS", "slot_size":160, "class":"0x1039ff520", "superclass":"0x1039ffb60", "real_class_name":"Class", "singleton":true, "references":["0x1039ffb60", "0x1039ff980"], "memsize":488, "flags":{"wb_protected":true}}
{"address":"0x1039ff480", "type":"CLASS", "slot_size":160, "class":"0x1039ff520", "superclass":"0x1039ff3e0", "real_class_name":"Class", "singleton":true, "references":["0x1039ff3e0", "0x1039ffa20"], "memsize":488, "flags":{"wb_protected":true}}
{"address":"0x1039ff520", "type":"CLASS", "slot_size":160, "class":"0x1039ff520", "superclass":"0x1039ff5c0", "real_class_name":"Class", "singleton":true, "references":["0x1039ff5c0", "0x1039ffb60"], "memsize":488, "flags":{"wb_protected":true}}
{"address":"0x1039ff5c0", "type":"CLASS", "slot_size":160, "class":"0x1039ff520", "superclass":"0x1039ff480", "real_class_name":"Class", "singleton":true, "references":["0x1039ff480", "0x1039ffac0"], "memsize":488, "flags":{"wb_protected":true}}
{"address":"0x1039ff660", "type":"CLASS", "slot_size":160, "class":"0x1039ffb60", "superclass":"0x1039ffa20", "real_class_name":"Class", "singleton":true, "references":["0x1039ffa20", "0x1019bdbe0", "0x1019be770", "0x101958830", "0x1039ff700"], "memsize":680, "flags":{"wb_protected":true}}
{"address":"0x1039ff700", "type":"CLASS", "slot_size":160, "class":"0x1039ff660", "superclass":"0x1039ffe80", "name":"NilClass", "references":["0x1039ffe80", "0x1019bdcd0", "0x101974698", "0x1019bdc58", "0x1019bdd20", "0x1019bdd98", "0x1019bddc0", "0x101958858", "0x1019bdcf8", "0x101975638", "0x101975610", "0x101958808", "0x1019bdc30", "0x1019bdd48", "0x1019bdca8", "0x1019bdc80", "0x1019bea18", "0x1019556a8", "0x1019bdc58", "0x1019556d0", "0x1019bde10"], "memsize":1168, "flags":{"wb_protected":true}}
{"address":"0x1039ff7a0", "type":"CLASS", "slot_size":160, "class":"0x1039ffac0", "superclass":"0x1039ffde0", "real_class_name":"Module", "singleton":true, "references":["0x1039ffde0", "0x10199bb80", "0x10199bab8", "0x1019751d8", "0x101979418", "0x101979300", "0x101959028", "0x10197b9c0", "0x10197b970", "0x1019be090", "0x1019be018", "0x1019bdfa0", "0x1019bdf28", "0x1019bdeb0", "0x1019bde38", "0x1019b7240", "0x101973f90", "0x101979580", "0x101979378", "0x101959ca8", "0x101997440", "0x1019b7920", "0x1019b78a8", "0x1019b7858", "0x1019b77e0", "0x1019b7768", "0x1019b76f0", "0x10199bce8", "0x1019926c0", "0x101992670", "0x1019b7290", "0x1019b71c8", "0x1019b7150", "0x1019b70d8", "0x1019b7060", "0x1019b6fe8", "0x1019793c8", "0x101993930", "0x101993980", "0x101993368", "0x10199bc20", "0x10199bb30", "0x101992f30", "0x101992eb8", "0x1019b65c0", "0x1019b6548", "0x101992d78", "0x101992e68", "0x1019b63b8", "0x101992d28", "0x1019919c8", "0x101975de0", "0x1019795d0", "0x101979508", "0x101979490", "0x10199bf90", "0x10199bf18", "0x10199bea0", "0x10199be28", "0x10199bdb0", "0x10199bd38", "0x10199bc70", "0x1019b69d0", "0x101957f70", "0x1019b69a8", "0x101959d20", "0x1019be770", "0x101959cd0", "0x1019be950", "0x101959c80", "0x1039ff8e0"], "memsize":2848, "flags":{"wb_protected":true}}
{"address":"0x1039ff840", "type":"ICLASS", "slot_size":160, "class":"0x1039ff8e0", "superclass":"0x1039fff20", "references":["0x1039fff20", "0x10197f480", "0x1019574a8", "0x10197f4d0"], "memsize":160, "flags":{"wb_protected":true}}
{"address":"0x1039ff8e0", "type":"MODULE", "slot_size":160, "class":"0x1039ff7a0", "name":"Kernel", "references":["0x1019be608", "0x1019be590", "0x1019be540", "0x1019be4f0", "0x1019be3b0", "0x1019be388", "0x1019be360", "0x1019be310", "0x1019be2c0", "0x1019be298", "0x1019be270", "0x1019be248", "0x1019be220", "0x1019be1f8", "0x1019be1a8", "0x1019be158", "0x1019be108", "0x1019be0b8", "0x1019be040", "0x1019bdfc8", "0x1019bdf50", "0x1019bded8", "0x1019bde60", "0x10199ba68", "0x1019b7268", "0x101973fb8", "0x10197b9e8", "0x10199bba8", "0x10199bae0", "0x1019795a8", "0x10197b998", "0x1019793a0", "0x101975200", "0x101959cf8", "0x1019b7948", "0x1019b78d0", "0x1019b7880", "0x1019b7808", "0x1019b7790", "0x1019b7718", "0x1019b72b8", "0x1019b71f0", "0x1019b7178", "0x1019b7100", "0x1019b7088", "0x1019b7010", "0x1019793f0", "0x1019b6e80", "0x101993958", "0x101959140", "0x1019939a8", "0x1019590f0", "0x1019590c8", "0x1019590a0", "0x101959078", "0x101957f98", "0x101993390", "0x10199bc48", "0x10199bb58", "0x101992f58", "0x1019b6638", "0x1019b65e8", "0x1019b6570", "0x101992ee0", "0x101992e90", "0x1019b63e0", "0x101992d50", "0x101992da0", "0x1019919f0", "0x101959118", "0x1019795f8", "0x101979530", "0x1019794b8", "0x101979440", "0x1019920d0", "0x101992080", "0x101992058", "0x101979328", "0x101991bf8", "0x101959050", "0x1019be5e0", "0x1019be6a8", "0x1019be680", "0x1019be6d0", "0x1019be658", "0x1019b6bd8", "0x1019b6bb0", "0x1019be450", "0x1019be400", "0x101997468", "0x101990690", "0x10199bd10", "0x1019926e8", "0x101992698", "0x1019b6ed0", "0x1019be4c8", "0x1019be478", "0x1019be4a0", "0x10197ff98", "0x101990028", "0x1019be428", "0x101975e08", "0x10199bfb8", "0x10199bf40", "0x10199bec8", "0x10199be50", "0x10199bdd8", "0x10199bd60", "0x10199bc98", "0x1019be8d8"], "memsize":4608, "flags":{"wb_protected":true}}
{"address":"0x1039ff980", "type":"CLASS", "slot_size":160, "class":"0x1039ff3e0", "superclass":"0x1039ffd40", "real_class_name":"Class", "singleton":true, "references":["0x1039ffd40", "0x1019be888", "0x10197e4e0", "0x1039fff20"], "memsize":616, "flags":{"wb_protected":true}}
{"address":"0x1039ffa20", "type":"CLASS", "slot_size":160, "class":"0x1039ff480", "superclass":"0x1039ff980", "real_class_name":"Class", "singleton":true, "references":["0x1039ff980", "0x1019be888", "0x1019bdde8", "0x1019be748", "0x101973b80", "0x1039ffe80"], "memsize":656, "flags":{"wb_protected":true}}
{"address":"0x1039ffac0", "type":"CLASS", "slot_size":160, "class":"0x1039ff5c0", "superclass":"0x1039ffa20", "real_class_name":"Class", "singleton":true, "references":["0x1039ffa20", "0x1019bd7a8", "0x1019b6700", "0x1019b66d8", "0x1019b74c0", "0x1019b7498", "0x1019b69d0", "0x1019559a0", "0x1039ffde0"], "memsize":744, "flags":{"wb_protected":true}}
{"address":"0x1039ffb60", "type":"CLASS", "slot_size":160, "class":"0x1039ff520", "superclass":"0x1039ffac0", "real_class_name":"Class", "singleton":true, "references":["0x1039ffac0", "0x1019bd2f8", "0x1039ffd40"], "memsize":552, "flags":{"wb_protected":true}}
{"address":"0x1039ffc00", "type":"CLASS", "slot_size":160, "class":"0x1039ffb60", "superclass":"0x1039ffac0", "real_class_name":"Class", "singleton":true, "references":["0x1039ffac0", "0x1039ffca0"], "memsize":488, "flags":{"wb_protected":true}}
{"address":"0x1039ffca0", "type":"CLASS", "slot_size":160, "class":"0x1039ffc00", "superclass":"0x1039ffde0", "name":"Refinement", "references":["0x1039ffde0", "0x1019b7420", "0x1019b73d0", "0x1019b7380", "0x1019b73a8", "0x1019b7358", "0x1019bea68"], "memsize":616, "flags":{"wb_protected":true}}
{"address":"0x1039ffd40", "type":"CLASS", "slot_size":160, "class":"0x1039ffb60", "superclass":"0x1039ffde0", "name":"Class", "references":["0x1039ffde0", "0x1019bd2d0", "0x1019b7308", "0x1019bd280", "0x1019bd230", "0x1019bd1e0", "0x1019bd190", "0x1019bd140", "0x1019bd2a8", "0x1019bd118", "0x1019b7470", "0x1019be888", "0x1019bea90"], "memsize":744, "flags":{"wb_protected":true}}
{"address":"0x1039ffde0", "type":"CLASS", "slot_size":160, "class":"0x1039ffac0", "superclass":"0x1039ffe80", "name":"Module", "references":["0x1039ffe80", "0x101991c98", "0x101991c70", "0x101991c20", "0x1019bdb40", "0x1019bdaf0", "0x1019bdaa0", "0x1019bdb68", "0x1019bdb90", "0x1019bda00", "0x1019bd9b0", "0x1019bd938", "0x1019bd8e8", "0x1019bd898", "0x1019bd848", "0x1019bd7f8", "0x1019bd730", "0x1019bd708", "0x1019bd6e0", "0x1019bd6b8", "0x1019bd668", "0x1019bd618", "0x1019bd5c8", "0x1019bd578", "0x1019bd550", "0x1019bd500", "0x1019bdbb8", "0x1019bda28", "0x1019bd460", "0x1019bd488", "0x1019be748", "0x1019bd4d8", "0x1019bd410", "0x1019be770", "0x1019bd438", "0x1019be720", "0x1019bd3e8", "0x1019be6f8", "0x1019bd370", "0x1019bd348", "0x1019bd320", "0x1019bd398", "0x1019bdb18", "0x1019b76a0", "0x1019bdac8", "0x1019b7600", "0x1019b7678", "0x1019b7628", "0x1019b7650", "0x1019b7510", "0x1019bd780", "0x1019bda78", "0x1019bd758", "0x1019b69a8", "0x1019b75b0", "0x1019b7560", "0x1019b6e30", "0x1019b6de0", "0x1019b6d90", "0x1019b6d40", "0x1019bda50", "0x1019b6b60", "0x1019b6b10", "0x1019b6ac0", "0x1019b6a70", "0x1019b6a20", "0x1019b69d0", "0x1019b6958", "0x1019b6908", "0x1019b68e0", "0x1019b68b8", "0x1019b6890", "0x1019b6868", "0x1019b6840", "0x1019bd988", "0x101992e18", "0x101992dc8", "0x1019be838", "0x1019be7e8", "0x1019be798", "0x1019beab8"], "memsize":2536, "flags":{"wb_protected":true}}
{"address":"0x1039ffe80", "type":"CLASS", "slot_size":160, "class":"0x1039ffa20", "superclass":"0x1039ff840", "name":"Object", "references":["0x1039ff840", "0x1019beae0", "0x1039fe800", "0x1039f2000", "0x1039fe6c0", "0x1039fe580", "0x1039fe440", "0x1039fe300", "0x1039fe1c0", "0x1039fe080", "0x1039fdf40", "0x1039fde00", "0x1019742b0", "0x10197be98", "0x101974260", "0x10197be98", "0x1039fdcc0", "0x1039fdb80", "0x1039fda40", "0x1039fd900", "0x1039feda0", "0x1039f3540", "0x1039fd720", "0x1039ff700", "0x1039fd5e0", "0x1039fd360", "0x101974170", "0x10197be98", "0x10197bd08", "0x10197be98", "0x1039fd220", "0x1039fd0e0", "0x1039fcfa0", "0x1039fce60", "0x1039fcd20", "0x1019742b0", "0x101974080", "0x1039fcaa0", "0x1039fc960", "0x1019741c0", "0x10197be98", "0x1039fc820", "0x101974120", "0x10197be98", "0x1039fc6e0", "0x1039fc640", "0x1039f05c0", "0x10197be98", "0x1039f3360", "0x101999628", "0x101974080", "0x1039fbd80", "0x1039f07a0", "0x101974238", "0x10197be98", "0x101973b58", "0x103a1af00", "0x103a1b360", "0x101974080", "0x1039ff340", "0x1039ff200", "0x1039ff020", "0x103a1cc60", "0x10197be98", "0x103a1cb20", "0x10197be98", "0x103a1c9e0", "0x10197be98", "0x103a1c8a0", "0x10197be98", "0x103a1c760", "0x10197be98", "0x1039feee0", "0x10199a168", "0x10199a118", "0x1039fee40", "0x1039fc320", "0x10199a0c8", "0x103a1c4e0", "0x10197be98", "0x103a1c620", "0x10197be98", "0x1039f00c0", "0x103a1fc80", "0x101999678", "0x1039f1420", "0x1039f1380", "0x103a1faa0", "0x1039fc1e0", "0x1039fc0a0", "0x1039fbf60", "0x103a1f960", "0x103a1f820", "0x103a1f6e0", "0x103a1c3a0", "0x10197be98", "0x103a1f5a0", "0x10199ed30", "0x1039f3040", "0x103a1f460", "0x1039fbc40", "0x1039f2e60", "0x103a1f320", "0x1039f2d20", "0x1039f2be0", "0x103a1f0a0", "0x103a1eec0", "0x103a1eb00", "0x1039f25a0", "0x103a1e7e0", "0x103a1bae0", "0x10197be98", "0x103a1b9a0", "0x10197be98", "0x103a1dfc0", "0x1039f2460", "0x1039febc0", "0x103a1b860", "0x10197be98", "0x1039f2280", "0x1039f2140", "0x1039fff20", "0x1039ffe80", "0x1039ffde0", "0x1039ffd40", "0x1039ffca0", "0x1039feb20", "0x1039ff8e0", "0x1039fe940", "0x103a1b5e0", "0x10197be98", "0x103a1d200", "0x103a1d5c0"], "memsize":4608, "flags":{"wb_protected":true}}
{"address":"0x1039fff20", "type":"CLASS", "slot_size":160, "class":"0x1039ff980", "name":"BasicObject", "references":["0x1019be9a0", "0x1019b6ef8", "0x1019bea40", "0x1019b6f98", "0x1019b6f48", "0x1019bea18", "0x1019be978", "0x1019b6f20", "0x1019be950", "0x1019be928", "0x1019be900", "0x1019be9c8", "0x1019906b8", "0x1019beb08", "0x1039fff20"], "memsize":1088, "flags":{"wb_protected":true}}
{"address":"0x103a17da0", "type":"CLASS", "slot_size":160, "class":"0x1039ffb60", "superclass":"0x1039ffa20", "real_class_name":"Class", "singleton":true, "references":["0x1039ffa20", "0x1019be770", "0x101955f40", "0x103a17e40"], "memsize":616, "flags":{"wb_protected":true}}
{"address":"0x103a17e40", "type":"CLASS", "slot_size":160, "class":"0x103a17da0", "superclass":"0x1039ffe80", "name":"ObjectSpace::InternalObjectWrapper", "references":["0x1039ffe80", "0x101955f18", "0x101955f68", "0x101955ef0", "0x1039d83f8"], "memsize":552, "flags":{"wb_protected":true}}
{"address":"0x103a17ee0", "type":"STRING", "slot_size":160, "class":"0x1039feda0", "embedded":true, "bytesize":83, "value":"/Users/jemmaissroff/src/github.com/Shopify/ruby/.ext/arm64-darwin21/objspace.bundle", "encoding":"UTF-8", "memsize":160, "flags":{"wb_protected":true}}
{"address":"0x103a17f80", "type":"STRING", "slot_size":160, "class":"0x1039feda0", "frozen":true, "embedded":true, "bytesize":20, "value":"<module:ObjectSpace>", "memsize":160, "flags":{"wb_protected":true}}
{"address":"0x103a18020", "type":"STRING", "slot_size":160, "class":"0x1039feda0", "embedded":true, "bytesize":71, "value":"/Users/jemmaissroff/src/github.com/Shopify/ruby/.ext/common/objspace.rb", "encoding":"UTF-8", "memsize":160, "flags":{"wb_protected":true}}
{"address":"0x103a180c0", "type":"STRING", "slot_size":160, "class":"0x1039feda0", "embedded":true, "bytesize":68, "value":"      raise ArgumentError, \"wrong output option: #{output.inspect}\"\n", "encoding":"UTF-8", "memsize":160, "flags":{"wb_protected":true}}
{"address":"0x103a18160", "type":"STRING", "slot_size":160, "class":"0x1039feda0", "embedded":true, "bytesize":65, "value":"  #  not guaranteed to be compatible in future versions of ruby.\n", "encoding":"UTF-8", "memsize":160, "flags":{"wb_protected":true}}
{"address":"0x103a18200", "type":"STRING", "slot_size":160, "class":"0x1039feda0", "embedded":true, "bytesize":65, "value":"  #  In particular, the function signature and output format are\n", "encoding":"UTF-8", "memsize":160, "flags":{"wb_protected":true}}
{"address":"0x103a182a0", "type":"STRING", "slot_size":160, "class":"0x1039feda0", "embedded":true, "bytesize":62, "value":"  #  This is an experimental method and is subject to change.\n", "encoding":"UTF-8", "memsize":160, "flags":{"wb_protected":true}}
{"address":"0x103a18340", "type":"STRING", "slot_size":160, "class":"0x1039feda0", "embedded":true, "bytesize":64, "value":"  #  If _since_ is omitted or is +nil+, all objects are dumped.\n", "encoding":"UTF-8", "memsize":160, "flags":{"wb_protected":true}}
{"address":"0x103a183e0", "type":"STRING", "slot_size":160, "class":"0x1039feda0", "embedded":true, "bytesize":74, "value":"  #  are ignored. See ::trace_object_allocations for more information and\n", "encoding":"UTF-8", "memsize":160, "flags":{"wb_protected":true}}
{"address":"0x103a18480", "type":"STRING", "slot_size":160, "class":"0x1039feda0", "embedded":true, "bytesize":75, "value":"  #  Objects that were allocated without object allocation tracing enabled\n", "encoding":"UTF-8", "memsize":160, "flags":{"wb_protected":true}}
{"address":"0x103a18520", "type":"STRING", "slot_size":160, "class":"0x1039feda0", "embedded":true, "bytesize":80, "value":"  #  newer generations are dumped. The current generation can be accessed using\n", "encoding":"UTF-8", "memsize":160, "flags":{"wb_protected":true}}
{"address":"0x103a185c0", "type":"STRING", "slot_size":160, "class":"0x1039feda0", "embedded":true, "bytesize":75, "value":"  #  If _since_ is a positive integer, only objects of that generation and\n", "encoding":"UTF-8", "memsize":160, "flags":{"wb_protected":true}}
{"address":"0x103a18660", "type":"STRING", "slot_size":160, "class":"0x1039feda0", "embedded":true, "bytesize":70, "value":"  #      since: 42)                          # => \"{...}\\n{...}\\n...\"\n", "encoding":"UTF-8", "memsize":160, "flags":{"wb_protected":true}}
{"address":"0x103a18700", "type":"STRING", "slot_size":160, "class":"0x1039feda0", "embedded":true, "bytesize":68, "value":"  #      File.open('heap.json','w'))         # => #<File:heap.json>\n", "encoding":"UTF-8", "memsize":160, "flags":{"wb_protected":true}}
{"address":"0x103a187a0", "type":"STRING", "slot_size":160, "class":"0x1039feda0", "embedded":true, "bytesize":70, "value":"  #    ObjectSpace.dump_all(output: :string) # => \"{...}\\n{...}\\n...\"\n", "encoding":"UTF-8", "memsize":160, "flags":{"wb_protected":true}}
{"address":"0x103a18840", "type":"STRING", "slot_size":160, "class":"0x1039feda0", "embedded":true, "bytesize":98, "value":"  #    ObjectSpace.dump_all([output: :file]) # => #<File:/tmp/rubyheap20131125-88469-laoj3v.json>\n", "encoding":"UTF-8", "memsize":160, "flags":{"wb_protected":true}}
{"address":"0x103a188e0", "type":"STRING", "slot_size":160, "class":"0x1039feda0", "embedded":true, "bytesize":68, "value":"      raise ArgumentError, \"wrong output option: #{output.inspect}\"\n", "encoding":"UTF-8", "memsize":160, "flags":{"wb_protected":true}}
{"address":"0x103a18980", "type":"STRING", "slot_size":160, "class":"0x1039feda0", "embedded":true, "bytesize":64, "value":"  # not guaranteed to be compatible in future versions of ruby.\n", "encoding":"UTF-8", "memsize":160, "flags":{"wb_protected":true}}
{"address":"0x103a18a20", "type":"STRING", "slot_size":160, "class":"0x1039feda0", "embedded":true, "bytesize":64, "value":"  # In particular, the function signature and output format are\n", "encoding":"UTF-8", "memsize":160, "flags":{"wb_protected":true}}
{"address":"0x103a18ac0", "type":"STRING", "slot_size":160, "class":"0x1039feda0", "embedded":true, "bytesize":61, "value":"  # This is an experimental method and is subject to change.\n", "encoding":"UTF-8", "memsize":160, "flags":{"wb_protected":true}}
{"address":"0x103a18b60", "type":"STRING", "slot_size":160, "class":"0x1039feda0", "embedded":true, "bytesize":56, "value":"  #   ObjectSpace.dump(obj, output: :stdout)   # => nil\n", "encoding":"UTF-8", "memsize":160, "flags":{"wb_protected":true}}
{"address":"0x103a18c00", "type":"STRING", "slot_size":160, "class":"0x1039feda0", "embedded":true, "bytesize":100, "value":"  #   ObjectSpace.dump(obj, output: :file)     # => #<File:/tmp/rubyobj20131125-88733-1xkfmpv.json>\n", "encoding":"UTF-8", "memsize":160, "flags":{"wb_protected":true}}
{"address":"0x103a18ca0", "type":"STRING", "slot_size":160, "class":"0x1039feda0", "embedded":true, "bytesize":62, "value":"  #   ObjectSpace.dump(obj[, output: :string]) # => \"{ ... }\"\n", "encoding":"UTF-8", "memsize":160, "flags":{"wb_protected":true}}
{"address":"0x103a18d40", "type":"STRING", "slot_size":160, "class":"0x1039feda0", "frozen":true, "embedded":true, "bytesize":71, "value":"/Users/jemmaissroff/src/github.com/Shopify/ruby/.ext/common/objspace.rb", "memsize":160, "flags":{"wb_protected":true}}
{"address":"0x103a18de0", "type":"STRING", "slot_size":160, "class":"0x1039feda0", "embedded":true, "bytesize":71, "value":"/Users/jemmaissroff/src/github.com/Shopify/ruby/.ext/common/objspace.rb", "encoding":"UTF-8", "memsize":160, "flags":{"wb_protected":true}}
{"address":"0x103a18e80", "type":"STRING", "slot_size":160, "class":"0x1039feda0", "embedded":true, "bytesize":15, "value":"block in <main>", "memsize":160, "flags":{"wb_protected":true}}
{"address":"0x103a18f20", "type":"STRING", "slot_size":160, "class":"0x1039feda0", "frozen":true, "embedded":true, "fstring":true, "bytesize":59, "value":"timezone argument given as positional and keyword arguments", "encoding":"UTF-8", "memsize":160, "flags":{"wb_protected":true}}
{"address":"0x103a18fc0", "type":"CLASS", "slot_size":160, "class":"0x1039ff520", "superclass":"0x1039ff480", "real_class_name":"Class", "singleton":true, "references":["0x1039ff480", "0x103a1b2c0"], "memsize":488, "flags":{"wb_protected":true}}
{"address":"0x103a19060", "type":"CLASS", "slot_size":160, "class":"0x1039ffac0", "superclass":"0x1039ffde0", "real_class_name":"Module", "singleton":true, "references":["0x1039ffde0", "0x10195b8a0", "0x10195b918", "0x10195b8c8", "0x1019be950", "0x10195b8f0", "0x103a1b220"], "memsize":680, "flags":{"wb_protected":true}}
{"address":"0x103a19100", "type":"CLASS", "slot_size":160, "class":"0x1039ff520", "superclass":"0x1039ff480", "real_class_name":"Class", "singleton":true, "references":["0x1039ff480", "0x1039f0700"], "memsize":488, "flags":{"wb_protected":true}}
{"address":"0x103a191a0", "type":"STRING", "slot_size":160, "class":"0x1039feda0", "embedded":true, "bytesize":7, "value":"@ractor", "memsize":160, "flags":{"wb_protected":true}}
{"address":"0x103a19240", "type":"CLASS", "slot_size":160, "class":"0x1039ff520", "superclass":"0x1039ff480", "real_class_name":"Class", "singleton":true, "references":["0x1039ff480", "0x103a1df20"], "memsize":488, "flags":{"wb_protected":true}}
{"address":"0x103a192e0", "type":"STRING", "slot_size":160, "class":"0x1039feda0", "frozen":true, "embedded":true, "fstring":true, "bytesize":92, "value":"/Users/jemmaissroff/src/github.com/Shopify/ruby/.ext/arm64-darwin21/enc/trans/transdb.bundle", "encoding":"UTF-8", "memsize":160, "flags":{"wb_protected":true}}
{"address":"0x103a19380", "type":"STRING", "slot_size":160, "class":"0x1039feda0", "frozen":true, "embedded":true, "fstring":true, "bytesize":84, "value":"/Users/jemmaissroff/src/github.com/Shopify/ruby/.ext/arm64-darwin21/enc/encdb.bundle", "encoding":"UTF-8", "memsize":160, "flags":{"wb_protected":true}}
{"address":"0x103a19420", "type":"STRING", "slot_size":160, "class":"0x1039feda0", "embedded":true, "bytesize":68, "value":"/Users/jemmaissroff/.rubies/ruby-trunk/lib/ruby/3.2.0/arm64-darwin21", "encoding":"UTF-8", "references":["0x103a19420"], "memsize":176, "flags":{"wb_protected":true}}
{"address":"0x103a194c0", "type":"STRING", "slot_size":160, "class":"0x1039feda0", "embedded":true, "bytesize":59, "value":"/Users/jemmaissroff/.rubies/ruby-trunk/lib/ruby/vendor_ruby", "encoding":"UTF-8", "references":["0x103a194c0"], "memsize":176, "flags":{"wb_protected":true}}
{"address":"0x103a19560", "type":"STRING", "slot_size":160, "class":"0x1039feda0", "embedded":true, "bytesize":80, "value":"/Users/jemmaissroff/.rubies/ruby-trunk/lib/ruby/vendor_ruby/3.2.0/arm64-darwin21", "encoding":"UTF-8", "references":["0x103a19560"], "memsize":176, "flags":{"wb_protected":true}}
{"address":"0x103a19600", "type":"STRING", "slot_size":160, "class":"0x1039feda0", "embedded":true, "bytesize":65, "value":"/Users/jemmaissroff/.rubies/ruby-trunk/lib/ruby/vendor_ruby/3.2.0", "encoding":"UTF-8", "references":["0x103a19600"], "memsize":176, "flags":{"wb_protected":true}}
{"address":"0x103a196a0", "type":"STRING", "slot_size":160, "class":"0x1039feda0", "embedded":true, "bytesize":57, "value":"/Users/jemmaissroff/.rubies/ruby-trunk/lib/ruby/site_ruby", "encoding":"UTF-8", "references":["0x103a196a0"], "memsize":176, "flags":{"wb_protected":true}}
{"address":"0x103a19740", "type":"STRING", "slot_size":160, "class":"0x1039feda0", "embedded":true, "bytesize":78, "value":"/Users/jemmaissroff/.rubies/ruby-trunk/lib/ruby/site_ruby/3.2.0/arm64-darwin21", "encoding":"UTF-8", "references":["0x103a19740"], "memsize":176, "flags":{"wb_protected":true}}
{"address":"0x103a197e0", "type":"STRING", "slot_size":160, "class":"0x1039feda0", "embedded":true, "bytesize":63, "value":"/Users/jemmaissroff/.rubies/ruby-trunk/lib/ruby/site_ruby/3.2.0", "encoding":"UTF-8", "references":["0x103a197e0"], "memsize":176, "flags":{"wb_protected":true}}
{"address":"0x103a19880", "type":"STRING", "slot_size":160, "class":"0x1039feda0", "frozen":true, "embedded":true, "fstring":true, "bytesize":67, "value":"/Users/jemmaissroff/src/github.com/Shopify/ruby/.ext/arm64-darwin21", "encoding":"UTF-8", "memsize":160, "flags":{"wb_protected":true}}
{"address":"0x103a19920", "type":"STRING", "slot_size":160, "class":"0x1039feda0", "frozen":true, "embedded":true, "fstring":true, "bytesize":59, "value":"/Users/jemmaissroff/src/github.com/Shopify/ruby/.ext/common", "encoding":"UTF-8", "memsize":160, "flags":{"wb_protected":true}}
{"address":"0x103a199c0", "type":"STRING", "slot_size":160, "class":"0x1039feda0", "embedded":true, "bytesize":92, "value":"/Users/jemmaissroff/src/github.com/Shopify/ruby/.ext/arm64-darwin21/enc/trans/transdb.bundle", "memsize":160, "flags":{"wb_protected":true}}
{"address":"0x103a19a60", "type":"STRING", "slot_size":160, "class":"0x1039feda0", "embedded":true, "bytesize":84, "value":"/Users/jemmaissroff/src/github.com/Shopify/ruby/.ext/arm64-darwin21/enc/encdb.bundle", "memsize":160, "flags":{"wb_protected":true}}
{"address":"0x103a19b00", "type":"STRING", "slot_size":160, "class":"0x1039feda0", "frozen":true, "embedded":true, "fstring":true, "bytesize":68, "value":"/Users/jemmaissroff/.rubies/ruby-trunk/lib/ruby/3.2.0/arm64-darwin21", "memsize":160, "flags":{"wb_protected":true}}
{"address":"0x103a19ba0", "type":"STRING", "slot_size":160, "class":"0x1039feda0", "embedded":true, "bytesize":68, "value":"/Users/jemmaissroff/.rubies/ruby-trunk/lib/ruby/3.2.0/arm64-darwin21", "memsize":160, "flags":{"wb_protected":true}}
{"address":"0x103a19c40", "type":"STRING", "slot_size":160, "class":"0x1039feda0", "frozen":true, "embedded":true, "fstring":true, "bytesize":59, "value":"/Users/jemmaissroff/.rubies/ruby-trunk/lib/ruby/vendor_ruby", "memsize":160, "flags":{"wb_protected":true}}
{"address":"0x103a19ce0", "type":"STRING", "slot_size":160, "class":"0x1039feda0", "embedded":true, "bytesize":59, "value":"/Users/jemmaissroff/.rubies/ruby-trunk/lib/ruby/vendor_ruby", "memsize":160, "flags":{"wb_protected":true}}
{"address":"0x103a19d80", "type":"STRING", "slot_size":160, "class":"0x1039feda0", "frozen":true, "embedded":true, "fstring":true, "bytesize":80, "value":"/Users/jemmaissroff/.rubies/ruby-trunk/lib/ruby/vendor_ruby/3.2.0/arm64-darwin21", "memsize":160, "flags":{"wb_protected":true}}
{"address":"0x103a19e20", "type":"STRING", "slot_size":160, "class":"0x1039feda0", "embedded":true, "bytesize":80, "value":"/Users/jemmaissroff/.rubies/ruby-trunk/lib/ruby/vendor_ruby/3.2.0/arm64-darwin21", "memsize":160, "flags":{"wb_protected":true}}
{"address":"0x103a19ec0", "type":"STRING", "slot_size":160, "class":"0x1039feda0", "frozen":true, "embedded":true, "fstring":true, "bytesize":65, "value":"/Users/jemmaissroff/.rubies/ruby-trunk/lib/ruby/vendor_ruby/3.2.0", "memsize":160, "flags":{"wb_protected":true}}
{"address":"0x103a19f60", "type":"STRING", "slot_size":160, "class":"0x1039feda0", "embedded":true, "bytesize":65, "value":"/Users/jemmaissroff/.rubies/ruby-trunk/lib/ruby/vendor_ruby/3.2.0", "memsize":160, "flags":{"wb_protected":true}}
{"address":"0x103a1a000", "type":"STRING", "slot_size":160, "class":"0x1039feda0", "frozen":true, "embedded":true, "fstring":true, "bytesize":57, "value":"/Users/jemmaissroff/.rubies/ruby-trunk/lib/ruby/site_ruby", "memsize":160, "flags":{"wb_protected":true}}
{"address":"0x103a1a0a0", "type":"STRING", "slot_size":160, "class":"0x1039feda0", "embedded":true, "bytesize":57, "value":"/Users/jemmaissroff/.rubies/ruby-trunk/lib/ruby/site_ruby", "memsize":160, "flags":{"wb_protected":true}}
{"address":"0x103a1a140", "type":"STRING", "slot_size":160, "class":"0x1039feda0", "frozen":true, "embedded":true, "fstring":true, "bytesize":78, "value":"/Users/jemmaissroff/.rubies/ruby-trunk/lib/ruby/site_ruby/3.2.0/arm64-darwin21", "memsize":160, "flags":{"wb_protected":true}}
{"address":"0x103a1a1e0", "type":"STRING", "slot_size":160, "class":"0x1039feda0", "embedded":true, "bytesize":78, "value":"/Users/jemmaissroff/.rubies/ruby-trunk/lib/ruby/site_ruby/3.2.0/arm64-darwin21", "memsize":160, "flags":{"wb_protected":true}}
{"address":"0x103a1a280", "type":"STRING", "slot_size":160, "class":"0x1039feda0", "frozen":true, "embedded":true, "fstring":true, "bytesize":63, "value":"/Users/jemmaissroff/.rubies/ruby-trunk/lib/ruby/site_ruby/3.2.0", "memsize":160, "flags":{"wb_protected":true}}
{"address":"0x103a1a320", "type":"STRING", "slot_size":160, "class":"0x1039feda0", "embedded":true, "bytesize":63, "value":"/Users/jemmaissroff/.rubies/ruby-trunk/lib/ruby/site_ruby/3.2.0", "memsize":160, "flags":{"wb_protected":true}}
{"address":"0x103a1a3c0", "type":"STRING", "slot_size":160, "class":"0x1039feda0", "embedded":true, "bytesize":67, "value":"/Users/jemmaissroff/src/github.com/Shopify/ruby/.ext/arm64-darwin21", "memsize":160, "flags":{"wb_protected":true}}
{"address":"0x103a1a460", "type":"STRING", "slot_size":160, "class":"0x1039feda0", "embedded":true, "bytesize":59, "value":"/Users/jemmaissroff/src/github.com/Shopify/ruby/.ext/common", "memsize":160, "flags":{"wb_protected":true}}
{"address":"0x103a1a500", "type":"STRING", "slot_size":160, "class":"0x1039feda0", "frozen":true, "embedded":true, "fstring":true, "bytesize":67, "value":"/Users/jemmaissroff/src/github.com/Shopify/ruby/.ext/arm64-darwin21", "memsize":160, "flags":{"wb_protected":true}}
{"address":"0x103a1a5a0", "type":"STRING", "slot_size":160, "class":"0x1039feda0", "embedded":true, "bytesize":67, "value":"/Users/jemmaissroff/src/github.com/Shopify/ruby/.ext/arm64-darwin21", "memsize":160, "flags":{"wb_protected":true}}
{"address":"0x103a1a640", "type":"STRING", "slot_size":160, "class":"0x1039feda0", "frozen":true, "embedded":true, "fstring":true, "bytesize":59, "value":"/Users/jemmaissroff/src/github.com/Shopify/ruby/.ext/common", "memsize":160, "flags":{"wb_protected":true}}
{"address":"0x103a1a6e0", "type":"STRING", "slot_size":160, "class":"0x1039feda0", "embedded":true, "bytesize":59, "value":"/Users/jemmaissroff/src/github.com/Shopify/ruby/.ext/common", "memsize":160, "flags":{"wb_protected":true}}
{"address":"0x103a1a780", "type":"STRING", "slot_size":160, "class":"0x1039feda0", "frozen":true, "embedded":true, "bytesize":68, "value":"/Users/jemmaissroff/.rubies/ruby-trunk/lib/ruby/3.2.0/arm64-darwin21", "references":["0x103a1a780"], "memsize":176, "flags":{"wb_protected":true}}
{"address":"0x103a1a820", "type":"STRING", "slot_size":160, "class":"0x1039feda0", "frozen":true, "embedded":true, "bytesize":59, "value":"/Users/jemmaissroff/.rubies/ruby-trunk/lib/ruby/vendor_ruby", "references":["0x103a1a820"], "memsize":176, "flags":{"wb_protected":true}}
{"address":"0x103a1a8c0", "type":"STRING", "slot_size":160, "class":"0x1039feda0", "frozen":true, "embedded":true, "bytesize":80, "value":"/Users/jemmaissroff/.rubies/ruby-trunk/lib/ruby/vendor_ruby/3.2.0/arm64-darwin21", "references":["0x103a1a8c0"], "memsize":176, "flags":{"wb_protected":true}}
{"address":"0x103a1a960", "type":"STRING", "slot_size":160, "class":"0x1039feda0", "frozen":true, "embedded":true, "bytesize":65, "value":"/Users/jemmaissroff/.rubies/ruby-trunk/lib/ruby/vendor_ruby/3.2.0", "references":["0x103a1a960"], "memsize":176, "flags":{"wb_protected":true}}
{"address":"0x103a1aa00", "type":"STRING", "slot_size":160, "class":"0x1039feda0", "frozen":true, "embedded":true, "bytesize":57, "value":"/Users/jemmaissroff/.rubies/ruby-trunk/lib/ruby/site_ruby", "references":["0x103a1aa00"], "memsize":176, "flags":{"wb_protected":true}}
{"address":"0x103a1aaa0", "type":"STRING", "slot_size":160, "class":"0x1039feda0", "frozen":true, "embedded":true, "bytesize":78, "value":"/Users/jemmaissroff/.rubies/ruby-trunk/lib/ruby/site_ruby/3.2.0/arm64-darwin21", "references":["0x103a1aaa0"], "memsize":176, "flags":{"wb_protected":true}}
{"address":"0x103a1ab40", "type":"STRING", "slot_size":160, "class":"0x1039feda0", "frozen":true, "embedded":true, "bytesize":63, "value":"/Users/jemmaissroff/.rubies/ruby-trunk/lib/ruby/site_ruby/3.2.0", "references":["0x103a1ab40"], "memsize":176, "flags":{"wb_protected":true}}
{"address":"0x103a1abe0", "type":"STRING", "slot_size":160, "class":"0x1039feda0", "frozen":true, "embedded":true, "bytesize":67, "value":"/Users/jemmaissroff/src/github.com/Shopify/ruby/.ext/arm64-darwin21", "memsize":160, "flags":{"wb_protected":true}}
{"address":"0x103a1ac80", "type":"STRING", "slot_size":160, "class":"0x1039feda0", "frozen":true, "embedded":true, "bytesize":59, "value":"/Users/jemmaissroff/src/github.com/Shopify/ruby/.ext/common", "memsize":160, "flags":{"wb_protected":true}}
{"address":"0x103a1ad20", "type":"STRING", "slot_size":160, "class":"0x1039feda0", "frozen":true, "embedded":true, "bytesize":67, "value":"/Users/jemmaissroff/src/github.com/Shopify/ruby/.ext/arm64-darwin21", "memsize":160, "flags":{"wb_protected":true}}
{"address":"0x103a1adc0", "type":"STRING", "slot_size":160, "class":"0x1039feda0", "frozen":true, "embedded":true, "bytesize":59, "value":"/Users/jemmaissroff/src/github.com/Shopify/ruby/.ext/common", "memsize":160, "flags":{"wb_protected":true}}
{"address":"0x103a1ae60", "type":"STRING", "slot_size":160, "class":"0x1039feda0", "frozen":true, "embedded":true, "bytesize":56, "value":"/Users/jemmaissroff/src/github.com/Shopify/ruby/exe/ruby", "memsize":160, "flags":{"wb_protected":true}}
{"address":"0x103a1af00", "type":"STRING", "slot_size":160, "class":"0x1039feda0", "frozen":true, "embedded":true, "fstring":true, "bytesize":56, "value":"/Users/jemmaissroff/src/github.com/Shopify/ruby/exe/ruby", "memsize":160, "flags":{"wb_protected":true}}
{"address":"0x103a1afa0", "type":"STRING", "slot_size":160, "class":"0x1039feda0", "embedded":true, "bytesize":56, "value":"/Users/jemmaissroff/src/github.com/Shopify/ruby/exe/ruby", "memsize":160, "flags":{"wb_protected":true}}
{"address":"0x103a1b040", "type":"STRING", "slot_size":160, "class":"0x1039feda0", "frozen":true, "embedded":true, "bytesize":56, "value":"/Users/jemmaissroff/src/github.com/Shopify/ruby/exe/ruby", "encoding":"UTF-8", "memsize":160, "flags":{"wb_protected":true}}
{"address":"0x103a1b0e0", "type":"CLASS", "slot_size":160, "class":"0x1039ffb60", "superclass":"0x1039ffa20", "real_class_name":"Class", "singleton":true, "references":["0x1039ffa20", "0x1019be770", "0x10195b828", "0x103a1b180"], "memsize":616, "flags":{"wb_protected":true}}
{"address":"0x103a1b180", "type":"CLASS", "slot_size":160, "class":"0x103a1b0e0", "superclass":"0x1039ffe80", "name":"RubyVM::AbstractSyntaxTree::Node", "references":["0x1039ffe80", "0x10195b7b0", "0x10195b788", "0x10195b710", "0x10195b800", "0x10195b760", "0x10195b6c0", "0x10195b6e8", "0x10195b738", "0x10195b850", "0x10195b7d8", "0x1039da838"], "memsize":744, "flags":{"wb_protected":true}}
{"address":"0x103a1b220", "type":"MODULE", "slot_size":160, "class":"0x103a19060", "name":"RubyVM::AbstractSyntaxTree", "references":["0x1039da8d8", "0x103a1b180", "0x101974080"], "memsize":576, "flags":{"wb_protected":true}}
{"address":"0x103a1b2c0", "type":"CLASS", "slot_size":160, "class":"0x103a18fc0", "superclass":"0x1039ffa20", "real_class_name":"Class", "singleton":true, "references":["0x1039ffa20", "0x10195a900", "0x10195a838", "0x10195a810", "0x10195a860", "0x1019be950", "0x10195a8d8", "0x1019be770", "0x10195a888", "0x103a1b360"], "memsize":784, "flags":{"wb_protected":true}}
{"address":"0x103a1b360", "type":"CLASS", "slot_size":160, "class":"0x103a1b2c0", "superclass":"0x1039ffe80", "name":"TracePoint", "references":["0x1039ffe80", "0x10195a5b8", "0x10195a590", "0x10195a748", "0x10195a658", "0x10195a8b0", "0x10195a6f8", "0x10195a798", "0x10195a7e8", "0x10195a7c0", "0x10195a720", "0x10195a770", "0x10195a6d0", "0x10195a6a8", "0x10195a680", "0x10195a630", "0x10195a608", "0x10195a5e0", "0x101973ef0"], "memsize":1000, "flags":{"wb_protected":true}}
{"address":"0x103a1b400", "type":"CLASS", "slot_size":160, "class":"0x1039ffb60", "superclass":"0x1039ffa20", "real_class_name":"Class", "singleton":true, "references":["0x1039ffa20", "0x103a1b4a0"], "memsize":488, "flags":{"wb_protected":true}}
{"address":"0x103a1b4a0", "type":"CLASS", "slot_size":160, "class":"0x103a1b400", "superclass":"0x1039ffe80", "name":"Complex::compatible", "references":["0x1039ffe80", "0x1019747b0", "0x1039daa18"], "memsize":552, "flags":{"wb_protected":true}}
{"address":"0x103a1b540", "type":"CLASS", "slot_size":160, "class":"0x1039ffb60", "superclass":"0x1039fbec0", "real_class_name":"Class", "singleton":true, "references":["0x1039fbec0", "0x101975340", "0x101975318", "0x101974620", "0x1019752c8", "0x101975278", "0x101975228", "0x103a1b5e0"], "memsize":616, "flags":{"wb_protected":true}}
{"address":"0x103a1b5e0", "type":"CLASS", "slot_size":160, "class":"0x103a1b540", "superclass":"0x1039fbf60", "name":"Complex", "references":["0x1039fbf60", "0x101974eb8", "0x101974e68", "0x101974e18", "0x101974bc0", "0x101974b48", "0x101974df0", "0x101974cd8", "0x101974c88", "0x101974af8", "0x101974a30", "0x101975188", "0x101975160", "0x101974cb0", "0x1019749e0", "0x1019746c0", "0x101974940", "0x101974878", "0x101974aa8", "0x101974828", "0x101974850", "0x101974710", "0x101974918", "0x101975098", "0x101974d78", "0x101974dc8", "0x101974da0", "0x1019748c8", "0x101974d50", "0x101975110", "0x1019750e8", "0x1019750c0", "0x1019751b0", "0x1019748f0", "0x101974788", "0x101974760", "0x101974738", "0x101975070", "0x101975048", "0x101974d00", "0x101974d28", "0x101974800", "0x101974c60", "0x101974f08", "0x101974fd0", "0x101974fa8", "0x101974c38", "0x101974c10", "0x101974990", "0x101974968", "0x101975020", "0x101974ff8", "0x101974f80", "0x1019749b8", "0x101974f30", "0x101974f58", "0x1019748a0", "0x101974ad0", "0x101974b98", "0x101974a80", "0x101975368", "0x103a1b4a0", "0x10197be98", "0x1019743a0", "0x10197be98"], "memsize":2624, "flags":{"wb_protected":true}}
{"address":"0x103a1b680", "type":"CLASS", "slot_size":160, "class":"0x1039ffb60", "superclass":"0x1039ffa20", "real_class_name":"Class", "singleton":true, "references":["0x1039ffa20", "0x103a1b720"], "memsize":488, "flags":{"wb_protected":true}}
{"address":"0x103a1b720", "type":"CLASS", "slot_size":160, "class":"0x103a1b680", "superclass":"0x1039ffe80", "name":"Rational::compatible", "references":["0x1039ffe80", "0x101975868", "0x1039daa68"], "memsize":552, "flags":{"wb_protected":true}}
{"address":"0x103a1b7c0", "type":"CLASS", "slot_size":160, "class":"0x1039ffb60", "superclass":"0x1039fbec0", "real_class_name":"Class", "singleton":true, "references":["0x1039fbec0", "0x101975520", "0x101975e58", "0x101975e30", "0x103a1b860"], "memsize":552, "flags":{"wb_protected":true}}
{"address":"0x103a1b860", "type":"CLASS", "slot_size":160, "class":"0x103a1b7c0", "superclass":"0x1039fbf60", "name":"Rational", "references":["0x1039fbf60", "0x101975958", "0x101975d18", "0x101975c00", "0x101975bd8", "0x101975bb0", "0x101975930", "0x101975a20", "0x1019759f8", "0x1019759d0", "0x101975c28", "0x101975c50", "0x1019758e0", "0x101975b88", "0x101975ca0", "0x101975cf0", "0x101975cc8", "0x101975908", "0x101975c78", "0x101975d90", "0x101975d40", "0x101975b10", "0x101975ae8", "0x101975ac0", "0x101975a98", "0x101975a48", "0x101975a70", "0x101975b60", "0x101975b38", "0x101975980", "0x101975e80", "0x103a1b720", "0x10197be98"], "memsize":1600, "flags":{"wb_protected":true}}
{"address":"0x103a1b900", "type":"CLASS", "slot_size":160, "class":"0x1039ffb60", "superclass":"0x1039fe260", "real_class_name":"Class", "singleton":true, "references":["0x1039fe260", "0x103a1b9a0"], "memsize":488, "flags":{"wb_protected":true}}
{"address":"0x103a1b9a0", "type":"CLASS", "slot_size":160, "class":"0x103a1b900", "superclass":"0x1039fe300", "name":"FiberError", "references":["0x1039fe300", "0x101976308"], "memsize":488, "flags":{"wb_protected":true}}
{"address":"0x103a1ba40", "type":"CLASS", "slot_size":160, "class":"0x1039ffb60", "superclass":"0x1039ffa20", "real_class_name":"Class", "singleton":true, "references":["0x1039ffa20", "0x1019762b8", "0x1019762e0", "0x1019760d8", "0x101976088", "0x101976038", "0x101976010", "0x101975fc0", "0x103a1bae0"], "memsize":744, "flags":{"wb_protected":true}}
{"address":"0x103a1bae0", "type":"CLASS", "slot_size":160, "class":"0x103a1ba40", "superclass":"0x1039ffe80", "name":"Fiber", "references":["0x1039ffe80", "0x1019761a0", "0x101976178", "0x101976290", "0x1019761f0", "0x101976240", "0x101976128", "0x101976100", "0x101976218", "0x101976150", "0x1019761c8", "0x101976330"], "memsize":744, "flags":{"wb_protected":true}}
{"address":"0x103a1bb80", "type":"CLASS", "slot_size":160, "class":"0x1039ffac0", "superclass":"0x1039ffde0", "real_class_name":"Module", "singleton":true, "references":["0x1039ffde0", "0x101976510", "0x101976498", "0x101976420", "0x1019763a8", "0x101976a38", "0x1019769c0", "0x101976948", "0x1019768d0", "0x101976858", "0x1019767e0", "0x101976768", "0x1019766f0", "0x101976678", "0x101976600", "0x101976588", "0x103a1bc20"], "memsize":1000, "flags":{"wb_protected":true}}
{"address":"0x103a1bc20", "type":"MODULE", "slot_size":160, "class":"0x103a1bb80", "name":"Process::Sys", "references":["0x101976538", "0x1019764c0", "0x101976448", "0x1019763d0", "0x101976a60", "0x1019769e8", "0x101976970", "0x1019768f8", "0x101976880", "0x101976808", "0x101976790", "0x101976718", "0x1019766a0", "0x101976628", "0x1019765b0", "0x101976ad8"], "memsize":1000, "flags":{"wb_protected":true}}
{"address":"0x103a1bcc0", "type":"CLASS", "slot_size":160, "class":"0x1039ffac0", "superclass":"0x1039ffde0", "real_class_name":"Module", "singleton":true, "references":["0x1039ffde0", "0x101976da8", "0x101976ce0", "0x101976c18", "0x101976b50", "0x1019771b8", "0x1019770f0", "0x101977050", "0x101976f88", "0x101976f10", "0x101976e48", "0x103a1be00"], "memsize":744, "flags":{"wb_protected":true}}
{"address":"0x103a1bd60", "type":"CLASS", "slot_size":160, "class":"0x1039ffac0", "superclass":"0x1039ffde0", "real_class_name":"Module", "singleton":true, "references":["0x1039ffde0", "0x101976df8", "0x101976d30", "0x101976c68", "0x101976ba0", "0x101977208", "0x101977140", "0x1019770a0", "0x101976fd8", "0x101976f38", "0x101976e98", "0x103a1bea0"], "memsize":744, "flags":{"wb_protected":true}}
{"address":"0x103a1be00", "type":"MODULE", "slot_size":160, "class":"0x103a1bcc0", "name":"Process::GID", "references":["0x101976dd0", "0x101976d08", "0x101976c40", "0x101976b78", "0x1019771e0", "0x101977118", "0x101977078", "0x101976fb0", "0x101976e70", "0x1019772a8"], "memsize":744, "flags":{"wb_protected":true}}
{"address":"0x103a1bea0", "type":"MODULE", "slot_size":160, "class":"0x103a1bd60", "name":"Process::UID", "references":["0x101976e20", "0x101976d58", "0x101976c90", "0x101976bc8", "0x101977230", "0x101977168", "0x1019770c8", "0x101977000", "0x101976ec0", "0x101977348"], "memsize":744, "flags":{"wb_protected":true}}
{"address":"0x103a1bf40", "type":"CLASS", "slot_size":160, "class":"0x1039ffb60", "superclass":"0x1039f2fa0", "real_class_name":"Class", "singleton":true, "references":["0x1039f2fa0", "0x1019775a0", "0x101977668", "0x101977640", "0x101977618", "0x1019775f0", "0x103a1bfe0"], "memsize":616, "flags":{"wb_protected":true}}
{"address":"0x103a1bfe0", "type":"CLASS", "slot_size":160, "class":"0x103a1bf40", "superclass":"0x1039f3040", "name":"Process::Tms", "references":["0x1039f3040", "0x101977528", "0x101977500", "0x1019774b0", "0x101977488", "0x101977438", "0x101977410", "0x1019773c0", "0x101977578", "0x1019776b8", "0x101977730", "0x101977730"], "memsize":744, "flags":{"wb_protected":true}}
{"address":"0x103a1c080", "type":"CLASS", "slot_size":160, "class":"0x1039ffb60", "superclass":"0x1039ffa20", "real_class_name":"Class", "singleton":true, "references":["0x1039ffa20", "0x101978c70", "0x101978c48", "0x103a1c120"], "memsize":552, "flags":{"wb_protected":true}}
{"address":"0x103a1c120", "type":"CLASS", "slot_size":160, "class":"0x103a1c080", "superclass":"0x1039ffe80", "name":"Process::Status", "references":["0x1039ffe80", "0x101978b30", "0x101978928", "0x101978bf8", "0x101978ae0", "0x101978a90", "0x101978bd0", "0x101978a40", "0x1019789f0", "0x101978c20", "0x101978b58", "0x1019789a0", "0x101978950", "0x101978b80", "0x101978ba8", "0x1019788d8", "0x101978c98"], "memsize":1000, "flags":{"wb_protected":true}}
{"address":"0x103a1c1c0", "type":"CLASS", "slot_size":160, "class":"0x1039ffb60", "superclass":"0x103a1d160", "real_class_name":"Class", "singleton":true, "references":["0x103a1d160", "0x101978d38", "0x103a1c260"], "memsize":552, "flags":{"wb_protected":true}}
{"address":"0x103a1c260", "type":"CLASS", "slot_size":160, "class":"0x103a1c1c0", "superclass":"0x103a1d200", "name":"Process::Waiter", "references":["0x103a1d200", "0x101978d10", "0x101978d88"], "memsize":552, "flags":{"wb_protected":true}}
{"address":"0x103a1c300", "type":"CLASS", "slot_size":160, "class":"0x1039ffac0", "superclass":"0x1039ffde0", "real_class_name":"Module", "singleton":true, "references":["0x1039ffde0", "0x101978fe0", "0x101978f68", "0x101978ef0", "0x101978e78", "0x101978e00", "0x101977a28", "0x101978810", "0x101978798", "0x101978720", "0x1019786a8", "0x101978630", "0x1019785b8", "0x101978540", "0x1019784c8", "0x101978450", "0x101978360", "0x1019782e8", "0x101979238", "0x101973cc0", "0x101973c48", "0x1019790a8", "0x1019791c0", "0x101977ff0", "0x101977f28", "0x101977eb0", "0x101977e38", "0x101977dc0", "0x101977d48", "0x101977cd0", "0x101977c58", "0x101977be0", "0x101977b68", "0x101977af0", "0x101977a78", "0x101978068", "0x101977fa0", "0x101977960", "0x1019778e8", "0x101978888", "0x101979058", "0x101979260", "0x1019791e8", "0x101979210", "0x101979198", "0x101979148", "0x1019790f8", "0x103a1c3a0"], "memsize":2536, "flags":{"wb_protected":true}}
{"address":"0x103a1c3a0", "type":"MODULE", "slot_size":160, "class":"0x103a1c300", "name":"Process", "references":["0x101979008", "0x101978f90", "0x101978f18", "0x101978ea0", "0x101978e28", "0x101977a50", "0x1019788b0", "0x101978838", "0x1019787c0", "0x101978748", "0x101979080", "0x1019786d0", "0x101978658", "0x1019785e0", "0x101978568", "0x1019784f0", "0x101978478", "0x101978388", "0x101978310", "0x101973ce8", "0x101973c70", "0x1019790d0", "0x101978018", "0x101977f50", "0x101977ed8", "0x101977e60", "0x101977de8", "0x101977d70", "0x101977cf8", "0x101977c80", "0x101977c08", "0x101977b90", "0x101977b18", "0x101977aa0", "0x101978090", "0x101977fc8", "0x101977988", "0x101977910", "0x1019792d8", "0x103a1bfe0", "0x10197be98", "0x103a1c260", "0x10197be98", "0x103a1c120", "0x10197be98", "0x103a1bea0", "0x10197be98", "0x103a1be00", "0x10197be98", "0x103a1bc20", "0x10197be98", "0x10197be98", "0x10197be98", "0x10197be98", "0x1019782c0", "0x10197be98", "0x1019782c0", "0x10197be98", "0x1019782c0", "0x10197be98", "0x10197be98", "0x10197be98", "0x10197be98", "0x10197be98", "0x10197be98", "0x10197be98", "0x10197be98", "0x10197be98", "0x10197be98", "0x10197be98", "0x10197be98", "0x10197be98", "0x10197be98", "0x10197be98", "0x10197be98", "0x10197be98", "0x10197be98", "0x10197be98", "0x10197be98", "0x10197be98"], "memsize":2560, "flags":{"wb_protected":true}}
{"address":"0x103a1c440", "type":"CLASS", "slot_size":160, "class":"0x1039ffb60", "superclass":"0x1039ffa20", "real_class_name":"Class", "singleton":true, "references":["0x1039ffa20", "0x103a1c4e0"], "memsize":488, "flags":{"wb_protected":true}}
{"address":"0x103a1c4e0", "type":"CLASS", "slot_size":160, "class":"0x103a1c440", "superclass":"0x1039ffe80", "name":"Thread::ConditionVariable", "references":["0x1039ffe80", "0x101979b70", "0x101979b20", "0x101979bc0", "0x101979c10", "0x101979be8", "0x101979ad0", "0x1039db058"], "memsize":616, "flags":{"wb_protected":true}}
{"address":"0x103a1c580", "type":"CLASS", "slot_size":160, "class":"0x1039ffb60", "superclass":"0x103a1c800", "real_class_name":"Class", "singleton":true, "references":["0x103a1c800", "0x103a1c620"], "memsize":488, "flags":{"wb_protected":true}}
{"address":"0x103a1c620", "type":"CLASS", "slot_size":160, "class":"0x103a1c580", "superclass":"0x103a1c8a0", "name":"Thread::SizedQueue", "references":["0x103a1c8a0", "0x101979d78", "0x101979c88", "0x101979eb8", "0x101979cd8", "0x101979e68", "0x101979d28", "0x101979d00", "0x101979cb0", "0x101979e18", "0x101979e90", "0x101979da0", "0x101979d50", "0x101979c60", "0x101979df0", "0x101979dc8", "0x1039db0f8"], "memsize":1000, "flags":{"wb_protected":true}}
{"address":"0x103a1c6c0", "type":"CLASS", "slot_size":160, "class":"0x1039ffb60", "superclass":"0x103a1e740", "real_class_name":"Class", "singleton":true, "references":["0x103a1e740", "0x103a1c760"], "memsize":488, "flags":{"wb_protected":true}}
{"address":"0x103a1c760", "type":"CLASS", "slot_size":160, "class":"0x103a1c6c0", "superclass":"0x103a1e7e0", "name":"ClosedQueueError", "references":["0x103a1e7e0", "0x1039db148"], "memsize":488, "flags":{"wb_protected":true}}
{"address":"0x103a1c800", "type":"CLASS", "slot_size":160, "class":"0x1039ffb60", "superclass":"0x1039ffa20", "real_class_name":"Class", "singleton":true, "references":["0x1039ffa20", "0x1019be888", "0x101979ee0", "0x103a1c8a0"], "memsize":616, "flags":{"wb_protected":true}}
{"address":"0x103a1c8a0", "type":"CLASS", "slot_size":160, "class":"0x103a1c800", "superclass":"0x1039ffe80", "name":"Thread::Queue", "references":["0x1039ffe80", "0x10197a0e8", "0x101979f80", "0x10197a1d8", "0x10197a228", "0x10197a200", "0x101979ff8", "0x10197a070", "0x10197a020", "0x101979fa8", "0x10197a1b0", "0x10197a188", "0x10197a110", "0x101979f58", "0x10197a0c0", "0x10197a160", "0x10197a138", "0x10197a250"], "memsize":1000, "flags":{"wb_protected":true}}
{"address":"0x103a1c940", "type":"CLASS", "slot_size":160, "class":"0x1039ffb60", "superclass":"0x1039ffa20", "real_class_name":"Class", "singleton":true, "references":["0x1039ffa20", "0x103a1c9e0"], "memsize":488, "flags":{"wb_protected":true}}
{"address":"0x103a1c9e0", "type":"CLASS", "slot_size":160, "class":"0x103a1c940", "superclass":"0x1039ffe80", "name":"Thread::Mutex", "references":["0x1039ffe80", "0x10197a4a8", "0x10197a430", "0x10197a390", "0x10197a340", "0x10197a3e0", "0x10197a2f0", "0x10197a480", "0x10197a2c8", "0x10197a4d0"], "memsize":744, "flags":{"wb_protected":true}}
{"address":"0x103a1ca80", "type":"CLASS", "slot_size":160, "class":"0x1039ffb60", "superclass":"0x1039fe260", "real_class_name":"Class", "singleton":true, "references":["0x1039fe260", "0x103a1cb20"], "memsize":488, "flags":{"wb_protected":true}}
{"address":"0x103a1cb20", "type":"CLASS", "slot_size":160, "class":"0x103a1ca80", "superclass":"0x1039fe300", "name":"ThreadError", "references":["0x1039fe300", "0x10197a598"], "memsize":488, "flags":{"wb_protected":true}}
{"address":"0x103a1cbc0", "type":"CLASS", "slot_size":160, "class":"0x1039ffb60", "superclass":"0x1039ffa20", "real_class_name":"Class", "singleton":true, "references":["0x1039ffa20", "0x103a1cc60"], "memsize":488, "flags":{"wb_protected":true}}
{"address":"0x103a1cc60", "type":"CLASS", "slot_size":160, "class":"0x103a1cbc0", "superclass":"0x1039ffe80", "name":"ThreadGroup", "references":["0x1039ffe80", "0x10197a610", "0x10197a700", "0x10197a6b0", "0x10197a660", "0x10197a728", "0x10197a5e8", "0x10197be98"], "memsize":704, "flags":{"wb_protected":true}}
{"address":"0x103a1cd00", "type":"CLASS", "slot_size":160, "class":"0x1039ffb60", "superclass":"0x1039ffa20", "real_class_name":"Class", "singleton":true, "references":["0x1039ffa20", "0x10197b3d0", "0x10197b600", "0x10197b4c0", "0x10197b498", "0x10197b7b8", "0x10197b790", "0x10197b588", "0x10197b538", "0x10197b4e8", "0x10197b5d8", "0x10197b448", "0x10197b380", "0x1019b6f20", "0x10197f4d0", "0x10197f480", "0x10197b3d0", "0x10197b380", "0x103a1cda0"], "memsize":1272, "flags":{"wb_protected":true}}
{"address":"0x103a1cda0", "type":"CLASS", "slot_size":160, "class":"0x103a1cd00", "superclass":"0x1039ffe80", "name":"RubyVM::InstructionSequence", "references":["0x1039ffe80", "0x10197b830", "0x10197b628", "0x10197b718", "0x10197b6f0", "0x10197b740", "0x10197b920", "0x10197b8d0", "0x10197b880", "0x10197b7e0", "0x10197b858", "0x10197b768", "0x10197b6a0", "0x10197b650", "0x10197b3f8", "0x1039db5f8"], "memsize":1000, "flags":{"wb_protected":true}}
{"address":"0x103a1ce40", "type":"CLASS", "slot_size":160, "class":"0x1039ffb60", "superclass":"0x1039ffa20", "real_class_name":"Class", "singleton":true, "references":["0x1039ffa20", "0x10197bba0", "0x103a1cee0"], "memsize":552, "flags":{"wb_protected":true}}
{"address":"0x103a1cee0", "type":"CLASS", "slot_size":160, "class":"0x103a1ce40", "superclass":"0x1039ffe80", "name":"Thread::Backtrace::Location", "references":["0x1039ffe80", "0x10197ba60", "0x10197bb78", "0x10197bab0", "0x10197bb28", "0x10197bad8", "0x10197ba88", "0x10197ba38", "0x1039db6e8"], "memsize":744, "flags":{"wb_protected":true}}
{"address":"0x103a1cf80", "type":"CLASS", "slot_size":160, "class":"0x1039ffb60", "superclass":"0x1039ffa20", "real_class_name":"Class", "singleton":true, "references":["0x1039ffa20", "0x10197bbf0", "0x10197bc40", "0x103a1d020"], "memsize":552, "flags":{"wb_protected":true}}
{"address":"0x103a1d020", "type":"CLASS", "slot_size":160, "class":"0x103a1cf80", "superclass":"0x1039ffe80", "name":"Thread::Backtrace", "references":["0x1039ffe80", "0x1039db788", "0x103a1cee0", "0x10197be98"], "memsize":576, "flags":{"wb_protected":true}}
{"address":"0x103a1d0c0", "type":"CLASS", "slot_size":160, "class":"0x1039ffa20", "frozen":true, "superclass":"0x1039ffe80", "real_class_name":"Object", "singleton":true, "references":["0x1039ffe80", "0x10197bcb8", "0x10197bce0"], "memsize":552, "flags":{"wb_protected":true}}
{"address":"0x103a1d160", "type":"CLASS", "slot_size":160, "class":"0x1039ffb60", "superclass":"0x1039ffa20", "real_class_name":"Class", "singleton":true, "references":["0x1039ffa20", "0x10197b240", "0x10197b1f0", "0x10197b1a0", "0x10197b150", "0x10197b100", "0x10197b0b0", "0x10197b060", "0x10197b038", "0x10197b010", "0x10197afe8", "0x10197afc0", "0x10197af98", "0x10197af48", "0x10197af20", "0x10197aef8", "0x10197aed0", "0x10197b2e0", "0x10197b290", "0x1019be888", "0x101978d60", "0x103a1d200"], "memsize":1128, "flags":{"wb_protected":true}}
{"address":"0x103a1d200", "type":"CLASS", "slot_size":160, "class":"0x103a1d160", "superclass":"0x1039ffe80", "name":"Thread", "references":["0x1039ffe80", "0x10197a8e0", "0x10197a8b8", "0x10197a818", "0x10197ae30", "0x10197ae80", "0x10197ab38", "0x10197a7f0", "0x10197aca0", "0x10197ae08", "0x10197ac78", "0x101973f68", "0x101973f18", "0x10197a890", "0x10197ade0", "0x10197ad68", "0x10197a9d0", "0x10197a9a8", "0x10197a980", "0x10197a958", "0x10197a7c8", "0x10197aea8", "0x10197ad90", "0x10197ad18", "0x10197acc8", "0x10197ac00", "0x10197ab60", "0x10197ae58", "0x10197ab10", "0x10197aac0", "0x10197ac50", "0x10197aae8", "0x10197ac28", "0x10197aa98", "0x10197aa48", "0x10197abb0", "0x10197a908", "0x10197a840", "0x10197a9f8", "0x10197dea0", "0x103a1c4e0", "0x10197be98", "0x103a1c8a0", "0x10197be98", "0x103a1c9e0", "0x10197be98", "0x103a1c620", "0x10197be98", "0x103a1d020", "0x10197be98"], "memsize":1664, "flags":{"wb_protected":true}}
{"address":"0x103a1d2a0", "type":"CLASS", "slot_size":160, "class":"0x1039ffac0", "superclass":"0x1039ffde0", "real_class_name":"Module", "singleton":true, "references":["0x1039ffde0", "0x10197df18", "0x10197dec8", "0x10197df68", "0x103a1d340"], "memsize":552, "flags":{"wb_protected":true}}
{"address":"0x103a1d340", "type":"MODULE", "slot_size":160, "class":"0x103a1d2a0", "name":"RubyVM::MJIT", "references":["0x10197dfb8"], "memsize":488, "flags":{"wb_protected":true}}
{"address":"0x103a1d3e0", "type":"CLASS", "slot_size":160, "frozen":true, "superclass":"0x1039ffd40", "references":["0x1039ffd40", "0x10197e210", "0x10197e1e8", "0x10197e238", "0x10197e1c0", "0x10197e198", "0x10197e170", "0x10197e148", "0x10197e120", "0x10197e080", "0x10197e058", "0x10197e030", "0x10197e0f8", "0x10197e0d0", "0x10197e238", "0x10195e4d8", "0x103a1d480"], "memsize":1128, "flags":{"wb_protected":true}}
{"address":"0x103a1d480", "type":"ICLASS", "slot_size":160, "class":"0x103a1d3e0", "frozen":true, "superclass":"0x1039fff20", "references":["0x1039fff20"], "memsize":160, "flags":{"wb_protected":true}}
{"address":"0x103a1d520", "type":"CLASS", "slot_size":160, "class":"0x1039ffb60", "superclass":"0x1039ffa20", "real_class_name":"Class", "singleton":true, "references":["0x1039ffa20", "0x10197e2b0", "0x10197e328", "0x10197e2d8", "0x10197e300", "0x103a1d5c0"], "memsize":616, "flags":{"wb_protected":true}}
{"address":"0x103a1d5c0", "type":"CLASS", "slot_size":160, "class":"0x103a1d520", "superclass":"0x1039ffe80", "name":"RubyVM", "references":["0x1039ffe80", "0x10197e350", "0x103a1b220", "0x101974080", "0x10197de78", "0x103a1d340", "0x10197bf10", "0x103a1cda0", "0x10197be98", "0x10197ddd8"], "memsize":640, "flags":{"wb_protected":true}}
{"address":"0x103a1d660", "type":"CLASS", "slot_size":160, "class":"0x1039ffb60", "superclass":"0x1039ff980", "real_class_name":"Class", "singleton":true, "references":["0x1039ff980", "0x103a1d700"], "memsize":488, "flags":{"wb_protected":true}}
{"address":"0x103a1d700", "type":"CLASS", "slot_size":160, "class":"0x103a1d660", "superclass":"0x1039fff20", "name":"Ractor::MovedObject", "references":["0x1039fff20", "0x10197e468", "0x10197e490", "0x10197e4b8", "0x10197e3c8", "0x10197e3f0", "0x10197e378", "0x10197e440", "0x10197e418", "0x10197e3a0", "0x1039dbb48"], "memsize":744, "flags":{"wb_protected":true}}
{"address":"0x103a1d7a0", "type":"CLASS", "slot_size":160, "class":"0x1039ffb60", "superclass":"0x103a1dde0", "real_class_name":"Class", "singleton":true, "references":["0x103a1dde0", "0x103a1d840"], "memsize":488, "flags":{"wb_protected":true}}
{"address":"0x103a1d840", "type":"CLASS", "slot_size":160, "class":"0x103a1d7a0", "superclass":"0x103a1de80", "name":"Ractor::UnsafeError", "references":["0x103a1de80", "0x1039dbb98"], "memsize":488, "flags":{"wb_protected":true}}
{"address":"0x103a1d8e0", "type":"CLASS", "slot_size":160, "class":"0x1039ffb60", "superclass":"0x103a1e740", "real_class_name":"Class", "singleton":true, "references":["0x103a1e740", "0x103a1d980"], "memsize":488, "flags":{"wb_protected":true}}
{"address":"0x103a1d980", "type":"CLASS", "slot_size":160, "class":"0x103a1d8e0", "superclass":"0x103a1e7e0", "name":"Ractor::ClosedError", "references":["0x103a1e7e0", "0x1039dbbe8"], "memsize":488, "flags":{"wb_protected":true}}
{"address":"0x103a1da20", "type":"CLASS", "slot_size":160, "class":"0x1039ffb60", "superclass":"0x103a1dde0", "real_class_name":"Class", "singleton":true, "references":["0x103a1dde0", "0x103a1dac0"], "memsize":488, "flags":{"wb_protected":true}}
{"address":"0x103a1dac0", "type":"CLASS", "slot_size":160, "class":"0x103a1da20", "superclass":"0x103a1de80", "name":"Ractor::MovedError", "references":["0x103a1de80", "0x1039dbc38"], "memsize":488, "flags":{"wb_protected":true}}
{"address":"0x103a1db60", "type":"CLASS", "slot_size":160, "class":"0x1039ffb60", "superclass":"0x103a1dde0", "real_class_name":"Class", "singleton":true, "references":["0x103a1dde0", "0x1019bd898", "0x10195e258", "0x1019be770", "0x10195e190", "0x103a1dc00"], "memsize":656, "flags":{"wb_protected":true}}
{"address":"0x103a1dc00", "type":"CLASS", "slot_size":160, "class":"0x103a1db60", "superclass":"0x103a1de80", "name":"Ractor::RemoteError", "references":["0x103a1de80", "0x10195e1e0", "0x1039dbc88"], "memsize":552, "flags":{"wb_protected":true}}
{"address":"0x103a1dca0", "type":"CLASS", "slot_size":160, "class":"0x1039ffb60", "superclass":"0x103a1dde0", "real_class_name":"Class", "singleton":true, "references":["0x103a1dde0", "0x103a1dd40"], "memsize":488, "flags":{"wb_protected":true}}
{"address":"0x103a1dd40", "type":"CLASS", "slot_size":160, "class":"0x103a1dca0", "superclass":"0x103a1de80", "name":"Ractor::IsolationError", "references":["0x103a1de80", "0x1039dbcd8"], "memsize":488, "flags":{"wb_protected":true}}
{"address":"0x103a1dde0", "type":"CLASS", "slot_size":160, "class":"0x1039ffb60", "superclass":"0x1039fd180", "real_class_name":"Class", "singleton":true, "references":["0x1039fd180", "0x1019be888", "0x10197e6c0", "0x103a1de80"], "memsize":616, "flags":{"wb_protected":true}}
{"address":"0x103a1de80", "type":"CLASS", "slot_size":160, "class":"0x103a1dde0", "superclass":"0x1039fd220", "name":"Ractor::Error", "references":["0x1039fd220", "0x10197e738"], "memsize":488, "flags":{"wb_protected":true}}
{"address":"0x103a1df20", "type":"CLASS", "slot_size":160, "class":"0x103a19240", "superclass":"0x1039ffa20", "real_class_name":"Class", "singleton":true, "references":["0x1039ffa20", "0x10195e078", "0x10195e5a0", "0x10195e528", "0x10195e4b0", "0x10195e3e8", "0x10195e578", "0x10195e348", "0x10195e0f0", "0x10195e5f0", "0x10195e550", "0x10195e118", "0x1019be950", "0x10195e5c8", "0x1019b69d0", "0x10195e438", "0x1019be770", "0x10195e460", "0x103a1dfc0"], "memsize":952, "flags":{"wb_protected":true}}
{"address":"0x103a1dfc0", "type":"CLASS", "slot_size":160, "class":"0x103a1df20", "superclass":"0x1039ffe80", "name":"Ractor", "references":["0x1039ffe80", "0x10195e398", "0x10195e2a8", "0x10195e370", "0x10195e2f8", "0x10195e2d0", "0x10195e0c8", "0x10195e488", "0x10195e0a0", "0x10195e410", "0x10195e3c0", "0x10195e320", "0x10195e168", "0x10195e140", "0x10197e7b0", "0x103a1dc00", "0x103a1dac0", "0x103a1d980", "0x103a1d840", "0x103a1d700", "0x103a1de80", "0x103a1dd40"], "memsize":1280, "flags":{"wb_protected":true}}
{"address":"0x103a1e060", "type":"CLASS", "slot_size":160, "class":"0x1039ffb60", "superclass":"0x103a1ea60", "real_class_name":"Class", "singleton":true, "references":["0x103a1ea60", "0x10197ea30", "0x103a1e100"], "memsize":552, "flags":{"wb_protected":true}}
{"address":"0x103a1e100", "type":"CLASS", "slot_size":160, "class":"0x103a1e060", "superclass":"0x103a1eb00", "name":"Enumerator::ArithmeticSequence", "references":["0x103a1eb00", "0x10197e878", "0x10197e828", "0x10197e968", "0x10197e8f0", "0x10197e8c8", "0x10197e918", "0x10197e9b8", "0x10197e940", "0x10197e990", "0x10197e8a0", "0x10197e850", "0x10197ea08", "0x10197e9e0", "0x1039dbd28"], "memsize":1000, "flags":{"wb_protected":true}}
{"address":"0x103a1e1a0", "type":"CLASS", "slot_size":160, "class":"0x1039ffb60", "superclass":"0x103a1ea60", "real_class_name":"Class", "singleton":true, "references":["0x103a1ea60", "0x103a1e240"], "memsize":488, "flags":{"wb_protected":true}}
{"address":"0x103a1e240", "type":"CLASS", "slot_size":160, "class":"0x103a1e1a0", "superclass":"0x103a1eb00", "name":"Enumerator::Chain", "references":["0x103a1eb00", "0x10197ea80", "0x10197eb70", "0x10197ec10", "0x10197ebe8", "0x10197eaa8", "0x10197eaf8", "0x10197eb98", "0x10197ead0", "0x10197eb48", "0x10197ebc0", "0x10197eb20", "0x1039dbdc8"], "memsize":744, "flags":{"wb_protected":true}}
{"address":"0x103a1e2e0", "type":"CLASS", "slot_size":160, "class":"0x1039ffb60", "superclass":"0x1039ffa20", "real_class_name":"Class", "singleton":true, "references":["0x1039ffa20", "0x103a1e380"], "memsize":488, "flags":{"wb_protected":true}}
{"address":"0x103a1e380", "type":"CLASS", "slot_size":160, "class":"0x103a1e2e0", "superclass":"0x1039ffe80", "name":"Enumerator::Producer", "references":["0x1039ffe80", "0x10197ecd8", "0x1039dbe18"], "memsize":552, "flags":{"wb_protected":true}}
{"address":"0x103a1e420", "type":"CLASS", "slot_size":160, "class":"0x1039ffb60", "superclass":"0x1039ffa20", "real_class_name":"Class", "singleton":true, "references":["0x1039ffa20", "0x103a1e4c0"], "memsize":488, "flags":{"wb_protected":true}}
{"address":"0x103a1e4c0", "type":"CLASS", "slot_size":160, "class":"0x103a1e420", "superclass":"0x1039ffe80", "name":"Enumerator::Yielder", "references":["0x1039ffe80", "0x10197ed78", "0x10197edc8", "0x10197ed50", "0x10197eda0", "0x1039dbe68"], "memsize":616, "flags":{"wb_protected":true}}
{"address":"0x103a1e560", "type":"ICLASS", "slot_size":160, "class":"0x1039fee40", "superclass":"0x1039ffe80", "references":["0x1039ffe80"], "memsize":160, "flags":{"wb_protected":true}}
{"address":"0x103a1e600", "type":"CLASS", "slot_size":160, "class":"0x1039ffb60", "superclass":"0x1039ffa20", "real_class_name":"Class", "singleton":true, "references":["0x1039ffa20", "0x103a1e6a0"], "memsize":488, "flags":{"wb_protected":true}}
{"address":"0x103a1e6a0", "type":"CLASS", "slot_size":160, "class":"0x103a1e600", "superclass":"0x103a1e560", "name":"Enumerator::Generator", "references":["0x103a1e560", "0x10197ee90", "0x10197ee68", "0x10197ee40", "0x1039dbeb8"], "memsize":552, "flags":{"wb_protected":true}}
{"address":"0x103a1e740", "type":"CLASS", "slot_size":160, "class":"0x1039ffb60", "superclass":"0x1039fdea0", "real_class_name":"Class", "singleton":true, "references":["0x1039fdea0", "0x1019be888", "0x10197e5a8", "0x103a1e7e0"], "memsize":616, "flags":{"wb_protected":true}}
{"address":"0x103a1e7e0", "type":"CLASS", "slot_size":160, "class":"0x103a1e740", "superclass":"0x1039fdf40", "name":"StopIteration", "references":["0x1039fdf40", "0x10197ef08", "0x10197ef30"], "memsize":552, "flags":{"wb_protected":true}}
{"address":"0x103a1e880", "type":"CLASS", "slot_size":160, "class":"0x1039ffb60", "superclass":"0x103a1ea60", "real_class_name":"Class", "singleton":true, "references":["0x103a1ea60", "0x1019b69d0", "0x10197f4f8", "0x103a1e920"], "memsize":616, "flags":{"wb_protected":true}}
{"address":"0x103a1e920", "type":"CLASS", "slot_size":160, "class":"0x103a1e880", "superclass":"0x103a1eb00", "name":"Enumerator::Lazy", "references":["0x103a1eb00", "0x10197f070", "0x10197f048", "0x10197f020", "0x10197eff8", "0x10197f458", "0x10197ef58", "0x10197f430", "0x10197f408", "0x10197efd0", "0x10197f110", "0x10197fa70", "0x10197fa20", "0x10197f9d0", "0x10197f980", "0x10197f930", "0x10197f8e0", "0x10197f890", "0x10197f840", "0x10197f7f0", "0x10197f7a0", "0x10197f750", "0x10197f6d8", "0x10197f688", "0x10197f638", "0x10197f5e8", "0x10197f598", "0x10197f548", "0x10197f520", "0x10197f3b8", "0x10197f340", "0x10197f318", "0x10197f368", "0x10197f390", "0x10197f2a0", "0x10197f278", "0x10197f250", "0x10197f2c8", "0x10197f2f0", "0x10197f228", "0x10197f200", "0x10197f1d8", "0x10197f1b0", "0x10197f188", "0x10197f160", "0x10197f138", "0x10197f0e8", "0x10197f0c0", "0x10197f098", "0x1039dc408"], "memsize":2536, "flags":{"wb_protected":true}}
{"address":"0x103a1e9c0", "type":"ICLASS", "slot_size":160, "class":"0x1039fee40", "superclass":"0x1039ffe80", "references":["0x1039ffe80"], "memsize":160, "flags":{"wb_protected":true}}
{"address":"0x103a1ea60", "type":"CLASS", "slot_size":160, "class":"0x1039ffb60", "superclass":"0x1039ffa20", "real_class_name":"Class", "singleton":true, "references":["0x1039ffa20", "0x10197ec88", "0x1019be888", "0x10197fb38", "0x103a1eb00"], "memsize":680, "flags":{"wb_protected":true}}
{"address":"0x103a1eb00", "type":"CLASS", "slot_size":160, "class":"0x103a1ea60", "superclass":"0x103a1e9c0", "name":"Enumerator", "references":["0x103a1e9c0", "0x10197ff48", "0x10197ff20", "0x10197fd40", "0x10197fe58", "0x10197fe08", "0x10197fdb8", "0x10197fd68", "0x10197fcf0", "0x10197fca0", "0x10197fc50", "0x10197fed0", "0x10197fc78", "0x10197fc00", "0x10197fea8", "0x10197fc28", "0x10197fef8", "0x10197ff70", "0x103a1e4c0", "0x103a1e920", "0x103a1e380", "0x103a1e240", "0x103a1e100", "0x103a1e6a0"], "memsize":1152, "flags":{"wb_protected":true}}
{"address":"0x103a1eba0", "type":"CLASS", "slot_size":160, "class":"0x1039ffac0", "superclass":"0x1039ffde0", "real_class_name":"Module", "singleton":true, "references":["0x1039ffde0", "0x101990230", "0x101990208", "0x10195f9c8", "0x10195f860", "0x10195f7c0", "0x10195f7e8", "0x10195f798", "0x10195f770", "0x10195f748", "0x10195f720", "0x10195f6f8", "0x10195f6d0", "0x10195f8d8", "0x10195f8b0", "0x10195f6a8", "0x10195f838", "0x10195f810", "0x10195f928", "0x10195f900", "0x10195f888", "0x1019be950", "0x10195f9a0", "0x1019be770", "0x10195f950", "0x103a1f0a0"], "memsize":1168, "flags":{"wb_protected":true}}
{"address":"0x103a1ec40", "type":"ICLASS", "slot_size":160, "class":"0x1039fee40", "superclass":"0x1039ffe80", "references":["0x1039ffe80"], "memsize":160, "flags":{"wb_protected":true}}
{"address":"0x103a1ece0", "type":"CLASS", "slot_size":160, "class":"0x1039ffb60", "superclass":"0x1039ffa20", "real_class_name":"Class", "singleton":true, "references":["0x1039ffa20", "0x103a1ed80"], "memsize":488, "flags":{"wb_protected":true}}
{"address":"0x103a1ed80", "type":"CLASS", "slot_size":160, "class":"0x103a1ece0", "superclass":"0x103a1ec40", "name":"ObjectSpace::WeakMap", "references":["0x103a1ec40", "0x1019902f8", "0x101990320", "0x101990348", "0x101990398", "0x1019902d0", "0x1019903e8", "0x101990438", "0x101990460", "0x1019902a8", "0x1019903c0", "0x101990280", "0x101990410", "0x101990258", "0x101990370", "0x1039dc4f8"], "memsize":1000, "flags":{"wb_protected":true}}
{"address":"0x103a1ee20", "type":"CLASS", "slot_size":160, "class":"0x1039ffac0", "superclass":"0x1039ffde0", "real_class_name":"Module", "singleton":true, "references":["0x1039ffde0", "0x101956030", "0x101955fe0", "0x1019907f8", "0x101955ea0", "0x101955e50", "0x10195f5e0", "0x101990848", "0x101990550", "0x101990780", "0x101955db0", "0x101990618", "0x1019905a0", "0x101956300", "0x101955d60", "0x101955d10", "0x101955e00", "0x101955c70", "0x101955c20", "0x101955bd0", "0x101955cc0", "0x101955b80", "0x1019558d8", "0x101955928", "0x101955b30", "0x101956378", "0x101990898", "0x1019562b0", "0x101956238", "0x1019561c0", "0x101956170", "0x101956120", "0x1019560d0", "0x1019904d8", "0x101956080", "0x1019be748", "0x101955f90", "0x1019b69a8", "0x10195f608", "0x101955978", "0x1019be770", "0x10195f630", "0x1019be950", "0x10195f5b8", "0x101955b30", "0x101955630", "0x1019558d8", "0x101957688", "0x101955720", "0x103a1eec0"], "memsize":1920, "flags":{"wb_protected":true}}
{"address":"0x103a1eec0", "type":"MODULE", "slot_size":160, "class":"0x103a1ee20", "name":"ObjectSpace", "references":["0x101956058", "0x101956008", "0x101990820", "0x101955ec8", "0x101955e78", "0x10195f658", "0x101990870", "0x101990578", "0x1019907a8", "0x101955dd8", "0x101990640", "0x1019905c8", "0x101956328", "0x101955d88", "0x101955d38", "0x101955e28", "0x101955c98", "0x101955c48", "0x101955bf8", "0x101955ce8", "0x101955ba8", "0x101955900", "0x101955950", "0x101955b58", "0x1019563a0", "0x1019908c0", "0x1019562d8", "0x101956260", "0x1019561e8", "0x101956198", "0x101956148", "0x1019560f8", "0x101990500", "0x1019560a8", "0x101990910", "0x103a17e40", "0x1019564b8", "0x103a1ed80"], "memsize":1600, "flags":{"wb_protected":true}}
{"address":"0x103a1ef60", "type":"CLASS", "slot_size":160, "class":"0x1039ffac0", "superclass":"0x1039ffde0", "real_class_name":"Module", "singleton":true, "references":["0x1039ffde0", "0x101990ac8", "0x101990a78", "0x101990a28", "0x101990a00", "0x1019909d8", "0x101990938", "0x101990988", "0x101990b18", "0x103a1f000"], "memsize":744, "flags":{"wb_protected":true}}
{"address":"0x103a1f000", "type":"MODULE", "slot_size":160, "class":"0x103a1ef60", "name":"GC::Profiler", "references":["0x101990b90"], "memsize":488, "flags":{"wb_protected":true}}
{"address":"0x103a1f0a0", "type":"MODULE", "slot_size":160, "class":"0x103a1eba0", "name":"GC", "references":["0x10195f978", "0x101990cf8", "0x101990cd0", "0x103a1f000", "0x1019901e0"], "memsize":640, "flags":{"wb_protected":true}}
{"address":"0x103a1f140", "type":"CLASS", "slot_size":160, "class":"0x1039ffac0", "superclass":"0x1039ffde0", "real_class_name":"Module", "singleton":true, "references":["0x1039ffde0", "0x1019918b0", "0x101991838", "0x1019917c0", "0x101991748", "0x1019916d0", "0x101991658", "0x1019915e0", "0x101991568", "0x1019914f0", "0x101991478", "0x101991400", "0x101991388", "0x101991310", "0x101991298", "0x101991220", "0x1019911a8", "0x101991130", "0x101991068", "0x101990ff0", "0x101990f78", "0x101990f00", "0x101990e88", "0x101990e10", "0x101990d98", "0x101990d20", "0x1019910e0", "0x103a1f320"], "memsize":1512, "flags":{"wb_protected":true}}
{"address":"0x103a1f1e0", "type":"CLASS", "slot_size":160, "class":"0x1039ffb60", "superclass":"0x1039fe260", "real_class_name":"Class", "singleton":true, "references":["0x1039fe260", "0x103a1f280"], "memsize":488, "flags":{"wb_protected":true}}
{"address":"0x103a1f280", "type":"CLASS", "slot_size":160, "class":"0x103a1f1e0", "superclass":"0x1039fe300", "name":"Math::DomainError", "references":["0x1039fe300", "0x1039dc778"], "memsize":488, "flags":{"wb_protected":true}}
{"address":"0x103a1f320", "type":"MODULE", "slot_size":160, "class":"0x103a1f140", "name":"Math", "references":["0x1019918d8", "0x101991860", "0x1019917e8", "0x101991770", "0x1019916f8", "0x101991680", "0x101991608", "0x101991590", "0x101991518", "0x1019914a0", "0x101991428", "0x1019913b0", "0x101991338", "0x1019912c0", "0x101991248", "0x1019911d0", "0x101991158", "0x101991090", "0x101991018", "0x101990fa0", "0x101990f28", "0x101990eb0", "0x101990e38", "0x101990dc0", "0x101990d48", "0x101991108", "0x1019919a0", "0x103a1f280"], "memsize":1600, "flags":{"wb_protected":true}}
{"address":"0x103a1f3c0", "type":"CLASS", "slot_size":160, "class":"0x1039ffb60", "superclass":"0x1039ffa20", "real_class_name":"Class", "singleton":true, "references":["0x1039ffa20", "0x101991b80", "0x1019be770", "0x101958038", "0x103a1f460"], "memsize":680, "flags":{"wb_protected":true}}
{"address":"0x103a1f460", "type":"CLASS", "slot_size":160, "class":"0x103a1f3c0", "superclass":"0x1039ffe80", "name":"Binding", "references":["0x1039ffe80", "0x101991b30", "0x101991b08", "0x101991ab8", "0x101991a90", "0x101991a68", "0x101991ae0", "0x101958060", "0x101991a18", "0x101991b58", "0x101991a40", "0x101991ba8"], "memsize":744, "flags":{"wb_protected":true}}
{"address":"0x103a1f500", "type":"CLASS", "slot_size":160, "class":"0x1039ffb60", "superclass":"0x1039ffa20", "real_class_name":"Class", "singleton":true, "references":["0x1039ffa20", "0x101992008", "0x103a1f5a0"], "memsize":552, "flags":{"wb_protected":true}}
{"address":"0x103a1f5a0", "type":"CLASS", "slot_size":160, "class":"0x103a1f500", "superclass":"0x1039ffe80", "name":"UnboundMethod", "references":["0x1039ffe80", "0x101991f90", "0x101991ec8", "0x101991f40", "0x101991fe0", "0x101991f18", "0x101991f68", "0x101991db0", "0x101991ef0", "0x101991ea0", "0x101991e78", "0x101991d60", "0x101991d88", "0x101991d38", "0x101991d10", "0x101991fb8", "0x101991ce8", "0x101991e28", "0x101991dd8", "0x101992030"], "memsize":1000, "flags":{"wb_protected":true}}
{"address":"0x103a1f640", "type":"CLASS", "slot_size":160, "class":"0x1039ffb60", "superclass":"0x1039ffa20", "real_class_name":"Class", "singleton":true, "references":["0x1039ffa20", "0x101992620", "0x103a1f6e0"], "memsize":552, "flags":{"wb_protected":true}}
{"address":"0x103a1f6e0", "type":"CLASS", "slot_size":160, "class":"0x103a1f640", "superclass":"0x1039ffe80", "name":"Method", "references":["0x1039ffe80", "0x1019925a8", "0x1019924e0", "0x1019924b8", "0x1019925f8", "0x101992530", "0x1019923c8", "0x101992418", "0x101992490", "0x1019923f0", "0x101992558", "0x1019925d0", "0x1019923a0", "0x101992468", "0x101992508", "0x101992288", "0x101992440", "0x101992580", "0x101992260", "0x101992350", "0x101992300", "0x1019922b0", "0x101992210", "0x1019921c0", "0x101992170", "0x101992120", "0x101992648"], "memsize":1512, "flags":{"wb_protected":true}}
{"address":"0x103a1f780", "type":"CLASS", "slot_size":160, "class":"0x1039ffb60", "superclass":"0x1039fe8a0", "real_class_name":"Class", "singleton":true, "references":["0x1039fe8a0", "0x103a1f820"], "memsize":488, "flags":{"wb_protected":true}}
{"address":"0x103a1f820", "type":"CLASS", "slot_size":160, "class":"0x103a1f780", "superclass":"0x1039fe940", "name":"SystemStackError", "references":["0x1039fe940", "0x101993200", "0x101992710", "0x1039dc9a8"], "memsize":616, "flags":{"wb_protected":true}}
{"address":"0x103a1f8c0", "type":"CLASS", "slot_size":160, "class":"0x1039ffb60", "superclass":"0x1039fe260", "real_class_name":"Class", "singleton":true, "references":["0x1039fe260", "0x103a1f960"], "memsize":488, "flags":{"wb_protected":true}}
{"address":"0x103a1f960", "type":"CLASS", "slot_size":160, "class":"0x103a1f8c0", "superclass":"0x1039fe300", "name":"LocalJumpError", "references":["0x1039fe300", "0x101992788", "0x1019927d8", "0x101992828"], "memsize":552, "flags":{"wb_protected":true}}
{"address":"0x103a1fa00", "type":"CLASS", "slot_size":160, "class":"0x1039ffb60", "superclass":"0x1039ffa20", "real_class_name":"Class", "singleton":true, "references":["0x1039ffa20", "0x101992cb0", "0x103a1faa0"], "memsize":552, "flags":{"wb_protected":true}}
{"address":"0x103a1faa0", "type":"CLASS", "slot_size":160, "class":"0x103a1fa00", "superclass":"0x1039ffe80", "name":"Proc", "references":["0x1039ffe80", "0x101992af8", "0x1019928c8", "0x101992b20", "0x101992be8", "0x101992b70", "0x101992a58", "0x101992a08", "0x1019929b8", "0x101992968", "0x101992aa8", "0x101992bc0", "0x101992b48", "0x101992ad0", "0x101992c60", "0x101992990", "0x101992c38", "0x101992c88", "0x101992878", "0x101992918", "0x101992940", "0x101992850", "0x101992cd8"], "memsize":1000, "flags":{"wb_protected":true}}
{"address":"0x103a1fb40", "type":"CLASS", "slot_size":160, "class":"0x1039f34a0", "superclass":"0x1039f3540", "real_class_name":"Array", "singleton":true, "references":["0x1039f3540", "0x101993048", "0x1019930c0"], "memsize":552, "flags":{"wb_protected":true}}
{"address":"0x103a1fbe0", "type":"CLASS", "slot_size":160, "class":"0x1039ffac0", "superclass":"0x1039ffde0", "real_class_name":"Module", "singleton":true, "references":["0x1039ffde0", "0x101993318", "0x1019932c8", "0x101993250", "0x103a1fc80"], "memsize":552, "flags":{"wb_protected":true}}
{"address":"0x103a1fc80", "type":"MODULE", "slot_size":160, "class":"0x103a1fbe0", "name":"Signal", "references":["0x101993340", "0x1019932f0", "0x101993278", "0x1019933e0"], "memsize":552, "flags":{"wb_protected":true}}
{"address":"0x103a1fd20", "type":"ICLASS", "slot_size":160, "class":"0x103a1ff00", "superclass":"0x1039ffa20", "references":["0x1039ffa20"], "memsize":160, "flags":{"wb_protected":true}}
{"address":"0x103a1fdc0", "type":"CLASS", "slot_size":160, "class":"0x1039ff520", "superclass":"0x1039ff480", "real_class_name":"Class", "singleton":true, "references":["0x1039ff480", "0x1039f0160"], "memsize":488, "flags":{"wb_protected":true}}
{"address":"0x103a1fe60", "type":"ICLASS", "slot_size":160, "class":"0x103a1ff00", "superclass":"0x1039ffe80", "references":["0x1039ffe80"], "memsize":160, "flags":{"wb_protected":true}}
{"address":"0x103a1ff00", "type":"MODULE", "slot_size":160, "class":"0x1039ffde0", "name":"Random::Formatter", "references":["0x101993408", "0x101993430", "0x1039dcae8"], "memsize":576, "flags":{"wb_protected":true}}
